
C:\Users\IET>mysql --host=localhost --port=3306 --user=saleel --password=saleel db1
mysql: [Warning] Using a password on the command line interface can be insecure.
Welcome to the MySQL monitor.  Commands end with ; or \g.
Your MySQL connection id is 977
Server version: 8.0.30 MySQL Community Server - GPL

Copyright (c) 2000, 2022, Oracle and/or its affiliates.

Oracle is a registered trademark of Oracle Corporation and/or its
affiliates. Other names may be trademarks of their respective
owners.

Type 'help;' or '\h' for help. Type '\c' to clear the current input statement.

mysql> show variables like 'auto%';
+--------------------------+-------+
| Variable_name            | Value |
+--------------------------+-------+
| auto_generate_certs      | ON    |
| auto_increment_increment | 1     |
| auto_increment_offset    | 1     |
| autocommit               | ON    |
| automatic_sp_privileges  | ON    |
+--------------------------+-------+
5 rows in set (0.00 sec)

mysql> select curdate();
+------------+
| curdate()  |
+------------+
| 2022-10-20 |
+------------+
1 row in set (0.00 sec)

mysql> select curdate(), date_format(curdate(), '%M');
+------------+------------------------------+
| curdate()  | date_format(curdate(), '%M') |
+------------+------------------------------+
| 2022-10-20 | October                      |
+------------+------------------------------+
1 row in set (0.00 sec)

mysql> select ename, hiredate, date_format(hiredate, '%M') from emp;
+----------+------------+-----------------------------+
| ename    | hiredate   | date_format(hiredate, '%M') |
+----------+------------+-----------------------------+
| GITA     | 1981-07-19 | July                        |
| VRUSHALI | 1981-07-19 | July                        |
| SHARMIN  | 1981-07-19 | July                        |
| BANDISH  | 1981-07-19 | July                        |
| SMITH    | 1980-12-17 | December                    |
| AARAV    | 1981-12-31 | December                    |
| THOMAS   | 1981-07-19 | July                        |
| ALLEN    | 1981-02-20 | February                    |
| WARD     | 1981-02-22 | February                    |
| JONES    | 1981-04-02 | April                       |
| MARTIN   | 1981-09-28 | September                   |
| BLAKE    | 1981-05-01 | May                         |
| CLARK    | 1981-06-09 | June                        |
| SCOTT    | 1982-12-09 | December                    |
| KING     | 1981-11-17 | November                    |
| FRED     | 1983-08-09 | August                      |
| TURNER   | 1981-09-08 | September                   |
| ADAMS    | 1983-01-12 | January                     |
| JAMES    | 1981-12-03 | December                    |
| FORD     | 1981-12-03 | December                    |
| HOFFMAN  | 1982-03-24 | March                       |
| GRASS    | 1980-02-14 | February                    |
| MILLER   | 1982-01-23 | January                     |
| AARUSH   | 1980-02-14 | February                    |
| ALEX     | 1982-01-24 | January                     |
| NATASHA  | 1981-07-19 | July                        |
| SANGITA  | 1981-07-19 | July                        |
| SUPRIYA  | 1981-07-19 | July                        |
+----------+------------+-----------------------------+
28 rows in set (0.00 sec)

mysql> select ename, hiredate, date_format(hiredate, '%M'), monthname(hiredate) from emp;
+----------+------------+-----------------------------+---------------------+
| ename    | hiredate   | date_format(hiredate, '%M') | monthname(hiredate) |
+----------+------------+-----------------------------+---------------------+
| GITA     | 1981-07-19 | July                        | July                |
| VRUSHALI | 1981-07-19 | July                        | July                |
| SHARMIN  | 1981-07-19 | July                        | July                |
| BANDISH  | 1981-07-19 | July                        | July                |
| SMITH    | 1980-12-17 | December                    | December            |
| AARAV    | 1981-12-31 | December                    | December            |
| THOMAS   | 1981-07-19 | July                        | July                |
| ALLEN    | 1981-02-20 | February                    | February            |
| WARD     | 1981-02-22 | February                    | February            |
| JONES    | 1981-04-02 | April                       | April               |
| MARTIN   | 1981-09-28 | September                   | September           |
| BLAKE    | 1981-05-01 | May                         | May                 |
| CLARK    | 1981-06-09 | June                        | June                |
| SCOTT    | 1982-12-09 | December                    | December            |
| KING     | 1981-11-17 | November                    | November            |
| FRED     | 1983-08-09 | August                      | August              |
| TURNER   | 1981-09-08 | September                   | September           |
| ADAMS    | 1983-01-12 | January                     | January             |
| JAMES    | 1981-12-03 | December                    | December            |
| FORD     | 1981-12-03 | December                    | December            |
| HOFFMAN  | 1982-03-24 | March                       | March               |
| GRASS    | 1980-02-14 | February                    | February            |
| MILLER   | 1982-01-23 | January                     | January             |
| AARUSH   | 1980-02-14 | February                    | February            |
| ALEX     | 1982-01-24 | January                     | January             |
| NATASHA  | 1981-07-19 | July                        | July                |
| SANGITA  | 1981-07-19 | July                        | July                |
| SUPRIYA  | 1981-07-19 | July                        | July                |
+----------+------------+-----------------------------+---------------------+
28 rows in set (0.00 sec)

mysql> select ename, hiredate, date_format(hiredate, '%a %M'), monthname(hiredate) from emp;
+----------+------------+--------------------------------+---------------------+
| ename    | hiredate   | date_format(hiredate, '%a %M') | monthname(hiredate) |
+----------+------------+--------------------------------+---------------------+
| GITA     | 1981-07-19 | Sun July                       | July                |
| VRUSHALI | 1981-07-19 | Sun July                       | July                |
| SHARMIN  | 1981-07-19 | Sun July                       | July                |
| BANDISH  | 1981-07-19 | Sun July                       | July                |
| SMITH    | 1980-12-17 | Wed December                   | December            |
| AARAV    | 1981-12-31 | Thu December                   | December            |
| THOMAS   | 1981-07-19 | Sun July                       | July                |
| ALLEN    | 1981-02-20 | Fri February                   | February            |
| WARD     | 1981-02-22 | Sun February                   | February            |
| JONES    | 1981-04-02 | Thu April                      | April               |
| MARTIN   | 1981-09-28 | Mon September                  | September           |
| BLAKE    | 1981-05-01 | Fri May                        | May                 |
| CLARK    | 1981-06-09 | Tue June                       | June                |
| SCOTT    | 1982-12-09 | Thu December                   | December            |
| KING     | 1981-11-17 | Tue November                   | November            |
| FRED     | 1983-08-09 | Tue August                     | August              |
| TURNER   | 1981-09-08 | Tue September                  | September           |
| ADAMS    | 1983-01-12 | Wed January                    | January             |
| JAMES    | 1981-12-03 | Thu December                   | December            |
| FORD     | 1981-12-03 | Thu December                   | December            |
| HOFFMAN  | 1982-03-24 | Wed March                      | March               |
| GRASS    | 1980-02-14 | Thu February                   | February            |
| MILLER   | 1982-01-23 | Sat January                    | January             |
| AARUSH   | 1980-02-14 | Thu February                   | February            |
| ALEX     | 1982-01-24 | Sun January                    | January             |
| NATASHA  | 1981-07-19 | Sun July                       | July                |
| SANGITA  | 1981-07-19 | Sun July                       | July                |
| SUPRIYA  | 1981-07-19 | Sun July                       | July                |
+----------+------------+--------------------------------+---------------------+
28 rows in set (0.00 sec)

mysql> select ename, hiredate, date_format(hiredate, '%M'), monthname(hiredate) from emp;
+----------+------------+-----------------------------+---------------------+
| ename    | hiredate   | date_format(hiredate, '%M') | monthname(hiredate) |
+----------+------------+-----------------------------+---------------------+
| GITA     | 1981-07-19 | July                        | July                |
| VRUSHALI | 1981-07-19 | July                        | July                |
| SHARMIN  | 1981-07-19 | July                        | July                |
| BANDISH  | 1981-07-19 | July                        | July                |
| SMITH    | 1980-12-17 | December                    | December            |
| AARAV    | 1981-12-31 | December                    | December            |
| THOMAS   | 1981-07-19 | July                        | July                |
| ALLEN    | 1981-02-20 | February                    | February            |
| WARD     | 1981-02-22 | February                    | February            |
| JONES    | 1981-04-02 | April                       | April               |
| MARTIN   | 1981-09-28 | September                   | September           |
| BLAKE    | 1981-05-01 | May                         | May                 |
| CLARK    | 1981-06-09 | June                        | June                |
| SCOTT    | 1982-12-09 | December                    | December            |
| KING     | 1981-11-17 | November                    | November            |
| FRED     | 1983-08-09 | August                      | August              |
| TURNER   | 1981-09-08 | September                   | September           |
| ADAMS    | 1983-01-12 | January                     | January             |
| JAMES    | 1981-12-03 | December                    | December            |
| FORD     | 1981-12-03 | December                    | December            |
| HOFFMAN  | 1982-03-24 | March                       | March               |
| GRASS    | 1980-02-14 | February                    | February            |
| MILLER   | 1982-01-23 | January                     | January             |
| AARUSH   | 1980-02-14 | February                    | February            |
| ALEX     | 1982-01-24 | January                     | January             |
| NATASHA  | 1981-07-19 | July                        | July                |
| SANGITA  | 1981-07-19 | July                        | July                |
| SUPRIYA  | 1981-07-19 | July                        | July                |
+----------+------------+-----------------------------+---------------------+
28 rows in set (0.00 sec)

mysql> select ename, hiredate, date_format(hiredate, 'Month is %M') from emp;
+----------+------------+--------------------------------------+
| ename    | hiredate   | date_format(hiredate, 'Month is %M') |
+----------+------------+--------------------------------------+
| GITA     | 1981-07-19 | Month is July                        |
| VRUSHALI | 1981-07-19 | Month is July                        |
| SHARMIN  | 1981-07-19 | Month is July                        |
| BANDISH  | 1981-07-19 | Month is July                        |
| SMITH    | 1980-12-17 | Month is December                    |
| AARAV    | 1981-12-31 | Month is December                    |
| THOMAS   | 1981-07-19 | Month is July                        |
| ALLEN    | 1981-02-20 | Month is February                    |
| WARD     | 1981-02-22 | Month is February                    |
| JONES    | 1981-04-02 | Month is April                       |
| MARTIN   | 1981-09-28 | Month is September                   |
| BLAKE    | 1981-05-01 | Month is May                         |
| CLARK    | 1981-06-09 | Month is June                        |
| SCOTT    | 1982-12-09 | Month is December                    |
| KING     | 1981-11-17 | Month is November                    |
| FRED     | 1983-08-09 | Month is August                      |
| TURNER   | 1981-09-08 | Month is September                   |
| ADAMS    | 1983-01-12 | Month is January                     |
| JAMES    | 1981-12-03 | Month is December                    |
| FORD     | 1981-12-03 | Month is December                    |
| HOFFMAN  | 1982-03-24 | Month is March                       |
| GRASS    | 1980-02-14 | Month is February                    |
| MILLER   | 1982-01-23 | Month is January                     |
| AARUSH   | 1980-02-14 | Month is February                    |
| ALEX     | 1982-01-24 | Month is January                     |
| NATASHA  | 1981-07-19 | Month is July                        |
| SANGITA  | 1981-07-19 | Month is July                        |
| SUPRIYA  | 1981-07-19 | Month is July                        |
+----------+------------+--------------------------------------+
28 rows in set (0.00 sec)

mysql> select ascii('a');
+------------+
| ascii('a') |
+------------+
|         97 |
+------------+
1 row in set (0.00 sec)

mysql> select ascii('a'), ascii('A');
+------------+------------+
| ascii('a') | ascii('A') |
+------------+------------+
|         97 |         65 |
+------------+------------+
1 row in set (0.00 sec)

mysql> select ascii('abc'), ascii('b');
+--------------+------------+
| ascii('abc') | ascii('b') |
+--------------+------------+
|           97 |         98 |
+--------------+------------+
1 row in set (0.00 sec)

mysql> select enme, ascii(ename) R1 from emp;
ERROR 1054 (42S22): Unknown column 'enme' in 'field list'
mysql> select ename, ascii(ename) R1 from emp;
+----------+------+
| ename    | R1   |
+----------+------+
| GITA     |   71 |
| VRUSHALI |   86 |
| SHARMIN  |   83 |
| BANDISH  |   66 |
| SMITH    |   83 |
| AARAV    |   65 |
| THOMAS   |   84 |
| ALLEN    |   65 |
| WARD     |   87 |
| JONES    |   74 |
| MARTIN   |   77 |
| BLAKE    |   66 |
| CLARK    |   67 |
| SCOTT    |   83 |
| KING     |   75 |
| FRED     |   70 |
| TURNER   |   84 |
| ADAMS    |   65 |
| JAMES    |   74 |
| FORD     |   70 |
| HOFFMAN  |   72 |
| GRASS    |   71 |
| MILLER   |   77 |
| AARUSH   |   65 |
| ALEX     |   65 |
| NATASHA  |   78 |
| SANGITA  |   83 |
| SUPRIYA  |   83 |
+----------+------+
28 rows in set (0.00 sec)

mysql> select ename, ascii(ename) R1, char(71) from emp;
+----------+------+--------------------+
| ename    | R1   | char(71)           |
+----------+------+--------------------+
| GITA     |   71 | 0x47               |
| VRUSHALI |   86 | 0x47               |
| SHARMIN  |   83 | 0x47               |
| BANDISH  |   66 | 0x47               |
| SMITH    |   83 | 0x47               |
| AARAV    |   65 | 0x47               |
| THOMAS   |   84 | 0x47               |
| ALLEN    |   65 | 0x47               |
| WARD     |   87 | 0x47               |
| JONES    |   74 | 0x47               |
| MARTIN   |   77 | 0x47               |
| BLAKE    |   66 | 0x47               |
| CLARK    |   67 | 0x47               |
| SCOTT    |   83 | 0x47               |
| KING     |   75 | 0x47               |
| FRED     |   70 | 0x47               |
| TURNER   |   84 | 0x47               |
| ADAMS    |   65 | 0x47               |
| JAMES    |   74 | 0x47               |
| FORD     |   70 | 0x47               |
| HOFFMAN  |   72 | 0x47               |
| GRASS    |   71 | 0x47               |
| MILLER   |   77 | 0x47               |
| AARUSH   |   65 | 0x47               |
| ALEX     |   65 | 0x47               |
| NATASHA  |   78 | 0x47               |
| SANGITA  |   83 | 0x47               |
| SUPRIYA  |   83 | 0x47               |
+----------+------+--------------------+
28 rows in set (0.00 sec)

mysql> select ename, ascii(ename) R1, cast(char(71) as char) from emp;
+----------+------+------------------------+
| ename    | R1   | cast(char(71) as char) |
+----------+------+------------------------+
| GITA     |   71 | G                      |
| VRUSHALI |   86 | G                      |
| SHARMIN  |   83 | G                      |
| BANDISH  |   66 | G                      |
| SMITH    |   83 | G                      |
| AARAV    |   65 | G                      |
| THOMAS   |   84 | G                      |
| ALLEN    |   65 | G                      |
| WARD     |   87 | G                      |
| JONES    |   74 | G                      |
| MARTIN   |   77 | G                      |
| BLAKE    |   66 | G                      |
| CLARK    |   67 | G                      |
| SCOTT    |   83 | G                      |
| KING     |   75 | G                      |
| FRED     |   70 | G                      |
| TURNER   |   84 | G                      |
| ADAMS    |   65 | G                      |
| JAMES    |   74 | G                      |
| FORD     |   70 | G                      |
| HOFFMAN  |   72 | G                      |
| GRASS    |   71 | G                      |
| MILLER   |   77 | G                      |
| AARUSH   |   65 | G                      |
| ALEX     |   65 | G                      |
| NATASHA  |   78 | G                      |
| SANGITA  |   83 | G                      |
| SUPRIYA  |   83 | G                      |
+----------+------+------------------------+
28 rows in set (0.02 sec)

mysql> select ename, ascii(ename) R1, cast(char(ename) as char) from emp;
+----------+------+---------------------------+
| ename    | R1   | cast(char(ename) as char) |
+----------+------+---------------------------+
| GITA     |   71 |                           |
| VRUSHALI |   86 |                           |
| SHARMIN  |   83 |                           |
| BANDISH  |   66 |                           |
| SMITH    |   83 |                           |
| AARAV    |   65 |                           |
| THOMAS   |   84 |                           |
| ALLEN    |   65 |                           |
| WARD     |   87 |                           |
| JONES    |   74 |                           |
| MARTIN   |   77 |                           |
| BLAKE    |   66 |                           |
| CLARK    |   67 |                           |
| SCOTT    |   83 |                           |
| KING     |   75 |                           |
| FRED     |   70 |                           |
| TURNER   |   84 |                           |
| ADAMS    |   65 |                           |
| JAMES    |   74 |                           |
| FORD     |   70 |                           |
| HOFFMAN  |   72 |                           |
| GRASS    |   71 |                           |
| MILLER   |   77 |                           |
| AARUSH   |   65 |                           |
| ALEX     |   65 |                           |
| NATASHA  |   78 |                           |
| SANGITA  |   83 |                           |
| SUPRIYA  |   83 |                           |
+----------+------+---------------------------+
28 rows in set, 28 warnings (0.00 sec)

mysql> select ename, ascii(ename) R1, cast(char(ascii(ename)) as char) from emp;
+----------+------+----------------------------------+
| ename    | R1   | cast(char(ascii(ename)) as char) |
+----------+------+----------------------------------+
| GITA     |   71 | G                                |
| VRUSHALI |   86 | V                                |
| SHARMIN  |   83 | S                                |
| BANDISH  |   66 | B                                |
| SMITH    |   83 | S                                |
| AARAV    |   65 | A                                |
| THOMAS   |   84 | T                                |
| ALLEN    |   65 | A                                |
| WARD     |   87 | W                                |
| JONES    |   74 | J                                |
| MARTIN   |   77 | M                                |
| BLAKE    |   66 | B                                |
| CLARK    |   67 | C                                |
| SCOTT    |   83 | S                                |
| KING     |   75 | K                                |
| FRED     |   70 | F                                |
| TURNER   |   84 | T                                |
| ADAMS    |   65 | A                                |
| JAMES    |   74 | J                                |
| FORD     |   70 | F                                |
| HOFFMAN  |   72 | H                                |
| GRASS    |   71 | G                                |
| MILLER   |   77 | M                                |
| AARUSH   |   65 | A                                |
| ALEX     |   65 | A                                |
| NATASHA  |   78 | N                                |
| SANGITA  |   83 | S                                |
| SUPRIYA  |   83 | S                                |
+----------+------+----------------------------------+
28 rows in set (0.00 sec)

mysql>
mysql>
mysql>
mysql> select ename from emp'
    '> ^C
mysql> select ename from emp;
+----------+
| ename    |
+----------+
| GITA     |
| VRUSHALI |
| SHARMIN  |
| BANDISH  |
| SMITH    |
| AARAV    |
| THOMAS   |
| ALLEN    |
| WARD     |
| JONES    |
| MARTIN   |
| BLAKE    |
| CLARK    |
| SCOTT    |
| KING     |
| FRED     |
| TURNER   |
| ADAMS    |
| JAMES    |
| FORD     |
| HOFFMAN  |
| GRASS    |
| MILLER   |
| AARUSH   |
| ALEX     |
| NATASHA  |
| SANGITA  |
| SUPRIYA  |
+----------+
28 rows in set (0.00 sec)

mysql> select 'hello', ename from emp;
+-------+----------+
| hello | ename    |
+-------+----------+
| hello | GITA     |
| hello | VRUSHALI |
| hello | SHARMIN  |
| hello | BANDISH  |
| hello | SMITH    |
| hello | AARAV    |
| hello | THOMAS   |
| hello | ALLEN    |
| hello | WARD     |
| hello | JONES    |
| hello | MARTIN   |
| hello | BLAKE    |
| hello | CLARK    |
| hello | SCOTT    |
| hello | KING     |
| hello | FRED     |
| hello | TURNER   |
| hello | ADAMS    |
| hello | JAMES    |
| hello | FORD     |
| hello | HOFFMAN  |
| hello | GRASS    |
| hello | MILLER   |
| hello | AARUSH   |
| hello | ALEX     |
| hello | NATASHA  |
| hello | SANGITA  |
| hello | SUPRIYA  |
+-------+----------+
28 rows in set (0.00 sec)

mysql> select concat('hello', ename) from emp;
+------------------------+
| concat('hello', ename) |
+------------------------+
| helloGITA              |
| helloVRUSHALI          |
| helloSHARMIN           |
| helloBANDISH           |
| helloSMITH             |
| helloAARAV             |
| helloTHOMAS            |
| helloALLEN             |
| helloWARD              |
| helloJONES             |
| helloMARTIN            |
| helloBLAKE             |
| helloCLARK             |
| helloSCOTT             |
| helloKING              |
| helloFRED              |
| helloTURNER            |
| helloADAMS             |
| helloJAMES             |
| helloFORD              |
| helloHOFFMAN           |
| helloGRASS             |
| helloMILLER            |
| helloAARUSH            |
| helloALEX              |
| helloNATASHA           |
| helloSANGITA           |
| helloSUPRIYA           |
+------------------------+
28 rows in set (0.00 sec)

mysql> select concat('Hello ', ename) from emp;
+-------------------------+
| concat('Hello ', ename) |
+-------------------------+
| Hello GITA              |
| Hello VRUSHALI          |
| Hello SHARMIN           |
| Hello BANDISH           |
| Hello SMITH             |
| Hello AARAV             |
| Hello THOMAS            |
| Hello ALLEN             |
| Hello WARD              |
| Hello JONES             |
| Hello MARTIN            |
| Hello BLAKE             |
| Hello CLARK             |
| Hello SCOTT             |
| Hello KING              |
| Hello FRED              |
| Hello TURNER            |
| Hello ADAMS             |
| Hello JAMES             |
| Hello FORD              |
| Hello HOFFMAN           |
| Hello GRASS             |
| Hello MILLER            |
| Hello AARUSH            |
| Hello ALEX              |
| Hello NATASHA           |
| Hello SANGITA           |
| Hello SUPRIYA           |
+-------------------------+
28 rows in set (0.00 sec)

mysql> select concat('Hello ', ename, " your joining date is ", hiredate) from emp;
+-------------------------------------------------------------+
| concat('Hello ', ename, " your joining date is ", hiredate) |
+-------------------------------------------------------------+
| Hello GITA your joining date is 1981-07-19                  |
| Hello VRUSHALI your joining date is 1981-07-19              |
| Hello SHARMIN your joining date is 1981-07-19               |
| Hello BANDISH your joining date is 1981-07-19               |
| Hello SMITH your joining date is 1980-12-17                 |
| Hello AARAV your joining date is 1981-12-31                 |
| Hello THOMAS your joining date is 1981-07-19                |
| Hello ALLEN your joining date is 1981-02-20                 |
| Hello WARD your joining date is 1981-02-22                  |
| Hello JONES your joining date is 1981-04-02                 |
| Hello MARTIN your joining date is 1981-09-28                |
| Hello BLAKE your joining date is 1981-05-01                 |
| Hello CLARK your joining date is 1981-06-09                 |
| Hello SCOTT your joining date is 1982-12-09                 |
| Hello KING your joining date is 1981-11-17                  |
| Hello FRED your joining date is 1983-08-09                  |
| Hello TURNER your joining date is 1981-09-08                |
| Hello ADAMS your joining date is 1983-01-12                 |
| Hello JAMES your joining date is 1981-12-03                 |
| Hello FORD your joining date is 1981-12-03                  |
| Hello HOFFMAN your joining date is 1982-03-24               |
| Hello GRASS your joining date is 1980-02-14                 |
| Hello MILLER your joining date is 1982-01-23                |
| Hello AARUSH your joining date is 1980-02-14                |
| Hello ALEX your joining date is 1982-01-24                  |
| Hello NATASHA your joining date is 1981-07-19               |
| Hello SANGITA your joining date is 1981-07-19               |
| Hello SUPRIYA your joining date is 1981-07-19               |
+-------------------------------------------------------------+
28 rows in set (0.00 sec)

mysql> select concat('Hello ', ename, " your joining date is ", date_format(hiredate, '%M')) from emp;
+--------------------------------------------------------------------------------+
| concat('Hello ', ename, " your joining date is ", date_format(hiredate, '%M')) |
+--------------------------------------------------------------------------------+
| Hello GITA your joining date is July                                           |
| Hello VRUSHALI your joining date is July                                       |
| Hello SHARMIN your joining date is July                                        |
| Hello BANDISH your joining date is July                                        |
| Hello SMITH your joining date is December                                      |
| Hello AARAV your joining date is December                                      |
| Hello THOMAS your joining date is July                                         |
| Hello ALLEN your joining date is February                                      |
| Hello WARD your joining date is February                                       |
| Hello JONES your joining date is April                                         |
| Hello MARTIN your joining date is September                                    |
| Hello BLAKE your joining date is May                                           |
| Hello CLARK your joining date is June                                          |
| Hello SCOTT your joining date is December                                      |
| Hello KING your joining date is November                                       |
| Hello FRED your joining date is August                                         |
| Hello TURNER your joining date is September                                    |
| Hello ADAMS your joining date is January                                       |
| Hello JAMES your joining date is December                                      |
| Hello FORD your joining date is December                                       |
| Hello HOFFMAN your joining date is March                                       |
| Hello GRASS your joining date is February                                      |
| Hello MILLER your joining date is January                                      |
| Hello AARUSH your joining date is February                                     |
| Hello ALEX your joining date is January                                        |
| Hello NATASHA your joining date is July                                        |
| Hello SANGITA your joining date is July                                        |
| Hello SUPRIYA your joining date is July                                        |
+--------------------------------------------------------------------------------+
28 rows in set (0.04 sec)

mysql> select elt(1, 'first','second','thired','fourth');
+--------------------------------------------+
| elt(1, 'first','second','thired','fourth') |
+--------------------------------------------+
| first                                      |
+--------------------------------------------+
1 row in set (0.07 sec)

mysql> select elt(5, 'apple, 'orange', 'banana', 'cherry', 'jerry');
    '> ^C
mysql> select elt(5, 'apple', 'orange', 'banana', 'cherry', 'jerry');
+--------------------------------------------------------+
| elt(5, 'apple', 'orange', 'banana', 'cherry', 'jerry') |
+--------------------------------------------------------+
| jerry                                                  |
+--------------------------------------------------------+
1 row in set (0.00 sec)

mysql> select elt(1, 'S1','S2','S3');
+------------------------+
| elt(1, 'S1','S2','S3') |
+------------------------+
| S1                     |
+------------------------+
1 row in set (0.00 sec)

mysql> select month(now());
+--------------+
| month(now()) |
+--------------+
|           10 |
+--------------+
1 row in set (0.00 sec)

mysql> select quarter(now());
+----------------+
| quarter(now()) |
+----------------+
|              4 |
+----------------+
1 row in set (0.00 sec)

mysql> select elt(quarter(now()),'Q1', 'Q2', 'Q3', 'Q4' );
+---------------------------------------------+
| elt(quarter(now()),'Q1', 'Q2', 'Q3', 'Q4' ) |
+---------------------------------------------+
| Q4                                          |
+---------------------------------------------+
1 row in set (0.00 sec)

mysql> select elt(1, ename, job, sal ) from emp;
+--------------------------+
| elt(1, ename, job, sal ) |
+--------------------------+
| GITA                     |
| VRUSHALI                 |
| SHARMIN                  |
| BANDISH                  |
| SMITH                    |
| AARAV                    |
| THOMAS                   |
| ALLEN                    |
| WARD                     |
| JONES                    |
| MARTIN                   |
| BLAKE                    |
| CLARK                    |
| SCOTT                    |
| KING                     |
| FRED                     |
| TURNER                   |
| ADAMS                    |
| JAMES                    |
| FORD                     |
| HOFFMAN                  |
| GRASS                    |
| MILLER                   |
| AARUSH                   |
| ALEX                     |
| NATASHA                  |
| SANGITA                  |
| SUPRIYA                  |
+--------------------------+
28 rows in set (0.00 sec)

mysql> select elt(2, ename, job, sal ) from emp;
+--------------------------+
| elt(2, ename, job, sal ) |
+--------------------------+
| Compliance officers      |
| Compliance officers      |
| Public Relation          |
| Public Relation          |
| CLERK                    |
| CLERK                    |
| CLERK                    |
| SALESMAN                 |
| SALESMAN                 |
| MANAGER                  |
| SALESMAN                 |
| MANAGER                  |
| MANAGER                  |
| ANALYST                  |
| PRESIDENT                |
| vice PRESIDENT           |
| SALESMAN                 |
| CLERK                    |
| CLERK                    |
| ANALYST                  |
| MANAGER                  |
| SALESMAN                 |
| CLERK                    |
| SALESMAN                 |
| MANAGER                  |
| CLERK                    |
| Compliance officers      |
| ANALYST                  |
+--------------------------+
28 rows in set (0.00 sec)

mysql> select elt(3, ename, job, sal ) from emp;
+--------------------------+
| elt(3, ename, job, sal ) |
+--------------------------+
| 1750                     |
| 1750                     |
| 1750                     |
| 1750                     |
| 800                      |
| 3350                     |
| 1750                     |
| 1600                     |
| 1250                     |
| 2975                     |
| 1250                     |
| 2850                     |
| 2450                     |
| 3000                     |
| 5000                     |
| 5000                     |
| 1500                     |
| 1100                     |
| 950                      |
| 3000                     |
| 4150                     |
| 2575                     |
| 1300                     |
| 1350                     |
| 1250                     |
| 1750                     |
| 1750                     |
| 1750                     |
+--------------------------+
28 rows in set (0.00 sec)

mysql> select ename from emp;
+----------+
| ename    |
+----------+
| GITA     |
| VRUSHALI |
| SHARMIN  |
| BANDISH  |
| SMITH    |
| AARAV    |
| THOMAS   |
| ALLEN    |
| WARD     |
| JONES    |
| MARTIN   |
| BLAKE    |
| CLARK    |
| SCOTT    |
| KING     |
| FRED     |
| TURNER   |
| ADAMS    |
| JAMES    |
| FORD     |
| HOFFMAN  |
| GRASS    |
| MILLER   |
| AARUSH   |
| ALEX     |
| NATASHA  |
| SANGITA  |
| SUPRIYA  |
+----------+
28 rows in set (0.00 sec)

mysql> select ename, lcase(ename) from emp;
+----------+--------------+
| ename    | lcase(ename) |
+----------+--------------+
| GITA     | gita         |
| VRUSHALI | vrushali     |
| SHARMIN  | sharmin      |
| BANDISH  | bandish      |
| SMITH    | smith        |
| AARAV    | aarav        |
| THOMAS   | thomas       |
| ALLEN    | allen        |
| WARD     | ward         |
| JONES    | jones        |
| MARTIN   | martin       |
| BLAKE    | blake        |
| CLARK    | clark        |
| SCOTT    | scott        |
| KING     | king         |
| FRED     | fred         |
| TURNER   | turner       |
| ADAMS    | adams        |
| JAMES    | james        |
| FORD     | ford         |
| HOFFMAN  | hoffman      |
| GRASS    | grass        |
| MILLER   | miller       |
| AARUSH   | aarush       |
| ALEX     | alex         |
| NATASHA  | natasha      |
| SANGITA  | sangita      |
| SUPRIYA  | supriya      |
+----------+--------------+
28 rows in set (0.00 sec)

mysql> select ename, length(ename) from emp;
+----------+---------------+
| ename    | length(ename) |
+----------+---------------+
| GITA     |             4 |
| VRUSHALI |             8 |
| SHARMIN  |             7 |
| BANDISH  |             7 |
| SMITH    |             5 |
| AARAV    |             5 |
| THOMAS   |             6 |
| ALLEN    |             5 |
| WARD     |             4 |
| JONES    |             5 |
| MARTIN   |             6 |
| BLAKE    |             5 |
| CLARK    |             5 |
| SCOTT    |             5 |
| KING     |             4 |
| FRED     |             4 |
| TURNER   |             6 |
| ADAMS    |             5 |
| JAMES    |             5 |
| FORD     |             4 |
| HOFFMAN  |             7 |
| GRASS    |             5 |
| MILLER   |             6 |
| AARUSH   |             6 |
| ALEX     |             4 |
| NATASHA  |             7 |
| SANGITA  |             7 |
| SUPRIYA  |             7 |
+----------+---------------+
28 rows in set (0.00 sec)

mysql> select sal from emp;
+------+
| sal  |
+------+
| 1750 |
| 1750 |
| 1750 |
| 1750 |
|  800 |
| 3350 |
| 1750 |
| 1600 |
| 1250 |
| 2975 |
| 1250 |
| 2850 |
| 2450 |
| 3000 |
| 5000 |
| 5000 |
| 1500 |
| 1100 |
|  950 |
| 3000 |
| 4150 |
| 2575 |
| 1300 |
| 1350 |
| 1250 |
| 1750 |
| 1750 |
| 1750 |
+------+
28 rows in set (0.00 sec)

mysql> select sal, lpad(sal, 8 ,'*') from emp;
+------+-------------------+
| sal  | lpad(sal, 8 ,'*') |
+------+-------------------+
| 1750 | ****1750          |
| 1750 | ****1750          |
| 1750 | ****1750          |
| 1750 | ****1750          |
|  800 | *****800          |
| 3350 | ****3350          |
| 1750 | ****1750          |
| 1600 | ****1600          |
| 1250 | ****1250          |
| 2975 | ****2975          |
| 1250 | ****1250          |
| 2850 | ****2850          |
| 2450 | ****2450          |
| 3000 | ****3000          |
| 5000 | ****5000          |
| 5000 | ****5000          |
| 1500 | ****1500          |
| 1100 | ****1100          |
|  950 | *****950          |
| 3000 | ****3000          |
| 4150 | ****4150          |
| 2575 | ****2575          |
| 1300 | ****1300          |
| 1350 | ****1350          |
| 1250 | ****1250          |
| 1750 | ****1750          |
| 1750 | ****1750          |
| 1750 | ****1750          |
+------+-------------------+
28 rows in set (0.02 sec)

mysql> select phoe from emp;
ERROR 1054 (42S22): Unknown column 'phoe' in 'field list'
mysql> select phone from emp;
+------------+
| phone      |
+------------+
| NULL       |
| NULL       |
| NULL       |
| NULL       |
| 7032300023 |
| 7032300084 |
| 7032300011 |
| 7032300096 |
| 7132300034 |
| 7132300039 |
| 7132300050 |
| 7132300027 |
| 7032300001 |
| NULL       |
| 7132300081 |
| NULL       |
| NULL       |
| 7132300086 |
| 7132300042 |
| NULL       |
| NULL       |
| NULL       |
| 7132300055 |
| NULL       |
| 7156567183 |
| NULL       |
| NULL       |
| NULL       |
+------------+
28 rows in set (0.00 sec)

mysql> select repeate('a', 10);
ERROR 1305 (42000): FUNCTION db1.repeate does not exist
mysql> select repeat('a', 10);
+-----------------+
| repeat('a', 10) |
+-----------------+
| aaaaaaaaaa      |
+-----------------+
1 row in set (0.00 sec)

mysql> select sal from emp;
+------+
| sal  |
+------+
| 1750 |
| 1750 |
| 1750 |
| 1750 |
|  800 |
| 3350 |
| 1750 |
| 1600 |
| 1250 |
| 2975 |
| 1250 |
| 2850 |
| 2450 |
| 3000 |
| 5000 |
| 5000 |
| 1500 |
| 1100 |
|  950 |
| 3000 |
| 4150 |
| 2575 |
| 1300 |
| 1350 |
| 1250 |
| 1750 |
| 1750 |
| 1750 |
+------+
28 rows in set (0.00 sec)

mysql> select sal,sal/100 from emp;
+------+---------+
| sal  | sal/100 |
+------+---------+
| 1750 | 17.5000 |
| 1750 | 17.5000 |
| 1750 | 17.5000 |
| 1750 | 17.5000 |
|  800 |  8.0000 |
| 3350 | 33.5000 |
| 1750 | 17.5000 |
| 1600 | 16.0000 |
| 1250 | 12.5000 |
| 2975 | 29.7500 |
| 1250 | 12.5000 |
| 2850 | 28.5000 |
| 2450 | 24.5000 |
| 3000 | 30.0000 |
| 5000 | 50.0000 |
| 5000 | 50.0000 |
| 1500 | 15.0000 |
| 1100 | 11.0000 |
|  950 |  9.5000 |
| 3000 | 30.0000 |
| 4150 | 41.5000 |
| 2575 | 25.7500 |
| 1300 | 13.0000 |
| 1350 | 13.5000 |
| 1250 | 12.5000 |
| 1750 | 17.5000 |
| 1750 | 17.5000 |
| 1750 | 17.5000 |
+------+---------+
28 rows in set (0.00 sec)

mysql> select sal,sal/100,repeat('*', sal/100) from emp;
+------+---------+----------------------------------------------------+
| sal  | sal/100 | repeat('*', sal/100)                               |
+------+---------+----------------------------------------------------+
| 1750 | 17.5000 | ******************                                 |
| 1750 | 17.5000 | ******************                                 |
| 1750 | 17.5000 | ******************                                 |
| 1750 | 17.5000 | ******************                                 |
|  800 |  8.0000 | ********                                           |
| 3350 | 33.5000 | **********************************                 |
| 1750 | 17.5000 | ******************                                 |
| 1600 | 16.0000 | ****************                                   |
| 1250 | 12.5000 | *************                                      |
| 2975 | 29.7500 | ******************************                     |
| 1250 | 12.5000 | *************                                      |
| 2850 | 28.5000 | *****************************                      |
| 2450 | 24.5000 | *************************                          |
| 3000 | 30.0000 | ******************************                     |
| 5000 | 50.0000 | ************************************************** |
| 5000 | 50.0000 | ************************************************** |
| 1500 | 15.0000 | ***************                                    |
| 1100 | 11.0000 | ***********                                        |
|  950 |  9.5000 | **********                                         |
| 3000 | 30.0000 | ******************************                     |
| 4150 | 41.5000 | ******************************************         |
| 2575 | 25.7500 | **************************                         |
| 1300 | 13.0000 | *************                                      |
| 1350 | 13.5000 | **************                                     |
| 1250 | 12.5000 | *************                                      |
| 1750 | 17.5000 | ******************                                 |
| 1750 | 17.5000 | ******************                                 |
| 1750 | 17.5000 | ******************                                 |
+------+---------+----------------------------------------------------+
28 rows in set (0.00 sec)

mysql> select 'hello world', left('hello world', 3);
+-------------+------------------------+
| hello world | left('hello world', 3) |
+-------------+------------------------+
| hello world | hel                    |
+-------------+------------------------+
1 row in set (0.01 sec)

mysql> select 'hello world', right('hello world', 3);
+-------------+-------------------------+
| hello world | right('hello world', 3) |
+-------------+-------------------------+
| hello world | rld                     |
+-------------+-------------------------+
1 row in set (0.00 sec)

mysql> select ename, right(ename, 3) from emp;
+----------+-----------------+
| ename    | right(ename, 3) |
+----------+-----------------+
| GITA     | ITA             |
| VRUSHALI | ALI             |
| SHARMIN  | MIN             |
| BANDISH  | ISH             |
| SMITH    | ITH             |
| AARAV    | RAV             |
| THOMAS   | MAS             |
| ALLEN    | LEN             |
| WARD     | ARD             |
| JONES    | NES             |
| MARTIN   | TIN             |
| BLAKE    | AKE             |
| CLARK    | ARK             |
| SCOTT    | OTT             |
| KING     | ING             |
| FRED     | RED             |
| TURNER   | NER             |
| ADAMS    | AMS             |
| JAMES    | MES             |
| FORD     | ORD             |
| HOFFMAN  | MAN             |
| GRASS    | ASS             |
| MILLER   | LER             |
| AARUSH   | USH             |
| ALEX     | LEX             |
| NATASHA  | SHA             |
| SANGITA  | ITA             |
| SUPRIYA  | IYA             |
+----------+-----------------+
28 rows in set (0.00 sec)

mysql> select ename, left(ename, 3) from emp;
+----------+----------------+
| ename    | left(ename, 3) |
+----------+----------------+
| GITA     | GIT            |
| VRUSHALI | VRU            |
| SHARMIN  | SHA            |
| BANDISH  | BAN            |
| SMITH    | SMI            |
| AARAV    | AAR            |
| THOMAS   | THO            |
| ALLEN    | ALL            |
| WARD     | WAR            |
| JONES    | JON            |
| MARTIN   | MAR            |
| BLAKE    | BLA            |
| CLARK    | CLA            |
| SCOTT    | SCO            |
| KING     | KIN            |
| FRED     | FRE            |
| TURNER   | TUR            |
| ADAMS    | ADA            |
| JAMES    | JAM            |
| FORD     | FOR            |
| HOFFMAN  | HOF            |
| GRASS    | GRA            |
| MILLER   | MIL            |
| AARUSH   | AAR            |
| ALEX     | ALE            |
| NATASHA  | NAT            |
| SANGITA  | SAN            |
| SUPRIYA  | SUP            |
+----------+----------------+
28 rows in set (0.00 sec)

mysql> select 'hello world', substr('hello world', 3);
+-------------+--------------------------+
| hello world | substr('hello world', 3) |
+-------------+--------------------------+
| hello world | llo world                |
+-------------+--------------------------+
1 row in set (0.00 sec)

mysql> select 'hello world', substr('hello world', 3, 3);
+-------------+-----------------------------+
| hello world | substr('hello world', 3, 3) |
+-------------+-----------------------------+
| hello world | llo                         |
+-------------+-----------------------------+
1 row in set (0.00 sec)

mysql> select phone, right(phone, 4) from emp;
+------------+-----------------+
| phone      | right(phone, 4) |
+------------+-----------------+
| NULL       | NULL            |
| NULL       | NULL            |
| NULL       | NULL            |
| NULL       | NULL            |
| 7032300023 | 0023            |
| 7032300084 | 0084            |
| 7032300011 | 0011            |
| 7032300096 | 0096            |
| 7132300034 | 0034            |
| 7132300039 | 0039            |
| 7132300050 | 0050            |
| 7132300027 | 0027            |
| 7032300001 | 0001            |
| NULL       | NULL            |
| 7132300081 | 0081            |
| NULL       | NULL            |
| NULL       | NULL            |
| 7132300086 | 0086            |
| 7132300042 | 0042            |
| NULL       | NULL            |
| NULL       | NULL            |
| NULL       | NULL            |
| 7132300055 | 0055            |
| NULL       | NULL            |
| 7156567183 | 7183            |
| NULL       | NULL            |
| NULL       | NULL            |
| NULL       | NULL            |
+------------+-----------------+
28 rows in set (0.00 sec)

mysql> select phone, lpad(right(phone, 4), 10, '*') from emp;
+------------+--------------------------------+
| phone      | lpad(right(phone, 4), 10, '*') |
+------------+--------------------------------+
| NULL       | NULL                           |
| NULL       | NULL                           |
| NULL       | NULL                           |
| NULL       | NULL                           |
| 7032300023 | ******0023                     |
| 7032300084 | ******0084                     |
| 7032300011 | ******0011                     |
| 7032300096 | ******0096                     |
| 7132300034 | ******0034                     |
| 7132300039 | ******0039                     |
| 7132300050 | ******0050                     |
| 7132300027 | ******0027                     |
| 7032300001 | ******0001                     |
| NULL       | NULL                           |
| 7132300081 | ******0081                     |
| NULL       | NULL                           |
| NULL       | NULL                           |
| 7132300086 | ******0086                     |
| 7132300042 | ******0042                     |
| NULL       | NULL                           |
| NULL       | NULL                           |
| NULL       | NULL                           |
| 7132300055 | ******0055                     |
| NULL       | NULL                           |
| 7156567183 | ******7183                     |
| NULL       | NULL                           |
| NULL       | NULL                           |
| NULL       | NULL                           |
+------------+--------------------------------+
28 rows in set (0.00 sec)

mysql> select phone, lpad(right(ifnull(phone,'N/A'), 4), 10, '*') from emp;
+------------+----------------------------------------------+
| phone      | lpad(right(ifnull(phone,'N/A'), 4), 10, '*') |
+------------+----------------------------------------------+
| NULL       | *******N/A                                   |
| NULL       | *******N/A                                   |
| NULL       | *******N/A                                   |
| NULL       | *******N/A                                   |
| 7032300023 | ******0023                                   |
| 7032300084 | ******0084                                   |
| 7032300011 | ******0011                                   |
| 7032300096 | ******0096                                   |
| 7132300034 | ******0034                                   |
| 7132300039 | ******0039                                   |
| 7132300050 | ******0050                                   |
| 7132300027 | ******0027                                   |
| 7032300001 | ******0001                                   |
| NULL       | *******N/A                                   |
| 7132300081 | ******0081                                   |
| NULL       | *******N/A                                   |
| NULL       | *******N/A                                   |
| 7132300086 | ******0086                                   |
| 7132300042 | ******0042                                   |
| NULL       | *******N/A                                   |
| NULL       | *******N/A                                   |
| NULL       | *******N/A                                   |
| 7132300055 | ******0055                                   |
| NULL       | *******N/A                                   |
| 7156567183 | ******7183                                   |
| NULL       | *******N/A                                   |
| NULL       | *******N/A                                   |
| NULL       | *******N/A                                   |
+------------+----------------------------------------------+
28 rows in set (0.00 sec)

mysql> select pwd from emp;
+------------+
| pwd        |
+------------+
| sales@2017 |
| PUN@8877   |
| a12recmpm  |
| a12recmpm  |
| a12recmpm  |
| NULL       |
| r50mpm     |
| sales@2017 |
| sales@2017 |
| a12recmpm  |
| sales@2017 |
| sales@2017 |
| r50mpm     |
| a12recmpm  |
| r50mpm     |
| a12recmpm  |
| sales@2017 |
| a12recmpm  |
| sales@2017 |
| a12recmpm  |
| sales@2017 |
| sales@2017 |
| r50mpm     |
| ABCDEF     |
| sales@2017 |
| sales@2017 |
| NULL       |
| XYZ@1234   |
+------------+
28 rows in set (0.00 sec)

mysql> select pwd,length(pwd) from emp;
+------------+-------------+
| pwd        | length(pwd) |
+------------+-------------+
| sales@2017 |          10 |
| PUN@8877   |           8 |
| a12recmpm  |           9 |
| a12recmpm  |           9 |
| a12recmpm  |           9 |
| NULL       |        NULL |
| r50mpm     |           6 |
| sales@2017 |          10 |
| sales@2017 |          10 |
| a12recmpm  |           9 |
| sales@2017 |          10 |
| sales@2017 |          10 |
| r50mpm     |           6 |
| a12recmpm  |           9 |
| r50mpm     |           6 |
| a12recmpm  |           9 |
| sales@2017 |          10 |
| a12recmpm  |           9 |
| sales@2017 |          10 |
| a12recmpm  |           9 |
| sales@2017 |          10 |
| sales@2017 |          10 |
| r50mpm     |           6 |
| ABCDEF     |           6 |
| sales@2017 |          10 |
| sales@2017 |          10 |
| NULL       |        NULL |
| XYZ@1234   |           8 |
+------------+-------------+
28 rows in set (0.00 sec)

mysql> select if(1>10, 'good' ,'bad');
+-------------------------+
| if(1>10, 'good' ,'bad') |
+-------------------------+
| bad                     |
+-------------------------+
1 row in set (0.00 sec)

mysql> select if(991>10, 'good' ,'bad');
+---------------------------+
| if(991>10, 'good' ,'bad') |
+---------------------------+
| good                      |
+---------------------------+
1 row in set (0.00 sec)

mysql> select pwd,length(pwd), if(length(pwd) >7 ,'Strong PWD','Weak PWD')  from emp;
+------------+-------------+---------------------------------------------+
| pwd        | length(pwd) | if(length(pwd) >7 ,'Strong PWD','Weak PWD') |
+------------+-------------+---------------------------------------------+
| sales@2017 |          10 | Strong PWD                                  |
| PUN@8877   |           8 | Strong PWD                                  |
| a12recmpm  |           9 | Strong PWD                                  |
| a12recmpm  |           9 | Strong PWD                                  |
| a12recmpm  |           9 | Strong PWD                                  |
| NULL       |        NULL | Weak PWD                                    |
| r50mpm     |           6 | Weak PWD                                    |
| sales@2017 |          10 | Strong PWD                                  |
| sales@2017 |          10 | Strong PWD                                  |
| a12recmpm  |           9 | Strong PWD                                  |
| sales@2017 |          10 | Strong PWD                                  |
| sales@2017 |          10 | Strong PWD                                  |
| r50mpm     |           6 | Weak PWD                                    |
| a12recmpm  |           9 | Strong PWD                                  |
| r50mpm     |           6 | Weak PWD                                    |
| a12recmpm  |           9 | Strong PWD                                  |
| sales@2017 |          10 | Strong PWD                                  |
| a12recmpm  |           9 | Strong PWD                                  |
| sales@2017 |          10 | Strong PWD                                  |
| a12recmpm  |           9 | Strong PWD                                  |
| sales@2017 |          10 | Strong PWD                                  |
| sales@2017 |          10 | Strong PWD                                  |
| r50mpm     |           6 | Weak PWD                                    |
| ABCDEF     |           6 | Weak PWD                                    |
| sales@2017 |          10 | Strong PWD                                  |
| sales@2017 |          10 | Strong PWD                                  |
| NULL       |        NULL | Weak PWD                                    |
| XYZ@1234   |           8 | Strong PWD                                  |
+------------+-------------+---------------------------------------------+
28 rows in set (0.00 sec)

mysql>

----------------------------------------------------------



mysql>
mysql>
mysql>
mysql>
mysql> select '   saleel';
+-----------+
| saleel    |
+-----------+
|    saleel |
+-----------+
1 row in set (0.00 sec)

mysql> select '   saleel' = 'saleel';
+------------------------+
| '   saleel' = 'saleel' |
+------------------------+
|                      0 |
+------------------------+
1 row in set (0.00 sec)

mysql> select 'saleel' = 'saleel';
+---------------------+
| 'saleel' = 'saleel' |
+---------------------+
|                   1 |
+---------------------+
1 row in set (0.00 sec)

mysql> select '   saleel', ltrim('   saleel');
+-----------+--------------------+
| saleel    | ltrim('   saleel') |
+-----------+--------------------+
|    saleel | saleel             |
+-----------+--------------------+
1 row in set (0.01 sec)

mysql> select '   saleel' = 'saleel';
+------------------------+
| '   saleel' = 'saleel' |
+------------------------+
|                      0 |
+------------------------+
1 row in set (0.00 sec)

mysql> select ltrim('   saleel') = 'saleel';
+-------------------------------+
| ltrim('   saleel') = 'saleel' |
+-------------------------------+
|                             1 |
+-------------------------------+
1 row in set (0.00 sec)

mysql> select ltrim('   saleel    ') = 'saleel';
+-----------------------------------+
| ltrim('   saleel    ') = 'saleel' |
+-----------------------------------+
|                                 1 |
+-----------------------------------+
1 row in set (0.00 sec)

mysql> select ('   saleel    ');
+---------------+
| saleel        |
+---------------+
|    saleel     |
+---------------+
1 row in set (0.00 sec)

mysql> select ('   saleel    ') , trim('   saleel    ');
+---------------+-----------------------+
| saleel        | trim('   saleel    ') |
+---------------+-----------------------+
|    saleel     | saleel                |
+---------------+-----------------------+
1 row in set (0.00 sec)

mysql> select length('   saleel    ') , length(trim('   saleel    '));
+-------------------------+-------------------------------+
| length('   saleel    ') | length(trim('   saleel    ')) |
+-------------------------+-------------------------------+
|                      13 |                             6 |
+-------------------------+-------------------------------+
1 row in set (0.00 sec)

mysql> select ename, binary ename from emp;
+----------+----------------------------+
| ename    | binary ename               |
+----------+----------------------------+
| GITA     | 0x47495441                 |
| VRUSHALI | 0x5652555348414C49         |
| SHARMIN  | 0x534841524D494E           |
| BANDISH  | 0x42414E44495348           |
| SMITH    | 0x534D495448               |
| AARAV    | 0x4141524156               |
| THOMAS   | 0x54484F4D4153             |
| ALLEN    | 0x414C4C454E               |
| WARD     | 0x57415244                 |
| JONES    | 0x4A4F4E4553               |
| MARTIN   | 0x4D415254494E             |
| BLAKE    | 0x424C414B45               |
| CLARK    | 0x434C41524B               |
| SCOTT    | 0x53434F5454               |
| KING     | 0x4B494E47                 |
| FRED     | 0x46524544                 |
| TURNER   | 0x5455524E4552             |
| ADAMS    | 0x4144414D53               |
| JAMES    | 0x4A414D4553               |
| FORD     | 0x464F5244                 |
| HOFFMAN  | 0x484F46464D414E           |
| GRASS    | 0x4752415353               |
| MILLER   | 0x4D494C4C4552             |
| AARUSH   | 0x414152555348             |
| ALEX     | 0x414C4558                 |
| NATASHA  | 0x4E415441534841           |
| SANGITA  | 0x53414E47495441           |
| SUPRIYA  | 0x53555052495941           |
+----------+----------------------------+
28 rows in set, 1 warning (0.00 sec)

mysql> select 'A', binary 'A';
+---+------------------------+
| A | binary 'A'             |
+---+------------------------+
| A | 0x41                   |
+---+------------------------+
1 row in set, 1 warning (0.00 sec)

mysql> select 'A', binary 'A' ,cast(binary 'A' as char);
+---+------------------------+--------------------------+
| A | binary 'A'             | cast(binary 'A' as char) |
+---+------------------------+--------------------------+
| A | 0x41                   | A                        |
+---+------------------------+--------------------------+
1 row in set, 2 warnings (0.00 sec)

mysql> select ename from emp1;
+-------------+
| ename       |
+-------------+
| Alice       |
| Victor      |
| Jack        |
| William     |
| Rose        |
| Kate        |
| William     |
| Matthew     |
| MAI         |
| ZARIA       |
| MAYA        |
| ROSE        |
| KATE        |
| TINA        |
| MARY        |
| TESSA       |
| STEVEN      |
| SHERLOCK    |
| STEPHEN     |
| Aaron       |
| Alexander   |
| Brooke      |
| Bruce       |
| Eli         |
| shelley     |
| Clive       |
| Christopher |
| Dirk        |
| ely         |
| SHERLOCK    |
| AARON       |
| ALEXANDER   |
| BROOKE      |
| BRUCE       |
| CHRISTOPHER |
| CLIVE       |
| joel        |
| jay         |
| joe         |
| matthew     |
| louis       |
| DIRK        |
| ELI         |
| ELY         |
| SMITH       |
| TROY        |
| ALLEN       |
| WARD        |
| JONES       |
| MARTIN      |
| BLAKE       |
| CLARK       |
| SCOTT       |
| KING        |
| TURNER      |
| ADAMS       |
| STEPHEN     |
| JAMES       |
| FORD        |
| MILLER      |
| THOMAS      |
| SHELLEY     |
| stephen     |
| thomas      |
| sherlock    |
| sherlock    |
| troy        |
| stephen     |
+-------------+
68 rows in set (0.03 sec)

mysql> select 'sherlock', ucase('sherlock');
+----------+-------------------+
| sherlock | ucase('sherlock') |
+----------+-------------------+
| sherlock | SHERLOCK          |
+----------+-------------------+
1 row in set (0.00 sec)

mysql> select 'sherlock', ucase('sherlock'), binary 'sherlock', binary ucase('sherlock');
+----------+-------------------+--------------------------------------+----------------------------------------------------+
| sherlock | ucase('sherlock') | binary 'sherlock'                    | binary ucase('sherlock')                           |
+----------+-------------------+--------------------------------------+----------------------------------------------------+
| sherlock | SHERLOCK          | 0x736865726C6F636B                   | 0x534845524C4F434B                                 |
+----------+-------------------+--------------------------------------+----------------------------------------------------+
1 row in set, 2 warnings (0.00 sec)

mysql> select 'sherlock', ucase('sherlock'), binary 'sherlock' R1, binary ucase('sherlock') R2;
+----------+-------------------+--------------------+--------------------+
| sherlock | ucase('sherlock') | R1                 | R2                 |
+----------+-------------------+--------------------+--------------------+
| sherlock | SHERLOCK          | 0x736865726C6F636B | 0x534845524C4F434B |
+----------+-------------------+--------------------+--------------------+
1 row in set, 2 warnings (0.00 sec)

mysql> select 'abc', instr('abc', 'b');
+-----+-------------------+
| abc | instr('abc', 'b') |
+-----+-------------------+
| abc |                 2 |
+-----+-------------------+
1 row in set (0.00 sec)

mysql> select 'abc', instr('abc', 'n');
+-----+-------------------+
| abc | instr('abc', 'n') |
+-----+-------------------+
| abc |                 0 |
+-----+-------------------+
1 row in set (0.00 sec)

mysql> select 'abc@gmail.com', instr('abc@gmail.com', '@');
+---------------+-----------------------------+
| abc@gmail.com | instr('abc@gmail.com', '@') |
+---------------+-----------------------------+
| abc@gmail.com |                           4 |
+---------------+-----------------------------+
1 row in set (0.00 sec)

mysql> select 'abc@gmail.com', instr('abcgmail.com', '@');
+---------------+----------------------------+
| abc@gmail.com | instr('abcgmail.com', '@') |
+---------------+----------------------------+
| abc@gmail.com |                          0 |
+---------------+----------------------------+
1 row in set (0.00 sec)

mysql> select 'abc@gmail.com', instr('a@bc@gmail.com', '@');
+---------------+------------------------------+
| abc@gmail.com | instr('a@bc@gmail.com', '@') |
+---------------+------------------------------+
| abc@gmail.com |                            2 |
+---------------+------------------------------+
1 row in set (0.00 sec)

mysql> select 'saleel', replace('saleel', 'e', 'E');
+--------+-----------------------------+
| saleel | replace('saleel', 'e', 'E') |
+--------+-----------------------------+
| saleel | salEEl                      |
+--------+-----------------------------+
1 row in set (0.00 sec)

mysql> select ename from emp;
+----------+
| ename    |
+----------+
| GITA     |
| VRUSHALI |
| SHARMIN  |
| BANDISH  |
| SMITH    |
| AARAV    |
| THOMAS   |
| ALLEN    |
| WARD     |
| JONES    |
| MARTIN   |
| BLAKE    |
| CLARK    |
| SCOTT    |
| KING     |
| FRED     |
| TURNER   |
| ADAMS    |
| JAMES    |
| FORD     |
| HOFFMAN  |
| GRASS    |
| MILLER   |
| AARUSH   |
| ALEX     |
| NATASHA  |
| SANGITA  |
| SUPRIYA  |
+----------+
28 rows in set (0.00 sec)

mysql> select ename, replace(ename, 'A', '1234') from emp;
+----------+-----------------------------+
| ename    | replace(ename, 'A', '1234') |
+----------+-----------------------------+
| GITA     | GIT1234                     |
| VRUSHALI | VRUSH1234LI                 |
| SHARMIN  | SH1234RMIN                  |
| BANDISH  | B1234NDISH                  |
| SMITH    | SMITH                       |
| AARAV    | 12341234R1234V              |
| THOMAS   | THOM1234S                   |
| ALLEN    | 1234LLEN                    |
| WARD     | W1234RD                     |
| JONES    | JONES                       |
| MARTIN   | M1234RTIN                   |
| BLAKE    | BL1234KE                    |
| CLARK    | CL1234RK                    |
| SCOTT    | SCOTT                       |
| KING     | KING                        |
| FRED     | FRED                        |
| TURNER   | TURNER                      |
| ADAMS    | 1234D1234MS                 |
| JAMES    | J1234MES                    |
| FORD     | FORD                        |
| HOFFMAN  | HOFFM1234N                  |
| GRASS    | GR1234SS                    |
| MILLER   | MILLER                      |
| AARUSH   | 12341234RUSH                |
| ALEX     | 1234LEX                     |
| NATASHA  | N1234T1234SH1234            |
| SANGITA  | S1234NGIT1234               |
| SUPRIYA  | SUPRIY1234                  |
+----------+-----------------------------+
28 rows in set (0.00 sec)

mysql> select ename, replace(ename, 'A', '  ') from emp;
+----------+---------------------------+
| ename    | replace(ename, 'A', '  ') |
+----------+---------------------------+
| GITA     | GIT                       |
| VRUSHALI | VRUSH  LI                 |
| SHARMIN  | SH  RMIN                  |
| BANDISH  | B  NDISH                  |
| SMITH    | SMITH                     |
| AARAV    |     R  V                  |
| THOMAS   | THOM  S                   |
| ALLEN    |   LLEN                    |
| WARD     | W  RD                     |
| JONES    | JONES                     |
| MARTIN   | M  RTIN                   |
| BLAKE    | BL  KE                    |
| CLARK    | CL  RK                    |
| SCOTT    | SCOTT                     |
| KING     | KING                      |
| FRED     | FRED                      |
| TURNER   | TURNER                    |
| ADAMS    |   D  MS                   |
| JAMES    | J  MES                    |
| FORD     | FORD                      |
| HOFFMAN  | HOFFM  N                  |
| GRASS    | GR  SS                    |
| MILLER   | MILLER                    |
| AARUSH   |     RUSH                  |
| ALEX     |   LEX                     |
| NATASHA  | N  T  SH                  |
| SANGITA  | S  NGIT                   |
| SUPRIYA  | SUPRIY                    |
+----------+---------------------------+
28 rows in set (0.00 sec)

mysql> select ename, replace(ename, 'A', '-->') from emp;
+----------+----------------------------+
| ename    | replace(ename, 'A', '-->') |
+----------+----------------------------+
| GITA     | GIT-->                     |
| VRUSHALI | VRUSH-->LI                 |
| SHARMIN  | SH-->RMIN                  |
| BANDISH  | B-->NDISH                  |
| SMITH    | SMITH                      |
| AARAV    | -->-->R-->V                |
| THOMAS   | THOM-->S                   |
| ALLEN    | -->LLEN                    |
| WARD     | W-->RD                     |
| JONES    | JONES                      |
| MARTIN   | M-->RTIN                   |
| BLAKE    | BL-->KE                    |
| CLARK    | CL-->RK                    |
| SCOTT    | SCOTT                      |
| KING     | KING                       |
| FRED     | FRED                       |
| TURNER   | TURNER                     |
| ADAMS    | -->D-->MS                  |
| JAMES    | J-->MES                    |
| FORD     | FORD                       |
| HOFFMAN  | HOFFM-->N                  |
| GRASS    | GR-->SS                    |
| MILLER   | MILLER                     |
| AARUSH   | -->-->RUSH                 |
| ALEX     | -->LEX                     |
| NATASHA  | N-->T-->SH-->              |
| SANGITA  | S-->NGIT-->                |
| SUPRIYA  | SUPRIY-->                  |
+----------+----------------------------+
28 rows in set (0.00 sec)

mysql> select ename, replace(ename, 'A', '') from emp;
+----------+-------------------------+
| ename    | replace(ename, 'A', '') |
+----------+-------------------------+
| GITA     | GIT                     |
| VRUSHALI | VRUSHLI                 |
| SHARMIN  | SHRMIN                  |
| BANDISH  | BNDISH                  |
| SMITH    | SMITH                   |
| AARAV    | RV                      |
| THOMAS   | THOMS                   |
| ALLEN    | LLEN                    |
| WARD     | WRD                     |
| JONES    | JONES                   |
| MARTIN   | MRTIN                   |
| BLAKE    | BLKE                    |
| CLARK    | CLRK                    |
| SCOTT    | SCOTT                   |
| KING     | KING                    |
| FRED     | FRED                    |
| TURNER   | TURNER                  |
| ADAMS    | DMS                     |
| JAMES    | JMES                    |
| FORD     | FORD                    |
| HOFFMAN  | HOFFMN                  |
| GRASS    | GRSS                    |
| MILLER   | MILLER                  |
| AARUSH   | RUSH                    |
| ALEX     | LEX                     |
| NATASHA  | NTSH                    |
| SANGITA  | SNGIT                   |
| SUPRIYA  | SUPRIY                  |
+----------+-------------------------+
28 rows in set (0.00 sec)

mysql> select ename, replace(ename, 'A', ''), length(ename), length(replace(ename, 'A', '')) from emp;
+----------+-------------------------+---------------+---------------------------------+
| ename    | replace(ename, 'A', '') | length(ename) | length(replace(ename, 'A', '')) |
+----------+-------------------------+---------------+---------------------------------+
| GITA     | GIT                     |             4 |                               3 |
| VRUSHALI | VRUSHLI                 |             8 |                               7 |
| SHARMIN  | SHRMIN                  |             7 |                               6 |
| BANDISH  | BNDISH                  |             7 |                               6 |
| SMITH    | SMITH                   |             5 |                               5 |
| AARAV    | RV                      |             5 |                               2 |
| THOMAS   | THOMS                   |             6 |                               5 |
| ALLEN    | LLEN                    |             5 |                               4 |
| WARD     | WRD                     |             4 |                               3 |
| JONES    | JONES                   |             5 |                               5 |
| MARTIN   | MRTIN                   |             6 |                               5 |
| BLAKE    | BLKE                    |             5 |                               4 |
| CLARK    | CLRK                    |             5 |                               4 |
| SCOTT    | SCOTT                   |             5 |                               5 |
| KING     | KING                    |             4 |                               4 |
| FRED     | FRED                    |             4 |                               4 |
| TURNER   | TURNER                  |             6 |                               6 |
| ADAMS    | DMS                     |             5 |                               3 |
| JAMES    | JMES                    |             5 |                               4 |
| FORD     | FORD                    |             4 |                               4 |
| HOFFMAN  | HOFFMN                  |             7 |                               6 |
| GRASS    | GRSS                    |             5 |                               4 |
| MILLER   | MILLER                  |             6 |                               6 |
| AARUSH   | RUSH                    |             6 |                               4 |
| ALEX     | LEX                     |             4 |                               3 |
| NATASHA  | NTSH                    |             7 |                               4 |
| SANGITA  | SNGIT                   |             7 |                               5 |
| SUPRIYA  | SUPRIY                  |             7 |                               6 |
+----------+-------------------------+---------------+---------------------------------+
28 rows in set (0.00 sec)

mysql> select ename, replace(ename, 'A', ''), length(ename) R1, length(replace(ename, 'A', '')) R2 from emp;
+----------+-------------------------+------+------+
| ename    | replace(ename, 'A', '') | R1   | R2   |
+----------+-------------------------+------+------+
| GITA     | GIT                     |    4 |    3 |
| VRUSHALI | VRUSHLI                 |    8 |    7 |
| SHARMIN  | SHRMIN                  |    7 |    6 |
| BANDISH  | BNDISH                  |    7 |    6 |
| SMITH    | SMITH                   |    5 |    5 |
| AARAV    | RV                      |    5 |    2 |
| THOMAS   | THOMS                   |    6 |    5 |
| ALLEN    | LLEN                    |    5 |    4 |
| WARD     | WRD                     |    4 |    3 |
| JONES    | JONES                   |    5 |    5 |
| MARTIN   | MRTIN                   |    6 |    5 |
| BLAKE    | BLKE                    |    5 |    4 |
| CLARK    | CLRK                    |    5 |    4 |
| SCOTT    | SCOTT                   |    5 |    5 |
| KING     | KING                    |    4 |    4 |
| FRED     | FRED                    |    4 |    4 |
| TURNER   | TURNER                  |    6 |    6 |
| ADAMS    | DMS                     |    5 |    3 |
| JAMES    | JMES                    |    5 |    4 |
| FORD     | FORD                    |    4 |    4 |
| HOFFMAN  | HOFFMN                  |    7 |    6 |
| GRASS    | GRSS                    |    5 |    4 |
| MILLER   | MILLER                  |    6 |    6 |
| AARUSH   | RUSH                    |    6 |    4 |
| ALEX     | LEX                     |    4 |    3 |
| NATASHA  | NTSH                    |    7 |    4 |
| SANGITA  | SNGIT                   |    7 |    5 |
| SUPRIYA  | SUPRIY                  |    7 |    6 |
+----------+-------------------------+------+------+
28 rows in set (0.00 sec)

mysql> select ename, replace(ename, 'A', ''), length(ename) - length(replace(ename, 'A', '')) R1 from emp;
+----------+-------------------------+------+
| ename    | replace(ename, 'A', '') | R1   |
+----------+-------------------------+------+
| GITA     | GIT                     |    1 |
| VRUSHALI | VRUSHLI                 |    1 |
| SHARMIN  | SHRMIN                  |    1 |
| BANDISH  | BNDISH                  |    1 |
| SMITH    | SMITH                   |    0 |
| AARAV    | RV                      |    3 |
| THOMAS   | THOMS                   |    1 |
| ALLEN    | LLEN                    |    1 |
| WARD     | WRD                     |    1 |
| JONES    | JONES                   |    0 |
| MARTIN   | MRTIN                   |    1 |
| BLAKE    | BLKE                    |    1 |
| CLARK    | CLRK                    |    1 |
| SCOTT    | SCOTT                   |    0 |
| KING     | KING                    |    0 |
| FRED     | FRED                    |    0 |
| TURNER   | TURNER                  |    0 |
| ADAMS    | DMS                     |    2 |
| JAMES    | JMES                    |    1 |
| FORD     | FORD                    |    0 |
| HOFFMAN  | HOFFMN                  |    1 |
| GRASS    | GRSS                    |    1 |
| MILLER   | MILLER                  |    0 |
| AARUSH   | RUSH                    |    2 |
| ALEX     | LEX                     |    1 |
| NATASHA  | NTSH                    |    3 |
| SANGITA  | SNGIT                   |    2 |
| SUPRIYA  | SUPRIY                  |    1 |
+----------+-------------------------+------+
28 rows in set (0.00 sec)

mysql>
mysql>
mysql> show tables;
+---------------------+
| Tables_in_db1       |
+---------------------+
| a                   |
| agent               |
| andor               |
| b                   |
| blanktablea         |
| blanktableb         |
| blog                |
| bonus               |
| books               |
| candidate           |
| client              |
| coalesce            |
| comments            |
| company             |
| customer            |
| customers           |
| demodept1           |
| demodept2           |
| dept                |
| dept1               |
| docs                |
| dummy               |
| duplicate           |
| emp                 |
| emp1                |
| emp2                |
| emp_attendance      |
| emp_cards           |
| emp_phone           |
| empj                |
| envelope            |
| food                |
| hobby               |
| item                |
| key_parts           |
| licence             |
| location            |
| mass_table          |
| menucard            |
| nearest             |
| new                 |
| newbooks            |
| nullif              |
| numberstring        |
| ord                 |
| orders              |
| plumber             |
| plumber_service_map |
| points              |
| price               |
| product             |
| products            |
| quarter_revenue     |
| r                   |
| r1                  |
| r2                  |
| races               |
| regexpr             |
| replacedept         |
| revenue             |
| runners             |
| sales               |
| sales_channel       |
| salespeople         |
| salesperson         |
| salgrade            |
| service             |
| seta                |
| setb                |
| softdrink           |
| sort                |
| stadium             |
| states              |
| station             |
| status              |
| stringnumber        |
| tablea              |
| tableaa             |
| tableb              |
| tablebb             |
| tasks               |
| temp1               |
| transactions        |
| vote_response       |
| votes               |
| warehouse           |
| z                   |
+---------------------+
87 rows in set (0.01 sec)

mysql> select * from vote_response;
+-------------+----------------------------------------------------------------------------------------------------------------------+
| candidateID | response                                                                                                             |
+-------------+----------------------------------------------------------------------------------------------------------------------+
|           3 | n,n,n,y,y,y,y,n,y,n,y,y,n,n,y,n,n,n,n,n,n,n,n,y,y,y,y,y,y,y,n,y,n,y,y,y,n,n,n,y,y,y,y,n,n,n,n,n,y                    |
|           1 | y,n,n,y,y,y,y,n,y,n,y,y,n,n,y,n,n,y,n,y,n,y,n,y,y,y,y,y,y,y,n,y,n,y,y,y,n,n,n,y,y,y,y,y,y,y,n,y,n,y,n,y,n,n,n,y,y,y,n|
|           2 | y,y,y,y,y,y,y,n,y,y,y,y,n,y,y,y,y,y,n,y,y,y,y,y,y,y,y,y,y,y,n,y,y,y,y,y,n,y,y,y,y,y,y,y,n,y,n                        |
|           4 | n,n,n,y,y,n,n,n,y,n,y,y,n,n,y,n,y,n,n,y,n,y,n,y,y,n,y,n,y,y,n,y,n,y,n,y,n,n,n,y,y,n,n                                |
+-------------+----------------------------------------------------------------------------------------------------------------------+
4 rows in set (0.04 sec)

mysql> show tables;
+---------------------+
| Tables_in_db1       |
+---------------------+
| a                   |
| agent               |
| andor               |
| b                   |
| blanktablea         |
| blanktableb         |
| blog                |
| bonus               |
| books               |
| candidate           |
| client              |
| coalesce            |
| comments            |
| company             |
| customer            |
| customers           |
| demodept1           |
| demodept2           |
| dept                |
| dept1               |
| docs                |
| dummy               |
| duplicate           |
| emp                 |
| emp1                |
| emp2                |
| emp_attendance      |
| emp_cards           |
| emp_phone           |
| empj                |
| envelope            |
| food                |
| hobby               |
| item                |
| key_parts           |
| licence             |
| location            |
| mass_table          |
| menucard            |
| nearest             |
| new                 |
| newbooks            |
| nullif              |
| numberstring        |
| ord                 |
| orders              |
| plumber             |
| plumber_service_map |
| points              |
| price               |
| product             |
| products            |
| quarter_revenue     |
| r                   |
| r1                  |
| r2                  |
| races               |
| regexpr             |
| replacedept         |
| revenue             |
| runners             |
| sales               |
| sales_channel       |
| salespeople         |
| salesperson         |
| salgrade            |
| service             |
| seta                |
| setb                |
| softdrink           |
| sort                |
| stadium             |
| states              |
| station             |
| status              |
| stringnumber        |
| tablea              |
| tableaa             |
| tableb              |
| tablebb             |
| tasks               |
| temp1               |
| transactions        |
| vote_response       |
| votes               |
| warehouse           |
| z                   |
+---------------------+
87 rows in set (0.00 sec)

mysql>
mysql>
mysql>
mysql> select * from emp_attendance;
+-------+-------------------------------------------------------------------------+
| empno | datePresent                                                             |
+-------+-------------------------------------------------------------------------+
|  7415 | 1,2,5,7,9,10,12,15                                                      |
|  7421 | 1,2,5,7,9,10,12,15,16,17,18,19                                          |
|  7782 | 1,2,5,7,9,10,12,15,18,29                                                |
|  7839 | 1,2,5,7,9,10,12,15,16,17,18,19                                          |
|  7934 | 1,2,5,7,9,10,12,15,16,17,20,21,22                                       |
|  6473 | 1,2,5,7,9,10,12,15                                                      |
|  6781 | 1,2,5,7,9,10,12,15,16,17,18,19                                          |
|  7369 | 1,2,3,4,5,7,9,10,12,15                                                  |
|  7566 | 1,2,3,5,7,8,9,10,11,12,15,16,17,18,19                                   |
|  7788 | 1,2,3,4,5,7,9,10,12,15,21,22,23,24,25,26,27                             |
|  7840 | NULL                                                                    |
|  7876 | 1,2,5,7,9,10,12,15,16,17,18,19                                          |
|  7902 | 1,2,5,7,9,10,12,15,16,17                                                |
|  6001 | 1,2,5,7,9,10,12,15                                                      |
|  7499 | 1,2,5,7,9,10,12,15,17,19,20                                             |
|  7521 | 1,2,5,7,9,10,12,15                                                      |
|  7654 | 1,2,3,4,5,7,9,10,12,15,21,22,23,24,25,26,27,28,29,30                    |
|  7698 | 1,2,5,7,9,10,12,15                                                      |
|  7844 | 1,2,5,7,9,10,12,15                                                      |
|  7900 | 1,2,5,7,9,10,12,15                                                      |
|  7919 | 1,2,3,4,5,7,9,10,12,15,21,22,23,24,25,26,27                             |
|  7920 | 1,2,3,4,5,6,7,8,9,10,12,15                                              |
|  7945 | 1,2,3,4,5,6,7,8,9,10,12,15,16,17,18,19,20,21,22,23,24,25,26,27,28,29,30 |
|  7949 | 1,2,3,4,5,6,7,8,9,10,12,15,16,17,18,19,20,21,22,23,24,25,26,27,28,29,30 |
|  8433 | 1,2,3,4,5,6,7,8,9,10,12,15,16,17,18,19,20,21,22,23,24,25,26,27,28,29,30 |
|  6129 | 1,2,3,4,5,6,7,8,9,10,12,15,16,17,18,19,20,21,22,23,24,25,26,27,28,29,30 |
|  9400 | 1,2,3,4,5,6,7,8,9,10,12,15,16,17,18,19,20,21,22,23,24,25,26,27,28,29,30 |
|  9473 | 1,2,3,4,5,6,7,8,9,10,12,15,16,17,18,19,20,21,22,23,24,25,26,27,28,29,30 |
+-------+-------------------------------------------------------------------------+
28 rows in set (0.04 sec)

mysql>
mysql>
mysql>
mysql>
mysql> select * from numberstring;
+---------------+
| c1            |
+---------------+
| 1saleel       |
| 34sharmin     |
| 56731vrushali |
| 6001GITA      |
| 6129VRUSHALI  |
| 6473SHARMIN   |
| 6781BANDISH   |
| 7369SMITH     |
| 7415AARAV     |
| 7421THOMAS    |
| 743ruhan      |
| 7499ALLEN     |
| 7521WARD      |
| 7566JONES     |
| 7654MARTIN    |
| 7657822ajay   |
| 7698BLAKE     |
| 7782CLARK     |
| 7788SCOTT     |
| 7839KING      |
| 7840FRED      |
| 7844TURNER    |
| 7876ADAMS     |
| 7900JAMES     |
| 7902FORD      |
| 7919HOFFMAN   |
| 7920GRASS     |
| 7934MILLER    |
| 7945AARUSH    |
| 7949ALEX      |
| 836379bandish |
| 8433NATASHA   |
| 9400SANGITA   |
| 9473SUPRIYA   |
+---------------+
34 rows in set (0.02 sec)

mysql> select '1a' / 1;
+----------+
| '1a' / 1 |
+----------+
|        1 |
+----------+
1 row in set, 1 warning (0.00 sec)

mysql> select 'a1' / 1;
+----------+
| 'a1' / 1 |
+----------+
|        0 |
+----------+
1 row in set, 1 warning (0.00 sec)

mysql> select c1, c1/1 from numberstring;
+---------------+---------+
| c1            | c1/1    |
+---------------+---------+
| 1saleel       |       1 |
| 34sharmin     |      34 |
| 56731vrushali |   56731 |
| 6001GITA      |    6001 |
| 6129VRUSHALI  |    6129 |
| 6473SHARMIN   |    6473 |
| 6781BANDISH   |    6781 |
| 7369SMITH     |    7369 |
| 7415AARAV     |    7415 |
| 7421THOMAS    |    7421 |
| 743ruhan      |     743 |
| 7499ALLEN     |    7499 |
| 7521WARD      |    7521 |
| 7566JONES     |    7566 |
| 7654MARTIN    |    7654 |
| 7657822ajay   | 7657822 |
| 7698BLAKE     |    7698 |
| 7782CLARK     |    7782 |
| 7788SCOTT     |    7788 |
| 7839KING      |    7839 |
| 7840FRED      |    7840 |
| 7844TURNER    |    7844 |
| 7876ADAMS     |    7876 |
| 7900JAMES     |    7900 |
| 7902FORD      |    7902 |
| 7919HOFFMAN   |    7919 |
| 7920GRASS     |    7920 |
| 7934MILLER    |    7934 |
| 7945AARUSH    |    7945 |
| 7949ALEX      |    7949 |
| 836379bandish |  836379 |
| 8433NATASHA   |    8433 |
| 9400SANGITA   |    9400 |
| 9473SUPRIYA   |    9473 |
+---------------+---------+
34 rows in set, 34 warnings (0.00 sec)

mysql>
mysql>
mysql>
mysql> select 'saleel', reverse('saleel');
+--------+-------------------+
| saleel | reverse('saleel') |
+--------+-------------------+
| saleel | leelas            |
+--------+-------------------+
1 row in set (0.00 sec)

mysql> select * from stringnumber;
+---------------+
| c1            |
+---------------+
| GITA6001      |
| VRUSHALI6129  |
| SHARMIN6473   |
| BANDISH6781   |
| SMITH7369     |
| AARAV7415     |
| THOMAS7421    |
| ALLEN7499     |
| WARD7521      |
| JONES7566     |
| MARTIN7654    |
| BLAKE7698     |
| CLARK7782     |
| SCOTT7788     |
| KING7839      |
| FRED7840      |
| TURNER7844    |
| ADAMS7876     |
| JAMES7900     |
| FORD7902      |
| HOFFMAN7919   |
| GRASS7920     |
| MILLER7934    |
| AARUSH7945    |
| ALEX7949      |
| NATASHA8433   |
| SANGITA9400   |
| SUPRIYA9473   |
| saleel1       |
| sharmin34     |
| ruhan743      |
| vrushali56731 |
| bandish836379 |
| ajay7657822   |
+---------------+
34 rows in set (0.02 sec)

mysql> select c1, reverse(c1) from stringnumber;
+---------------+---------------+
| c1            | reverse(c1)   |
+---------------+---------------+
| GITA6001      | 1006ATIG      |
| VRUSHALI6129  | 9216ILAHSURV  |
| SHARMIN6473   | 3746NIMRAHS   |
| BANDISH6781   | 1876HSIDNAB   |
| SMITH7369     | 9637HTIMS     |
| AARAV7415     | 5147VARAA     |
| THOMAS7421    | 1247SAMOHT    |
| ALLEN7499     | 9947NELLA     |
| WARD7521      | 1257DRAW      |
| JONES7566     | 6657SENOJ     |
| MARTIN7654    | 4567NITRAM    |
| BLAKE7698     | 8967EKALB     |
| CLARK7782     | 2877KRALC     |
| SCOTT7788     | 8877TTOCS     |
| KING7839      | 9387GNIK      |
| FRED7840      | 0487DERF      |
| TURNER7844    | 4487RENRUT    |
| ADAMS7876     | 6787SMADA     |
| JAMES7900     | 0097SEMAJ     |
| FORD7902      | 2097DROF      |
| HOFFMAN7919   | 9197NAMFFOH   |
| GRASS7920     | 0297SSARG     |
| MILLER7934    | 4397RELLIM    |
| AARUSH7945    | 5497HSURAA    |
| ALEX7949      | 9497XELA      |
| NATASHA8433   | 3348AHSATAN   |
| SANGITA9400   | 0049ATIGNAS   |
| SUPRIYA9473   | 3749AYIRPUS   |
| saleel1       | 1leelas       |
| sharmin34     | 43nimrahs     |
| ruhan743      | 347nahur      |
| vrushali56731 | 13765ilahsurv |
| bandish836379 | 973638hsidnab |
| ajay7657822   | 2287567yaja   |
+---------------+---------------+
34 rows in set (0.00 sec)

mysql> select c1, reverse(c1)/1 from stringnumber;
+---------------+---------------+
| c1            | reverse(c1)/1 |
+---------------+---------------+
| GITA6001      |          1006 |
| VRUSHALI6129  |          9216 |
| SHARMIN6473   |          3746 |
| BANDISH6781   |          1876 |
| SMITH7369     |          9637 |
| AARAV7415     |          5147 |
| THOMAS7421    |          1247 |
| ALLEN7499     |          9947 |
| WARD7521      |          1257 |
| JONES7566     |          6657 |
| MARTIN7654    |          4567 |
| BLAKE7698     |          8967 |
| CLARK7782     |          2877 |
| SCOTT7788     |          8877 |
| KING7839      |          9387 |
| FRED7840      |           487 |
| TURNER7844    |          4487 |
| ADAMS7876     |          6787 |
| JAMES7900     |            97 |
| FORD7902      |          2097 |
| HOFFMAN7919   |          9197 |
| GRASS7920     |           297 |
| MILLER7934    |          4397 |
| AARUSH7945    |          5497 |
| ALEX7949      |          9497 |
| NATASHA8433   |          3348 |
| SANGITA9400   |            49 |
| SUPRIYA9473   |          3749 |
| saleel1       |             1 |
| sharmin34     |            43 |
| ruhan743      |           347 |
| vrushali56731 |         13765 |
| bandish836379 |        973638 |
| ajay7657822   |       2287567 |
+---------------+---------------+
34 rows in set, 34 warnings (0.00 sec)

mysql> select c1, reverse(reverse(c1)/1) from stringnumber;
+---------------+------------------------+
| c1            | reverse(reverse(c1)/1) |
+---------------+------------------------+
| GITA6001      | 6001                   |
| VRUSHALI6129  | 6129                   |
| SHARMIN6473   | 6473                   |
| BANDISH6781   | 6781                   |
| SMITH7369     | 7369                   |
| AARAV7415     | 7415                   |
| THOMAS7421    | 7421                   |
| ALLEN7499     | 7499                   |
| WARD7521      | 7521                   |
| JONES7566     | 7566                   |
| MARTIN7654    | 7654                   |
| BLAKE7698     | 7698                   |
| CLARK7782     | 7782                   |
| SCOTT7788     | 7788                   |
| KING7839      | 7839                   |
| FRED7840      | 784                    |
| TURNER7844    | 7844                   |
| ADAMS7876     | 7876                   |
| JAMES7900     | 79                     |
| FORD7902      | 7902                   |
| HOFFMAN7919   | 7919                   |
| GRASS7920     | 792                    |
| MILLER7934    | 7934                   |
| AARUSH7945    | 7945                   |
| ALEX7949      | 7949                   |
| NATASHA8433   | 8433                   |
| SANGITA9400   | 94                     |
| SUPRIYA9473   | 9473                   |
| saleel1       | 1                      |
| sharmin34     | 34                     |
| ruhan743      | 743                    |
| vrushali56731 | 56731                  |
| bandish836379 | 836379                 |
| ajay7657822   | 7657822                |
+---------------+------------------------+
34 rows in set, 34 warnings (0.00 sec)

mysql> select 1234.45 , round(1234.45) R1;
+---------+------+
| 1234.45 | R1   |
+---------+------+
| 1234.45 | 1234 |
+---------+------+
1 row in set (0.00 sec)

mysql> select 1234.45 , round(1234.45,1) R1;
+---------+--------+
| 1234.45 | R1     |
+---------+--------+
| 1234.45 | 1234.5 |
+---------+--------+
1 row in set (0.00 sec)

mysql> select 1234.4567 , round(1234.4567, 2) R1;
+-----------+---------+
| 1234.4567 | R1      |
+-----------+---------+
| 1234.4567 | 1234.46 |
+-----------+---------+
1 row in set (0.00 sec)

mysql> select 1234.4517 , round(1234.4517, 2) R1;
+-----------+---------+
| 1234.4517 | R1      |
+-----------+---------+
| 1234.4517 | 1234.45 |
+-----------+---------+
1 row in set (0.00 sec)

mysql> select 1234.45 , round(1234.45, 1) R1;
+---------+--------+
| 1234.45 | R1     |
+---------+--------+
| 1234.45 | 1234.5 |
+---------+--------+
1 row in set (0.00 sec)

mysql> select 1234.44 , round(1234.44, 1) R1;
+---------+--------+
| 1234.44 | R1     |
+---------+--------+
| 1234.44 | 1234.4 |
+---------+--------+
1 row in set (0.00 sec)

mysql> select 1234.44 , round(1234.44, 1) R1, ceil(1234.44);
+---------+--------+---------------+
| 1234.44 | R1     | ceil(1234.44) |
+---------+--------+---------------+
| 1234.44 | 1234.4 |          1235 |
+---------+--------+---------------+
1 row in set (0.00 sec)

mysql> select 1234.44 , round(1234.44, 1) R1, ceil(1234.44), floor(1234.88);
+---------+--------+---------------+----------------+
| 1234.44 | R1     | ceil(1234.44) | floor(1234.88) |
+---------+--------+---------------+----------------+
| 1234.44 | 1234.4 |          1235 |           1234 |
+---------+--------+---------------+----------------+
1 row in set (0.00 sec)

mysql> select 1234.56 , round(1234.56, -1) R1
    -> ;
+---------+------+
| 1234.56 | R1   |
+---------+------+
| 1234.56 | 1230 |
+---------+------+
1 row in set (0.00 sec)

mysql> select 1234.56 , round(1235.56, -1) R1;
+---------+------+
| 1234.56 | R1   |
+---------+------+
| 1234.56 | 1240 |
+---------+------+
1 row in set (0.00 sec)

mysql> select rand();
+--------------------+
| rand()             |
+--------------------+
| 0.0568960691400767 |
+--------------------+
1 row in set (0.00 sec)

mysql> select rand();
+--------------------+
| rand()             |
+--------------------+
| 0.6482707016619581 |
+--------------------+
1 row in set (0.00 sec)

mysql> select rand();
+---------------------+
| rand()              |
+---------------------+
| 0.07066533162320529 |
+---------------------+
1 row in set (0.00 sec)

mysql> select floor(rand());
+---------------+
| floor(rand()) |
+---------------+
|             0 |
+---------------+
1 row in set (0.00 sec)

mysql> select floor(rand());
+---------------+
| floor(rand()) |
+---------------+
|             0 |
+---------------+
1 row in set (0.00 sec)

mysql> select floor(rand());
+---------------+
| floor(rand()) |
+---------------+
|             0 |
+---------------+
1 row in set (0.00 sec)

mysql> select rand() * 10;
+-------------------+
| rand() * 10       |
+-------------------+
| 1.449744404712454 |
+-------------------+
1 row in set (0.00 sec)

mysql> select rand() * 10;
+-------------------+
| rand() * 10       |
+-------------------+
| 9.428490679178843 |
+-------------------+
1 row in set (0.00 sec)

mysql> select rand() * 10;
+-------------------+
| rand() * 10       |
+-------------------+
| 2.793220489093308 |
+-------------------+
1 row in set (0.00 sec)

mysql> select floor(rand() * 10);
+--------------------+
| floor(rand() * 10) |
+--------------------+
|                  5 |
+--------------------+
1 row in set (0.00 sec)

mysql> select floor(rand() * 10);
+--------------------+
| floor(rand() * 10) |
+--------------------+
|                  0 |
+--------------------+
1 row in set (0.00 sec)

mysql> select floor(rand() * 10);
+--------------------+
| floor(rand() * 10) |
+--------------------+
|                  3 |
+--------------------+
1 row in set (0.00 sec)

mysql> select floor(rand() * 10);
+--------------------+
| floor(rand() * 10) |
+--------------------+
|                  5 |
+--------------------+
1 row in set (0.00 sec)

mysql> select floor(rand() * 10);
+--------------------+
| floor(rand() * 10) |
+--------------------+
|                  7 |
+--------------------+
1 row in set (0.00 sec)

mysql> select floor(rand() * 10);
+--------------------+
| floor(rand() * 10) |
+--------------------+
|                  0 |
+--------------------+
1 row in set (0.00 sec)

mysql> select floor(rand() * 10);
+--------------------+
| floor(rand() * 10) |
+--------------------+
|                  1 |
+--------------------+
1 row in set (0.00 sec)

mysql> select floor(rand() * 10);
+--------------------+
| floor(rand() * 10) |
+--------------------+
|                  4 |
+--------------------+
1 row in set (0.00 sec)

mysql> select * from dept;
+--------+------------+----------+------------+------------+
| DEPTNO | DNAME      | LOC      | PWD        | STARTEDON  |
+--------+------------+----------+------------+------------+
|     10 | ACCOUNTING | NEW YORK | r50mpm     | 24/03/1989 |
|     20 | RESEARCH   | DALLAS   | a12recmpm  | 12/04/1989 |
|     30 | SALES      | CHICAGO  | sales@2017 | 13/04/1989 |
|     40 | OPERATIONS | BOSTON   | opr@123    | 12/07/1989 |
|     50 | HR         | PUNE     | PUN@8877   | 22/12/1989 |
+--------+------------+----------+------------+------------+
5 rows in set (0.04 sec)

mysql> table dept;
+--------+------------+----------+------------+------------+
| DEPTNO | DNAME      | LOC      | PWD        | STARTEDON  |
+--------+------------+----------+------------+------------+
|     10 | ACCOUNTING | NEW YORK | r50mpm     | 24/03/1989 |
|     20 | RESEARCH   | DALLAS   | a12recmpm  | 12/04/1989 |
|     30 | SALES      | CHICAGO  | sales@2017 | 13/04/1989 |
|     40 | OPERATIONS | BOSTON   | opr@123    | 12/07/1989 |
|     50 | HR         | PUNE     | PUN@8877   | 22/12/1989 |
+--------+------------+----------+------------+------------+
5 rows in set (0.00 sec)

mysql> select * from dept;
+--------+------------+----------+------------+------------+
| DEPTNO | DNAME      | LOC      | PWD        | STARTEDON  |
+--------+------------+----------+------------+------------+
|     10 | ACCOUNTING | NEW YORK | r50mpm     | 24/03/1989 |
|     20 | RESEARCH   | DALLAS   | a12recmpm  | 12/04/1989 |
|     30 | SALES      | CHICAGO  | sales@2017 | 13/04/1989 |
|     40 | OPERATIONS | BOSTON   | opr@123    | 12/07/1989 |
|     50 | HR         | PUNE     | PUN@8877   | 22/12/1989 |
+--------+------------+----------+------------+------------+
5 rows in set (0.00 sec)

mysql> select all * from dept;
+--------+------------+----------+------------+------------+
| DEPTNO | DNAME      | LOC      | PWD        | STARTEDON  |
+--------+------------+----------+------------+------------+
|     10 | ACCOUNTING | NEW YORK | r50mpm     | 24/03/1989 |
|     20 | RESEARCH   | DALLAS   | a12recmpm  | 12/04/1989 |
|     30 | SALES      | CHICAGO  | sales@2017 | 13/04/1989 |
|     40 | OPERATIONS | BOSTON   | opr@123    | 12/07/1989 |
|     50 | HR         | PUNE     | PUN@8877   | 22/12/1989 |
+--------+------------+----------+------------+------------+
5 rows in set (0.00 sec)

mysql> select job from emp;
+---------------------+
| job                 |
+---------------------+
| Compliance officers |
| Compliance officers |
| Public Relation     |
| Public Relation     |
| CLERK               |
| CLERK               |
| CLERK               |
| SALESMAN            |
| SALESMAN            |
| MANAGER             |
| SALESMAN            |
| MANAGER             |
| MANAGER             |
| ANALYST             |
| PRESIDENT           |
| vice PRESIDENT      |
| SALESMAN            |
| CLERK               |
| CLERK               |
| ANALYST             |
| MANAGER             |
| SALESMAN            |
| CLERK               |
| SALESMAN            |
| MANAGER             |
| CLERK               |
| Compliance officers |
| ANALYST             |
+---------------------+
28 rows in set (0.00 sec)

mysql> select all job from emp;
+---------------------+
| job                 |
+---------------------+
| Compliance officers |
| Compliance officers |
| Public Relation     |
| Public Relation     |
| CLERK               |
| CLERK               |
| CLERK               |
| SALESMAN            |
| SALESMAN            |
| MANAGER             |
| SALESMAN            |
| MANAGER             |
| MANAGER             |
| ANALYST             |
| PRESIDENT           |
| vice PRESIDENT      |
| SALESMAN            |
| CLERK               |
| CLERK               |
| ANALYST             |
| MANAGER             |
| SALESMAN            |
| CLERK               |
| SALESMAN            |
| MANAGER             |
| CLERK               |
| Compliance officers |
| ANALYST             |
+---------------------+
28 rows in set (0.00 sec)

mysql> select distinct job from emp;
+---------------------+
| job                 |
+---------------------+
| Compliance officers |
| Public Relation     |
| CLERK               |
| SALESMAN            |
| MANAGER             |
| ANALYST             |
| PRESIDENT           |
| vice PRESIDENT      |
+---------------------+
8 rows in set (0.00 sec)

mysql> select * from duplicate;
+--------+------------+---------+----------+
| DEPTNO | DNAME      | LOC     | WALLETID |
+--------+------------+---------+----------+
|     10 | SALES      | PUNE    |        1 |
|     20 | PURCHASE   | BARODA  |        2 |
|     10 | SALES      | PUNE    |        1 |
|     30 | ACCOUNTS   | SURAT   |        3 |
|     40 | HR         | ANAND   |        4 |
|     30 | ACCOUNTS   | SURAT   |        3 |
|     50 | ADMIN      | MUMBAI  |        5 |
|     60 | RND        | DELHI   |        6 |
|     50 | ADMIN      | MUMBAI  |        5 |
|     70 | OPERATIONS | BHARUCH |        7 |
|     10 | SALES      | PUNE    |        1 |
|     20 | PURCHASE   | BARODA  |        2 |
|     10 | SALES      | PUNE    |        1 |
|     30 | ACCOUNTS   | SURAT   |        3 |
|     40 | HR         | ANAND   |        4 |
|     30 | ACCOUNTS   | SURAT   |        3 |
|     50 | ADMIN      | MUMBAI  |        5 |
|     60 | RND        | DELHI   |        6 |
|     50 | ADMIN      | MUMBAI  |        5 |
|     70 | OPERATIONS | BHARUCH |        7 |
|     10 | SALES      | PUNE    |        1 |
|     20 | PURCHASE   | BARODA  |        2 |
|     10 | SALES      | PUNE    |        1 |
|     30 | ACCOUNTS   | SURAT   |        3 |
|     40 | HR         | ANAND   |        4 |
|     30 | ACCOUNTS   | SURAT   |        3 |
|     50 | ADMIN      | MUMBAI  |        5 |
|     60 | RND        | DELHI   |        6 |
|     50 | ADMIN      | MUMBAI  |        5 |
|     70 | OPERATIONS | BHARUCH |        7 |
|     10 | SALES      | PUNE    |        1 |
|     20 | PURCHASE   | BARODA  |        2 |
+--------+------------+---------+----------+
32 rows in set (0.04 sec)

mysql> select distinct * from duplicate;
+--------+------------+---------+----------+
| DEPTNO | DNAME      | LOC     | WALLETID |
+--------+------------+---------+----------+
|     10 | SALES      | PUNE    |        1 |
|     20 | PURCHASE   | BARODA  |        2 |
|     30 | ACCOUNTS   | SURAT   |        3 |
|     40 | HR         | ANAND   |        4 |
|     50 | ADMIN      | MUMBAI  |        5 |
|     60 | RND        | DELHI   |        6 |
|     70 | OPERATIONS | BHARUCH |        7 |
+--------+------------+---------+----------+
7 rows in set (0.00 sec)

mysql> select * from emp;
+-------+----------+--------+---------------------+------+------------+------+------+--------+---------+--------------+------------+------------+----------+
| EMPNO | ENAME    | GENDER | JOB                 | MGR  | HIREDATE   | SAL  | COMM | DEPTNO | BONUSID | USER NAME    | PWD        | PHONE      | isActive |
+-------+----------+--------+---------------------+------+------------+------+------+--------+---------+--------------+------------+------------+----------+
|  6001 | GITA     | F      | Compliance officers | 7920 | 1981-07-19 | 1750 | NULL |     30 |       1 | GITA         | sales@2017 | NULL       |        1 |
|  6129 | VRUSHALI | F      | Compliance officers | 7920 | 1981-07-19 | 1750 | NULL |     50 |       1 | VRUSHALI     | PUN@8877   | NULL       |        1 |
|  6473 | SHARMIN  | F      | Public Relation     | 7920 | 1981-07-19 | 1750 | NULL |     20 |       1 | SHARMIN      | a12recmpm  | NULL       |        1 |
|  6781 | BANDISH  | F      | Public Relation     | 7920 | 1981-07-19 | 1750 | NULL |     20 |       1 | BANDISH      | a12recmpm  | NULL       |        1 |
|  7369 | SMITH    | M      | CLERK               | 7902 | 1980-12-17 |  800 | NULL |     20 |       2 | TRITONE      | a12recmpm  | 7032300023 |        0 |
|  7415 | AARAV    | M      | CLERK               | 7902 | 1981-12-31 | 3350 | NULL |     10 |    NULL | AARAV        | NULL       | 7032300084 |        0 |
|  7421 | THOMAS   | M      | CLERK               | 7920 | 1981-07-19 | 1750 | NULL |     10 |       1 | THOMAS       | r50mpm     | 7032300011 |        0 |
|  7499 | ALLEN    | M      | SALESMAN            | 7698 | 1981-02-20 | 1600 |  300 |     30 |       4 | ALWAYS TESTE | sales@2017 | 7032300096 |        1 |
|  7521 | WARD     | M      | SALESMAN            | 7698 | 1981-02-22 | 1250 |  500 |     30 |       1 | WARD         | sales@2017 | 7132300034 |        1 |
|  7566 | JONES    | M      | MANAGER             | 7839 | 1981-04-02 | 2975 | NULL |     20 |       4 | HONEYCOMB    | a12recmpm  | 7132300039 |        1 |
|  7654 | MARTIN   | M      | SALESMAN            | 7698 | 1981-09-28 | 1250 | 1400 |     30 |       6 | LIFE RACER   | sales@2017 | 7132300050 |        1 |
|  7698 | BLAKE    | M      | MANAGER             | 7839 | 1981-05-01 | 2850 | NULL |     30 |       1 | BIG BEN      | sales@2017 | 7132300027 |        1 |
|  7782 | CLARK    | M      | MANAGER             | 7839 | 1981-06-09 | 2450 | NULL |     10 |       3 | CLARK        | r50mpm     | 7032300001 |        1 |
|  7788 | SCOTT    | M      | ANALYST             | 7566 | 1982-12-09 | 3000 | NULL |     20 |       3 | WHITE SAND   | a12recmpm  | NULL       |        1 |
|  7839 | KING     | M      | PRESIDENT           | NULL | 1981-11-17 | 5000 | NULL |     10 |       1 | KING         | r50mpm     | 7132300081 |        1 |
|  7840 | FRED     | M      | vice PRESIDENT      | 7839 | 1983-08-09 | 5000 | NULL |     20 |       1 | SAND STONE   | a12recmpm  | NULL       |        1 |
|  7844 | TURNER   | M      | SALESMAN            | 7698 | 1981-09-08 | 1500 |    0 |     30 |       5 | SAND DUST    | sales@2017 | NULL       |        1 |
|  7876 | ADAMS    | M      | CLERK               | 7788 | 1983-01-12 | 1100 | NULL |     20 |       1 | CRAZY ANYONE | a12recmpm  | 7132300086 |        1 |
|  7900 | JAMES    | M      | CLERK               | 7698 | 1981-12-03 |  950 | NULL |     30 |       2 | CRAZY LEADER | sales@2017 | 7132300042 |        1 |
|  7902 | FORD     | M      | ANALYST             | 7566 | 1981-12-03 | 3000 | NULL |     20 |       4 | CONBRIO      | a12recmpm  | NULL       |        0 |
|  7919 | HOFFMAN  | M      | MANAGER             | 7566 | 1982-03-24 | 4150 | NULL |     30 |       3 | INTERVAL     | sales@2017 | NULL       |        1 |
|  7920 | GRASS    | M      | SALESMAN            | 7919 | 1980-02-14 | 2575 | 2700 |     30 |       5 | GRASS        | sales@2017 | NULL       |        1 |
|  7934 | MILLER   | M      | CLERK               | 7782 | 1982-01-23 | 1300 | NULL |     10 |       2 | QUARTERNOTE  | r50mpm     | 7132300055 |        0 |
|  7945 | AARUSH   | M      | SALESMAN            | 7902 | 1980-02-14 | 1350 | 2700 |     30 |    NULL | AARUSH       | ABCDEF     | NULL       |        0 |
|  7949 | ALEX     | M      | MANAGER             | 7698 | 1982-01-24 | 1250 |  500 |     30 |       5 | QUARTERREST  | sales@2017 | 7156567183 |        1 |
|  8433 | NATASHA  | F      | CLERK               | 7920 | 1981-07-19 | 1750 | NULL |     30 |       1 | NATASHA      | sales@2017 | NULL       |        1 |
|  9400 | SANGITA  | F      | Compliance officers | 7920 | 1981-07-19 | 1750 | NULL |     50 |       1 | SANGITA      | NULL       | NULL       |        1 |
|  9473 | SUPRIYA  | F      | ANALYST             | 7920 | 1981-07-19 | 1750 | NULL |     50 |       1 | SUPRIYA      | XYZ@1234   | NULL       |        1 |
+-------+----------+--------+---------------------+------+------------+------+------+--------+---------+--------------+------------+------------+----------+
28 rows in set (0.00 sec)

mysql> select ename, job, sa; from emp;
ERROR 1054 (42S22): Unknown column 'ename' in 'field list'
ERROR 1064 (42000): You have an error in your SQL syntax; check the manual that corresponds to your MySQL server version for the right syntax to use near 'from emp' at line 1
mysql> select ename, job, sal from emp;
+----------+---------------------+------+
| ename    | job                 | sal  |
+----------+---------------------+------+
| GITA     | Compliance officers | 1750 |
| VRUSHALI | Compliance officers | 1750 |
| SHARMIN  | Public Relation     | 1750 |
| BANDISH  | Public Relation     | 1750 |
| SMITH    | CLERK               |  800 |
| AARAV    | CLERK               | 3350 |
| THOMAS   | CLERK               | 1750 |
| ALLEN    | SALESMAN            | 1600 |
| WARD     | SALESMAN            | 1250 |
| JONES    | MANAGER             | 2975 |
| MARTIN   | SALESMAN            | 1250 |
| BLAKE    | MANAGER             | 2850 |
| CLARK    | MANAGER             | 2450 |
| SCOTT    | ANALYST             | 3000 |
| KING     | PRESIDENT           | 5000 |
| FRED     | vice PRESIDENT      | 5000 |
| TURNER   | SALESMAN            | 1500 |
| ADAMS    | CLERK               | 1100 |
| JAMES    | CLERK               |  950 |
| FORD     | ANALYST             | 3000 |
| HOFFMAN  | MANAGER             | 4150 |
| GRASS    | SALESMAN            | 2575 |
| MILLER   | CLERK               | 1300 |
| AARUSH   | SALESMAN            | 1350 |
| ALEX     | MANAGER             | 1250 |
| NATASHA  | CLERK               | 1750 |
| SANGITA  | Compliance officers | 1750 |
| SUPRIYA  | ANALYST             | 1750 |
+----------+---------------------+------+
28 rows in set (0.00 sec)

mysql> select ename, job, sal from emp limit 4;
+----------+---------------------+------+
| ename    | job                 | sal  |
+----------+---------------------+------+
| GITA     | Compliance officers | 1750 |
| VRUSHALI | Compliance officers | 1750 |
| SHARMIN  | Public Relation     | 1750 |
| BANDISH  | Public Relation     | 1750 |
+----------+---------------------+------+
4 rows in set (0.00 sec)

mysql> select ename, job, sal from emp limit 4, 4
    -> ;
+--------+----------+------+
| ename  | job      | sal  |
+--------+----------+------+
| SMITH  | CLERK    |  800 |
| AARAV  | CLERK    | 3350 |
| THOMAS | CLERK    | 1750 |
| ALLEN  | SALESMAN | 1600 |
+--------+----------+------+
4 rows in set (0.00 sec)

mysql> select ename, job, sal from emp limit (4, 4);
ERROR 1064 (42000): You have an error in your SQL syntax; check the manual that corresponds to your MySQL server version for the right syntax to use near '(4, 4)' at line 1
mysql> select ename, job, sal from emp limit 4, 4;
+--------+----------+------+
| ename  | job      | sal  |
+--------+----------+------+
| SMITH  | CLERK    |  800 |
| AARAV  | CLERK    | 3350 |
| THOMAS | CLERK    | 1750 |
| ALLEN  | SALESMAN | 1600 |
+--------+----------+------+
4 rows in set (0.00 sec)

mysql> select ename, job, sal from emp limit -1;
ERROR 1064 (42000): You have an error in your SQL syntax; check the manual that corresponds to your MySQL server version for the right syntax to use near '-1' at line 1
mysql> select ename, job, sal from emp limit 1;
+-------+---------------------+------+
| ename | job                 | sal  |
+-------+---------------------+------+
| GITA  | Compliance officers | 1750 |
+-------+---------------------+------+
1 row in set (0.00 sec)

mysql> select ename, job, sal from emp limit 2;
+----------+---------------------+------+
| ename    | job                 | sal  |
+----------+---------------------+------+
| GITA     | Compliance officers | 1750 |
| VRUSHALI | Compliance officers | 1750 |
+----------+---------------------+------+
2 rows in set (0.00 sec)

mysql> select ename, job, sal from emp limit 1,1;
+----------+---------------------+------+
| ename    | job                 | sal  |
+----------+---------------------+------+
| VRUSHALI | Compliance officers | 1750 |
+----------+---------------------+------+
1 row in set (0.00 sec)

mysql> set @x := 2;
Query OK, 0 rows affected (0.00 sec)

mysql> select ename, job, sal from emp limit @x;
ERROR 1064 (42000): You have an error in your SQL syntax; check the manual that corresponds to your MySQL server version for the right syntax to use near '@x' at line 1
mysql> select ename, job, sal from emp;
+----------+---------------------+------+
| ename    | job                 | sal  |
+----------+---------------------+------+
| GITA     | Compliance officers | 1750 |
| VRUSHALI | Compliance officers | 1750 |
| SHARMIN  | Public Relation     | 1750 |
| BANDISH  | Public Relation     | 1750 |
| SMITH    | CLERK               |  800 |
| AARAV    | CLERK               | 3350 |
| THOMAS   | CLERK               | 1750 |
| ALLEN    | SALESMAN            | 1600 |
| WARD     | SALESMAN            | 1250 |
| JONES    | MANAGER             | 2975 |
| MARTIN   | SALESMAN            | 1250 |
| BLAKE    | MANAGER             | 2850 |
| CLARK    | MANAGER             | 2450 |
| SCOTT    | ANALYST             | 3000 |
| KING     | PRESIDENT           | 5000 |
| FRED     | vice PRESIDENT      | 5000 |
| TURNER   | SALESMAN            | 1500 |
| ADAMS    | CLERK               | 1100 |
| JAMES    | CLERK               |  950 |
| FORD     | ANALYST             | 3000 |
| HOFFMAN  | MANAGER             | 4150 |
| GRASS    | SALESMAN            | 2575 |
| MILLER   | CLERK               | 1300 |
| AARUSH   | SALESMAN            | 1350 |
| ALEX     | MANAGER             | 1250 |
| NATASHA  | CLERK               | 1750 |
| SANGITA  | Compliance officers | 1750 |
| SUPRIYA  | ANALYST             | 1750 |
+----------+---------------------+------+
28 rows in set (0.00 sec)

mysql> select ename, job, sal from emp order by ename;
+----------+---------------------+------+
| ename    | job                 | sal  |
+----------+---------------------+------+
| AARAV    | CLERK               | 3350 |
| AARUSH   | SALESMAN            | 1350 |
| ADAMS    | CLERK               | 1100 |
| ALEX     | MANAGER             | 1250 |
| ALLEN    | SALESMAN            | 1600 |
| BANDISH  | Public Relation     | 1750 |
| BLAKE    | MANAGER             | 2850 |
| CLARK    | MANAGER             | 2450 |
| FORD     | ANALYST             | 3000 |
| FRED     | vice PRESIDENT      | 5000 |
| GITA     | Compliance officers | 1750 |
| GRASS    | SALESMAN            | 2575 |
| HOFFMAN  | MANAGER             | 4150 |
| JAMES    | CLERK               |  950 |
| JONES    | MANAGER             | 2975 |
| KING     | PRESIDENT           | 5000 |
| MARTIN   | SALESMAN            | 1250 |
| MILLER   | CLERK               | 1300 |
| NATASHA  | CLERK               | 1750 |
| SANGITA  | Compliance officers | 1750 |
| SCOTT    | ANALYST             | 3000 |
| SHARMIN  | Public Relation     | 1750 |
| SMITH    | CLERK               |  800 |
| SUPRIYA  | ANALYST             | 1750 |
| THOMAS   | CLERK               | 1750 |
| TURNER   | SALESMAN            | 1500 |
| VRUSHALI | Compliance officers | 1750 |
| WARD     | SALESMAN            | 1250 |
+----------+---------------------+------+
28 rows in set (0.00 sec)

mysql> select ename, job, sal from emp order by ename desc;
+----------+---------------------+------+
| ename    | job                 | sal  |
+----------+---------------------+------+
| WARD     | SALESMAN            | 1250 |
| VRUSHALI | Compliance officers | 1750 |
| TURNER   | SALESMAN            | 1500 |
| THOMAS   | CLERK               | 1750 |
| SUPRIYA  | ANALYST             | 1750 |
| SMITH    | CLERK               |  800 |
| SHARMIN  | Public Relation     | 1750 |
| SCOTT    | ANALYST             | 3000 |
| SANGITA  | Compliance officers | 1750 |
| NATASHA  | CLERK               | 1750 |
| MILLER   | CLERK               | 1300 |
| MARTIN   | SALESMAN            | 1250 |
| KING     | PRESIDENT           | 5000 |
| JONES    | MANAGER             | 2975 |
| JAMES    | CLERK               |  950 |
| HOFFMAN  | MANAGER             | 4150 |
| GRASS    | SALESMAN            | 2575 |
| GITA     | Compliance officers | 1750 |
| FRED     | vice PRESIDENT      | 5000 |
| FORD     | ANALYST             | 3000 |
| CLARK    | MANAGER             | 2450 |
| BLAKE    | MANAGER             | 2850 |
| BANDISH  | Public Relation     | 1750 |
| ALLEN    | SALESMAN            | 1600 |
| ALEX     | MANAGER             | 1250 |
| ADAMS    | CLERK               | 1100 |
| AARUSH   | SALESMAN            | 1350 |
| AARAV    | CLERK               | 3350 |
+----------+---------------------+------+
28 rows in set (0.00 sec)

mysql> select ename, job,hiredate,sal from emp order by hiredate;
+----------+---------------------+------------+------+
| ename    | job                 | hiredate   | sal  |
+----------+---------------------+------------+------+
| GRASS    | SALESMAN            | 1980-02-14 | 2575 |
| AARUSH   | SALESMAN            | 1980-02-14 | 1350 |
| SMITH    | CLERK               | 1980-12-17 |  800 |
| ALLEN    | SALESMAN            | 1981-02-20 | 1600 |
| WARD     | SALESMAN            | 1981-02-22 | 1250 |
| JONES    | MANAGER             | 1981-04-02 | 2975 |
| BLAKE    | MANAGER             | 1981-05-01 | 2850 |
| CLARK    | MANAGER             | 1981-06-09 | 2450 |
| GITA     | Compliance officers | 1981-07-19 | 1750 |
| VRUSHALI | Compliance officers | 1981-07-19 | 1750 |
| SHARMIN  | Public Relation     | 1981-07-19 | 1750 |
| BANDISH  | Public Relation     | 1981-07-19 | 1750 |
| THOMAS   | CLERK               | 1981-07-19 | 1750 |
| NATASHA  | CLERK               | 1981-07-19 | 1750 |
| SANGITA  | Compliance officers | 1981-07-19 | 1750 |
| SUPRIYA  | ANALYST             | 1981-07-19 | 1750 |
| TURNER   | SALESMAN            | 1981-09-08 | 1500 |
| MARTIN   | SALESMAN            | 1981-09-28 | 1250 |
| KING     | PRESIDENT           | 1981-11-17 | 5000 |
| JAMES    | CLERK               | 1981-12-03 |  950 |
| FORD     | ANALYST             | 1981-12-03 | 3000 |
| AARAV    | CLERK               | 1981-12-31 | 3350 |
| MILLER   | CLERK               | 1982-01-23 | 1300 |
| ALEX     | MANAGER             | 1982-01-24 | 1250 |
| HOFFMAN  | MANAGER             | 1982-03-24 | 4150 |
| SCOTT    | ANALYST             | 1982-12-09 | 3000 |
| ADAMS    | CLERK               | 1983-01-12 | 1100 |
| FRED     | vice PRESIDENT      | 1983-08-09 | 5000 |
+----------+---------------------+------------+------+
28 rows in set (0.00 sec)

mysql> select ename, job,hiredate,sal from emp order by hiredate desc;
+----------+---------------------+------------+------+
| ename    | job                 | hiredate   | sal  |
+----------+---------------------+------------+------+
| FRED     | vice PRESIDENT      | 1983-08-09 | 5000 |
| ADAMS    | CLERK               | 1983-01-12 | 1100 |
| SCOTT    | ANALYST             | 1982-12-09 | 3000 |
| HOFFMAN  | MANAGER             | 1982-03-24 | 4150 |
| ALEX     | MANAGER             | 1982-01-24 | 1250 |
| MILLER   | CLERK               | 1982-01-23 | 1300 |
| AARAV    | CLERK               | 1981-12-31 | 3350 |
| JAMES    | CLERK               | 1981-12-03 |  950 |
| FORD     | ANALYST             | 1981-12-03 | 3000 |
| KING     | PRESIDENT           | 1981-11-17 | 5000 |
| MARTIN   | SALESMAN            | 1981-09-28 | 1250 |
| TURNER   | SALESMAN            | 1981-09-08 | 1500 |
| GITA     | Compliance officers | 1981-07-19 | 1750 |
| VRUSHALI | Compliance officers | 1981-07-19 | 1750 |
| SHARMIN  | Public Relation     | 1981-07-19 | 1750 |
| BANDISH  | Public Relation     | 1981-07-19 | 1750 |
| THOMAS   | CLERK               | 1981-07-19 | 1750 |
| NATASHA  | CLERK               | 1981-07-19 | 1750 |
| SANGITA  | Compliance officers | 1981-07-19 | 1750 |
| SUPRIYA  | ANALYST             | 1981-07-19 | 1750 |
| CLARK    | MANAGER             | 1981-06-09 | 2450 |
| BLAKE    | MANAGER             | 1981-05-01 | 2850 |
| JONES    | MANAGER             | 1981-04-02 | 2975 |
| WARD     | SALESMAN            | 1981-02-22 | 1250 |
| ALLEN    | SALESMAN            | 1981-02-20 | 1600 |
| SMITH    | CLERK               | 1980-12-17 |  800 |
| GRASS    | SALESMAN            | 1980-02-14 | 2575 |
| AARUSH   | SALESMAN            | 1980-02-14 | 1350 |
+----------+---------------------+------------+------+
28 rows in set (0.00 sec)

mysql> select ename, job,hiredate,sal from emp order by sal;
+----------+---------------------+------------+------+
| ename    | job                 | hiredate   | sal  |
+----------+---------------------+------------+------+
| SMITH    | CLERK               | 1980-12-17 |  800 |
| JAMES    | CLERK               | 1981-12-03 |  950 |
| ADAMS    | CLERK               | 1983-01-12 | 1100 |
| WARD     | SALESMAN            | 1981-02-22 | 1250 |
| MARTIN   | SALESMAN            | 1981-09-28 | 1250 |
| ALEX     | MANAGER             | 1982-01-24 | 1250 |
| MILLER   | CLERK               | 1982-01-23 | 1300 |
| AARUSH   | SALESMAN            | 1980-02-14 | 1350 |
| TURNER   | SALESMAN            | 1981-09-08 | 1500 |
| ALLEN    | SALESMAN            | 1981-02-20 | 1600 |
| GITA     | Compliance officers | 1981-07-19 | 1750 |
| VRUSHALI | Compliance officers | 1981-07-19 | 1750 |
| SHARMIN  | Public Relation     | 1981-07-19 | 1750 |
| BANDISH  | Public Relation     | 1981-07-19 | 1750 |
| THOMAS   | CLERK               | 1981-07-19 | 1750 |
| NATASHA  | CLERK               | 1981-07-19 | 1750 |
| SANGITA  | Compliance officers | 1981-07-19 | 1750 |
| SUPRIYA  | ANALYST             | 1981-07-19 | 1750 |
| CLARK    | MANAGER             | 1981-06-09 | 2450 |
| GRASS    | SALESMAN            | 1980-02-14 | 2575 |
| BLAKE    | MANAGER             | 1981-05-01 | 2850 |
| JONES    | MANAGER             | 1981-04-02 | 2975 |
| SCOTT    | ANALYST             | 1982-12-09 | 3000 |
| FORD     | ANALYST             | 1981-12-03 | 3000 |
| AARAV    | CLERK               | 1981-12-31 | 3350 |
| HOFFMAN  | MANAGER             | 1982-03-24 | 4150 |
| KING     | PRESIDENT           | 1981-11-17 | 5000 |
| FRED     | vice PRESIDENT      | 1983-08-09 | 5000 |
+----------+---------------------+------------+------+
28 rows in set (0.00 sec)

mysql> select ename, job,hiredate,sal from emp order by sal desc;
+----------+---------------------+------------+------+
| ename    | job                 | hiredate   | sal  |
+----------+---------------------+------------+------+
| KING     | PRESIDENT           | 1981-11-17 | 5000 |
| FRED     | vice PRESIDENT      | 1983-08-09 | 5000 |
| HOFFMAN  | MANAGER             | 1982-03-24 | 4150 |
| AARAV    | CLERK               | 1981-12-31 | 3350 |
| SCOTT    | ANALYST             | 1982-12-09 | 3000 |
| FORD     | ANALYST             | 1981-12-03 | 3000 |
| JONES    | MANAGER             | 1981-04-02 | 2975 |
| BLAKE    | MANAGER             | 1981-05-01 | 2850 |
| GRASS    | SALESMAN            | 1980-02-14 | 2575 |
| CLARK    | MANAGER             | 1981-06-09 | 2450 |
| GITA     | Compliance officers | 1981-07-19 | 1750 |
| VRUSHALI | Compliance officers | 1981-07-19 | 1750 |
| SHARMIN  | Public Relation     | 1981-07-19 | 1750 |
| BANDISH  | Public Relation     | 1981-07-19 | 1750 |
| THOMAS   | CLERK               | 1981-07-19 | 1750 |
| NATASHA  | CLERK               | 1981-07-19 | 1750 |
| SANGITA  | Compliance officers | 1981-07-19 | 1750 |
| SUPRIYA  | ANALYST             | 1981-07-19 | 1750 |
| ALLEN    | SALESMAN            | 1981-02-20 | 1600 |
| TURNER   | SALESMAN            | 1981-09-08 | 1500 |
| AARUSH   | SALESMAN            | 1980-02-14 | 1350 |
| MILLER   | CLERK               | 1982-01-23 | 1300 |
| WARD     | SALESMAN            | 1981-02-22 | 1250 |
| MARTIN   | SALESMAN            | 1981-09-28 | 1250 |
| ALEX     | MANAGER             | 1982-01-24 | 1250 |
| ADAMS    | CLERK               | 1983-01-12 | 1100 |
| JAMES    | CLERK               | 1981-12-03 |  950 |
| SMITH    | CLERK               | 1980-12-17 |  800 |
+----------+---------------------+------------+------+
28 rows in set (0.00 sec)

mysql>
mysql>
mysql>
mysql>
mysql>


--------------------------------------------------------

mysql> select ename, job,hiredate,sal from emp;
+----------+---------------------+------------+------+
| ename    | job                 | hiredate   | sal  |
+----------+---------------------+------------+------+
| GITA     | Compliance officers | 1981-07-19 | 1750 |
| VRUSHALI | Compliance officers | 1981-07-19 | 1750 |
| SHARMIN  | Public Relation     | 1981-07-19 | 1750 |
| BANDISH  | Public Relation     | 1981-07-19 | 1750 |
| SMITH    | CLERK               | 1980-12-17 |  800 |
| AARAV    | CLERK               | 1981-12-31 | 3350 |
| THOMAS   | CLERK               | 1981-07-19 | 1750 |
| ALLEN    | SALESMAN            | 1981-02-20 | 1600 |
| WARD     | SALESMAN            | 1981-02-22 | 1250 |
| JONES    | MANAGER             | 1981-04-02 | 2975 |
| MARTIN   | SALESMAN            | 1981-09-28 | 1250 |
| BLAKE    | MANAGER             | 1981-05-01 | 2850 |
| CLARK    | MANAGER             | 1981-06-09 | 2450 |
| SCOTT    | ANALYST             | 1982-12-09 | 3000 |
| KING     | PRESIDENT           | 1981-11-17 | 5000 |
| FRED     | vice PRESIDENT      | 1983-08-09 | 5000 |
| TURNER   | SALESMAN            | 1981-09-08 | 1500 |
| ADAMS    | CLERK               | 1983-01-12 | 1100 |
| JAMES    | CLERK               | 1981-12-03 |  950 |
| FORD     | ANALYST             | 1981-12-03 | 3000 |
| HOFFMAN  | MANAGER             | 1982-03-24 | 4150 |
| GRASS    | SALESMAN            | 1980-02-14 | 2575 |
| MILLER   | CLERK               | 1982-01-23 | 1300 |
| AARUSH   | SALESMAN            | 1980-02-14 | 1350 |
| ALEX     | MANAGER             | 1982-01-24 | 1250 |
| NATASHA  | CLERK               | 1981-07-19 | 1750 |
| SANGITA  | Compliance officers | 1981-07-19 | 1750 |
| SUPRIYA  | ANALYST             | 1981-07-19 | 1750 |
+----------+---------------------+------------+------+
28 rows in set (0.00 sec)

mysql> select ename, job,hiredate,sal from emp order by sal desc;
+----------+---------------------+------------+------+
| ename    | job                 | hiredate   | sal  |
+----------+---------------------+------------+------+
| KING     | PRESIDENT           | 1981-11-17 | 5000 |
| FRED     | vice PRESIDENT      | 1983-08-09 | 5000 |
| HOFFMAN  | MANAGER             | 1982-03-24 | 4150 |
| AARAV    | CLERK               | 1981-12-31 | 3350 |
| SCOTT    | ANALYST             | 1982-12-09 | 3000 |
| FORD     | ANALYST             | 1981-12-03 | 3000 |
| JONES    | MANAGER             | 1981-04-02 | 2975 |
| BLAKE    | MANAGER             | 1981-05-01 | 2850 |
| GRASS    | SALESMAN            | 1980-02-14 | 2575 |
| CLARK    | MANAGER             | 1981-06-09 | 2450 |
| GITA     | Compliance officers | 1981-07-19 | 1750 |
| VRUSHALI | Compliance officers | 1981-07-19 | 1750 |
| SHARMIN  | Public Relation     | 1981-07-19 | 1750 |
| BANDISH  | Public Relation     | 1981-07-19 | 1750 |
| THOMAS   | CLERK               | 1981-07-19 | 1750 |
| NATASHA  | CLERK               | 1981-07-19 | 1750 |
| SANGITA  | Compliance officers | 1981-07-19 | 1750 |
| SUPRIYA  | ANALYST             | 1981-07-19 | 1750 |
| ALLEN    | SALESMAN            | 1981-02-20 | 1600 |
| TURNER   | SALESMAN            | 1981-09-08 | 1500 |
| AARUSH   | SALESMAN            | 1980-02-14 | 1350 |
| MILLER   | CLERK               | 1982-01-23 | 1300 |
| WARD     | SALESMAN            | 1981-02-22 | 1250 |
| MARTIN   | SALESMAN            | 1981-09-28 | 1250 |
| ALEX     | MANAGER             | 1982-01-24 | 1250 |
| ADAMS    | CLERK               | 1983-01-12 | 1100 |
| JAMES    | CLERK               | 1981-12-03 |  950 |
| SMITH    | CLERK               | 1980-12-17 |  800 |
+----------+---------------------+------------+------+
28 rows in set (0.00 sec)

mysql> select ename, job,hiredate,sal from emp limit 1 order by sal desc;
ERROR 1064 (42000): You have an error in your SQL syntax; check the manual that corresponds to your MySQL server version for the right syntax to use near 'order by sal desc' at line 1
mysql> select ename, job,hiredate,sal from emp order by sal desc limit 1;
+-------+-----------+------------+------+
| ename | job       | hiredate   | sal  |
+-------+-----------+------------+------+
| KING  | PRESIDENT | 1981-11-17 | 5000 |
+-------+-----------+------------+------+
1 row in set (0.00 sec)

mysql> select ename, job,hiredate,sal from emp order by job, ename;
+----------+---------------------+------------+------+
| ename    | job                 | hiredate   | sal  |
+----------+---------------------+------------+------+
| FORD     | ANALYST             | 1981-12-03 | 3000 |
| SCOTT    | ANALYST             | 1982-12-09 | 3000 |
| SUPRIYA  | ANALYST             | 1981-07-19 | 1750 |
| AARAV    | CLERK               | 1981-12-31 | 3350 |
| ADAMS    | CLERK               | 1983-01-12 | 1100 |
| JAMES    | CLERK               | 1981-12-03 |  950 |
| MILLER   | CLERK               | 1982-01-23 | 1300 |
| NATASHA  | CLERK               | 1981-07-19 | 1750 |
| SMITH    | CLERK               | 1980-12-17 |  800 |
| THOMAS   | CLERK               | 1981-07-19 | 1750 |
| GITA     | Compliance officers | 1981-07-19 | 1750 |
| SANGITA  | Compliance officers | 1981-07-19 | 1750 |
| VRUSHALI | Compliance officers | 1981-07-19 | 1750 |
| ALEX     | MANAGER             | 1982-01-24 | 1250 |
| BLAKE    | MANAGER             | 1981-05-01 | 2850 |
| CLARK    | MANAGER             | 1981-06-09 | 2450 |
| HOFFMAN  | MANAGER             | 1982-03-24 | 4150 |
| JONES    | MANAGER             | 1981-04-02 | 2975 |
| KING     | PRESIDENT           | 1981-11-17 | 5000 |
| BANDISH  | Public Relation     | 1981-07-19 | 1750 |
| SHARMIN  | Public Relation     | 1981-07-19 | 1750 |
| AARUSH   | SALESMAN            | 1980-02-14 | 1350 |
| ALLEN    | SALESMAN            | 1981-02-20 | 1600 |
| GRASS    | SALESMAN            | 1980-02-14 | 2575 |
| MARTIN   | SALESMAN            | 1981-09-28 | 1250 |
| TURNER   | SALESMAN            | 1981-09-08 | 1500 |
| WARD     | SALESMAN            | 1981-02-22 | 1250 |
| FRED     | vice PRESIDENT      | 1983-08-09 | 5000 |
+----------+---------------------+------------+------+
28 rows in set (0.00 sec)

mysql> select ename, job,hiredate,sal from emp order by job, ename desc;
+----------+---------------------+------------+------+
| ename    | job                 | hiredate   | sal  |
+----------+---------------------+------------+------+
| SUPRIYA  | ANALYST             | 1981-07-19 | 1750 |
| SCOTT    | ANALYST             | 1982-12-09 | 3000 |
| FORD     | ANALYST             | 1981-12-03 | 3000 |
| THOMAS   | CLERK               | 1981-07-19 | 1750 |
| SMITH    | CLERK               | 1980-12-17 |  800 |
| NATASHA  | CLERK               | 1981-07-19 | 1750 |
| MILLER   | CLERK               | 1982-01-23 | 1300 |
| JAMES    | CLERK               | 1981-12-03 |  950 |
| ADAMS    | CLERK               | 1983-01-12 | 1100 |
| AARAV    | CLERK               | 1981-12-31 | 3350 |
| VRUSHALI | Compliance officers | 1981-07-19 | 1750 |
| SANGITA  | Compliance officers | 1981-07-19 | 1750 |
| GITA     | Compliance officers | 1981-07-19 | 1750 |
| JONES    | MANAGER             | 1981-04-02 | 2975 |
| HOFFMAN  | MANAGER             | 1982-03-24 | 4150 |
| CLARK    | MANAGER             | 1981-06-09 | 2450 |
| BLAKE    | MANAGER             | 1981-05-01 | 2850 |
| ALEX     | MANAGER             | 1982-01-24 | 1250 |
| KING     | PRESIDENT           | 1981-11-17 | 5000 |
| SHARMIN  | Public Relation     | 1981-07-19 | 1750 |
| BANDISH  | Public Relation     | 1981-07-19 | 1750 |
| WARD     | SALESMAN            | 1981-02-22 | 1250 |
| TURNER   | SALESMAN            | 1981-09-08 | 1500 |
| MARTIN   | SALESMAN            | 1981-09-28 | 1250 |
| GRASS    | SALESMAN            | 1980-02-14 | 2575 |
| ALLEN    | SALESMAN            | 1981-02-20 | 1600 |
| AARUSH   | SALESMAN            | 1980-02-14 | 1350 |
| FRED     | vice PRESIDENT      | 1983-08-09 | 5000 |
+----------+---------------------+------------+------+
28 rows in set (0.00 sec)

mysql> select ename, job,hiredate,sal from emp order by job,  sal, ename;
+----------+---------------------+------------+------+
| ename    | job                 | hiredate   | sal  |
+----------+---------------------+------------+------+
| SUPRIYA  | ANALYST             | 1981-07-19 | 1750 |
| FORD     | ANALYST             | 1981-12-03 | 3000 |
| SCOTT    | ANALYST             | 1982-12-09 | 3000 |
| SMITH    | CLERK               | 1980-12-17 |  800 |
| JAMES    | CLERK               | 1981-12-03 |  950 |
| ADAMS    | CLERK               | 1983-01-12 | 1100 |
| MILLER   | CLERK               | 1982-01-23 | 1300 |
| NATASHA  | CLERK               | 1981-07-19 | 1750 |
| THOMAS   | CLERK               | 1981-07-19 | 1750 |
| AARAV    | CLERK               | 1981-12-31 | 3350 |
| GITA     | Compliance officers | 1981-07-19 | 1750 |
| SANGITA  | Compliance officers | 1981-07-19 | 1750 |
| VRUSHALI | Compliance officers | 1981-07-19 | 1750 |
| ALEX     | MANAGER             | 1982-01-24 | 1250 |
| CLARK    | MANAGER             | 1981-06-09 | 2450 |
| BLAKE    | MANAGER             | 1981-05-01 | 2850 |
| JONES    | MANAGER             | 1981-04-02 | 2975 |
| HOFFMAN  | MANAGER             | 1982-03-24 | 4150 |
| KING     | PRESIDENT           | 1981-11-17 | 5000 |
| BANDISH  | Public Relation     | 1981-07-19 | 1750 |
| SHARMIN  | Public Relation     | 1981-07-19 | 1750 |
| MARTIN   | SALESMAN            | 1981-09-28 | 1250 |
| WARD     | SALESMAN            | 1981-02-22 | 1250 |
| AARUSH   | SALESMAN            | 1980-02-14 | 1350 |
| TURNER   | SALESMAN            | 1981-09-08 | 1500 |
| ALLEN    | SALESMAN            | 1981-02-20 | 1600 |
| GRASS    | SALESMAN            | 1980-02-14 | 2575 |
| FRED     | vice PRESIDENT      | 1983-08-09 | 5000 |
+----------+---------------------+------------+------+
28 rows in set (0.00 sec)

mysql> select ename, job,sal from emp order by job,  sal, ename;
+----------+---------------------+------+
| ename    | job                 | sal  |
+----------+---------------------+------+
| SUPRIYA  | ANALYST             | 1750 |
| FORD     | ANALYST             | 3000 |
| SCOTT    | ANALYST             | 3000 |
| SMITH    | CLERK               |  800 |
| JAMES    | CLERK               |  950 |
| ADAMS    | CLERK               | 1100 |
| MILLER   | CLERK               | 1300 |
| NATASHA  | CLERK               | 1750 |
| THOMAS   | CLERK               | 1750 |
| AARAV    | CLERK               | 3350 |
| GITA     | Compliance officers | 1750 |
| SANGITA  | Compliance officers | 1750 |
| VRUSHALI | Compliance officers | 1750 |
| ALEX     | MANAGER             | 1250 |
| CLARK    | MANAGER             | 2450 |
| BLAKE    | MANAGER             | 2850 |
| JONES    | MANAGER             | 2975 |
| HOFFMAN  | MANAGER             | 4150 |
| KING     | PRESIDENT           | 5000 |
| BANDISH  | Public Relation     | 1750 |
| SHARMIN  | Public Relation     | 1750 |
| MARTIN   | SALESMAN            | 1250 |
| WARD     | SALESMAN            | 1250 |
| AARUSH   | SALESMAN            | 1350 |
| TURNER   | SALESMAN            | 1500 |
| ALLEN    | SALESMAN            | 1600 |
| GRASS    | SALESMAN            | 2575 |
| FRED     | vice PRESIDENT      | 5000 |
+----------+---------------------+------+
28 rows in set (0.00 sec)

mysql> select ename, job,sal from emp;
+----------+---------------------+------+
| ename    | job                 | sal  |
+----------+---------------------+------+
| GITA     | Compliance officers | 1750 |
| VRUSHALI | Compliance officers | 1750 |
| SHARMIN  | Public Relation     | 1750 |
| BANDISH  | Public Relation     | 1750 |
| SMITH    | CLERK               |  800 |
| AARAV    | CLERK               | 3350 |
| THOMAS   | CLERK               | 1750 |
| ALLEN    | SALESMAN            | 1600 |
| WARD     | SALESMAN            | 1250 |
| JONES    | MANAGER             | 2975 |
| MARTIN   | SALESMAN            | 1250 |
| BLAKE    | MANAGER             | 2850 |
| CLARK    | MANAGER             | 2450 |
| SCOTT    | ANALYST             | 3000 |
| KING     | PRESIDENT           | 5000 |
| FRED     | vice PRESIDENT      | 5000 |
| TURNER   | SALESMAN            | 1500 |
| ADAMS    | CLERK               | 1100 |
| JAMES    | CLERK               |  950 |
| FORD     | ANALYST             | 3000 |
| HOFFMAN  | MANAGER             | 4150 |
| GRASS    | SALESMAN            | 2575 |
| MILLER   | CLERK               | 1300 |
| AARUSH   | SALESMAN            | 1350 |
| ALEX     | MANAGER             | 1250 |
| NATASHA  | CLERK               | 1750 |
| SANGITA  | Compliance officers | 1750 |
| SUPRIYA  | ANALYST             | 1750 |
+----------+---------------------+------+
28 rows in set (0.00 sec)

mysql> select ename, job,sal from emp order by 3;
+----------+---------------------+------+
| ename    | job                 | sal  |
+----------+---------------------+------+
| SMITH    | CLERK               |  800 |
| JAMES    | CLERK               |  950 |
| ADAMS    | CLERK               | 1100 |
| WARD     | SALESMAN            | 1250 |
| MARTIN   | SALESMAN            | 1250 |
| ALEX     | MANAGER             | 1250 |
| MILLER   | CLERK               | 1300 |
| AARUSH   | SALESMAN            | 1350 |
| TURNER   | SALESMAN            | 1500 |
| ALLEN    | SALESMAN            | 1600 |
| GITA     | Compliance officers | 1750 |
| VRUSHALI | Compliance officers | 1750 |
| SHARMIN  | Public Relation     | 1750 |
| BANDISH  | Public Relation     | 1750 |
| THOMAS   | CLERK               | 1750 |
| NATASHA  | CLERK               | 1750 |
| SANGITA  | Compliance officers | 1750 |
| SUPRIYA  | ANALYST             | 1750 |
| CLARK    | MANAGER             | 2450 |
| GRASS    | SALESMAN            | 2575 |
| BLAKE    | MANAGER             | 2850 |
| JONES    | MANAGER             | 2975 |
| SCOTT    | ANALYST             | 3000 |
| FORD     | ANALYST             | 3000 |
| AARAV    | CLERK               | 3350 |
| HOFFMAN  | MANAGER             | 4150 |
| KING     | PRESIDENT           | 5000 |
| FRED     | vice PRESIDENT      | 5000 |
+----------+---------------------+------+
28 rows in set (0.00 sec)

mysql> select ename, job,sal from emp order by 5;
ERROR 1054 (42S22): Unknown column '5' in 'order clause'
mysql> select ename, job,sal from emp;
+----------+---------------------+------+
| ename    | job                 | sal  |
+----------+---------------------+------+
| GITA     | Compliance officers | 1750 |
| VRUSHALI | Compliance officers | 1750 |
| SHARMIN  | Public Relation     | 1750 |
| BANDISH  | Public Relation     | 1750 |
| SMITH    | CLERK               |  800 |
| AARAV    | CLERK               | 3350 |
| THOMAS   | CLERK               | 1750 |
| ALLEN    | SALESMAN            | 1600 |
| WARD     | SALESMAN            | 1250 |
| JONES    | MANAGER             | 2975 |
| MARTIN   | SALESMAN            | 1250 |
| BLAKE    | MANAGER             | 2850 |
| CLARK    | MANAGER             | 2450 |
| SCOTT    | ANALYST             | 3000 |
| KING     | PRESIDENT           | 5000 |
| FRED     | vice PRESIDENT      | 5000 |
| TURNER   | SALESMAN            | 1500 |
| ADAMS    | CLERK               | 1100 |
| JAMES    | CLERK               |  950 |
| FORD     | ANALYST             | 3000 |
| HOFFMAN  | MANAGER             | 4150 |
| GRASS    | SALESMAN            | 2575 |
| MILLER   | CLERK               | 1300 |
| AARUSH   | SALESMAN            | 1350 |
| ALEX     | MANAGER             | 1250 |
| NATASHA  | CLERK               | 1750 |
| SANGITA  | Compliance officers | 1750 |
| SUPRIYA  | ANALYST             | 1750 |
+----------+---------------------+------+
28 rows in set (0.00 sec)

mysql>
+----------+---------------------+------+
| ename    | job                 | sal  |
+----------+---------------------+------+
| GITA     | Compliance officers | 1750 |
| VRUSHALI | Compliance officers | 1750 |
| SHARMIN  | Public Relation     | 1750 |
| BANDISH  | Public Relation     | 1750 |
| SMITH    | CLERK               |  800 |
| AARAV    | CLERK               | 3350 |
| THOMAS   | CLERK               | 1750 |
| ALLEN    | SALESMAN            | 1600 |
| WARD     | SALESMAN            | 1250 |
| JONES    | MANAGER             | 2975 |
| MARTIN   | SALESMAN            | 1250 |
| BLAKE    | MANAGER             | 2850 |
| CLARK    | MANAGER             | 2450 |
| SCOTT    | ANALYST             | 3000 |
| KING     | PRESIDENT           | 5000 |
| FRED     | vice PRESIDENT      | 5000 |
| TURNER   | SALESMAN            | 1500 |
| ADAMS    | CLERK               | 1100 |
| JAMES    | CLERK               |  950 |
| FORD     | ANALYST             | 3000 |
| HOFFMAN  | MANAGER             | 4150 |
| GRASS    | SALESMAN            | 2575 |
| MILLER   | CLERK               | 1300 |
| AARUSH   | SALESMAN            | 1350 |
| ALEX     | MANAGER             | 1250 |
| NATASHA  | CLERK               | 1750 |
| SANGITA  | Compliance officers | 1750 |
| SUPRIYA  | ANALYST             | 1750 |
+----------+---------------------+------+
28 rows in set (0.00 sec)

mysql> select 'a', ename, job,sal from emp;
+---+----------+---------------------+------+
| a | ename    | job                 | sal  |
+---+----------+---------------------+------+
| a | GITA     | Compliance officers | 1750 |
| a | VRUSHALI | Compliance officers | 1750 |
| a | SHARMIN  | Public Relation     | 1750 |
| a | BANDISH  | Public Relation     | 1750 |
| a | SMITH    | CLERK               |  800 |
| a | AARAV    | CLERK               | 3350 |
| a | THOMAS   | CLERK               | 1750 |
| a | ALLEN    | SALESMAN            | 1600 |
| a | WARD     | SALESMAN            | 1250 |
| a | JONES    | MANAGER             | 2975 |
| a | MARTIN   | SALESMAN            | 1250 |
| a | BLAKE    | MANAGER             | 2850 |
| a | CLARK    | MANAGER             | 2450 |
| a | SCOTT    | ANALYST             | 3000 |
| a | KING     | PRESIDENT           | 5000 |
| a | FRED     | vice PRESIDENT      | 5000 |
| a | TURNER   | SALESMAN            | 1500 |
| a | ADAMS    | CLERK               | 1100 |
| a | JAMES    | CLERK               |  950 |
| a | FORD     | ANALYST             | 3000 |
| a | HOFFMAN  | MANAGER             | 4150 |
| a | GRASS    | SALESMAN            | 2575 |
| a | MILLER   | CLERK               | 1300 |
| a | AARUSH   | SALESMAN            | 1350 |
| a | ALEX     | MANAGER             | 1250 |
| a | NATASHA  | CLERK               | 1750 |
| a | SANGITA  | Compliance officers | 1750 |
| a | SUPRIYA  | ANALYST             | 1750 |
+---+----------+---------------------+------+
28 rows in set (0.00 sec)

mysql> select 'a', ename, job,sal from emp order by 'a';
+---+----------+---------------------+------+
| a | ename    | job                 | sal  |
+---+----------+---------------------+------+
| a | GITA     | Compliance officers | 1750 |
| a | VRUSHALI | Compliance officers | 1750 |
| a | SHARMIN  | Public Relation     | 1750 |
| a | BANDISH  | Public Relation     | 1750 |
| a | SMITH    | CLERK               |  800 |
| a | AARAV    | CLERK               | 3350 |
| a | THOMAS   | CLERK               | 1750 |
| a | ALLEN    | SALESMAN            | 1600 |
| a | WARD     | SALESMAN            | 1250 |
| a | JONES    | MANAGER             | 2975 |
| a | MARTIN   | SALESMAN            | 1250 |
| a | BLAKE    | MANAGER             | 2850 |
| a | CLARK    | MANAGER             | 2450 |
| a | SCOTT    | ANALYST             | 3000 |
| a | KING     | PRESIDENT           | 5000 |
| a | FRED     | vice PRESIDENT      | 5000 |
| a | TURNER   | SALESMAN            | 1500 |
| a | ADAMS    | CLERK               | 1100 |
| a | JAMES    | CLERK               |  950 |
| a | FORD     | ANALYST             | 3000 |
| a | HOFFMAN  | MANAGER             | 4150 |
| a | GRASS    | SALESMAN            | 2575 |
| a | MILLER   | CLERK               | 1300 |
| a | AARUSH   | SALESMAN            | 1350 |
| a | ALEX     | MANAGER             | 1250 |
| a | NATASHA  | CLERK               | 1750 |
| a | SANGITA  | Compliance officers | 1750 |
| a | SUPRIYA  | ANALYST             | 1750 |
+---+----------+---------------------+------+
28 rows in set (0.00 sec)

mysql> selelct * from temp;
ERROR 1064 (42000): You have an error in your SQL syntax; check the manual that corresponds to your MySQL server version for the right syntax to use near 'selelct * from temp' at line 1
mysql> selelct * from temp`;
    `> ^C
mysql> select * from temp;
ERROR 1146 (42S02): Table 'db1.temp' doesn't exist
mysql> select * from temp1;
+------+------------------------+
| col1 | col2                   |
+------+------------------------+
|    1 | 25%                    |
|    2 | 1.st%                  |
|    3 | 30.12%                 |
|    4 | 12^4                   |
|    5 | 1^2^3                  |
|    6 | 56*12*.12              |
|    7 | 1st INT                |
|    8 | Rs. 1000               |
|    9 | $5000                  |
|   10 | ABB+                   |
|   11 | _ABB                   |
|   12 | A_BB                   |
|   13 | CNN                    |
|   14 | C_N_N                  |
|   15 | CN_N                   |
|   16 | ABB_                   |
|   17 | AB_B                   |
|   18 | %ABB                   |
|   19 | A%B%B                  |
|   20 | L&T                    |
|   21 | L_&_T                  |
|   22 | ABB-200                |
|   23 | ABB:200                |
|   24 | ABB_200                |
|   25 | ABB/200/300            |
|   26 | AC/100, AC/200, AC/300 |
|   27 | A_BC                   |
|   28 | A_B_C                  |
|   29 | A\_BC                  |
+------+------------------------+
29 rows in set (0.02 sec)

mysql> select * from test;
ERROR 1146 (42S02): Table 'db1.test' doesn't exist
mysql> select * from sort;
+------+------+
| no1  | no2  |
+------+------+
|    1 | 1    |
|    2 | 2    |
|    3 | 3    |
|    4 | 4    |
|    5 | 5    |
|    6 | 6    |
|    7 | 7    |
|    8 | 8    |
|    9 | 9    |
|   10 | 10   |
|   11 | 11   |
|   12 | 12   |
|   19 | 19   |
|   18 | 18   |
|   13 | 13   |
|   14 | 14   |
|   99 | NULL |
|  102 | NULL |
| NULL | NULL |
|    0 | NULL |
| NULL | NULL |
|   20 | 20   |
|   27 | 27   |
|   29 | 29   |
|   21 | 21   |
|   22 | 22   |
|   23 | 23   |
|   31 | 31   |
|   45 | 45   |
|   39 | 39   |
|   40 | 40   |
|  400 | 400  |
|  300 | 300  |
|  200 | 200  |
|  100 | 100  |
|   -1 | -1   |
|   -2 | -2   |
|   -3 | -3   |
| NULL | 01   |
| NULL | 03   |
| NULL | 02   |
+------+------+
41 rows in set (0.00 sec)

mysql> desc sort;
+-------+----------+------+-----+---------+-------+
| Field | Type     | Null | Key | Default | Extra |
+-------+----------+------+-----+---------+-------+
| no1   | int      | YES  |     | NULL    |       |
| no2   | char(10) | YES  |     | NULL    |       |
+-------+----------+------+-----+---------+-------+
2 rows in set (0.02 sec)

mysql> select * from sort order by no1;
+------+------+
| no1  | no2  |
+------+------+
| NULL | NULL |
| NULL | 01   |
| NULL | NULL |
| NULL | 03   |
| NULL | 02   |
|   -3 | -3   |
|   -2 | -2   |
|   -1 | -1   |
|    0 | NULL |
|    1 | 1    |
|    2 | 2    |
|    3 | 3    |
|    4 | 4    |
|    5 | 5    |
|    6 | 6    |
|    7 | 7    |
|    8 | 8    |
|    9 | 9    |
|   10 | 10   |
|   11 | 11   |
|   12 | 12   |
|   13 | 13   |
|   14 | 14   |
|   18 | 18   |
|   19 | 19   |
|   20 | 20   |
|   21 | 21   |
|   22 | 22   |
|   23 | 23   |
|   27 | 27   |
|   29 | 29   |
|   31 | 31   |
|   39 | 39   |
|   40 | 40   |
|   45 | 45   |
|   99 | NULL |
|  100 | 100  |
|  102 | NULL |
|  200 | 200  |
|  300 | 300  |
|  400 | 400  |
+------+------+
41 rows in set (0.00 sec)

mysql> select * from sort order by no2;
+------+------+
| no1  | no2  |
+------+------+
| NULL | NULL |
|  102 | NULL |
| NULL | NULL |
|    0 | NULL |
|   99 | NULL |
|   -1 | -1   |
|   -2 | -2   |
|   -3 | -3   |
| NULL | 01   |
| NULL | 02   |
| NULL | 03   |
|    1 | 1    |
|   10 | 10   |
|  100 | 100  |
|   11 | 11   |
|   12 | 12   |
|   13 | 13   |
|   14 | 14   |
|   18 | 18   |
|   19 | 19   |
|    2 | 2    |
|   20 | 20   |
|  200 | 200  |
|   21 | 21   |
|   22 | 22   |
|   23 | 23   |
|   27 | 27   |
|   29 | 29   |
|    3 | 3    |
|  300 | 300  |
|   31 | 31   |
|   39 | 39   |
|    4 | 4    |
|   40 | 40   |
|  400 | 400  |
|   45 | 45   |
|    5 | 5    |
|    6 | 6    |
|    7 | 7    |
|    8 | 8    |
|    9 | 9    |
+------+------+
41 rows in set (0.00 sec)

mysql> select ename, job,sal, comm from emp;
+----------+---------------------+------+------+
| ename    | job                 | sal  | comm |
+----------+---------------------+------+------+
| GITA     | Compliance officers | 1750 | NULL |
| VRUSHALI | Compliance officers | 1750 | NULL |
| SHARMIN  | Public Relation     | 1750 | NULL |
| BANDISH  | Public Relation     | 1750 | NULL |
| SMITH    | CLERK               |  800 | NULL |
| AARAV    | CLERK               | 3350 | NULL |
| THOMAS   | CLERK               | 1750 | NULL |
| ALLEN    | SALESMAN            | 1600 |  300 |
| WARD     | SALESMAN            | 1250 |  500 |
| JONES    | MANAGER             | 2975 | NULL |
| MARTIN   | SALESMAN            | 1250 | 1400 |
| BLAKE    | MANAGER             | 2850 | NULL |
| CLARK    | MANAGER             | 2450 | NULL |
| SCOTT    | ANALYST             | 3000 | NULL |
| KING     | PRESIDENT           | 5000 | NULL |
| FRED     | vice PRESIDENT      | 5000 | NULL |
| TURNER   | SALESMAN            | 1500 |    0 |
| ADAMS    | CLERK               | 1100 | NULL |
| JAMES    | CLERK               |  950 | NULL |
| FORD     | ANALYST             | 3000 | NULL |
| HOFFMAN  | MANAGER             | 4150 | NULL |
| GRASS    | SALESMAN            | 2575 | 2700 |
| MILLER   | CLERK               | 1300 | NULL |
| AARUSH   | SALESMAN            | 1350 | 2700 |
| ALEX     | MANAGER             | 1250 |  500 |
| NATASHA  | CLERK               | 1750 | NULL |
| SANGITA  | Compliance officers | 1750 | NULL |
| SUPRIYA  | ANALYST             | 1750 | NULL |
+----------+---------------------+------+------+
28 rows in set (0.00 sec)

mysql> select ename, job,sal, comm from emp order by comm;
+----------+---------------------+------+------+
| ename    | job                 | sal  | comm |
+----------+---------------------+------+------+
| GITA     | Compliance officers | 1750 | NULL |
| VRUSHALI | Compliance officers | 1750 | NULL |
| SHARMIN  | Public Relation     | 1750 | NULL |
| BANDISH  | Public Relation     | 1750 | NULL |
| SMITH    | CLERK               |  800 | NULL |
| AARAV    | CLERK               | 3350 | NULL |
| THOMAS   | CLERK               | 1750 | NULL |
| JONES    | MANAGER             | 2975 | NULL |
| BLAKE    | MANAGER             | 2850 | NULL |
| CLARK    | MANAGER             | 2450 | NULL |
| SCOTT    | ANALYST             | 3000 | NULL |
| KING     | PRESIDENT           | 5000 | NULL |
| FRED     | vice PRESIDENT      | 5000 | NULL |
| ADAMS    | CLERK               | 1100 | NULL |
| JAMES    | CLERK               |  950 | NULL |
| FORD     | ANALYST             | 3000 | NULL |
| HOFFMAN  | MANAGER             | 4150 | NULL |
| MILLER   | CLERK               | 1300 | NULL |
| NATASHA  | CLERK               | 1750 | NULL |
| SANGITA  | Compliance officers | 1750 | NULL |
| SUPRIYA  | ANALYST             | 1750 | NULL |
| TURNER   | SALESMAN            | 1500 |    0 |
| ALLEN    | SALESMAN            | 1600 |  300 |
| WARD     | SALESMAN            | 1250 |  500 |
| ALEX     | MANAGER             | 1250 |  500 |
| MARTIN   | SALESMAN            | 1250 | 1400 |
| GRASS    | SALESMAN            | 2575 | 2700 |
| AARUSH   | SALESMAN            | 1350 | 2700 |
+----------+---------------------+------+------+
28 rows in set (0.00 sec)

mysql> select ename, job,sal, comm from emp order by comm desc;
+----------+---------------------+------+------+
| ename    | job                 | sal  | comm |
+----------+---------------------+------+------+
| GRASS    | SALESMAN            | 2575 | 2700 |
| AARUSH   | SALESMAN            | 1350 | 2700 |
| MARTIN   | SALESMAN            | 1250 | 1400 |
| WARD     | SALESMAN            | 1250 |  500 |
| ALEX     | MANAGER             | 1250 |  500 |
| ALLEN    | SALESMAN            | 1600 |  300 |
| TURNER   | SALESMAN            | 1500 |    0 |
| GITA     | Compliance officers | 1750 | NULL |
| VRUSHALI | Compliance officers | 1750 | NULL |
| SHARMIN  | Public Relation     | 1750 | NULL |
| BANDISH  | Public Relation     | 1750 | NULL |
| SMITH    | CLERK               |  800 | NULL |
| AARAV    | CLERK               | 3350 | NULL |
| THOMAS   | CLERK               | 1750 | NULL |
| JONES    | MANAGER             | 2975 | NULL |
| BLAKE    | MANAGER             | 2850 | NULL |
| CLARK    | MANAGER             | 2450 | NULL |
| SCOTT    | ANALYST             | 3000 | NULL |
| KING     | PRESIDENT           | 5000 | NULL |
| FRED     | vice PRESIDENT      | 5000 | NULL |
| ADAMS    | CLERK               | 1100 | NULL |
| JAMES    | CLERK               |  950 | NULL |
| FORD     | ANALYST             | 3000 | NULL |
| HOFFMAN  | MANAGER             | 4150 | NULL |
| MILLER   | CLERK               | 1300 | NULL |
| NATASHA  | CLERK               | 1750 | NULL |
| SANGITA  | Compliance officers | 1750 | NULL |
| SUPRIYA  | ANALYST             | 1750 | NULL |
+----------+---------------------+------+------+
28 rows in set (0.00 sec)

mysql> select comm, isnull(comm) from emp;
+------+--------------+
| comm | isnull(comm) |
+------+--------------+
| NULL |            1 |
| NULL |            1 |
| NULL |            1 |
| NULL |            1 |
| NULL |            1 |
| NULL |            1 |
| NULL |            1 |
|  300 |            0 |
|  500 |            0 |
| NULL |            1 |
| 1400 |            0 |
| NULL |            1 |
| NULL |            1 |
| NULL |            1 |
| NULL |            1 |
| NULL |            1 |
|    0 |            0 |
| NULL |            1 |
| NULL |            1 |
| NULL |            1 |
| NULL |            1 |
| 2700 |            0 |
| NULL |            1 |
| 2700 |            0 |
|  500 |            0 |
| NULL |            1 |
| NULL |            1 |
| NULL |            1 |
+------+--------------+
28 rows in set (0.00 sec)

mysql> select ename, comm from emp order ny, isnull(comm) desc;
ERROR 1064 (42000): You have an error in your SQL syntax; check the manual that corresponds to your MySQL server version for the right syntax to use near 'ny, isnull(comm) desc' at line 1
mysql>
mysql>
mysql> select ename, comm from emp order by  isnull(comm) desc;
+----------+------+
| ename    | comm |
+----------+------+
| GITA     | NULL |
| VRUSHALI | NULL |
| SHARMIN  | NULL |
| BANDISH  | NULL |
| SMITH    | NULL |
| AARAV    | NULL |
| THOMAS   | NULL |
| JONES    | NULL |
| BLAKE    | NULL |
| CLARK    | NULL |
| SCOTT    | NULL |
| KING     | NULL |
| FRED     | NULL |
| ADAMS    | NULL |
| JAMES    | NULL |
| FORD     | NULL |
| HOFFMAN  | NULL |
| MILLER   | NULL |
| NATASHA  | NULL |
| SANGITA  | NULL |
| SUPRIYA  | NULL |
| ALLEN    |  300 |
| WARD     |  500 |
| MARTIN   | 1400 |
| TURNER   |    0 |
| GRASS    | 2700 |
| AARUSH   | 2700 |
| ALEX     |  500 |
+----------+------+
28 rows in set (0.00 sec)

mysql> select ename, comm from emp order by  isnull(comm) desc, comm desc;
+----------+------+
| ename    | comm |
+----------+------+
| GITA     | NULL |
| VRUSHALI | NULL |
| SHARMIN  | NULL |
| BANDISH  | NULL |
| SMITH    | NULL |
| AARAV    | NULL |
| THOMAS   | NULL |
| JONES    | NULL |
| BLAKE    | NULL |
| CLARK    | NULL |
| SCOTT    | NULL |
| KING     | NULL |
| FRED     | NULL |
| ADAMS    | NULL |
| JAMES    | NULL |
| FORD     | NULL |
| HOFFMAN  | NULL |
| MILLER   | NULL |
| NATASHA  | NULL |
| SANGITA  | NULL |
| SUPRIYA  | NULL |
| GRASS    | 2700 |
| AARUSH   | 2700 |
| MARTIN   | 1400 |
| WARD     |  500 |
| ALEX     |  500 |
| ALLEN    |  300 |
| TURNER   |    0 |
+----------+------+
28 rows in set (0.00 sec)

mysql> select ename, job, sal from emp where job = 'manager';
+---------+---------+------+
| ename   | job     | sal  |
+---------+---------+------+
| JONES   | MANAGER | 2975 |
| BLAKE   | MANAGER | 2850 |
| CLARK   | MANAGER | 2450 |
| HOFFMAN | MANAGER | 4150 |
| ALEX    | MANAGER | 1250 |
+---------+---------+------+
5 rows in set (0.00 sec)

mysql> select ename, job, sal from emp where job = 'manager' or  job='salesman';
+---------+----------+------+
| ename   | job      | sal  |
+---------+----------+------+
| ALLEN   | SALESMAN | 1600 |
| WARD    | SALESMAN | 1250 |
| JONES   | MANAGER  | 2975 |
| MARTIN  | SALESMAN | 1250 |
| BLAKE   | MANAGER  | 2850 |
| CLARK   | MANAGER  | 2450 |
| TURNER  | SALESMAN | 1500 |
| HOFFMAN | MANAGER  | 4150 |
| GRASS   | SALESMAN | 2575 |
| AARUSH  | SALESMAN | 1350 |
| ALEX    | MANAGER  | 1250 |
+---------+----------+------+
11 rows in set (0.00 sec)

mysql> select ename, job, sal from emp where job = 'manager' or  job='salesman' order by job;
+---------+----------+------+
| ename   | job      | sal  |
+---------+----------+------+
| JONES   | MANAGER  | 2975 |
| BLAKE   | MANAGER  | 2850 |
| CLARK   | MANAGER  | 2450 |
| HOFFMAN | MANAGER  | 4150 |
| ALEX    | MANAGER  | 1250 |
| ALLEN   | SALESMAN | 1600 |
| WARD    | SALESMAN | 1250 |
| MARTIN  | SALESMAN | 1250 |
| TURNER  | SALESMAN | 1500 |
| GRASS   | SALESMAN | 2575 |
| AARUSH  | SALESMAN | 1350 |
+---------+----------+------+
11 rows in set (0.00 sec)

mysql> select ename, job, sal from emp where job = 'manager' or  job='salesman' order by sal;
+---------+----------+------+
| ename   | job      | sal  |
+---------+----------+------+
| WARD    | SALESMAN | 1250 |
| MARTIN  | SALESMAN | 1250 |
| ALEX    | MANAGER  | 1250 |
| AARUSH  | SALESMAN | 1350 |
| TURNER  | SALESMAN | 1500 |
| ALLEN   | SALESMAN | 1600 |
| CLARK   | MANAGER  | 2450 |
| GRASS   | SALESMAN | 2575 |
| BLAKE   | MANAGER  | 2850 |
| JONES   | MANAGER  | 2975 |
| HOFFMAN | MANAGER  | 4150 |
+---------+----------+------+
11 rows in set (0.00 sec)

mysql> select ename, job, sal from emp where job = 'manager' or  job='salesman' order by sal limit 4 ;
+--------+----------+------+
| ename  | job      | sal  |
+--------+----------+------+
| ALEX   | MANAGER  | 1250 |
| WARD   | SALESMAN | 1250 |
| MARTIN | SALESMAN | 1250 |
| AARUSH | SALESMAN | 1350 |
+--------+----------+------+
4 rows in set (0.00 sec)

mysql> select ename, job, hiredate, monthname(hiredate), sal from emp
    -> ;
+----------+---------------------+------------+---------------------+------+
| ename    | job                 | hiredate   | monthname(hiredate) | sal  |
+----------+---------------------+------------+---------------------+------+
| GITA     | Compliance officers | 1981-07-19 | July                | 1750 |
| VRUSHALI | Compliance officers | 1981-07-19 | July                | 1750 |
| SHARMIN  | Public Relation     | 1981-07-19 | July                | 1750 |
| BANDISH  | Public Relation     | 1981-07-19 | July                | 1750 |
| SMITH    | CLERK               | 1980-12-17 | December            |  800 |
| AARAV    | CLERK               | 1981-12-31 | December            | 3350 |
| THOMAS   | CLERK               | 1981-07-19 | July                | 1750 |
| ALLEN    | SALESMAN            | 1981-02-20 | February            | 1600 |
| WARD     | SALESMAN            | 1981-02-22 | February            | 1250 |
| JONES    | MANAGER             | 1981-04-02 | April               | 2975 |
| MARTIN   | SALESMAN            | 1981-09-28 | September           | 1250 |
| BLAKE    | MANAGER             | 1981-05-01 | May                 | 2850 |
| CLARK    | MANAGER             | 1981-06-09 | June                | 2450 |
| SCOTT    | ANALYST             | 1982-12-09 | December            | 3000 |
| KING     | PRESIDENT           | 1981-11-17 | November            | 5000 |
| FRED     | vice PRESIDENT      | 1983-08-09 | August              | 5000 |
| TURNER   | SALESMAN            | 1981-09-08 | September           | 1500 |
| ADAMS    | CLERK               | 1983-01-12 | January             | 1100 |
| JAMES    | CLERK               | 1981-12-03 | December            |  950 |
| FORD     | ANALYST             | 1981-12-03 | December            | 3000 |
| HOFFMAN  | MANAGER             | 1982-03-24 | March               | 4150 |
| GRASS    | SALESMAN            | 1980-02-14 | February            | 2575 |
| MILLER   | CLERK               | 1982-01-23 | January             | 1300 |
| AARUSH   | SALESMAN            | 1980-02-14 | February            | 1350 |
| ALEX     | MANAGER             | 1982-01-24 | January             | 1250 |
| NATASHA  | CLERK               | 1981-07-19 | July                | 1750 |
| SANGITA  | Compliance officers | 1981-07-19 | July                | 1750 |
| SUPRIYA  | ANALYST             | 1981-07-19 | July                | 1750 |
+----------+---------------------+------------+---------------------+------+
28 rows in set (0.00 sec)

mysql> select ename, job, hiredate, monthname(hiredate) R1, sal from emp;
+----------+---------------------+------------+-----------+------+
| ename    | job                 | hiredate   | R1        | sal  |
+----------+---------------------+------------+-----------+------+
| GITA     | Compliance officers | 1981-07-19 | July      | 1750 |
| VRUSHALI | Compliance officers | 1981-07-19 | July      | 1750 |
| SHARMIN  | Public Relation     | 1981-07-19 | July      | 1750 |
| BANDISH  | Public Relation     | 1981-07-19 | July      | 1750 |
| SMITH    | CLERK               | 1980-12-17 | December  |  800 |
| AARAV    | CLERK               | 1981-12-31 | December  | 3350 |
| THOMAS   | CLERK               | 1981-07-19 | July      | 1750 |
| ALLEN    | SALESMAN            | 1981-02-20 | February  | 1600 |
| WARD     | SALESMAN            | 1981-02-22 | February  | 1250 |
| JONES    | MANAGER             | 1981-04-02 | April     | 2975 |
| MARTIN   | SALESMAN            | 1981-09-28 | September | 1250 |
| BLAKE    | MANAGER             | 1981-05-01 | May       | 2850 |
| CLARK    | MANAGER             | 1981-06-09 | June      | 2450 |
| SCOTT    | ANALYST             | 1982-12-09 | December  | 3000 |
| KING     | PRESIDENT           | 1981-11-17 | November  | 5000 |
| FRED     | vice PRESIDENT      | 1983-08-09 | August    | 5000 |
| TURNER   | SALESMAN            | 1981-09-08 | September | 1500 |
| ADAMS    | CLERK               | 1983-01-12 | January   | 1100 |
| JAMES    | CLERK               | 1981-12-03 | December  |  950 |
| FORD     | ANALYST             | 1981-12-03 | December  | 3000 |
| HOFFMAN  | MANAGER             | 1982-03-24 | March     | 4150 |
| GRASS    | SALESMAN            | 1980-02-14 | February  | 2575 |
| MILLER   | CLERK               | 1982-01-23 | January   | 1300 |
| AARUSH   | SALESMAN            | 1980-02-14 | February  | 1350 |
| ALEX     | MANAGER             | 1982-01-24 | January   | 1250 |
| NATASHA  | CLERK               | 1981-07-19 | July      | 1750 |
| SANGITA  | Compliance officers | 1981-07-19 | July      | 1750 |
| SUPRIYA  | ANALYST             | 1981-07-19 | July      | 1750 |
+----------+---------------------+------------+-----------+------+
28 rows in set (0.00 sec)

mysql> select ename, job, hiredate, monthname(hiredate) R1, sal from emp where   R1 = 'December';
ERROR 1054 (42S22): Unknown column 'R1' in 'where clause'
mysql> select ename, job, hiredate, monthname(hiredate) R1, sal from emp where   monthname(hiredate) = 'December';
+-------+---------+------------+----------+------+
| ename | job     | hiredate   | R1       | sal  |
+-------+---------+------------+----------+------+
| SMITH | CLERK   | 1980-12-17 | December |  800 |
| AARAV | CLERK   | 1981-12-31 | December | 3350 |
| SCOTT | ANALYST | 1982-12-09 | December | 3000 |
| JAMES | CLERK   | 1981-12-03 | December |  950 |
| FORD  | ANALYST | 1981-12-03 | December | 3000 |
+-------+---------+------------+----------+------+
5 rows in set (0.00 sec)

mysql>



------------------------------------------------

mysql> select ename, job,hiredate, sal, comm, isActive from emp;
+----------+---------------------+------------+------+------+----------+
| ename    | job                 | hiredate   | sal  | comm | isActive |
+----------+---------------------+------------+------+------+----------+
| GITA     | Compliance officers | 1981-07-19 | 1750 | NULL |        1 |
| VRUSHALI | Compliance officers | 1981-07-19 | 1750 | NULL |        1 |
| SHARMIN  | Public Relation     | 1981-07-19 | 1750 | NULL |        1 |
| BANDISH  | Public Relation     | 1981-07-19 | 1750 | NULL |        1 |
| SMITH    | CLERK               | 1980-12-17 |  800 | NULL |        0 |
| AARAV    | CLERK               | 1981-12-31 | 3350 | NULL |        0 |
| THOMAS   | CLERK               | 1981-07-19 | 1750 | NULL |        0 |
| ALLEN    | SALESMAN            | 1981-02-20 | 1600 |  300 |        1 |
| WARD     | SALESMAN            | 1981-02-22 | 1250 |  500 |        1 |
| JONES    | MANAGER             | 1981-04-02 | 2975 | NULL |        1 |
| MARTIN   | SALESMAN            | 1981-09-28 | 1250 | 1400 |        1 |
| BLAKE    | MANAGER             | 1981-05-01 | 2850 | NULL |        1 |
| CLARK    | MANAGER             | 1981-06-09 | 2450 | NULL |        1 |
| SCOTT    | ANALYST             | 1982-12-09 | 3000 | NULL |        1 |
| KING     | PRESIDENT           | 1981-11-17 | 5000 | NULL |        1 |
| FRED     | vice PRESIDENT      | 1983-08-09 | 5000 | NULL |        1 |
| TURNER   | SALESMAN            | 1981-09-08 | 1500 |    0 |        1 |
| ADAMS    | CLERK               | 1983-01-12 | 1100 | NULL |        1 |
| JAMES    | CLERK               | 1981-12-03 |  950 | NULL |        1 |
| FORD     | ANALYST             | 1981-12-03 | 3000 | NULL |        0 |
| HOFFMAN  | MANAGER             | 1982-03-24 | 4150 | NULL |        1 |
| GRASS    | SALESMAN            | 1980-02-14 | 2575 | 2700 |        1 |
| MILLER   | CLERK               | 1982-01-23 | 1300 | NULL |        0 |
| AARUSH   | SALESMAN            | 1980-02-14 | 1350 | 2700 |        0 |
| ALEX     | MANAGER             | 1982-01-24 | 1250 |  500 |        1 |
| NATASHA  | CLERK               | 1981-07-19 | 1750 | NULL |        1 |
| SANGITA  | Compliance officers | 1981-07-19 | 1750 | NULL |        1 |
| SUPRIYA  | ANALYST             | 1981-07-19 | 1750 | NULL |        1 |
+----------+---------------------+------------+------+------+----------+
28 rows in set (0.00 sec)

mysql> select ename, job, hiredate, sal, comm, isActive from emp where comm is null;
+----------+---------------------+------------+------+------+----------+
| ename    | job                 | hiredate   | sal  | comm | isActive |
+----------+---------------------+------------+------+------+----------+
| GITA     | Compliance officers | 1981-07-19 | 1750 | NULL |        1 |
| VRUSHALI | Compliance officers | 1981-07-19 | 1750 | NULL |        1 |
| SHARMIN  | Public Relation     | 1981-07-19 | 1750 | NULL |        1 |
| BANDISH  | Public Relation     | 1981-07-19 | 1750 | NULL |        1 |
| SMITH    | CLERK               | 1980-12-17 |  800 | NULL |        0 |
| AARAV    | CLERK               | 1981-12-31 | 3350 | NULL |        0 |
| THOMAS   | CLERK               | 1981-07-19 | 1750 | NULL |        0 |
| JONES    | MANAGER             | 1981-04-02 | 2975 | NULL |        1 |
| BLAKE    | MANAGER             | 1981-05-01 | 2850 | NULL |        1 |
| CLARK    | MANAGER             | 1981-06-09 | 2450 | NULL |        1 |
| SCOTT    | ANALYST             | 1982-12-09 | 3000 | NULL |        1 |
| KING     | PRESIDENT           | 1981-11-17 | 5000 | NULL |        1 |
| FRED     | vice PRESIDENT      | 1983-08-09 | 5000 | NULL |        1 |
| ADAMS    | CLERK               | 1983-01-12 | 1100 | NULL |        1 |
| JAMES    | CLERK               | 1981-12-03 |  950 | NULL |        1 |
| FORD     | ANALYST             | 1981-12-03 | 3000 | NULL |        0 |
| HOFFMAN  | MANAGER             | 1982-03-24 | 4150 | NULL |        1 |
| MILLER   | CLERK               | 1982-01-23 | 1300 | NULL |        0 |
| NATASHA  | CLERK               | 1981-07-19 | 1750 | NULL |        1 |
| SANGITA  | Compliance officers | 1981-07-19 | 1750 | NULL |        1 |
| SUPRIYA  | ANALYST             | 1981-07-19 | 1750 | NULL |        1 |
+----------+---------------------+------------+------+------+----------+
21 rows in set (0.00 sec)

mysql> select ename, job, hiredate, sal, comm, isActive from emp where comm is not null;
+--------+----------+------------+------+------+----------+
| ename  | job      | hiredate   | sal  | comm | isActive |
+--------+----------+------------+------+------+----------+
| ALLEN  | SALESMAN | 1981-02-20 | 1600 |  300 |        1 |
| WARD   | SALESMAN | 1981-02-22 | 1250 |  500 |        1 |
| MARTIN | SALESMAN | 1981-09-28 | 1250 | 1400 |        1 |
| TURNER | SALESMAN | 1981-09-08 | 1500 |    0 |        1 |
| GRASS  | SALESMAN | 1980-02-14 | 2575 | 2700 |        1 |
| AARUSH | SALESMAN | 1980-02-14 | 1350 | 2700 |        0 |
| ALEX   | MANAGER  | 1982-01-24 | 1250 |  500 |        1 |
+--------+----------+------------+------+------+----------+
7 rows in set (0.00 sec)

mysql> select ename, job, hiredate, sal, comm, isActive from emp where isnull(comm) = 1;
+----------+---------------------+------------+------+------+----------+
| ename    | job                 | hiredate   | sal  | comm | isActive |
+----------+---------------------+------------+------+------+----------+
| GITA     | Compliance officers | 1981-07-19 | 1750 | NULL |        1 |
| VRUSHALI | Compliance officers | 1981-07-19 | 1750 | NULL |        1 |
| SHARMIN  | Public Relation     | 1981-07-19 | 1750 | NULL |        1 |
| BANDISH  | Public Relation     | 1981-07-19 | 1750 | NULL |        1 |
| SMITH    | CLERK               | 1980-12-17 |  800 | NULL |        0 |
| AARAV    | CLERK               | 1981-12-31 | 3350 | NULL |        0 |
| THOMAS   | CLERK               | 1981-07-19 | 1750 | NULL |        0 |
| JONES    | MANAGER             | 1981-04-02 | 2975 | NULL |        1 |
| BLAKE    | MANAGER             | 1981-05-01 | 2850 | NULL |        1 |
| CLARK    | MANAGER             | 1981-06-09 | 2450 | NULL |        1 |
| SCOTT    | ANALYST             | 1982-12-09 | 3000 | NULL |        1 |
| KING     | PRESIDENT           | 1981-11-17 | 5000 | NULL |        1 |
| FRED     | vice PRESIDENT      | 1983-08-09 | 5000 | NULL |        1 |
| ADAMS    | CLERK               | 1983-01-12 | 1100 | NULL |        1 |
| JAMES    | CLERK               | 1981-12-03 |  950 | NULL |        1 |
| FORD     | ANALYST             | 1981-12-03 | 3000 | NULL |        0 |
| HOFFMAN  | MANAGER             | 1982-03-24 | 4150 | NULL |        1 |
| MILLER   | CLERK               | 1982-01-23 | 1300 | NULL |        0 |
| NATASHA  | CLERK               | 1981-07-19 | 1750 | NULL |        1 |
| SANGITA  | Compliance officers | 1981-07-19 | 1750 | NULL |        1 |
| SUPRIYA  | ANALYST             | 1981-07-19 | 1750 | NULL |        1 |
+----------+---------------------+------------+------+------+----------+
21 rows in set (0.00 sec)

mysql> select ename, job, hiredate, sal, comm, isActive from emp where isnull(comm) = 0;
+--------+----------+------------+------+------+----------+
| ename  | job      | hiredate   | sal  | comm | isActive |
+--------+----------+------------+------+------+----------+
| ALLEN  | SALESMAN | 1981-02-20 | 1600 |  300 |        1 |
| WARD   | SALESMAN | 1981-02-22 | 1250 |  500 |        1 |
| MARTIN | SALESMAN | 1981-09-28 | 1250 | 1400 |        1 |
| TURNER | SALESMAN | 1981-09-08 | 1500 |    0 |        1 |
| GRASS  | SALESMAN | 1980-02-14 | 2575 | 2700 |        1 |
| AARUSH | SALESMAN | 1980-02-14 | 1350 | 2700 |        0 |
| ALEX   | MANAGER  | 1982-01-24 | 1250 |  500 |        1 |
+--------+----------+------------+------+------+----------+
7 rows in set (0.00 sec)

mysql> select ename, job, hiredate, sal, comm, isActive from emp where hiredate = '1980-02-14';
+--------+----------+------------+------+------+----------+
| ename  | job      | hiredate   | sal  | comm | isActive |
+--------+----------+------------+------+------+----------+
| GRASS  | SALESMAN | 1980-02-14 | 2575 | 2700 |        1 |
| AARUSH | SALESMAN | 1980-02-14 | 1350 | 2700 |        0 |
+--------+----------+------------+------+------+----------+
2 rows in set (0.01 sec)

mysql> select ename, job, hiredate, sal, comm, isActive from emp where year(hiredate) = 80;
Empty set (0.00 sec)

mysql> select ename, job, hiredate, sal, comm, isActive from emp where year(hiredate) = 1980;
+--------+----------+------------+------+------+----------+
| ename  | job      | hiredate   | sal  | comm | isActive |
+--------+----------+------------+------+------+----------+
| SMITH  | CLERK    | 1980-12-17 |  800 | NULL |        0 |
| GRASS  | SALESMAN | 1980-02-14 | 2575 | 2700 |        1 |
| AARUSH | SALESMAN | 1980-02-14 | 1350 | 2700 |        0 |
+--------+----------+------------+------+------+----------+
3 rows in set (0.00 sec)

mysql> select ename, job, hiredate, sal, comm, isActive from emp where sal > 2000 and sal <=3000;
+-------+----------+------------+------+------+----------+
| ename | job      | hiredate   | sal  | comm | isActive |
+-------+----------+------------+------+------+----------+
| JONES | MANAGER  | 1981-04-02 | 2975 | NULL |        1 |
| BLAKE | MANAGER  | 1981-05-01 | 2850 | NULL |        1 |
| CLARK | MANAGER  | 1981-06-09 | 2450 | NULL |        1 |
| SCOTT | ANALYST  | 1982-12-09 | 3000 | NULL |        1 |
| FORD  | ANALYST  | 1981-12-03 | 3000 | NULL |        0 |
| GRASS | SALESMAN | 1980-02-14 | 2575 | 2700 |        1 |
+-------+----------+------------+------+------+----------+
6 rows in set (0.00 sec)

mysql> select ename, job, hiredate, sal, comm, isActive from emp where sal > 2000 and sal <=3000;
+-------+----------+------------+------+------+----------+
| ename | job      | hiredate   | sal  | comm | isActive |
+-------+----------+------------+------+------+----------+
| JONES | MANAGER  | 1981-04-02 | 2975 | NULL |        1 |
| BLAKE | MANAGER  | 1981-05-01 | 2850 | NULL |        1 |
| CLARK | MANAGER  | 1981-06-09 | 2450 | NULL |        1 |
| SCOTT | ANALYST  | 1982-12-09 | 3000 | NULL |        1 |
| FORD  | ANALYST  | 1981-12-03 | 3000 | NULL |        0 |
| GRASS | SALESMAN | 1980-02-14 | 2575 | 2700 |        1 |
+-------+----------+------------+------+------+----------+
6 rows in set (0.00 sec)

mysql> select ename, job, hiredate, sal, comm, isActive from emp where sal between 2000 and 3000;
+-------+----------+------------+------+------+----------+
| ename | job      | hiredate   | sal  | comm | isActive |
+-------+----------+------------+------+------+----------+
| JONES | MANAGER  | 1981-04-02 | 2975 | NULL |        1 |
| BLAKE | MANAGER  | 1981-05-01 | 2850 | NULL |        1 |
| CLARK | MANAGER  | 1981-06-09 | 2450 | NULL |        1 |
| SCOTT | ANALYST  | 1982-12-09 | 3000 | NULL |        1 |
| FORD  | ANALYST  | 1981-12-03 | 3000 | NULL |        0 |
| GRASS | SALESMAN | 1980-02-14 | 2575 | 2700 |        1 |
+-------+----------+------------+------+------+----------+
6 rows in set (0.00 sec)

mysql> select ename, job, hiredate, sal, comm, isActive from emp where sal between (2000 and 3000);
ERROR 1064 (42000): You have an error in your SQL syntax; check the manual that corresponds to your MySQL server version for the right syntax to use near '' at line 1
mysql> select ename, job, hiredate, sal, comm, isActive from emp where sal between 2000 and 3000;
+-------+----------+------------+------+------+----------+
| ename | job      | hiredate   | sal  | comm | isActive |
+-------+----------+------------+------+------+----------+
| JONES | MANAGER  | 1981-04-02 | 2975 | NULL |        1 |
| BLAKE | MANAGER  | 1981-05-01 | 2850 | NULL |        1 |
| CLARK | MANAGER  | 1981-06-09 | 2450 | NULL |        1 |
| SCOTT | ANALYST  | 1982-12-09 | 3000 | NULL |        1 |
| FORD  | ANALYST  | 1981-12-03 | 3000 | NULL |        0 |
| GRASS | SALESMAN | 1980-02-14 | 2575 | 2700 |        1 |
+-------+----------+------------+------+------+----------+
6 rows in set (0.00 sec)

mysql> select ename, job, hiredate, sal, comm, isActive from emp where job = 'manager' or job='salesman'
    -> ;
+---------+----------+------------+------+------+----------+
| ename   | job      | hiredate   | sal  | comm | isActive |
+---------+----------+------------+------+------+----------+
| ALLEN   | SALESMAN | 1981-02-20 | 1600 |  300 |        1 |
| WARD    | SALESMAN | 1981-02-22 | 1250 |  500 |        1 |
| JONES   | MANAGER  | 1981-04-02 | 2975 | NULL |        1 |
| MARTIN  | SALESMAN | 1981-09-28 | 1250 | 1400 |        1 |
| BLAKE   | MANAGER  | 1981-05-01 | 2850 | NULL |        1 |
| CLARK   | MANAGER  | 1981-06-09 | 2450 | NULL |        1 |
| TURNER  | SALESMAN | 1981-09-08 | 1500 |    0 |        1 |
| HOFFMAN | MANAGER  | 1982-03-24 | 4150 | NULL |        1 |
| GRASS   | SALESMAN | 1980-02-14 | 2575 | 2700 |        1 |
| AARUSH  | SALESMAN | 1980-02-14 | 1350 | 2700 |        0 |
| ALEX    | MANAGER  | 1982-01-24 | 1250 |  500 |        1 |
+---------+----------+------------+------+------+----------+
11 rows in set (0.00 sec)

mysql> select ename, job, hiredate, sal, comm, isActive from emp where job in ('manager', 'salesman');
+---------+----------+------------+------+------+----------+
| ename   | job      | hiredate   | sal  | comm | isActive |
+---------+----------+------------+------+------+----------+
| ALLEN   | SALESMAN | 1981-02-20 | 1600 |  300 |        1 |
| WARD    | SALESMAN | 1981-02-22 | 1250 |  500 |        1 |
| JONES   | MANAGER  | 1981-04-02 | 2975 | NULL |        1 |
| MARTIN  | SALESMAN | 1981-09-28 | 1250 | 1400 |        1 |
| BLAKE   | MANAGER  | 1981-05-01 | 2850 | NULL |        1 |
| CLARK   | MANAGER  | 1981-06-09 | 2450 | NULL |        1 |
| TURNER  | SALESMAN | 1981-09-08 | 1500 |    0 |        1 |
| HOFFMAN | MANAGER  | 1982-03-24 | 4150 | NULL |        1 |
| GRASS   | SALESMAN | 1980-02-14 | 2575 | 2700 |        1 |
| AARUSH  | SALESMAN | 1980-02-14 | 1350 | 2700 |        0 |
| ALEX    | MANAGER  | 1982-01-24 | 1250 |  500 |        1 |
+---------+----------+------------+------+------+----------+
11 rows in set (0.00 sec)

mysql> select ename, job, hiredate, sal, comm, isActive from emp where ename  like 'A%';
+--------+----------+------------+------+------+----------+
| ename  | job      | hiredate   | sal  | comm | isActive |
+--------+----------+------------+------+------+----------+
| AARAV  | CLERK    | 1981-12-31 | 3350 | NULL |        0 |
| ALLEN  | SALESMAN | 1981-02-20 | 1600 |  300 |        1 |
| ADAMS  | CLERK    | 1983-01-12 | 1100 | NULL |        1 |
| AARUSH | SALESMAN | 1980-02-14 | 1350 | 2700 |        0 |
| ALEX   | MANAGER  | 1982-01-24 | 1250 |  500 |        1 |
+--------+----------+------------+------+------+----------+
5 rows in set (0.00 sec)

mysql> select ename, job, hiredate, sal, comm, isActive from emp where ename  like '%s';
+--------+----------+------------+------+------+----------+
| ename  | job      | hiredate   | sal  | comm | isActive |
+--------+----------+------------+------+------+----------+
| THOMAS | CLERK    | 1981-07-19 | 1750 | NULL |        0 |
| JONES  | MANAGER  | 1981-04-02 | 2975 | NULL |        1 |
| ADAMS  | CLERK    | 1983-01-12 | 1100 | NULL |        1 |
| JAMES  | CLERK    | 1981-12-03 |  950 | NULL |        1 |
| GRASS  | SALESMAN | 1980-02-14 | 2575 | 2700 |        1 |
+--------+----------+------------+------+------+----------+
5 rows in set (0.00 sec)

mysql> select ename, job, hiredate, sal, comm, isActive from emp where ename  like '__A%';
+---------+-----------------+------------+------+------+----------+
| ename   | job             | hiredate   | sal  | comm | isActive |
+---------+-----------------+------------+------+------+----------+
| SHARMIN | Public Relation | 1981-07-19 | 1750 | NULL |        1 |
| BLAKE   | MANAGER         | 1981-05-01 | 2850 | NULL |        1 |
| CLARK   | MANAGER         | 1981-06-09 | 2450 | NULL |        1 |
| ADAMS   | CLERK           | 1983-01-12 | 1100 | NULL |        1 |
| GRASS   | SALESMAN        | 1980-02-14 | 2575 | 2700 |        1 |
+---------+-----------------+------------+------+------+----------+
5 rows in set (0.00 sec)

mysql> select * from temp;
ERROR 1146 (42S02): Table 'db1.temp' doesn't exist
mysql> select * from temp1;
+------+------------------------+
| col1 | col2                   |
+------+------------------------+
|    1 | 25%                    |
|    2 | 1.st%                  |
|    3 | 30.12%                 |
|    4 | 12^4                   |
|    5 | 1^2^3                  |
|    6 | 56*12*.12              |
|    7 | 1st INT                |
|    8 | Rs. 1000               |
|    9 | $5000                  |
|   10 | ABB+                   |
|   11 | _ABB                   |
|   12 | A_BB                   |
|   13 | CNN                    |
|   14 | C_N_N                  |
|   15 | CN_N                   |
|   16 | ABB_                   |
|   17 | AB_B                   |
|   18 | %ABB                   |
|   19 | A%B%B                  |
|   20 | L&T                    |
|   21 | L_&_T                  |
|   22 | ABB-200                |
|   23 | ABB:200                |
|   24 | ABB_200                |
|   25 | ABB/200/300            |
|   26 | AC/100, AC/200, AC/300 |
|   27 | A_BC                   |
|   28 | A_B_C                  |
|   29 | A\_BC                  |
+------+------------------------+
29 rows in set (0.00 sec)

mysql> select * from temp1 where col2 like '%';
+------+------------------------+
| col1 | col2                   |
+------+------------------------+
|    1 | 25%                    |
|    2 | 1.st%                  |
|    3 | 30.12%                 |
|    4 | 12^4                   |
|    5 | 1^2^3                  |
|    6 | 56*12*.12              |
|    7 | 1st INT                |
|    8 | Rs. 1000               |
|    9 | $5000                  |
|   10 | ABB+                   |
|   11 | _ABB                   |
|   12 | A_BB                   |
|   13 | CNN                    |
|   14 | C_N_N                  |
|   15 | CN_N                   |
|   16 | ABB_                   |
|   17 | AB_B                   |
|   18 | %ABB                   |
|   19 | A%B%B                  |
|   20 | L&T                    |
|   21 | L_&_T                  |
|   22 | ABB-200                |
|   23 | ABB:200                |
|   24 | ABB_200                |
|   25 | ABB/200/300            |
|   26 | AC/100, AC/200, AC/300 |
|   27 | A_BC                   |
|   28 | A_B_C                  |
|   29 | A\_BC                  |
+------+------------------------+
29 rows in set (0.00 sec)

mysql> select * from temp1 where col2 like '%%';
+------+------------------------+
| col1 | col2                   |
+------+------------------------+
|    1 | 25%                    |
|    2 | 1.st%                  |
|    3 | 30.12%                 |
|    4 | 12^4                   |
|    5 | 1^2^3                  |
|    6 | 56*12*.12              |
|    7 | 1st INT                |
|    8 | Rs. 1000               |
|    9 | $5000                  |
|   10 | ABB+                   |
|   11 | _ABB                   |
|   12 | A_BB                   |
|   13 | CNN                    |
|   14 | C_N_N                  |
|   15 | CN_N                   |
|   16 | ABB_                   |
|   17 | AB_B                   |
|   18 | %ABB                   |
|   19 | A%B%B                  |
|   20 | L&T                    |
|   21 | L_&_T                  |
|   22 | ABB-200                |
|   23 | ABB:200                |
|   24 | ABB_200                |
|   25 | ABB/200/300            |
|   26 | AC/100, AC/200, AC/300 |
|   27 | A_BC                   |
|   28 | A_B_C                  |
|   29 | A\_BC                  |
+------+------------------------+
29 rows in set (0.00 sec)

mysql> select * from temp1 where col2 like '%\%';
+------+--------+
| col1 | col2   |
+------+--------+
|    1 | 25%    |
|    2 | 1.st%  |
|    3 | 30.12% |
+------+--------+
3 rows in set (0.00 sec)

mysql> select * from temp1 where col2 like '%\%%';
+------+--------+
| col1 | col2   |
+------+--------+
|    1 | 25%    |
|    2 | 1.st%  |
|    3 | 30.12% |
|   18 | %ABB   |
|   19 | A%B%B  |
+------+--------+
5 rows in set (0.00 sec)

mysql> select * from temp1 where col2 like '%\%%';
+------+--------+
| col1 | col2   |
+------+--------+
|    1 | 25%    |
|    2 | 1.st%  |
|    3 | 30.12% |
|   18 | %ABB   |
|   19 | A%B%B  |
+------+--------+
5 rows in set (0.00 sec)

mysql> select ename, job, hiredate, sal, comm, isActive from emp;
+----------+---------------------+------------+------+------+----------+
| ename    | job                 | hiredate   | sal  | comm | isActive |
+----------+---------------------+------------+------+------+----------+
| GITA     | Compliance officers | 1981-07-19 | 1750 | NULL |        1 |
| VRUSHALI | Compliance officers | 1981-07-19 | 1750 | NULL |        1 |
| SHARMIN  | Public Relation     | 1981-07-19 | 1750 | NULL |        1 |
| BANDISH  | Public Relation     | 1981-07-19 | 1750 | NULL |        1 |
| SMITH    | CLERK               | 1980-12-17 |  800 | NULL |        0 |
| AARAV    | CLERK               | 1981-12-31 | 3350 | NULL |        0 |
| THOMAS   | CLERK               | 1981-07-19 | 1750 | NULL |        0 |
| ALLEN    | SALESMAN            | 1981-02-20 | 1600 |  300 |        1 |
| WARD     | SALESMAN            | 1981-02-22 | 1250 |  500 |        1 |
| JONES    | MANAGER             | 1981-04-02 | 2975 | NULL |        1 |
| MARTIN   | SALESMAN            | 1981-09-28 | 1250 | 1400 |        1 |
| BLAKE    | MANAGER             | 1981-05-01 | 2850 | NULL |        1 |
| CLARK    | MANAGER             | 1981-06-09 | 2450 | NULL |        1 |
| SCOTT    | ANALYST             | 1982-12-09 | 3000 | NULL |        1 |
| KING     | PRESIDENT           | 1981-11-17 | 5000 | NULL |        1 |
| FRED     | vice PRESIDENT      | 1983-08-09 | 5000 | NULL |        1 |
| TURNER   | SALESMAN            | 1981-09-08 | 1500 |    0 |        1 |
| ADAMS    | CLERK               | 1983-01-12 | 1100 | NULL |        1 |
| JAMES    | CLERK               | 1981-12-03 |  950 | NULL |        1 |
| FORD     | ANALYST             | 1981-12-03 | 3000 | NULL |        0 |
| HOFFMAN  | MANAGER             | 1982-03-24 | 4150 | NULL |        1 |
| GRASS    | SALESMAN            | 1980-02-14 | 2575 | 2700 |        1 |
| MILLER   | CLERK               | 1982-01-23 | 1300 | NULL |        0 |
| AARUSH   | SALESMAN            | 1980-02-14 | 1350 | 2700 |        0 |
| ALEX     | MANAGER             | 1982-01-24 | 1250 |  500 |        1 |
| NATASHA  | CLERK               | 1981-07-19 | 1750 | NULL |        1 |
| SANGITA  | Compliance officers | 1981-07-19 | 1750 | NULL |        1 |
| SUPRIYA  | ANALYST             | 1981-07-19 | 1750 | NULL |        1 |
+----------+---------------------+------------+------+------+----------+
28 rows in set (0.00 sec)

mysql> select ename, job, hiredate, sal, comm, isActive from emp where ename like '%a%a%';
+---------+---------------------+------------+------+------+----------+
| ename   | job                 | hiredate   | sal  | comm | isActive |
+---------+---------------------+------------+------+------+----------+
| AARAV   | CLERK               | 1981-12-31 | 3350 | NULL |        0 |
| ADAMS   | CLERK               | 1983-01-12 | 1100 | NULL |        1 |
| AARUSH  | SALESMAN            | 1980-02-14 | 1350 | 2700 |        0 |
| NATASHA | CLERK               | 1981-07-19 | 1750 | NULL |        1 |
| SANGITA | Compliance officers | 1981-07-19 | 1750 | NULL |        1 |
+---------+---------------------+------------+------+------+----------+
5 rows in set (0.00 sec)

mysql> select ename, job, hiredate, sal, comm, isActive from emp where ename like '%aa%';
+--------+----------+------------+------+------+----------+
| ename  | job      | hiredate   | sal  | comm | isActive |
+--------+----------+------------+------+------+----------+
| AARAV  | CLERK    | 1981-12-31 | 3350 | NULL |        0 |
| AARUSH | SALESMAN | 1980-02-14 | 1350 | 2700 |        0 |
+--------+----------+------------+------+------+----------+
2 rows in set (0.00 sec)

mysql> select * from temp1;
+------+------------------------+
| col1 | col2                   |
+------+------------------------+
|    1 | 25%                    |
|    2 | 1.st%                  |
|    3 | 30.12%                 |
|    4 | 12^4                   |
|    5 | 1^2^3                  |
|    6 | 56*12*.12              |
|    7 | 1st INT                |
|    8 | Rs. 1000               |
|    9 | $5000                  |
|   10 | ABB+                   |
|   11 | _ABB                   |
|   12 | A_BB                   |
|   13 | CNN                    |
|   14 | C_N_N                  |
|   15 | CN_N                   |
|   16 | ABB_                   |
|   17 | AB_B                   |
|   18 | %ABB                   |
|   19 | A%B%B                  |
|   20 | L&T                    |
|   21 | L_&_T                  |
|   22 | ABB-200                |
|   23 | ABB:200                |
|   24 | ABB_200                |
|   25 | ABB/200/300            |
|   26 | AC/100, AC/200, AC/300 |
|   27 | A_BC                   |
|   28 | A_B_C                  |
|   29 | A\_BC                  |
+------+------------------------+
29 rows in set (0.00 sec)

mysql> select * from temp1 where col2 like '%\_%';
+------+---------+
| col1 | col2    |
+------+---------+
|   11 | _ABB    |
|   12 | A_BB    |
|   14 | C_N_N   |
|   15 | CN_N    |
|   16 | ABB_    |
|   17 | AB_B    |
|   21 | L_&_T   |
|   24 | ABB_200 |
|   27 | A_BC    |
|   28 | A_B_C   |
|   29 | A\_BC   |
+------+---------+
11 rows in set (0.00 sec)

mysql> select * from temp1 where col2 like '%\\_%';
+------+---------+
| col1 | col2    |
+------+---------+
|   11 | _ABB    |
|   12 | A_BB    |
|   14 | C_N_N   |
|   15 | CN_N    |
|   16 | ABB_    |
|   17 | AB_B    |
|   21 | L_&_T   |
|   24 | ABB_200 |
|   27 | A_BC    |
|   28 | A_B_C   |
|   29 | A\_BC   |
+------+---------+
11 rows in set (0.00 sec)

mysql> select * from temp1 where col2 like '%\%\_%';
Empty set (0.00 sec)

mysql> select * from temp1 where col2 like ' %/_*' escape '/';
Empty set (0.00 sec)

mysql> select * from temp1 where col2 like ' %/_%' escape '/';
Empty set (0.00 sec)

mysql> select * from temp1 where col2 like '%/_%' escape '/';
+------+---------+
| col1 | col2    |
+------+---------+
|   11 | _ABB    |
|   12 | A_BB    |
|   14 | C_N_N   |
|   15 | CN_N    |
|   16 | ABB_    |
|   17 | AB_B    |
|   21 | L_&_T   |
|   24 | ABB_200 |
|   27 | A_BC    |
|   28 | A_B_C   |
|   29 | A\_BC   |
+------+---------+
11 rows in set (0.00 sec)

mysql> select * from temp1 where col2 like '%\/_%' escape '/';
+------+---------+
| col1 | col2    |
+------+---------+
|   11 | _ABB    |
|   12 | A_BB    |
|   14 | C_N_N   |
|   15 | CN_N    |
|   16 | ABB_    |
|   17 | AB_B    |
|   21 | L_&_T   |
|   24 | ABB_200 |
|   27 | A_BC    |
|   28 | A_B_C   |
|   29 | A\_BC   |
+------+---------+
11 rows in set (0.00 sec)

mysql> select * from temp1 where col2 like '%\/_%' escape '/';
+------+---------+
| col1 | col2    |
+------+---------+
|   11 | _ABB    |
|   12 | A_BB    |
|   14 | C_N_N   |
|   15 | CN_N    |
|   16 | ABB_    |
|   17 | AB_B    |
|   21 | L_&_T   |
|   24 | ABB_200 |
|   27 | A_BC    |
|   28 | A_B_C   |
|   29 | A\_BC   |
+------+---------+
11 rows in set (0.00 sec)

mysql> select * from temp1 where col2 like '%\_%' escape '/';
+------+-------+
| col1 | col2  |
+------+-------+
|   29 | A\_BC |
+------+-------+
1 row in set (0.00 sec)

mysql> select * from temp1 where col2 like '%\_%';
+------+---------+
| col1 | col2    |
+------+---------+
|   11 | _ABB    |
|   12 | A_BB    |
|   14 | C_N_N   |
|   15 | CN_N    |
|   16 | ABB_    |
|   17 | AB_B    |
|   21 | L_&_T   |
|   24 | ABB_200 |
|   27 | A_BC    |
|   28 | A_B_C   |
|   29 | A\_BC   |
+------+---------+
11 rows in set (0.00 sec)

mysql> select * from temp1 where col2 like '%\_%' escape '/';
+------+-------+
| col1 | col2  |
+------+-------+
|   29 | A\_BC |
+------+-------+
1 row in set (0.00 sec)

mysql> select * from temp1 where col2 like '%\%' escape '/';
+------+-------+
| col1 | col2  |
+------+-------+
|   29 | A\_BC |
+------+-------+
1 row in set (0.00 sec)

mysql> select ename, job, hiredate, sal, comm, isActive from emp where sal like '2___';
+-------+----------+------------+------+------+----------+
| ename | job      | hiredate   | sal  | comm | isActive |
+-------+----------+------------+------+------+----------+
| JONES | MANAGER  | 1981-04-02 | 2975 | NULL |        1 |
| BLAKE | MANAGER  | 1981-05-01 | 2850 | NULL |        1 |
| CLARK | MANAGER  | 1981-06-09 | 2450 | NULL |        1 |
| GRASS | SALESMAN | 1980-02-14 | 2575 | 2700 |        1 |
+-------+----------+------------+------+------+----------+
4 rows in set (0.00 sec)

mysql> select ename, job, hiredate, sal, comm, isActive from emp where sal like '2%';
+-------+----------+------------+------+------+----------+
| ename | job      | hiredate   | sal  | comm | isActive |
+-------+----------+------------+------+------+----------+
| JONES | MANAGER  | 1981-04-02 | 2975 | NULL |        1 |
| BLAKE | MANAGER  | 1981-05-01 | 2850 | NULL |        1 |
| CLARK | MANAGER  | 1981-06-09 | 2450 | NULL |        1 |
| GRASS | SALESMAN | 1980-02-14 | 2575 | 2700 |        1 |
+-------+----------+------------+------+------+----------+
4 rows in set (0.00 sec)

mysql> select ename, job, hiredate, sal, comm, isActive from emp;
+----------+---------------------+------------+------+------+----------+
| ename    | job                 | hiredate   | sal  | comm | isActive |
+----------+---------------------+------------+------+------+----------+
| GITA     | Compliance officers | 1981-07-19 | 1750 | NULL |        1 |
| VRUSHALI | Compliance officers | 1981-07-19 | 1750 | NULL |        1 |
| SHARMIN  | Public Relation     | 1981-07-19 | 1750 | NULL |        1 |
| BANDISH  | Public Relation     | 1981-07-19 | 1750 | NULL |        1 |
| SMITH    | CLERK               | 1980-12-17 |  800 | NULL |        0 |
| AARAV    | CLERK               | 1981-12-31 | 3350 | NULL |        0 |
| THOMAS   | CLERK               | 1981-07-19 | 1750 | NULL |        0 |
| ALLEN    | SALESMAN            | 1981-02-20 | 1600 |  300 |        1 |
| WARD     | SALESMAN            | 1981-02-22 | 1250 |  500 |        1 |
| JONES    | MANAGER             | 1981-04-02 | 2975 | NULL |        1 |
| MARTIN   | SALESMAN            | 1981-09-28 | 1250 | 1400 |        1 |
| BLAKE    | MANAGER             | 1981-05-01 | 2850 | NULL |        1 |
| CLARK    | MANAGER             | 1981-06-09 | 2450 | NULL |        1 |
| SCOTT    | ANALYST             | 1982-12-09 | 3000 | NULL |        1 |
| KING     | PRESIDENT           | 1981-11-17 | 5000 | NULL |        1 |
| FRED     | vice PRESIDENT      | 1983-08-09 | 5000 | NULL |        1 |
| TURNER   | SALESMAN            | 1981-09-08 | 1500 |    0 |        1 |
| ADAMS    | CLERK               | 1983-01-12 | 1100 | NULL |        1 |
| JAMES    | CLERK               | 1981-12-03 |  950 | NULL |        1 |
| FORD     | ANALYST             | 1981-12-03 | 3000 | NULL |        0 |
| HOFFMAN  | MANAGER             | 1982-03-24 | 4150 | NULL |        1 |
| GRASS    | SALESMAN            | 1980-02-14 | 2575 | 2700 |        1 |
| MILLER   | CLERK               | 1982-01-23 | 1300 | NULL |        0 |
| AARUSH   | SALESMAN            | 1980-02-14 | 1350 | 2700 |        0 |
| ALEX     | MANAGER             | 1982-01-24 | 1250 |  500 |        1 |
| NATASHA  | CLERK               | 1981-07-19 | 1750 | NULL |        1 |
| SANGITA  | Compliance officers | 1981-07-19 | 1750 | NULL |        1 |
| SUPRIYA  | ANALYST             | 1981-07-19 | 1750 | NULL |        1 |
+----------+---------------------+------------+------+------+----------+
28 rows in set (0.00 sec)

mysql> select ename, job, hiredate, sal, comm, isActive from emp where isactive;
+----------+---------------------+------------+------+------+----------+
| ename    | job                 | hiredate   | sal  | comm | isActive |
+----------+---------------------+------------+------+------+----------+
| GITA     | Compliance officers | 1981-07-19 | 1750 | NULL |        1 |
| VRUSHALI | Compliance officers | 1981-07-19 | 1750 | NULL |        1 |
| SHARMIN  | Public Relation     | 1981-07-19 | 1750 | NULL |        1 |
| BANDISH  | Public Relation     | 1981-07-19 | 1750 | NULL |        1 |
| ALLEN    | SALESMAN            | 1981-02-20 | 1600 |  300 |        1 |
| WARD     | SALESMAN            | 1981-02-22 | 1250 |  500 |        1 |
| JONES    | MANAGER             | 1981-04-02 | 2975 | NULL |        1 |
| MARTIN   | SALESMAN            | 1981-09-28 | 1250 | 1400 |        1 |
| BLAKE    | MANAGER             | 1981-05-01 | 2850 | NULL |        1 |
| CLARK    | MANAGER             | 1981-06-09 | 2450 | NULL |        1 |
| SCOTT    | ANALYST             | 1982-12-09 | 3000 | NULL |        1 |
| KING     | PRESIDENT           | 1981-11-17 | 5000 | NULL |        1 |
| FRED     | vice PRESIDENT      | 1983-08-09 | 5000 | NULL |        1 |
| TURNER   | SALESMAN            | 1981-09-08 | 1500 |    0 |        1 |
| ADAMS    | CLERK               | 1983-01-12 | 1100 | NULL |        1 |
| JAMES    | CLERK               | 1981-12-03 |  950 | NULL |        1 |
| HOFFMAN  | MANAGER             | 1982-03-24 | 4150 | NULL |        1 |
| GRASS    | SALESMAN            | 1980-02-14 | 2575 | 2700 |        1 |
| ALEX     | MANAGER             | 1982-01-24 | 1250 |  500 |        1 |
| NATASHA  | CLERK               | 1981-07-19 | 1750 | NULL |        1 |
| SANGITA  | Compliance officers | 1981-07-19 | 1750 | NULL |        1 |
| SUPRIYA  | ANALYST             | 1981-07-19 | 1750 | NULL |        1 |
+----------+---------------------+------------+------+------+----------+
22 rows in set (0.00 sec)

mysql> select ename, job, hiredate, sal, comm, isActive from emp where sal;
+----------+---------------------+------------+------+------+----------+
| ename    | job                 | hiredate   | sal  | comm | isActive |
+----------+---------------------+------------+------+------+----------+
| GITA     | Compliance officers | 1981-07-19 | 1750 | NULL |        1 |
| VRUSHALI | Compliance officers | 1981-07-19 | 1750 | NULL |        1 |
| SHARMIN  | Public Relation     | 1981-07-19 | 1750 | NULL |        1 |
| BANDISH  | Public Relation     | 1981-07-19 | 1750 | NULL |        1 |
| SMITH    | CLERK               | 1980-12-17 |  800 | NULL |        0 |
| AARAV    | CLERK               | 1981-12-31 | 3350 | NULL |        0 |
| THOMAS   | CLERK               | 1981-07-19 | 1750 | NULL |        0 |
| ALLEN    | SALESMAN            | 1981-02-20 | 1600 |  300 |        1 |
| WARD     | SALESMAN            | 1981-02-22 | 1250 |  500 |        1 |
| JONES    | MANAGER             | 1981-04-02 | 2975 | NULL |        1 |
| MARTIN   | SALESMAN            | 1981-09-28 | 1250 | 1400 |        1 |
| BLAKE    | MANAGER             | 1981-05-01 | 2850 | NULL |        1 |
| CLARK    | MANAGER             | 1981-06-09 | 2450 | NULL |        1 |
| SCOTT    | ANALYST             | 1982-12-09 | 3000 | NULL |        1 |
| KING     | PRESIDENT           | 1981-11-17 | 5000 | NULL |        1 |
| FRED     | vice PRESIDENT      | 1983-08-09 | 5000 | NULL |        1 |
| TURNER   | SALESMAN            | 1981-09-08 | 1500 |    0 |        1 |
| ADAMS    | CLERK               | 1983-01-12 | 1100 | NULL |        1 |
| JAMES    | CLERK               | 1981-12-03 |  950 | NULL |        1 |
| FORD     | ANALYST             | 1981-12-03 | 3000 | NULL |        0 |
| HOFFMAN  | MANAGER             | 1982-03-24 | 4150 | NULL |        1 |
| GRASS    | SALESMAN            | 1980-02-14 | 2575 | 2700 |        1 |
| MILLER   | CLERK               | 1982-01-23 | 1300 | NULL |        0 |
| AARUSH   | SALESMAN            | 1980-02-14 | 1350 | 2700 |        0 |
| ALEX     | MANAGER             | 1982-01-24 | 1250 |  500 |        1 |
| NATASHA  | CLERK               | 1981-07-19 | 1750 | NULL |        1 |
| SANGITA  | Compliance officers | 1981-07-19 | 1750 | NULL |        1 |
| SUPRIYA  | ANALYST             | 1981-07-19 | 1750 | NULL |        1 |
+----------+---------------------+------------+------+------+----------+
28 rows in set (0.00 sec)

mysql> select ename, job, hiredate, sal, comm, isActive from emp where comm;
+--------+----------+------------+------+------+----------+
| ename  | job      | hiredate   | sal  | comm | isActive |
+--------+----------+------------+------+------+----------+
| ALLEN  | SALESMAN | 1981-02-20 | 1600 |  300 |        1 |
| WARD   | SALESMAN | 1981-02-22 | 1250 |  500 |        1 |
| MARTIN | SALESMAN | 1981-09-28 | 1250 | 1400 |        1 |
| GRASS  | SALESMAN | 1980-02-14 | 2575 | 2700 |        1 |
| AARUSH | SALESMAN | 1980-02-14 | 1350 | 2700 |        0 |
| ALEX   | MANAGER  | 1982-01-24 | 1250 |  500 |        1 |
+--------+----------+------------+------+------+----------+
6 rows in set (0.00 sec)

mysql> select ename, job, hiredate, sal, comm, isActive from emp where not  comm;
+--------+----------+------------+------+------+----------+
| ename  | job      | hiredate   | sal  | comm | isActive |
+--------+----------+------------+------+------+----------+
| TURNER | SALESMAN | 1981-09-08 | 1500 |    0 |        1 |
+--------+----------+------------+------+------+----------+
1 row in set (0.00 sec)

mysql> select ename, job, hiredate, sal, comm, isActive from emp where comm is null;
+----------+---------------------+------------+------+------+----------+
| ename    | job                 | hiredate   | sal  | comm | isActive |
+----------+---------------------+------------+------+------+----------+
| GITA     | Compliance officers | 1981-07-19 | 1750 | NULL |        1 |
| VRUSHALI | Compliance officers | 1981-07-19 | 1750 | NULL |        1 |
| SHARMIN  | Public Relation     | 1981-07-19 | 1750 | NULL |        1 |
| BANDISH  | Public Relation     | 1981-07-19 | 1750 | NULL |        1 |
| SMITH    | CLERK               | 1980-12-17 |  800 | NULL |        0 |
| AARAV    | CLERK               | 1981-12-31 | 3350 | NULL |        0 |
| THOMAS   | CLERK               | 1981-07-19 | 1750 | NULL |        0 |
| JONES    | MANAGER             | 1981-04-02 | 2975 | NULL |        1 |
| BLAKE    | MANAGER             | 1981-05-01 | 2850 | NULL |        1 |
| CLARK    | MANAGER             | 1981-06-09 | 2450 | NULL |        1 |
| SCOTT    | ANALYST             | 1982-12-09 | 3000 | NULL |        1 |
| KING     | PRESIDENT           | 1981-11-17 | 5000 | NULL |        1 |
| FRED     | vice PRESIDENT      | 1983-08-09 | 5000 | NULL |        1 |
| ADAMS    | CLERK               | 1983-01-12 | 1100 | NULL |        1 |
| JAMES    | CLERK               | 1981-12-03 |  950 | NULL |        1 |
| FORD     | ANALYST             | 1981-12-03 | 3000 | NULL |        0 |
| HOFFMAN  | MANAGER             | 1982-03-24 | 4150 | NULL |        1 |
| MILLER   | CLERK               | 1982-01-23 | 1300 | NULL |        0 |
| NATASHA  | CLERK               | 1981-07-19 | 1750 | NULL |        1 |
| SANGITA  | Compliance officers | 1981-07-19 | 1750 | NULL |        1 |
| SUPRIYA  | ANALYST             | 1981-07-19 | 1750 | NULL |        1 |
+----------+---------------------+------------+------+------+----------+
21 rows in set (0.00 sec)

mysql> select ename, job, hiredate, sal, comm, isActive from emp where comm is not null;
+--------+----------+------------+------+------+----------+
| ename  | job      | hiredate   | sal  | comm | isActive |
+--------+----------+------------+------+------+----------+
| ALLEN  | SALESMAN | 1981-02-20 | 1600 |  300 |        1 |
| WARD   | SALESMAN | 1981-02-22 | 1250 |  500 |        1 |
| MARTIN | SALESMAN | 1981-09-28 | 1250 | 1400 |        1 |
| TURNER | SALESMAN | 1981-09-08 | 1500 |    0 |        1 |
| GRASS  | SALESMAN | 1980-02-14 | 2575 | 2700 |        1 |
| AARUSH | SALESMAN | 1980-02-14 | 1350 | 2700 |        0 |
| ALEX   | MANAGER  | 1982-01-24 | 1250 |  500 |        1 |
+--------+----------+------------+------+------+----------+
7 rows in set (0.00 sec)

mysql> select ename, job, hiredate, sal, comm, isActive from emp where comm <=> null;
+----------+---------------------+------------+------+------+----------+
| ename    | job                 | hiredate   | sal  | comm | isActive |
+----------+---------------------+------------+------+------+----------+
| GITA     | Compliance officers | 1981-07-19 | 1750 | NULL |        1 |
| VRUSHALI | Compliance officers | 1981-07-19 | 1750 | NULL |        1 |
| SHARMIN  | Public Relation     | 1981-07-19 | 1750 | NULL |        1 |
| BANDISH  | Public Relation     | 1981-07-19 | 1750 | NULL |        1 |
| SMITH    | CLERK               | 1980-12-17 |  800 | NULL |        0 |
| AARAV    | CLERK               | 1981-12-31 | 3350 | NULL |        0 |
| THOMAS   | CLERK               | 1981-07-19 | 1750 | NULL |        0 |
| JONES    | MANAGER             | 1981-04-02 | 2975 | NULL |        1 |
| BLAKE    | MANAGER             | 1981-05-01 | 2850 | NULL |        1 |
| CLARK    | MANAGER             | 1981-06-09 | 2450 | NULL |        1 |
| SCOTT    | ANALYST             | 1982-12-09 | 3000 | NULL |        1 |
| KING     | PRESIDENT           | 1981-11-17 | 5000 | NULL |        1 |
| FRED     | vice PRESIDENT      | 1983-08-09 | 5000 | NULL |        1 |
| ADAMS    | CLERK               | 1983-01-12 | 1100 | NULL |        1 |
| JAMES    | CLERK               | 1981-12-03 |  950 | NULL |        1 |
| FORD     | ANALYST             | 1981-12-03 | 3000 | NULL |        0 |
| HOFFMAN  | MANAGER             | 1982-03-24 | 4150 | NULL |        1 |
| MILLER   | CLERK               | 1982-01-23 | 1300 | NULL |        0 |
| NATASHA  | CLERK               | 1981-07-19 | 1750 | NULL |        1 |
| SANGITA  | Compliance officers | 1981-07-19 | 1750 | NULL |        1 |
| SUPRIYA  | ANALYST             | 1981-07-19 | 1750 | NULL |        1 |
+----------+---------------------+------------+------+------+----------+
21 rows in set (0.00 sec)

mysql> select ename, job, hiredate, sal, comm, isActive from emp where not comm <=> null;
+--------+----------+------------+------+------+----------+
| ename  | job      | hiredate   | sal  | comm | isActive |
+--------+----------+------------+------+------+----------+
| ALLEN  | SALESMAN | 1981-02-20 | 1600 |  300 |        1 |
| WARD   | SALESMAN | 1981-02-22 | 1250 |  500 |        1 |
| MARTIN | SALESMAN | 1981-09-28 | 1250 | 1400 |        1 |
| TURNER | SALESMAN | 1981-09-08 | 1500 |    0 |        1 |
| GRASS  | SALESMAN | 1980-02-14 | 2575 | 2700 |        1 |
| AARUSH | SALESMAN | 1980-02-14 | 1350 | 2700 |        0 |
| ALEX   | MANAGER  | 1982-01-24 | 1250 |  500 |        1 |
+--------+----------+------------+------+------+----------+
7 rows in set (0.02 sec)

mysql> select ename, job, hiredate, sal, comm, isActive from emp;
+----------+---------------------+------------+------+------+----------+
| ename    | job                 | hiredate   | sal  | comm | isActive |
+----------+---------------------+------------+------+------+----------+
| GITA     | Compliance officers | 1981-07-19 | 1750 | NULL |        1 |
| VRUSHALI | Compliance officers | 1981-07-19 | 1750 | NULL |        1 |
| SHARMIN  | Public Relation     | 1981-07-19 | 1750 | NULL |        1 |
| BANDISH  | Public Relation     | 1981-07-19 | 1750 | NULL |        1 |
| SMITH    | CLERK               | 1980-12-17 |  800 | NULL |        0 |
| AARAV    | CLERK               | 1981-12-31 | 3350 | NULL |        0 |
| THOMAS   | CLERK               | 1981-07-19 | 1750 | NULL |        0 |
| ALLEN    | SALESMAN            | 1981-02-20 | 1600 |  300 |        1 |
| WARD     | SALESMAN            | 1981-02-22 | 1250 |  500 |        1 |
| JONES    | MANAGER             | 1981-04-02 | 2975 | NULL |        1 |
| MARTIN   | SALESMAN            | 1981-09-28 | 1250 | 1400 |        1 |
| BLAKE    | MANAGER             | 1981-05-01 | 2850 | NULL |        1 |
| CLARK    | MANAGER             | 1981-06-09 | 2450 | NULL |        1 |
| SCOTT    | ANALYST             | 1982-12-09 | 3000 | NULL |        1 |
| KING     | PRESIDENT           | 1981-11-17 | 5000 | NULL |        1 |
| FRED     | vice PRESIDENT      | 1983-08-09 | 5000 | NULL |        1 |
| TURNER   | SALESMAN            | 1981-09-08 | 1500 |    0 |        1 |
| ADAMS    | CLERK               | 1983-01-12 | 1100 | NULL |        1 |
| JAMES    | CLERK               | 1981-12-03 |  950 | NULL |        1 |
| FORD     | ANALYST             | 1981-12-03 | 3000 | NULL |        0 |
| HOFFMAN  | MANAGER             | 1982-03-24 | 4150 | NULL |        1 |
| GRASS    | SALESMAN            | 1980-02-14 | 2575 | 2700 |        1 |
| MILLER   | CLERK               | 1982-01-23 | 1300 | NULL |        0 |
| AARUSH   | SALESMAN            | 1980-02-14 | 1350 | 2700 |        0 |
| ALEX     | MANAGER             | 1982-01-24 | 1250 |  500 |        1 |
| NATASHA  | CLERK               | 1981-07-19 | 1750 | NULL |        1 |
| SANGITA  | Compliance officers | 1981-07-19 | 1750 | NULL |        1 |
| SUPRIYA  | ANALYST             | 1981-07-19 | 1750 | NULL |        1 |
+----------+---------------------+------------+------+------+----------+
28 rows in set (0.00 sec)

mysql> desc emp;
+-----------+-------------+------+-----+---------+-------+
| Field     | Type        | Null | Key | Default | Extra |
+-----------+-------------+------+-----+---------+-------+
| EMPNO     | int         | NO   | PRI | NULL    |       |
| ENAME     | varchar(12) | YES  |     | NULL    |       |
| GENDER    | char(1)     | YES  |     | NULL    |       |
| JOB       | varchar(20) | YES  |     | NULL    |       |
| MGR       | int         | YES  | MUL | NULL    |       |
| HIREDATE  | date        | YES  |     | NULL    |       |
| SAL       | int         | YES  |     | NULL    |       |
| COMM      | int         | YES  |     | NULL    |       |
| DEPTNO    | int         | NO   | MUL | NULL    |       |
| BONUSID   | int         | YES  |     | NULL    |       |
| USER NAME | varchar(20) | YES  |     | NULL    |       |
| PWD       | varchar(20) | YES  |     | NULL    |       |
| PHONE     | varchar(45) | YES  |     | NULL    |       |
| isActive  | tinyint(1)  | YES  |     | NULL    |       |
+-----------+-------------+------+-----+---------+-------+
14 rows in set (0.00 sec)

mysql> select ename, job, hiredate, sal, comm, user name, isActive from emp;
ERROR 1054 (42S22): Unknown column 'user' in 'field list'
mysql> select ename, job, hiredate, sal, comm, "user name", isActive from emp;
+----------+---------------------+------------+------+------+-----------+----------+
| ename    | job                 | hiredate   | sal  | comm | user name | isActive |
+----------+---------------------+------------+------+------+-----------+----------+
| GITA     | Compliance officers | 1981-07-19 | 1750 | NULL | user name |        1 |
| VRUSHALI | Compliance officers | 1981-07-19 | 1750 | NULL | user name |        1 |
| SHARMIN  | Public Relation     | 1981-07-19 | 1750 | NULL | user name |        1 |
| BANDISH  | Public Relation     | 1981-07-19 | 1750 | NULL | user name |        1 |
| SMITH    | CLERK               | 1980-12-17 |  800 | NULL | user name |        0 |
| AARAV    | CLERK               | 1981-12-31 | 3350 | NULL | user name |        0 |
| THOMAS   | CLERK               | 1981-07-19 | 1750 | NULL | user name |        0 |
| ALLEN    | SALESMAN            | 1981-02-20 | 1600 |  300 | user name |        1 |
| WARD     | SALESMAN            | 1981-02-22 | 1250 |  500 | user name |        1 |
| JONES    | MANAGER             | 1981-04-02 | 2975 | NULL | user name |        1 |
| MARTIN   | SALESMAN            | 1981-09-28 | 1250 | 1400 | user name |        1 |
| BLAKE    | MANAGER             | 1981-05-01 | 2850 | NULL | user name |        1 |
| CLARK    | MANAGER             | 1981-06-09 | 2450 | NULL | user name |        1 |
| SCOTT    | ANALYST             | 1982-12-09 | 3000 | NULL | user name |        1 |
| KING     | PRESIDENT           | 1981-11-17 | 5000 | NULL | user name |        1 |
| FRED     | vice PRESIDENT      | 1983-08-09 | 5000 | NULL | user name |        1 |
| TURNER   | SALESMAN            | 1981-09-08 | 1500 |    0 | user name |        1 |
| ADAMS    | CLERK               | 1983-01-12 | 1100 | NULL | user name |        1 |
| JAMES    | CLERK               | 1981-12-03 |  950 | NULL | user name |        1 |
| FORD     | ANALYST             | 1981-12-03 | 3000 | NULL | user name |        0 |
| HOFFMAN  | MANAGER             | 1982-03-24 | 4150 | NULL | user name |        1 |
| GRASS    | SALESMAN            | 1980-02-14 | 2575 | 2700 | user name |        1 |
| MILLER   | CLERK               | 1982-01-23 | 1300 | NULL | user name |        0 |
| AARUSH   | SALESMAN            | 1980-02-14 | 1350 | 2700 | user name |        0 |
| ALEX     | MANAGER             | 1982-01-24 | 1250 |  500 | user name |        1 |
| NATASHA  | CLERK               | 1981-07-19 | 1750 | NULL | user name |        1 |
| SANGITA  | Compliance officers | 1981-07-19 | 1750 | NULL | user name |        1 |
| SUPRIYA  | ANALYST             | 1981-07-19 | 1750 | NULL | user name |        1 |
+----------+---------------------+------------+------+------+-----------+----------+
28 rows in set (0.00 sec)

mysql> select ename, job, hiredate, sal, comm, `user name`, isActive from emp;
+----------+---------------------+------------+------+------+--------------+----------+
| ename    | job                 | hiredate   | sal  | comm | user name    | isActive |
+----------+---------------------+------------+------+------+--------------+----------+
| GITA     | Compliance officers | 1981-07-19 | 1750 | NULL | GITA         |        1 |
| VRUSHALI | Compliance officers | 1981-07-19 | 1750 | NULL | VRUSHALI     |        1 |
| SHARMIN  | Public Relation     | 1981-07-19 | 1750 | NULL | SHARMIN      |        1 |
| BANDISH  | Public Relation     | 1981-07-19 | 1750 | NULL | BANDISH      |        1 |
| SMITH    | CLERK               | 1980-12-17 |  800 | NULL | TRITONE      |        0 |
| AARAV    | CLERK               | 1981-12-31 | 3350 | NULL | AARAV        |        0 |
| THOMAS   | CLERK               | 1981-07-19 | 1750 | NULL | THOMAS       |        0 |
| ALLEN    | SALESMAN            | 1981-02-20 | 1600 |  300 | ALWAYS TESTE |        1 |
| WARD     | SALESMAN            | 1981-02-22 | 1250 |  500 | WARD         |        1 |
| JONES    | MANAGER             | 1981-04-02 | 2975 | NULL | HONEYCOMB    |        1 |
| MARTIN   | SALESMAN            | 1981-09-28 | 1250 | 1400 | LIFE RACER   |        1 |
| BLAKE    | MANAGER             | 1981-05-01 | 2850 | NULL | BIG BEN      |        1 |
| CLARK    | MANAGER             | 1981-06-09 | 2450 | NULL | CLARK        |        1 |
| SCOTT    | ANALYST             | 1982-12-09 | 3000 | NULL | WHITE SAND   |        1 |
| KING     | PRESIDENT           | 1981-11-17 | 5000 | NULL | KING         |        1 |
| FRED     | vice PRESIDENT      | 1983-08-09 | 5000 | NULL | SAND STONE   |        1 |
| TURNER   | SALESMAN            | 1981-09-08 | 1500 |    0 | SAND DUST    |        1 |
| ADAMS    | CLERK               | 1983-01-12 | 1100 | NULL | CRAZY ANYONE |        1 |
| JAMES    | CLERK               | 1981-12-03 |  950 | NULL | CRAZY LEADER |        1 |
| FORD     | ANALYST             | 1981-12-03 | 3000 | NULL | CONBRIO      |        0 |
| HOFFMAN  | MANAGER             | 1982-03-24 | 4150 | NULL | INTERVAL     |        1 |
| GRASS    | SALESMAN            | 1980-02-14 | 2575 | 2700 | GRASS        |        1 |
| MILLER   | CLERK               | 1982-01-23 | 1300 | NULL | QUARTERNOTE  |        0 |
| AARUSH   | SALESMAN            | 1980-02-14 | 1350 | 2700 | AARUSH       |        0 |
| ALEX     | MANAGER             | 1982-01-24 | 1250 |  500 | QUARTERREST  |        1 |
| NATASHA  | CLERK               | 1981-07-19 | 1750 | NULL | NATASHA      |        1 |
| SANGITA  | Compliance officers | 1981-07-19 | 1750 | NULL | SANGITA      |        1 |
| SUPRIYA  | ANALYST             | 1981-07-19 | 1750 | NULL | SUPRIYA      |        1 |
+----------+---------------------+------------+------+------+--------------+----------+
28 rows in set (0.00 sec)

mysql> select ename, job, hiredate, sal, comm, `user name`, isActive from emp where `user name` = 'thomas';
+--------+-------+------------+------+------+-----------+----------+
| ename  | job   | hiredate   | sal  | comm | user name | isActive |
+--------+-------+------------+------+------+-----------+----------+
| THOMAS | CLERK | 1981-07-19 | 1750 | NULL | THOMAS    |        0 |
+--------+-------+------------+------+------+-----------+----------+
1 row in set (0.00 sec)

mysql> select ename, job, hiredate, sal, comm from emp1;
+-------------+--------------------+---------------------+----------+---------+
| ename       | job                | hiredate            | sal      | comm    |
+-------------+--------------------+---------------------+----------+---------+
| Alice       | Manager            | 1983-08-12 19:35:00 |  9000.00 |    NULL |
| Victor      | Assistant Manager  | 1983-12-25 11:35:00 |  8000.00 |    NULL |
| Jack        | Assistant          | 1983-12-25 11:35:00 |  7000.00 |    NULL |
| William     | Assistant          | 1984-12-30 12:00:02 |  7000.79 |    NULL |
| Rose        | Assistant Manager  | 1985-01-30 12:24:00 |  8000.48 |    NULL |
| Kate        | Assistant Analyst  | 1985-01-30 12:24:00 |  3000.00 |    NULL |
| William     | Salesman           | 1980-02-13 21:00:00 | 23700.00 | 1200.00 |
| Matthew     | Salesman           | 1980-02-28 21:00:07 |  4700.00 | 1200.00 |
| MAI         | SALESGIRL          | 2001-12-25 11:35:00 |  8000.00 |  111.00 |
| ZARIA       | SALESGIRL          | 2002-12-25 11:35:00 |  7000.00 |  555.00 |
| MAYA        | SALESGIRL          | 2003-12-30 12:00:00 |  7000.15 |  120.79 |
| ROSE        | SALESGIRL          | 2004-01-30 12:24:09 | 18000.00 |  250.00 |
| KATE        | SALESGIRL          | 2005-01-30 12:24:00 |  3000.00 |  900.00 |
| TINA        | SALESGIRL          | 2006-02-13 21:00:00 | 13700.00 | 2400.00 |
| MARY        | SALESGIRL          | 2007-02-28 21:00:00 | 20000.00 | 1550.00 |
| TESSA       | SALESGIRL          | 2008-02-28 21:00:00 | 14700.00 | 1100.00 |
| STEVEN      | Assistant          | 1983-01-12 18:35:07 | -9500.00 |    NULL |
| SHERLOCK    | CLERK              | 1982-01-23 20:22:00 |  1600.00 |    NULL |
| STEPHEN     | ASSISTANT          | 1983-01-12 18:35:00 |  1100.00 |    NULL |
| Aaron       | Salesman           | 1981-11-17 04:29:24 |  4500.00 | 1200.73 |
| Alexander   | Manager            | 1981-05-01 05:12:43 |  2950.00 |    NULL |
| Brooke      | Clerk              | 1981-06-09 02:17:12 |  2222.00 |    NULL |
| Bruce       | Personal Assistant | 1981-04-02 12:35:19 |  4975.30 |    NULL |
| Eli         | Personal Assistant | 1981-12-03 09:35:00 |  5400.00 |    NULL |
| shelley     | manager            | 1981-12-03 11:00:00 |  6000.99 |    NULL |
| Clive       | Assistant          | 1981-02-20 07:40:00 |  3600.00 |    NULL |
| Christopher | Personal Assistant | 1981-09-28 14:26:00 |  4250.98 |    NULL |
| Dirk        | Assistant          | 1981-09-08 08:15:00 |  1500.00 |    NULL |
| ely         | assistant          | 1981-02-22 10:10:00 |  5250.00 |    NULL |
| SHERLOCK    | CLERK              | 1982-01-23 20:20:00 |  1600.00 |    NULL |
| AARON       | SALESMAN           | 1981-11-17 04:29:24 |  4500.00 | 1200.40 |
| ALEXANDER   | MANAGER            | 1981-05-01 05:12:43 |  2950.00 |    NULL |
| BROOKE      | CLERK              | 1981-06-09 02:17:12 |  2222.00 |    NULL |
| BRUCE       | PERSONAL ASSISTANT | 1981-04-02 12:35:19 |  4975.00 |    NULL |
| CHRISTOPHER | PERSONAL ASSISTANT | 1981-09-28 14:26:00 |  4250.00 |    NULL |
| CLIVE       | ASSISTANT          | 1981-02-20 07:40:00 |  3600.00 |    NULL |
| joel        | clerk              | 1982-01-23 22:20:00 | -1600.00 |    NULL |
| jay         | analyst            | 1982-12-09 17:12:00 | -3100.00 |    NULL |
| joe         | assistant          | 1983-01-13 18:33:00 | -1100.00 |    NULL |
| matthew     | assistant          | 1983-01-12 19:35:00 | -1100.00 |    NULL |
| louis       | clerk              | 1982-01-23 21:22:00 | -1600.00 |    NULL |
| DIRK        | ASSISTANT          | 1981-09-08 08:15:00 |  1500.00 |    NULL |
| ELI         | PERSONAL ASSISTANT | 1981-12-03 09:35:00 |  5400.00 |    NULL |
| ELY         | ASSISTANT          | 1981-02-22 10:10:00 |  5250.70 |    NULL |
| SMITH       | CLERK              | 1980-12-17 17:36:00 |   800.00 |    NULL |
| TROY        | ANALYST            | 1982-12-09 16:12:00 |  4100.00 |    NULL |
| ALLEN       | SALESMAN           | 1981-02-20 07:30:00 |  1600.00 |  300.00 |
| WARD        | SALESMAN           | 1981-02-22 10:15:00 |  1250.00 |  500.00 |
| JONES       | MANAGER            | 1981-04-02 12:45:19 |  2975.00 |    NULL |
| MARTIN      | SALESMAN           | 1981-09-28 14:26:00 |  1250.00 | 1400.00 |
| BLAKE       | MANAGER            | 1981-05-01 05:54:43 |  2850.00 |    NULL |
| CLARK       | MANAGER            | 1981-06-09 02:12:12 |  2450.00 |    NULL |
| SCOTT       | ANALYST            | 1982-12-09 16:12:00 |  3000.00 |    NULL |
| KING        | PRESIDENT          | 1981-11-17 04:20:24 |  5000.00 |    NULL |
| TURNER      | SALESMAN           | 1981-09-08 08:45:00 |  1500.00 |    0.00 |
| ADAMS       | CLERK              | 1983-01-12 18:33:00 |  1100.00 |    NULL |
| STEPHEN     | ASSISTANT          | 1983-01-12 18:33:00 |  1100.00 |    NULL |
| JAMES       | CLERK              | 1981-12-03 09:25:00 |   950.00 |    NULL |
| FORD        | ANALYST            | 1981-12-03 11:00:00 |  3000.00 |    NULL |
| MILLER      | CLERK              | 1982-01-23 20:20:00 |  1300.00 |    NULL |
| THOMAS      | PERSONAL ASSISTANT | 1980-12-17 17:36:00 |  4900.00 |    NULL |
| SHELLEY     | MANAGER            | 1981-12-03 11:00:00 |  6000.00 |    NULL |
| stephen     | assistant          | 1983-01-12 18:35:00 |  1100.00 |    NULL |
| thomas      | personal assistant | 1980-12-17 17:36:00 |  4900.00 |    NULL |
| sherlock    | clerk              | 1982-01-23 20:22:00 |  1600.00 |    NULL |
| sherlock    | clerk              | 1982-01-23 20:20:00 |  1600.00 |    NULL |
| troy        | analyst            | 1982-12-09 16:12:00 |  3100.00 |    NULL |
| stephen     | assistant          | 1983-01-12 18:33:00 |  1100.00 |    NULL |
+-------------+--------------------+---------------------+----------+---------+
68 rows in set (0.00 sec)

mysql> select ename, job, hiredate, sal, comm from emp1 where ename='sherlock';
+----------+-------+---------------------+---------+------+
| ename    | job   | hiredate            | sal     | comm |
+----------+-------+---------------------+---------+------+
| SHERLOCK | CLERK | 1982-01-23 20:22:00 | 1600.00 | NULL |
| SHERLOCK | CLERK | 1982-01-23 20:20:00 | 1600.00 | NULL |
| sherlock | clerk | 1982-01-23 20:22:00 | 1600.00 | NULL |
| sherlock | clerk | 1982-01-23 20:20:00 | 1600.00 | NULL |
+----------+-------+---------------------+---------+------+
4 rows in set (0.00 sec)

mysql> select ename, job, hiredate, sal, comm from emp1 where binary ename='sherlock';
+----------+-------+---------------------+---------+------+
| ename    | job   | hiredate            | sal     | comm |
+----------+-------+---------------------+---------+------+
| sherlock | clerk | 1982-01-23 20:22:00 | 1600.00 | NULL |
| sherlock | clerk | 1982-01-23 20:20:00 | 1600.00 | NULL |
+----------+-------+---------------------+---------+------+
2 rows in set, 1 warning (0.00 sec)

mysql> select ename, job, hiredate, sal, comm from emp1 where binary ename=ucase('sherlock');
+----------+-------+---------------------+---------+------+
| ename    | job   | hiredate            | sal     | comm |
+----------+-------+---------------------+---------+------+
| SHERLOCK | CLERK | 1982-01-23 20:22:00 | 1600.00 | NULL |
| SHERLOCK | CLERK | 1982-01-23 20:20:00 | 1600.00 | NULL |
+----------+-------+---------------------+---------+------+
2 rows in set, 1 warning (0.00 sec)

mysql> select sal from emp;
+------+
| sal  |
+------+
| 1750 |
| 1750 |
| 1750 |
| 1750 |
|  800 |
| 3350 |
| 1750 |
| 1600 |
| 1250 |
| 2975 |
| 1250 |
| 2850 |
| 2450 |
| 3000 |
| 5000 |
| 5000 |
| 1500 |
| 1100 |
|  950 |
| 3000 |
| 4150 |
| 2575 |
| 1300 |
| 1350 |
| 1250 |
| 1750 |
| 1750 |
| 1750 |
+------+
28 rows in set (0.00 sec)

mysql> select sum(sal) from emp;
+----------+
| sum(sal) |
+----------+
|    60700 |
+----------+
1 row in set (0.02 sec)

mysql> select sum(sal),avg(sal) from emp;
+----------+-----------+
| sum(sal) | avg(sal)  |
+----------+-----------+
|    60700 | 2167.8571 |
+----------+-----------+
1 row in set (0.01 sec)

mysql> select sum(sal),avg(sal), sum(sal)/28 from emp;
+----------+-----------+-------------+
| sum(sal) | avg(sal)  | sum(sal)/28 |
+----------+-----------+-------------+
|    60700 | 2167.8571 |   2167.8571 |
+----------+-----------+-------------+
1 row in set (0.00 sec)

mysql> select sum(sal),avg(sal), sum(ename) from emp;
+----------+-----------+------------+
| sum(sal) | avg(sal)  | sum(ename) |
+----------+-----------+------------+
|    60700 | 2167.8571 |          0 |
+----------+-----------+------------+
1 row in set, 28 warnings (0.00 sec)

mysql> select sum(sal),avg(sal), max(sal), min(sal) from emp;
+----------+-----------+----------+----------+
| sum(sal) | avg(sal)  | max(sal) | min(sal) |
+----------+-----------+----------+----------+
|    60700 | 2167.8571 |     5000 |      800 |
+----------+-----------+----------+----------+
1 row in set (0.02 sec)

mysql> select sum(sal),avg(sal), max(sal), min(sal), max(hiredate) from emp;
+----------+-----------+----------+----------+---------------+
| sum(sal) | avg(sal)  | max(sal) | min(sal) | max(hiredate) |
+----------+-----------+----------+----------+---------------+
|    60700 | 2167.8571 |     5000 |      800 | 1983-08-09    |
+----------+-----------+----------+----------+---------------+
1 row in set (0.00 sec)

mysql> select ename, hiredate  from emp where hiredate = max(hiredate);
ERROR 1111 (HY000): Invalid use of group function
mysql> select ename, hiredate  from emp where sal = max(sal);
ERROR 1111 (HY000): Invalid use of group function
mysql>
mysql>
mysql>
mysql> select count(ename) from emp;
+--------------+
| count(ename) |
+--------------+
|           28 |
+--------------+
1 row in set (0.00 sec)

mysql> select count(sal) from emp;
+------------+
| count(sal) |
+------------+
|         28 |
+------------+
1 row in set (0.00 sec)

mysql> select count(*) from emp;
+----------+
| count(*) |
+----------+
|       28 |
+----------+
1 row in set (0.02 sec)

mysql> select count(comm) from emp;
+-------------+
| count(comm) |
+-------------+
|           7 |
+-------------+
1 row in set (0.00 sec)

mysql> select count(*), sum(1) from emp;
+----------+--------+
| count(*) | sum(1) |
+----------+--------+
|       28 |     28 |
+----------+--------+
1 row in set (0.01 sec)

mysql> select count(*), sum(null) from emp;
+----------+-----------+
| count(*) | sum(null) |
+----------+-----------+
|       28 |      NULL |
+----------+-----------+
1 row in set (0.00 sec)

mysql> select count(null), sum(null) from emp;
+-------------+-----------+
| count(null) | sum(null) |
+-------------+-----------+
|           0 |      NULL |
+-------------+-----------+
1 row in set (0.00 sec)

mysql> select count(null), sum(null),max(null) from emp;
+-------------+-----------+-----------+
| count(null) | sum(null) | max(null) |
+-------------+-----------+-----------+
|           0 |      NULL |      NULL |
+-------------+-----------+-----------+
1 row in set (0.00 sec)

mysql> select ename, job, hiredate, sal, comm from emp1 where true
    -> ;
+-------------+--------------------+---------------------+----------+---------+
| ename       | job                | hiredate            | sal      | comm    |
+-------------+--------------------+---------------------+----------+---------+
| Alice       | Manager            | 1983-08-12 19:35:00 |  9000.00 |    NULL |
| Victor      | Assistant Manager  | 1983-12-25 11:35:00 |  8000.00 |    NULL |
| Jack        | Assistant          | 1983-12-25 11:35:00 |  7000.00 |    NULL |
| William     | Assistant          | 1984-12-30 12:00:02 |  7000.79 |    NULL |
| Rose        | Assistant Manager  | 1985-01-30 12:24:00 |  8000.48 |    NULL |
| Kate        | Assistant Analyst  | 1985-01-30 12:24:00 |  3000.00 |    NULL |
| William     | Salesman           | 1980-02-13 21:00:00 | 23700.00 | 1200.00 |
| Matthew     | Salesman           | 1980-02-28 21:00:07 |  4700.00 | 1200.00 |
| MAI         | SALESGIRL          | 2001-12-25 11:35:00 |  8000.00 |  111.00 |
| ZARIA       | SALESGIRL          | 2002-12-25 11:35:00 |  7000.00 |  555.00 |
| MAYA        | SALESGIRL          | 2003-12-30 12:00:00 |  7000.15 |  120.79 |
| ROSE        | SALESGIRL          | 2004-01-30 12:24:09 | 18000.00 |  250.00 |
| KATE        | SALESGIRL          | 2005-01-30 12:24:00 |  3000.00 |  900.00 |
| TINA        | SALESGIRL          | 2006-02-13 21:00:00 | 13700.00 | 2400.00 |
| MARY        | SALESGIRL          | 2007-02-28 21:00:00 | 20000.00 | 1550.00 |
| TESSA       | SALESGIRL          | 2008-02-28 21:00:00 | 14700.00 | 1100.00 |
| STEVEN      | Assistant          | 1983-01-12 18:35:07 | -9500.00 |    NULL |
| SHERLOCK    | CLERK              | 1982-01-23 20:22:00 |  1600.00 |    NULL |
| STEPHEN     | ASSISTANT          | 1983-01-12 18:35:00 |  1100.00 |    NULL |
| Aaron       | Salesman           | 1981-11-17 04:29:24 |  4500.00 | 1200.73 |
| Alexander   | Manager            | 1981-05-01 05:12:43 |  2950.00 |    NULL |
| Brooke      | Clerk              | 1981-06-09 02:17:12 |  2222.00 |    NULL |
| Bruce       | Personal Assistant | 1981-04-02 12:35:19 |  4975.30 |    NULL |
| Eli         | Personal Assistant | 1981-12-03 09:35:00 |  5400.00 |    NULL |
| shelley     | manager            | 1981-12-03 11:00:00 |  6000.99 |    NULL |
| Clive       | Assistant          | 1981-02-20 07:40:00 |  3600.00 |    NULL |
| Christopher | Personal Assistant | 1981-09-28 14:26:00 |  4250.98 |    NULL |
| Dirk        | Assistant          | 1981-09-08 08:15:00 |  1500.00 |    NULL |
| ely         | assistant          | 1981-02-22 10:10:00 |  5250.00 |    NULL |
| SHERLOCK    | CLERK              | 1982-01-23 20:20:00 |  1600.00 |    NULL |
| AARON       | SALESMAN           | 1981-11-17 04:29:24 |  4500.00 | 1200.40 |
| ALEXANDER   | MANAGER            | 1981-05-01 05:12:43 |  2950.00 |    NULL |
| BROOKE      | CLERK              | 1981-06-09 02:17:12 |  2222.00 |    NULL |
| BRUCE       | PERSONAL ASSISTANT | 1981-04-02 12:35:19 |  4975.00 |    NULL |
| CHRISTOPHER | PERSONAL ASSISTANT | 1981-09-28 14:26:00 |  4250.00 |    NULL |
| CLIVE       | ASSISTANT          | 1981-02-20 07:40:00 |  3600.00 |    NULL |
| joel        | clerk              | 1982-01-23 22:20:00 | -1600.00 |    NULL |
| jay         | analyst            | 1982-12-09 17:12:00 | -3100.00 |    NULL |
| joe         | assistant          | 1983-01-13 18:33:00 | -1100.00 |    NULL |
| matthew     | assistant          | 1983-01-12 19:35:00 | -1100.00 |    NULL |
| louis       | clerk              | 1982-01-23 21:22:00 | -1600.00 |    NULL |
| DIRK        | ASSISTANT          | 1981-09-08 08:15:00 |  1500.00 |    NULL |
| ELI         | PERSONAL ASSISTANT | 1981-12-03 09:35:00 |  5400.00 |    NULL |
| ELY         | ASSISTANT          | 1981-02-22 10:10:00 |  5250.70 |    NULL |
| SMITH       | CLERK              | 1980-12-17 17:36:00 |   800.00 |    NULL |
| TROY        | ANALYST            | 1982-12-09 16:12:00 |  4100.00 |    NULL |
| ALLEN       | SALESMAN           | 1981-02-20 07:30:00 |  1600.00 |  300.00 |
| WARD        | SALESMAN           | 1981-02-22 10:15:00 |  1250.00 |  500.00 |
| JONES       | MANAGER            | 1981-04-02 12:45:19 |  2975.00 |    NULL |
| MARTIN      | SALESMAN           | 1981-09-28 14:26:00 |  1250.00 | 1400.00 |
| BLAKE       | MANAGER            | 1981-05-01 05:54:43 |  2850.00 |    NULL |
| CLARK       | MANAGER            | 1981-06-09 02:12:12 |  2450.00 |    NULL |
| SCOTT       | ANALYST            | 1982-12-09 16:12:00 |  3000.00 |    NULL |
| KING        | PRESIDENT          | 1981-11-17 04:20:24 |  5000.00 |    NULL |
| TURNER      | SALESMAN           | 1981-09-08 08:45:00 |  1500.00 |    0.00 |
| ADAMS       | CLERK              | 1983-01-12 18:33:00 |  1100.00 |    NULL |
| STEPHEN     | ASSISTANT          | 1983-01-12 18:33:00 |  1100.00 |    NULL |
| JAMES       | CLERK              | 1981-12-03 09:25:00 |   950.00 |    NULL |
| FORD        | ANALYST            | 1981-12-03 11:00:00 |  3000.00 |    NULL |
| MILLER      | CLERK              | 1982-01-23 20:20:00 |  1300.00 |    NULL |
| THOMAS      | PERSONAL ASSISTANT | 1980-12-17 17:36:00 |  4900.00 |    NULL |
| SHELLEY     | MANAGER            | 1981-12-03 11:00:00 |  6000.00 |    NULL |
| stephen     | assistant          | 1983-01-12 18:35:00 |  1100.00 |    NULL |
| thomas      | personal assistant | 1980-12-17 17:36:00 |  4900.00 |    NULL |
| sherlock    | clerk              | 1982-01-23 20:22:00 |  1600.00 |    NULL |
| sherlock    | clerk              | 1982-01-23 20:20:00 |  1600.00 |    NULL |
| troy        | analyst            | 1982-12-09 16:12:00 |  3100.00 |    NULL |
| stephen     | assistant          | 1983-01-12 18:33:00 |  1100.00 |    NULL |
+-------------+--------------------+---------------------+----------+---------+
68 rows in set (0.00 sec)

mysql> select ename, job, hiredate, sal, comm, isactive from emp where true
    -> ;
+----------+---------------------+------------+------+------+----------+
| ename    | job                 | hiredate   | sal  | comm | isactive |
+----------+---------------------+------------+------+------+----------+
| GITA     | Compliance officers | 1981-07-19 | 1750 | NULL |        1 |
| VRUSHALI | Compliance officers | 1981-07-19 | 1750 | NULL |        1 |
| SHARMIN  | Public Relation     | 1981-07-19 | 1750 | NULL |        1 |
| BANDISH  | Public Relation     | 1981-07-19 | 1750 | NULL |        1 |
| SMITH    | CLERK               | 1980-12-17 |  800 | NULL |        0 |
| AARAV    | CLERK               | 1981-12-31 | 3350 | NULL |        0 |
| THOMAS   | CLERK               | 1981-07-19 | 1750 | NULL |        0 |
| ALLEN    | SALESMAN            | 1981-02-20 | 1600 |  300 |        1 |
| WARD     | SALESMAN            | 1981-02-22 | 1250 |  500 |        1 |
| JONES    | MANAGER             | 1981-04-02 | 2975 | NULL |        1 |
| MARTIN   | SALESMAN            | 1981-09-28 | 1250 | 1400 |        1 |
| BLAKE    | MANAGER             | 1981-05-01 | 2850 | NULL |        1 |
| CLARK    | MANAGER             | 1981-06-09 | 2450 | NULL |        1 |
| SCOTT    | ANALYST             | 1982-12-09 | 3000 | NULL |        1 |
| KING     | PRESIDENT           | 1981-11-17 | 5000 | NULL |        1 |
| FRED     | vice PRESIDENT      | 1983-08-09 | 5000 | NULL |        1 |
| TURNER   | SALESMAN            | 1981-09-08 | 1500 |    0 |        1 |
| ADAMS    | CLERK               | 1983-01-12 | 1100 | NULL |        1 |
| JAMES    | CLERK               | 1981-12-03 |  950 | NULL |        1 |
| FORD     | ANALYST             | 1981-12-03 | 3000 | NULL |        0 |
| HOFFMAN  | MANAGER             | 1982-03-24 | 4150 | NULL |        1 |
| GRASS    | SALESMAN            | 1980-02-14 | 2575 | 2700 |        1 |
| MILLER   | CLERK               | 1982-01-23 | 1300 | NULL |        0 |
| AARUSH   | SALESMAN            | 1980-02-14 | 1350 | 2700 |        0 |
| ALEX     | MANAGER             | 1982-01-24 | 1250 |  500 |        1 |
| NATASHA  | CLERK               | 1981-07-19 | 1750 | NULL |        1 |
| SANGITA  | Compliance officers | 1981-07-19 | 1750 | NULL |        1 |
| SUPRIYA  | ANALYST             | 1981-07-19 | 1750 | NULL |        1 |
+----------+---------------------+------------+------+------+----------+
28 rows in set (0.00 sec)

mysql> select ename, job, hiredate, sal, comm, isactive from emp where 1;
+----------+---------------------+------------+------+------+----------+
| ename    | job                 | hiredate   | sal  | comm | isactive |
+----------+---------------------+------------+------+------+----------+
| GITA     | Compliance officers | 1981-07-19 | 1750 | NULL |        1 |
| VRUSHALI | Compliance officers | 1981-07-19 | 1750 | NULL |        1 |
| SHARMIN  | Public Relation     | 1981-07-19 | 1750 | NULL |        1 |
| BANDISH  | Public Relation     | 1981-07-19 | 1750 | NULL |        1 |
| SMITH    | CLERK               | 1980-12-17 |  800 | NULL |        0 |
| AARAV    | CLERK               | 1981-12-31 | 3350 | NULL |        0 |
| THOMAS   | CLERK               | 1981-07-19 | 1750 | NULL |        0 |
| ALLEN    | SALESMAN            | 1981-02-20 | 1600 |  300 |        1 |
| WARD     | SALESMAN            | 1981-02-22 | 1250 |  500 |        1 |
| JONES    | MANAGER             | 1981-04-02 | 2975 | NULL |        1 |
| MARTIN   | SALESMAN            | 1981-09-28 | 1250 | 1400 |        1 |
| BLAKE    | MANAGER             | 1981-05-01 | 2850 | NULL |        1 |
| CLARK    | MANAGER             | 1981-06-09 | 2450 | NULL |        1 |
| SCOTT    | ANALYST             | 1982-12-09 | 3000 | NULL |        1 |
| KING     | PRESIDENT           | 1981-11-17 | 5000 | NULL |        1 |
| FRED     | vice PRESIDENT      | 1983-08-09 | 5000 | NULL |        1 |
| TURNER   | SALESMAN            | 1981-09-08 | 1500 |    0 |        1 |
| ADAMS    | CLERK               | 1983-01-12 | 1100 | NULL |        1 |
| JAMES    | CLERK               | 1981-12-03 |  950 | NULL |        1 |
| FORD     | ANALYST             | 1981-12-03 | 3000 | NULL |        0 |
| HOFFMAN  | MANAGER             | 1982-03-24 | 4150 | NULL |        1 |
| GRASS    | SALESMAN            | 1980-02-14 | 2575 | 2700 |        1 |
| MILLER   | CLERK               | 1982-01-23 | 1300 | NULL |        0 |
| AARUSH   | SALESMAN            | 1980-02-14 | 1350 | 2700 |        0 |
| ALEX     | MANAGER             | 1982-01-24 | 1250 |  500 |        1 |
| NATASHA  | CLERK               | 1981-07-19 | 1750 | NULL |        1 |
| SANGITA  | Compliance officers | 1981-07-19 | 1750 | NULL |        1 |
| SUPRIYA  | ANALYST             | 1981-07-19 | 1750 | NULL |        1 |
+----------+---------------------+------------+------+------+----------+
28 rows in set (0.00 sec)

mysql> select ename, job, hiredate, sal, comm, isactive from emp where 0;
Empty set (0.00 sec)

mysql> select ename, job, hiredate, sal, comm, isactive from emp where 0=0;
+----------+---------------------+------------+------+------+----------+
| ename    | job                 | hiredate   | sal  | comm | isactive |
+----------+---------------------+------------+------+------+----------+
| GITA     | Compliance officers | 1981-07-19 | 1750 | NULL |        1 |
| VRUSHALI | Compliance officers | 1981-07-19 | 1750 | NULL |        1 |
| SHARMIN  | Public Relation     | 1981-07-19 | 1750 | NULL |        1 |
| BANDISH  | Public Relation     | 1981-07-19 | 1750 | NULL |        1 |
| SMITH    | CLERK               | 1980-12-17 |  800 | NULL |        0 |
| AARAV    | CLERK               | 1981-12-31 | 3350 | NULL |        0 |
| THOMAS   | CLERK               | 1981-07-19 | 1750 | NULL |        0 |
| ALLEN    | SALESMAN            | 1981-02-20 | 1600 |  300 |        1 |
| WARD     | SALESMAN            | 1981-02-22 | 1250 |  500 |        1 |
| JONES    | MANAGER             | 1981-04-02 | 2975 | NULL |        1 |
| MARTIN   | SALESMAN            | 1981-09-28 | 1250 | 1400 |        1 |
| BLAKE    | MANAGER             | 1981-05-01 | 2850 | NULL |        1 |
| CLARK    | MANAGER             | 1981-06-09 | 2450 | NULL |        1 |
| SCOTT    | ANALYST             | 1982-12-09 | 3000 | NULL |        1 |
| KING     | PRESIDENT           | 1981-11-17 | 5000 | NULL |        1 |
| FRED     | vice PRESIDENT      | 1983-08-09 | 5000 | NULL |        1 |
| TURNER   | SALESMAN            | 1981-09-08 | 1500 |    0 |        1 |
| ADAMS    | CLERK               | 1983-01-12 | 1100 | NULL |        1 |
| JAMES    | CLERK               | 1981-12-03 |  950 | NULL |        1 |
| FORD     | ANALYST             | 1981-12-03 | 3000 | NULL |        0 |
| HOFFMAN  | MANAGER             | 1982-03-24 | 4150 | NULL |        1 |
| GRASS    | SALESMAN            | 1980-02-14 | 2575 | 2700 |        1 |
| MILLER   | CLERK               | 1982-01-23 | 1300 | NULL |        0 |
| AARUSH   | SALESMAN            | 1980-02-14 | 1350 | 2700 |        0 |
| ALEX     | MANAGER             | 1982-01-24 | 1250 |  500 |        1 |
| NATASHA  | CLERK               | 1981-07-19 | 1750 | NULL |        1 |
| SANGITA  | Compliance officers | 1981-07-19 | 1750 | NULL |        1 |
| SUPRIYA  | ANALYST             | 1981-07-19 | 1750 | NULL |        1 |
+----------+---------------------+------------+------+------+----------+
28 rows in set (0.00 sec)

mysql> select ename, job, hiredate, sal, comm, isactive from emp where 0=false
    -> ;
+----------+---------------------+------------+------+------+----------+
| ename    | job                 | hiredate   | sal  | comm | isactive |
+----------+---------------------+------------+------+------+----------+
| GITA     | Compliance officers | 1981-07-19 | 1750 | NULL |        1 |
| VRUSHALI | Compliance officers | 1981-07-19 | 1750 | NULL |        1 |
| SHARMIN  | Public Relation     | 1981-07-19 | 1750 | NULL |        1 |
| BANDISH  | Public Relation     | 1981-07-19 | 1750 | NULL |        1 |
| SMITH    | CLERK               | 1980-12-17 |  800 | NULL |        0 |
| AARAV    | CLERK               | 1981-12-31 | 3350 | NULL |        0 |
| THOMAS   | CLERK               | 1981-07-19 | 1750 | NULL |        0 |
| ALLEN    | SALESMAN            | 1981-02-20 | 1600 |  300 |        1 |
| WARD     | SALESMAN            | 1981-02-22 | 1250 |  500 |        1 |
| JONES    | MANAGER             | 1981-04-02 | 2975 | NULL |        1 |
| MARTIN   | SALESMAN            | 1981-09-28 | 1250 | 1400 |        1 |
| BLAKE    | MANAGER             | 1981-05-01 | 2850 | NULL |        1 |
| CLARK    | MANAGER             | 1981-06-09 | 2450 | NULL |        1 |
| SCOTT    | ANALYST             | 1982-12-09 | 3000 | NULL |        1 |
| KING     | PRESIDENT           | 1981-11-17 | 5000 | NULL |        1 |
| FRED     | vice PRESIDENT      | 1983-08-09 | 5000 | NULL |        1 |
| TURNER   | SALESMAN            | 1981-09-08 | 1500 |    0 |        1 |
| ADAMS    | CLERK               | 1983-01-12 | 1100 | NULL |        1 |
| JAMES    | CLERK               | 1981-12-03 |  950 | NULL |        1 |
| FORD     | ANALYST             | 1981-12-03 | 3000 | NULL |        0 |
| HOFFMAN  | MANAGER             | 1982-03-24 | 4150 | NULL |        1 |
| GRASS    | SALESMAN            | 1980-02-14 | 2575 | 2700 |        1 |
| MILLER   | CLERK               | 1982-01-23 | 1300 | NULL |        0 |
| AARUSH   | SALESMAN            | 1980-02-14 | 1350 | 2700 |        0 |
| ALEX     | MANAGER             | 1982-01-24 | 1250 |  500 |        1 |
| NATASHA  | CLERK               | 1981-07-19 | 1750 | NULL |        1 |
| SANGITA  | Compliance officers | 1981-07-19 | 1750 | NULL |        1 |
| SUPRIYA  | ANALYST             | 1981-07-19 | 1750 | NULL |        1 |
+----------+---------------------+------------+------+------+----------+
28 rows in set (0.00 sec)

mysql> select ename, job, hiredate, sal, comm, isactive from emp where 1 and job='manager';
+---------+---------+------------+------+------+----------+
| ename   | job     | hiredate   | sal  | comm | isactive |
+---------+---------+------------+------+------+----------+
| JONES   | MANAGER | 1981-04-02 | 2975 | NULL |        1 |
| BLAKE   | MANAGER | 1981-05-01 | 2850 | NULL |        1 |
| CLARK   | MANAGER | 1981-06-09 | 2450 | NULL |        1 |
| HOFFMAN | MANAGER | 1982-03-24 | 4150 | NULL |        1 |
| ALEX    | MANAGER | 1982-01-24 | 1250 |  500 |        1 |
+---------+---------+------------+------+------+----------+
5 rows in set (0.00 sec)

mysql> select ename, job, hiredate, sal, comm, isactive from emp where job in (1);
Empty set, 28 warnings (0.00 sec)

mysql> select ename, job, hiredate, sal, comm, isactive from emp where sal in (1);
Empty set (0.00 sec)

mysql> select ename, job, hiredate, sal, comm, isactive from emp where true in (1);
+----------+---------------------+------------+------+------+----------+
| ename    | job                 | hiredate   | sal  | comm | isactive |
+----------+---------------------+------------+------+------+----------+
| GITA     | Compliance officers | 1981-07-19 | 1750 | NULL |        1 |
| VRUSHALI | Compliance officers | 1981-07-19 | 1750 | NULL |        1 |
| SHARMIN  | Public Relation     | 1981-07-19 | 1750 | NULL |        1 |
| BANDISH  | Public Relation     | 1981-07-19 | 1750 | NULL |        1 |
| SMITH    | CLERK               | 1980-12-17 |  800 | NULL |        0 |
| AARAV    | CLERK               | 1981-12-31 | 3350 | NULL |        0 |
| THOMAS   | CLERK               | 1981-07-19 | 1750 | NULL |        0 |
| ALLEN    | SALESMAN            | 1981-02-20 | 1600 |  300 |        1 |
| WARD     | SALESMAN            | 1981-02-22 | 1250 |  500 |        1 |
| JONES    | MANAGER             | 1981-04-02 | 2975 | NULL |        1 |
| MARTIN   | SALESMAN            | 1981-09-28 | 1250 | 1400 |        1 |
| BLAKE    | MANAGER             | 1981-05-01 | 2850 | NULL |        1 |
| CLARK    | MANAGER             | 1981-06-09 | 2450 | NULL |        1 |
| SCOTT    | ANALYST             | 1982-12-09 | 3000 | NULL |        1 |
| KING     | PRESIDENT           | 1981-11-17 | 5000 | NULL |        1 |
| FRED     | vice PRESIDENT      | 1983-08-09 | 5000 | NULL |        1 |
| TURNER   | SALESMAN            | 1981-09-08 | 1500 |    0 |        1 |
| ADAMS    | CLERK               | 1983-01-12 | 1100 | NULL |        1 |
| JAMES    | CLERK               | 1981-12-03 |  950 | NULL |        1 |
| FORD     | ANALYST             | 1981-12-03 | 3000 | NULL |        0 |
| HOFFMAN  | MANAGER             | 1982-03-24 | 4150 | NULL |        1 |
| GRASS    | SALESMAN            | 1980-02-14 | 2575 | 2700 |        1 |
| MILLER   | CLERK               | 1982-01-23 | 1300 | NULL |        0 |
| AARUSH   | SALESMAN            | 1980-02-14 | 1350 | 2700 |        0 |
| ALEX     | MANAGER             | 1982-01-24 | 1250 |  500 |        1 |
| NATASHA  | CLERK               | 1981-07-19 | 1750 | NULL |        1 |
| SANGITA  | Compliance officers | 1981-07-19 | 1750 | NULL |        1 |
| SUPRIYA  | ANALYST             | 1981-07-19 | 1750 | NULL |        1 |
+----------+---------------------+------------+------+------+----------+
28 rows in set (0.00 sec)

mysql> select ename, job, isactive from emp where 'jerry' in (1, 0, 'me');
+----------+---------------------+----------+
| ename    | job                 | isactive |
+----------+---------------------+----------+
| GITA     | Compliance officers |        1 |
| VRUSHALI | Compliance officers |        1 |
| SHARMIN  | Public Relation     |        1 |
| BANDISH  | Public Relation     |        1 |
| SMITH    | CLERK               |        0 |
| AARAV    | CLERK               |        0 |
| THOMAS   | CLERK               |        0 |
| ALLEN    | SALESMAN            |        1 |
| WARD     | SALESMAN            |        1 |
| JONES    | MANAGER             |        1 |
| MARTIN   | SALESMAN            |        1 |
| BLAKE    | MANAGER             |        1 |
| CLARK    | MANAGER             |        1 |
| SCOTT    | ANALYST             |        1 |
| KING     | PRESIDENT           |        1 |
| FRED     | vice PRESIDENT      |        1 |
| TURNER   | SALESMAN            |        1 |
| ADAMS    | CLERK               |        1 |
| JAMES    | CLERK               |        1 |
| FORD     | ANALYST             |        0 |
| HOFFMAN  | MANAGER             |        1 |
| GRASS    | SALESMAN            |        1 |
| MILLER   | CLERK               |        0 |
| AARUSH   | SALESMAN            |        0 |
| ALEX     | MANAGER             |        1 |
| NATASHA  | CLERK               |        1 |
| SANGITA  | Compliance officers |        1 |
| SUPRIYA  | ANALYST             |        1 |
+----------+---------------------+----------+
28 rows in set, 1 warning (0.00 sec)

mysql> select ename, job, isactive from emp where 'jerry' in ( 0, 'jerry');
+----------+---------------------+----------+
| ename    | job                 | isactive |
+----------+---------------------+----------+
| GITA     | Compliance officers |        1 |
| VRUSHALI | Compliance officers |        1 |
| SHARMIN  | Public Relation     |        1 |
| BANDISH  | Public Relation     |        1 |
| SMITH    | CLERK               |        0 |
| AARAV    | CLERK               |        0 |
| THOMAS   | CLERK               |        0 |
| ALLEN    | SALESMAN            |        1 |
| WARD     | SALESMAN            |        1 |
| JONES    | MANAGER             |        1 |
| MARTIN   | SALESMAN            |        1 |
| BLAKE    | MANAGER             |        1 |
| CLARK    | MANAGER             |        1 |
| SCOTT    | ANALYST             |        1 |
| KING     | PRESIDENT           |        1 |
| FRED     | vice PRESIDENT      |        1 |
| TURNER   | SALESMAN            |        1 |
| ADAMS    | CLERK               |        1 |
| JAMES    | CLERK               |        1 |
| FORD     | ANALYST             |        0 |
| HOFFMAN  | MANAGER             |        1 |
| GRASS    | SALESMAN            |        1 |
| MILLER   | CLERK               |        0 |
| AARUSH   | SALESMAN            |        0 |
| ALEX     | MANAGER             |        1 |
| NATASHA  | CLERK               |        1 |
| SANGITA  | Compliance officers |        1 |
| SUPRIYA  | ANALYST             |        1 |
+----------+---------------------+----------+
28 rows in set, 1 warning (0.00 sec)

mysql> select avg(sal) from emp where empno= -1;
+----------+
| avg(sal) |
+----------+
|     NULL |
+----------+
1 row in set (0.00 sec)

mysql> select sal from emp where empno= -1;
Empty set (0.00 sec)

mysql> select sum(1) where true;
+--------+
| sum(1) |
+--------+
|      1 |
+--------+
1 row in set (0.00 sec)

mysql> select sum(1) where false;
+--------+
| sum(1) |
+--------+
|   NULL |
+--------+
1 row in set (0.00 sec)

mysql> select 1 where false;
Empty set (0.00 sec)

mysql> select sum(1) where false;
+--------+
| sum(1) |
+--------+
|   NULL |
+--------+
1 row in set (0.00 sec)

mysql> select sum(sal), sum(distinct sal) from emp;
+----------+-------------------+
| sum(sal) | sum(distinct sal) |
+----------+-------------------+
|    60700 |             37950 |
+----------+-------------------+
1 row in set (0.03 sec)

mysql>