Microsoft Windows [Version 10.0.19044.2130]
(c) Microsoft Corporation. All rights reserved.

C:\Users\IET>mysql --host=localhost --port=3306 --user=saleel --password=saleel db1
mysql: [Warning] Using a password on the command line interface can be insecure.
Welcome to the MySQL monitor.  Commands end with ; or \g.
Your MySQL connection id is 1622
Server version: 8.0.30 MySQL Community Server - GPL

Copyright (c) 2000, 2022, Oracle and/or its affiliates.

Oracle is a registered trademark of Oracle Corporation and/or its
affiliates. Other names may be trademarks of their respective
owners.

Type 'help;' or '\h' for help. Type '\c' to clear the current input statement.

mysql> select 200 = null;
+------------+
| 200 = null |
+------------+
|       NULL |
+------------+
1 row in set (0.00 sec)

mysql> select null = null;
+-------------+
| null = null |
+-------------+
|        NULL |
+-------------+
1 row in set (0.00 sec)

mysql> select null = 200;
+------------+
| null = 200 |
+------------+
|       NULL |
+------------+
1 row in set (0.00 sec)

mysql> select 200 is null;
+-------------+
| 200 is null |
+-------------+
|           0 |
+-------------+
1 row in set (0.00 sec)

mysql> select null is null;
+--------------+
| null is null |
+--------------+
|            1 |
+--------------+
1 row in set (0.00 sec)

mysql> select null is 200;
ERROR 1064 (42000): You have an error in your SQL syntax; check the manual that corresponds to your MySQL server version for the right syntax to use near '200' at line 1
mysql>
mysql> select ename, job, hiredate,sal, comm, isactive from emp;
+----------+---------------------+------------+------+------+----------+
| ename    | job                 | hiredate   | sal  | comm | isactive |
+----------+---------------------+------------+------+------+----------+
| GITA     | Compliance officers | 1981-07-19 | 1750 | NULL |        1 |
| VRUSHALI | Compliance officers | 1981-07-19 | 1750 | NULL |        1 |
| SHARMIN  | Public Relation     | 1981-07-19 | 1750 | NULL |        1 |
| BANDISH  | Public Relation     | 1981-07-19 | 1750 | NULL |        1 |
| SMITH    | CLERK               | 1980-12-17 |  800 | NULL |        0 |
| AARAV    | CLERK               | 1981-12-31 | 3350 | NULL |        0 |
| THOMAS   | CLERK               | 1981-07-19 | 1750 | NULL |        0 |
| ALLEN    | SALESMAN            | 1981-02-20 | 1600 |  300 |        1 |
| WARD     | SALESMAN            | 1981-02-22 | 1250 |  500 |        1 |
| JONES    | MANAGER             | 1981-04-02 | 2975 | NULL |        1 |
| MARTIN   | SALESMAN            | 1981-09-28 | 1250 | 1400 |        1 |
| BLAKE    | MANAGER             | 1981-05-01 | 2850 | NULL |        1 |
| CLARK    | MANAGER             | 1981-06-09 | 2450 | NULL |        1 |
| SCOTT    | ANALYST             | 1982-12-09 | 3000 | NULL |        1 |
| KING     | PRESIDENT           | 1981-11-17 | 5000 | NULL |        1 |
| FRED     | vice PRESIDENT      | 1983-08-09 | 5000 | NULL |        1 |
| TURNER   | SALESMAN            | 1981-09-08 | 1500 |    0 |        1 |
| ADAMS    | CLERK               | 1983-01-12 | 1100 | NULL |        1 |
| JAMES    | CLERK               | 1981-12-03 |  950 | NULL |        1 |
| FORD     | ANALYST             | 1981-12-03 | 3000 | NULL |        0 |
| HOFFMAN  | MANAGER             | 1982-03-24 | 4150 | NULL |        1 |
| GRASS    | SALESMAN            | 1980-02-14 | 2575 | 2700 |        1 |
| MILLER   | CLERK               | 1982-01-23 | 1300 | NULL |        0 |
| AARUSH   | SALESMAN            | 1980-02-14 | 1350 | 2700 |        0 |
| ALEX     | MANAGER             | 1982-01-24 | 1250 |  500 |        1 |
| NATASHA  | CLERK               | 1981-07-19 | 1750 | NULL |        1 |
| SANGITA  | Compliance officers | 1981-07-19 | 1750 | NULL |        1 |
| SUPRIYA  | ANALYST             | 1981-07-19 | 1750 | NULL |        1 |
+----------+---------------------+------------+------+------+----------+
28 rows in set (0.06 sec)

mysql> select row_number() over() R1, ename, job, hiredate,sal, comm, isactive from emp;
+----+----------+---------------------+------------+------+------+----------+
| R1 | ename    | job                 | hiredate   | sal  | comm | isactive |
+----+----------+---------------------+------------+------+------+----------+
|  1 | GITA     | Compliance officers | 1981-07-19 | 1750 | NULL |        1 |
|  2 | VRUSHALI | Compliance officers | 1981-07-19 | 1750 | NULL |        1 |
|  3 | SHARMIN  | Public Relation     | 1981-07-19 | 1750 | NULL |        1 |
|  4 | BANDISH  | Public Relation     | 1981-07-19 | 1750 | NULL |        1 |
|  5 | SMITH    | CLERK               | 1980-12-17 |  800 | NULL |        0 |
|  6 | AARAV    | CLERK               | 1981-12-31 | 3350 | NULL |        0 |
|  7 | THOMAS   | CLERK               | 1981-07-19 | 1750 | NULL |        0 |
|  8 | ALLEN    | SALESMAN            | 1981-02-20 | 1600 |  300 |        1 |
|  9 | WARD     | SALESMAN            | 1981-02-22 | 1250 |  500 |        1 |
| 10 | JONES    | MANAGER             | 1981-04-02 | 2975 | NULL |        1 |
| 11 | MARTIN   | SALESMAN            | 1981-09-28 | 1250 | 1400 |        1 |
| 12 | BLAKE    | MANAGER             | 1981-05-01 | 2850 | NULL |        1 |
| 13 | CLARK    | MANAGER             | 1981-06-09 | 2450 | NULL |        1 |
| 14 | SCOTT    | ANALYST             | 1982-12-09 | 3000 | NULL |        1 |
| 15 | KING     | PRESIDENT           | 1981-11-17 | 5000 | NULL |        1 |
| 16 | FRED     | vice PRESIDENT      | 1983-08-09 | 5000 | NULL |        1 |
| 17 | TURNER   | SALESMAN            | 1981-09-08 | 1500 |    0 |        1 |
| 18 | ADAMS    | CLERK               | 1983-01-12 | 1100 | NULL |        1 |
| 19 | JAMES    | CLERK               | 1981-12-03 |  950 | NULL |        1 |
| 20 | FORD     | ANALYST             | 1981-12-03 | 3000 | NULL |        0 |
| 21 | HOFFMAN  | MANAGER             | 1982-03-24 | 4150 | NULL |        1 |
| 22 | GRASS    | SALESMAN            | 1980-02-14 | 2575 | 2700 |        1 |
| 23 | MILLER   | CLERK               | 1982-01-23 | 1300 | NULL |        0 |
| 24 | AARUSH   | SALESMAN            | 1980-02-14 | 1350 | 2700 |        0 |
| 25 | ALEX     | MANAGER             | 1982-01-24 | 1250 |  500 |        1 |
| 26 | NATASHA  | CLERK               | 1981-07-19 | 1750 | NULL |        1 |
| 27 | SANGITA  | Compliance officers | 1981-07-19 | 1750 | NULL |        1 |
| 28 | SUPRIYA  | ANALYST             | 1981-07-19 | 1750 | NULL |        1 |
+----+----------+---------------------+------------+------+------+----------+
28 rows in set (0.03 sec)

mysql> select row_number() over(order by  job) R1, ename, job, hiredate,sal, comm, isactive from emp;
+----+----------+---------------------+------------+------+------+----------+
| R1 | ename    | job                 | hiredate   | sal  | comm | isactive |
+----+----------+---------------------+------------+------+------+----------+
|  1 | SCOTT    | ANALYST             | 1982-12-09 | 3000 | NULL |        1 |/
|  2 | FORD     | ANALYST             | 1981-12-03 | 3000 | NULL |        0 |
|  3 | SUPRIYA  | ANALYST             | 1981-07-19 | 1750 | NULL |        1 |
|  4 | SMITH    | CLERK               | 1980-12-17 |  800 | NULL |        0 |
|  5 | AARAV    | CLERK               | 1981-12-31 | 3350 | NULL |        0 |
|  6 | THOMAS   | CLERK               | 1981-07-19 | 1750 | NULL |        0 |
|  7 | ADAMS    | CLERK               | 1983-01-12 | 1100 | NULL |        1 |
|  8 | JAMES    | CLERK               | 1981-12-03 |  950 | NULL |        1 |
|  9 | MILLER   | CLERK               | 1982-01-23 | 1300 | NULL |        0 |
| 10 | NATASHA  | CLERK               | 1981-07-19 | 1750 | NULL |        1 |
| 11 | GITA     | Compliance officers | 1981-07-19 | 1750 | NULL |        1 |
| 12 | VRUSHALI | Compliance officers | 1981-07-19 | 1750 | NULL |        1 |
| 13 | SANGITA  | Compliance officers | 1981-07-19 | 1750 | NULL |        1 |
| 14 | JONES    | MANAGER             | 1981-04-02 | 2975 | NULL |        1 |
| 15 | BLAKE    | MANAGER             | 1981-05-01 | 2850 | NULL |        1 |
| 16 | CLARK    | MANAGER             | 1981-06-09 | 2450 | NULL |        1 |
| 17 | HOFFMAN  | MANAGER             | 1982-03-24 | 4150 | NULL |        1 |
| 18 | ALEX     | MANAGER             | 1982-01-24 | 1250 |  500 |        1 |
| 19 | KING     | PRESIDENT           | 1981-11-17 | 5000 | NULL |        1 |
| 20 | SHARMIN  | Public Relation     | 1981-07-19 | 1750 | NULL |        1 |
| 21 | BANDISH  | Public Relation     | 1981-07-19 | 1750 | NULL |        1 |
| 22 | ALLEN    | SALESMAN            | 1981-02-20 | 1600 |  300 |        1 |
| 23 | WARD     | SALESMAN            | 1981-02-22 | 1250 |  500 |        1 |
| 24 | MARTIN   | SALESMAN            | 1981-09-28 | 1250 | 1400 |        1 |
| 25 | TURNER   | SALESMAN            | 1981-09-08 | 1500 |    0 |        1 |
| 26 | GRASS    | SALESMAN            | 1980-02-14 | 2575 | 2700 |        1 |
| 27 | AARUSH   | SALESMAN            | 1980-02-14 | 1350 | 2700 |        0 |
| 28 | FRED     | vice PRESIDENT      | 1983-08-09 | 5000 | NULL |        1 |
+----+----------+---------------------+------------+------+------+----------+
28 rows in set (0.00 sec)

mysql> select row_number() over(partition by job) R1, ename, job, hiredate,sal, comm, isactive from emp;
+----+----------+---------------------+------------+------+------+----------+
| R1 | ename    | job                 | hiredate   | sal  | comm | isactive |
+----+----------+---------------------+------------+------+------+----------+
|  1 | SCOTT    | ANALYST             | 1982-12-09 | 3000 | NULL |        1 |
|  2 | FORD     | ANALYST             | 1981-12-03 | 3000 | NULL |        0 |
|  3 | SUPRIYA  | ANALYST             | 1981-07-19 | 1750 | NULL |        1 |
|  1 | SMITH    | CLERK               | 1980-12-17 |  800 | NULL |        0 |
|  2 | AARAV    | CLERK               | 1981-12-31 | 3350 | NULL |        0 |
|  3 | THOMAS   | CLERK               | 1981-07-19 | 1750 | NULL |        0 |
|  4 | ADAMS    | CLERK               | 1983-01-12 | 1100 | NULL |        1 |
|  5 | JAMES    | CLERK               | 1981-12-03 |  950 | NULL |        1 |
|  6 | MILLER   | CLERK               | 1982-01-23 | 1300 | NULL |        0 |
|  7 | NATASHA  | CLERK               | 1981-07-19 | 1750 | NULL |        1 |
|  1 | GITA     | Compliance officers | 1981-07-19 | 1750 | NULL |        1 |
|  2 | VRUSHALI | Compliance officers | 1981-07-19 | 1750 | NULL |        1 |
|  3 | SANGITA  | Compliance officers | 1981-07-19 | 1750 | NULL |        1 |
|  1 | JONES    | MANAGER             | 1981-04-02 | 2975 | NULL |        1 |
|  2 | BLAKE    | MANAGER             | 1981-05-01 | 2850 | NULL |        1 |
|  3 | CLARK    | MANAGER             | 1981-06-09 | 2450 | NULL |        1 |
|  4 | HOFFMAN  | MANAGER             | 1982-03-24 | 4150 | NULL |        1 |
|  5 | ALEX     | MANAGER             | 1982-01-24 | 1250 |  500 |        1 |
|  1 | KING     | PRESIDENT           | 1981-11-17 | 5000 | NULL |        1 |
|  1 | SHARMIN  | Public Relation     | 1981-07-19 | 1750 | NULL |        1 |
|  2 | BANDISH  | Public Relation     | 1981-07-19 | 1750 | NULL |        1 |
|  1 | ALLEN    | SALESMAN            | 1981-02-20 | 1600 |  300 |        1 |
|  2 | WARD     | SALESMAN            | 1981-02-22 | 1250 |  500 |        1 |
|  3 | MARTIN   | SALESMAN            | 1981-09-28 | 1250 | 1400 |        1 |
|  4 | TURNER   | SALESMAN            | 1981-09-08 | 1500 |    0 |        1 |
|  5 | GRASS    | SALESMAN            | 1980-02-14 | 2575 | 2700 |        1 |
|  6 | AARUSH   | SALESMAN            | 1980-02-14 | 1350 | 2700 |        0 |
|  1 | FRED     | vice PRESIDENT      | 1983-08-09 | 5000 | NULL |        1 |
+----+----------+---------------------+------------+------+------+----------+
28 rows in set (0.00 sec)

mysql> select row_number() over(partition by job order by ename) R1, ename, job, hiredate,sal, comm, isactive from emp;
+----+----------+---------------------+------------+------+------+----------+
| R1 | ename    | job                 | hiredate   | sal  | comm | isactive |
+----+----------+---------------------+------------+------+------+----------+
|  1 | FORD     | ANALYST             | 1981-12-03 | 3000 | NULL |        0 |
|  2 | SCOTT    | ANALYST             | 1982-12-09 | 3000 | NULL |        1 |
|  3 | SUPRIYA  | ANALYST             | 1981-07-19 | 1750 | NULL |        1 |
|  1 | AARAV    | CLERK               | 1981-12-31 | 3350 | NULL |        0 |
|  2 | ADAMS    | CLERK               | 1983-01-12 | 1100 | NULL |        1 |
|  3 | JAMES    | CLERK               | 1981-12-03 |  950 | NULL |        1 |
|  4 | MILLER   | CLERK               | 1982-01-23 | 1300 | NULL |        0 |
|  5 | NATASHA  | CLERK               | 1981-07-19 | 1750 | NULL |        1 |
|  6 | SMITH    | CLERK               | 1980-12-17 |  800 | NULL |        0 |
|  7 | THOMAS   | CLERK               | 1981-07-19 | 1750 | NULL |        0 |
|  1 | GITA     | Compliance officers | 1981-07-19 | 1750 | NULL |        1 |
|  2 | SANGITA  | Compliance officers | 1981-07-19 | 1750 | NULL |        1 |
|  3 | VRUSHALI | Compliance officers | 1981-07-19 | 1750 | NULL |        1 |
|  1 | ALEX     | MANAGER             | 1982-01-24 | 1250 |  500 |        1 |
|  2 | BLAKE    | MANAGER             | 1981-05-01 | 2850 | NULL |        1 |
|  3 | CLARK    | MANAGER             | 1981-06-09 | 2450 | NULL |        1 |
|  4 | HOFFMAN  | MANAGER             | 1982-03-24 | 4150 | NULL |        1 |
|  5 | JONES    | MANAGER             | 1981-04-02 | 2975 | NULL |        1 |
|  1 | KING     | PRESIDENT           | 1981-11-17 | 5000 | NULL |        1 |
|  1 | BANDISH  | Public Relation     | 1981-07-19 | 1750 | NULL |        1 |
|  2 | SHARMIN  | Public Relation     | 1981-07-19 | 1750 | NULL |        1 |
|  1 | AARUSH   | SALESMAN            | 1980-02-14 | 1350 | 2700 |        0 |
|  2 | ALLEN    | SALESMAN            | 1981-02-20 | 1600 |  300 |        1 |
|  3 | GRASS    | SALESMAN            | 1980-02-14 | 2575 | 2700 |        1 |
|  4 | MARTIN   | SALESMAN            | 1981-09-28 | 1250 | 1400 |        1 |
|  5 | TURNER   | SALESMAN            | 1981-09-08 | 1500 |    0 |        1 |
|  6 | WARD     | SALESMAN            | 1981-02-22 | 1250 |  500 |        1 |
|  1 | FRED     | vice PRESIDENT      | 1983-08-09 | 5000 | NULL |        1 |
+----+----------+---------------------+------------+------+------+----------+
28 rows in set (0.00 sec)

mysql> select row_number() over(partition by ename order by ename) R1, ename, job, hiredate,sal, comm, isactive from emp;
+----+----------+---------------------+------------+------+------+----------+
| R1 | ename    | job                 | hiredate   | sal  | comm | isactive |
+----+----------+---------------------+------------+------+------+----------+
|  1 | AARAV    | CLERK               | 1981-12-31 | 3350 | NULL |        0 |
|  1 | AARUSH   | SALESMAN            | 1980-02-14 | 1350 | 2700 |        0 |
|  1 | ADAMS    | CLERK               | 1983-01-12 | 1100 | NULL |        1 |
|  1 | ALEX     | MANAGER             | 1982-01-24 | 1250 |  500 |        1 |
|  1 | ALLEN    | SALESMAN            | 1981-02-20 | 1600 |  300 |        1 |
|  1 | BANDISH  | Public Relation     | 1981-07-19 | 1750 | NULL |        1 |
|  1 | BLAKE    | MANAGER             | 1981-05-01 | 2850 | NULL |        1 |
|  1 | CLARK    | MANAGER             | 1981-06-09 | 2450 | NULL |        1 |
|  1 | FORD     | ANALYST             | 1981-12-03 | 3000 | NULL |        0 |
|  1 | FRED     | vice PRESIDENT      | 1983-08-09 | 5000 | NULL |        1 |
|  1 | GITA     | Compliance officers | 1981-07-19 | 1750 | NULL |        1 |
|  1 | GRASS    | SALESMAN            | 1980-02-14 | 2575 | 2700 |        1 |
|  1 | HOFFMAN  | MANAGER             | 1982-03-24 | 4150 | NULL |        1 |
|  1 | JAMES    | CLERK               | 1981-12-03 |  950 | NULL |        1 |
|  1 | JONES    | MANAGER             | 1981-04-02 | 2975 | NULL |        1 |
|  1 | KING     | PRESIDENT           | 1981-11-17 | 5000 | NULL |        1 |
|  1 | MARTIN   | SALESMAN            | 1981-09-28 | 1250 | 1400 |        1 |
|  1 | MILLER   | CLERK               | 1982-01-23 | 1300 | NULL |        0 |
|  1 | NATASHA  | CLERK               | 1981-07-19 | 1750 | NULL |        1 |
|  1 | SANGITA  | Compliance officers | 1981-07-19 | 1750 | NULL |        1 |
|  1 | SCOTT    | ANALYST             | 1982-12-09 | 3000 | NULL |        1 |
|  1 | SHARMIN  | Public Relation     | 1981-07-19 | 1750 | NULL |        1 |
|  1 | SMITH    | CLERK               | 1980-12-17 |  800 | NULL |        0 |
|  1 | SUPRIYA  | ANALYST             | 1981-07-19 | 1750 | NULL |        1 |
|  1 | THOMAS   | CLERK               | 1981-07-19 | 1750 | NULL |        0 |
|  1 | TURNER   | SALESMAN            | 1981-09-08 | 1500 |    0 |        1 |
|  1 | VRUSHALI | Compliance officers | 1981-07-19 | 1750 | NULL |        1 |
|  1 | WARD     | SALESMAN            | 1981-02-22 | 1250 |  500 |        1 |
+----+----------+---------------------+------------+------+------+----------+
28 rows in set (0.00 sec)

mysql> select  sal from emp;
+------+
| sal  |
+------+
| 1750 |
| 1750 |
| 1750 |
| 1750 |
|  800 |
| 3350 |
| 1750 |
| 1600 |
| 1250 |
| 2975 |
| 1250 |
| 2850 |
| 2450 |
| 3000 |
| 5000 |
| 5000 |
| 1500 |
| 1100 |
|  950 |
| 3000 |
| 4150 |
| 2575 |
| 1300 |
| 1350 |
| 1250 |
| 1750 |
| 1750 |
| 1750 |
+------+
28 rows in set (0.00 sec)

mysql> select  sal, rank() over(order by sal) R1 from emp;
+------+----+
| sal  | R1 |
+------+----+
|  800 |  1 |
|  950 |  2 |
| 1100 |  3 |
| 1250 |  4 |
| 1250 |  4 |
| 1250 |  4 |
| 1300 |  7 |
| 1350 |  8 |
| 1500 |  9 |
| 1600 | 10 |
| 1750 | 11 |
| 1750 | 11 |
| 1750 | 11 |
| 1750 | 11 |
| 1750 | 11 |
| 1750 | 11 |
| 1750 | 11 |
| 1750 | 11 |
| 2450 | 19 |
| 2575 | 20 |
| 2850 | 21 |
| 2975 | 22 |
| 3000 | 23 |
| 3000 | 23 |
| 3350 | 25 |
| 4150 | 26 |
| 5000 | 27 |
| 5000 | 27 |
+------+----+
28 rows in set (0.00 sec)

mysql> select  sal, rank() over(order by sal desc) R1 from emp;
+------+----+
| sal  | R1 |
+------+----+
| 5000 |  1 |
| 5000 |  1 |
| 4150 |  3 |
| 3350 |  4 |
| 3000 |  5 |
| 3000 |  5 |
| 2975 |  7 |
| 2850 |  8 |
| 2575 |  9 |
| 2450 | 10 |
| 1750 | 11 |
| 1750 | 11 |
| 1750 | 11 |
| 1750 | 11 |
| 1750 | 11 |
| 1750 | 11 |
| 1750 | 11 |
| 1750 | 11 |
| 1600 | 19 |
| 1500 | 20 |
| 1350 | 21 |
| 1300 | 22 |
| 1250 | 23 |
| 1250 | 23 |
| 1250 | 23 |
| 1100 | 26 |
|  950 | 27 |
|  800 | 28 |
+------+----+
28 rows in set (0.00 sec)

mysql> select  sal, rank() over(order by sal desc) R1, dense_rank() over(order by sal desc)  R2 from emp;
+------+----+----+
| sal  | R1 | R2 |
+------+----+----+
| 5000 |  1 |  1 |
| 5000 |  1 |  1 |
| 4150 |  3 |  2 |
| 3350 |  4 |  3 |
| 3000 |  5 |  4 |
| 3000 |  5 |  4 |
| 2975 |  7 |  5 |
| 2850 |  8 |  6 |
| 2575 |  9 |  7 |
| 2450 | 10 |  8 |
| 1750 | 11 |  9 |
| 1750 | 11 |  9 |
| 1750 | 11 |  9 |
| 1750 | 11 |  9 |
| 1750 | 11 |  9 |
| 1750 | 11 |  9 |
| 1750 | 11 |  9 |
| 1750 | 11 |  9 |
| 1600 | 19 | 10 |
| 1500 | 20 | 11 |
| 1350 | 21 | 12 |
| 1300 | 22 | 13 |
| 1250 | 23 | 14 |
| 1250 | 23 | 14 |
| 1250 | 23 | 14 |
| 1100 | 26 | 15 |
|  950 | 27 | 16 |
|  800 | 28 | 17 |
+------+----+----+
28 rows in set (0.00 sec)

mysql> select  sal, rank() over(order by sal desc) R1, dense_rank() over(order by sal desc)  R2 from emp where dense_rank() over(order by sal desc) = 2;
ERROR 3593 (HY000): You cannot use the window function 'dense_rank' in this context.'
mysql>
mysql>
mysql> select job from emp order by job;
+---------------------+
| job                 |
+---------------------+
| ANALYST             |
| ANALYST             |
| ANALYST             |
| CLERK               |
| CLERK               |
| CLERK               |
| CLERK               |
| CLERK               |
| CLERK               |
| CLERK               |
| Compliance officers |
| Compliance officers |
| Compliance officers |
| MANAGER             |
| MANAGER             |
| MANAGER             |
| MANAGER             |
| MANAGER             |
| PRESIDENT           |
| Public Relation     |
| Public Relation     |
| SALESMAN            |
| SALESMAN            |
| SALESMAN            |
| SALESMAN            |
| SALESMAN            |
| SALESMAN            |
| vice PRESIDENT      |
+---------------------+
28 rows in set (0.00 sec)

mysql> select job from emp group by job;
+---------------------+
| job                 |
+---------------------+
| Compliance officers |
| Public Relation     |
| CLERK               |
| SALESMAN            |
| MANAGER             |
| ANALYST             |
| PRESIDENT           |
| vice PRESIDENT      |
+---------------------+
8 rows in set (0.00 sec)

mysql>
mysql> select count(job) from emp group by job;
+------------+
| count(job) |
+------------+
|          3 |
|          2 |
|          7 |
|          6 |
|          5 |
|          3 |
|          1 |
|          1 |
+------------+
8 rows in set (0.00 sec)

mysql> select job, count(job) from emp group by job;
+---------------------+------------+
| job                 | count(job) |
+---------------------+------------+
| Compliance officers |          3 |
| Public Relation     |          2 |
| CLERK               |          7 |
| SALESMAN            |          6 |
| MANAGER             |          5 |
| ANALYST             |          3 |
| PRESIDENT           |          1 |
| vice PRESIDENT      |          1 |
+---------------------+------------+
8 rows in set (0.00 sec)

mysql> select job, count(job) from emp;
+---------------------+------------+
| job                 | count(job) |
+---------------------+------------+
| Compliance officers |         28 |
+---------------------+------------+
1 row in set (0.00 sec)

mysql> select job, count(job) from emp group by job;
+---------------------+------------+
| job                 | count(job) |
+---------------------+------------+
| Compliance officers |          3 |
| Public Relation     |          2 |
| CLERK               |          7 |
| SALESMAN            |          6 |
| MANAGER             |          5 |
| ANALYST             |          3 |
| PRESIDENT           |          1 |
| vice PRESIDENT      |          1 |
+---------------------+------------+
8 rows in set (0.00 sec)

mysql> select job, count(job), sum(sal) from emp group by job;
+---------------------+------------+----------+
| job                 | count(job) | sum(sal) |
+---------------------+------------+----------+
| Compliance officers |          3 |     5250 |
| Public Relation     |          2 |     3500 |
| CLERK               |          7 |    11000 |
| SALESMAN            |          6 |     9525 |
| MANAGER             |          5 |    13675 |
| ANALYST             |          3 |     7750 |
| PRESIDENT           |          1 |     5000 |
| vice PRESIDENT      |          1 |     5000 |
+---------------------+------------+----------+
8 rows in set (0.00 sec)

mysql> select count(job), sum(sal) from emp group by job;
+------------+----------+
| count(job) | sum(sal) |
+------------+----------+
|          3 |     5250 |
|          2 |     3500 |
|          7 |    11000 |
|          6 |     9525 |
|          5 |    13675 |
|          3 |     7750 |
|          1 |     5000 |
|          1 |     5000 |
+------------+----------+
8 rows in set (0.00 sec)

mysql> select job, count(job), sum(sal) from emp group by job;
+---------------------+------------+----------+
| job                 | count(job) | sum(sal) |
+---------------------+------------+----------+
| Compliance officers |          3 |     5250 |
| Public Relation     |          2 |     3500 |
| CLERK               |          7 |    11000 |
| SALESMAN            |          6 |     9525 |
| MANAGER             |          5 |    13675 |
| ANALYST             |          3 |     7750 |
| PRESIDENT           |          1 |     5000 |
| vice PRESIDENT      |          1 |     5000 |
+---------------------+------------+----------+
8 rows in set (0.00 sec)

mysql> select ename, deptno from emp order by 2;
+----------+--------+
| ename    | deptno |
+----------+--------+
| AARAV    |     10 |
| THOMAS   |     10 |
| CLARK    |     10 |
| KING     |     10 |
| MILLER   |     10 |
| SHARMIN  |     20 |
| BANDISH  |     20 |
| SMITH    |     20 |
| JONES    |     20 |
| SCOTT    |     20 |
| FRED     |     20 |
| ADAMS    |     20 |
| FORD     |     20 |
| GITA     |     30 |
| ALLEN    |     30 |
| WARD     |     30 |
| MARTIN   |     30 |
| BLAKE    |     30 |
| TURNER   |     30 |
| JAMES    |     30 |
| HOFFMAN  |     30 |
| GRASS    |     30 |
| AARUSH   |     30 |
| ALEX     |     30 |
| NATASHA  |     30 |
| VRUSHALI |     50 |
| SANGITA  |     50 |
| SUPRIYA  |     50 |
+----------+--------+
28 rows in set (0.00 sec)

mysql> select deptno, count(*) from emp group  by deptno;
+--------+----------+
| deptno | count(*) |
+--------+----------+
|     10 |        5 |
|     20 |        8 |
|     30 |       12 |
|     50 |        3 |
+--------+----------+
4 rows in set (0.02 sec)

mysql> select ename, job, deptno from emp order by 2, 3;
+----------+---------------------+--------+
| ename    | job                 | deptno |
+----------+---------------------+--------+
| SCOTT    | ANALYST             |     20 |
| FORD     | ANALYST             |     20 |
| SUPRIYA  | ANALYST             |     50 |
| AARAV    | CLERK               |     10 |
| THOMAS   | CLERK               |     10 |
| MILLER   | CLERK               |     10 |
| SMITH    | CLERK               |     20 |
| ADAMS    | CLERK               |     20 |
| JAMES    | CLERK               |     30 |
| NATASHA  | CLERK               |     30 |
| GITA     | Compliance officers |     30 |
| VRUSHALI | Compliance officers |     50 |
| SANGITA  | Compliance officers |     50 |
| CLARK    | MANAGER             |     10 |
| JONES    | MANAGER             |     20 |
| BLAKE    | MANAGER             |     30 |
| HOFFMAN  | MANAGER             |     30 |
| ALEX     | MANAGER             |     30 |
| KING     | PRESIDENT           |     10 |
| SHARMIN  | Public Relation     |     20 |
| BANDISH  | Public Relation     |     20 |
| ALLEN    | SALESMAN            |     30 |
| WARD     | SALESMAN            |     30 |
| MARTIN   | SALESMAN            |     30 |
| TURNER   | SALESMAN            |     30 |
| GRASS    | SALESMAN            |     30 |
| AARUSH   | SALESMAN            |     30 |
| FRED     | vice PRESIDENT      |     20 |
+----------+---------------------+--------+
28 rows in set (0.00 sec)

mysql> select deptno, job from emp group by deptno, job ;
+--------+---------------------+
| deptno | job                 |
+--------+---------------------+
|     30 | Compliance officers |
|     50 | Compliance officers |
|     20 | Public Relation     |
|     20 | CLERK               |
|     10 | CLERK               |
|     30 | SALESMAN            |
|     20 | MANAGER             |
|     30 | MANAGER             |
|     10 | MANAGER             |
|     20 | ANALYST             |
|     10 | PRESIDENT           |
|     20 | vice PRESIDENT      |
|     30 | CLERK               |
|     50 | ANALYST             |
+--------+---------------------+
14 rows in set (0.00 sec)

mysql> select deptno, job, count(*)  from emp group by deptno, job ;
+--------+---------------------+----------+
| deptno | job                 | count(*) |
+--------+---------------------+----------+
|     30 | Compliance officers |        1 |
|     50 | Compliance officers |        2 |
|     20 | Public Relation     |        2 |
|     20 | CLERK               |        2 |
|     10 | CLERK               |        3 |
|     30 | SALESMAN            |        6 |
|     20 | MANAGER             |        1 |
|     30 | MANAGER             |        3 |
|     10 | MANAGER             |        1 |
|     20 | ANALYST             |        2 |
|     10 | PRESIDENT           |        1 |
|     20 | vice PRESIDENT      |        1 |
|     30 | CLERK               |        2 |
|     50 | ANALYST             |        1 |
+--------+---------------------+----------+
14 rows in set (0.00 sec)

mysql> select deptno, job, count(*)  from emp group by deptno, job order by deptno;
+--------+---------------------+----------+
| deptno | job                 | count(*) |
+--------+---------------------+----------+
|     10 | CLERK               |        3 |
|     10 | MANAGER             |        1 |
|     10 | PRESIDENT           |        1 |
|     20 | ANALYST             |        2 |
|     20 | CLERK               |        2 |
|     20 | MANAGER             |        1 |
|     20 | Public Relation     |        2 |
|     20 | vice PRESIDENT      |        1 |
|     30 | CLERK               |        2 |
|     30 | Compliance officers |        1 |
|     30 | MANAGER             |        3 |
|     30 | SALESMAN            |        6 |
|     50 | ANALYST             |        1 |
|     50 | Compliance officers |        2 |
+--------+---------------------+----------+
14 rows in set (0.00 sec)

mysql> select deptno, job, count(*)  from emp group by deptno, job order by deptno desc;
+--------+---------------------+----------+
| deptno | job                 | count(*) |
+--------+---------------------+----------+
|     50 | ANALYST             |        1 |
|     50 | Compliance officers |        2 |
|     30 | CLERK               |        2 |
|     30 | Compliance officers |        1 |
|     30 | MANAGER             |        3 |
|     30 | SALESMAN            |        6 |
|     20 | ANALYST             |        2 |
|     20 | CLERK               |        2 |
|     20 | MANAGER             |        1 |
|     20 | Public Relation     |        2 |
|     20 | vice PRESIDENT      |        1 |
|     10 | CLERK               |        3 |
|     10 | MANAGER             |        1 |
|     10 | PRESIDENT           |        1 |
+--------+---------------------+----------+
14 rows in set (0.00 sec)

mysql> select deptno, job, count(*)  from emp group by deptno, job order by deptno desc, job desc;
+--------+---------------------+----------+
| deptno | job                 | count(*) |
+--------+---------------------+----------+
|     50 | Compliance officers |        2 |
|     50 | ANALYST             |        1 |
|     30 | SALESMAN            |        6 |
|     30 | MANAGER             |        3 |
|     30 | Compliance officers |        1 |
|     30 | CLERK               |        2 |
|     20 | vice PRESIDENT      |        1 |
|     20 | Public Relation     |        2 |
|     20 | MANAGER             |        1 |
|     20 | CLERK               |        2 |
|     20 | ANALYST             |        2 |
|     10 | PRESIDENT           |        1 |
|     10 | MANAGER             |        1 |
|     10 | CLERK               |        3 |
+--------+---------------------+----------+
14 rows in set (0.00 sec)

mysql> select deptno, job, count(*)  from emp order by deptno desc, job desc group by deptno, job ;
ERROR 1064 (42000): You have an error in your SQL syntax; check the manual that corresponds to your MySQL server version for the right syntax to use near 'group by deptno, job' at line 1
mysql>
mysql>
mysql> select max(sal) from emp;
+----------+
| max(sal) |
+----------+
|     5000 |
+----------+
1 row in set (0.00 sec)

mysql> select max(sal) from emp group by deptno;
+----------+
| max(sal) |
+----------+
|     5000 |
|     5000 |
|     4150 |
|     1750 |
+----------+
4 rows in set (0.00 sec)

mysql> select deptno, max(sal) from emp group by deptno;
+--------+----------+
| deptno | max(sal) |
+--------+----------+
|     10 |     5000 |
|     20 |     5000 |
|     30 |     4150 |
|     50 |     1750 |
+--------+----------+
4 rows in set (0.00 sec)

mysql> select deptno, max(sal),min(sal) from emp group by deptno;
+--------+----------+----------+
| deptno | max(sal) | min(sal) |
+--------+----------+----------+
|     10 |     5000 |     1300 |
|     20 |     5000 |      800 |
|     30 |     4150 |      950 |
|     50 |     1750 |     1750 |
+--------+----------+----------+
4 rows in set (0.00 sec)

mysql> select job, count(*)  from emp group by job ;
+---------------------+----------+
| job                 | count(*) |
+---------------------+----------+
| Compliance officers |        3 |
| Public Relation     |        2 |
| CLERK               |        7 |
| SALESMAN            |        6 |
| MANAGER             |        5 |
| ANALYST             |        3 |
| PRESIDENT           |        1 |
| vice PRESIDENT      |        1 |
+---------------------+----------+
8 rows in set (0.00 sec)

mysql> select job, count(*)  from emp where count(*) > 5 group by job ;
ERROR 1111 (HY000): Invalid use of group function
mysql>
mysql>
mysql> select job, count(*)  from emp having count(*) > 5 group by job ;
ERROR 1064 (42000): You have an error in your SQL syntax; check the manual that corresponds to your MySQL server version for the right syntax to use near 'group by job' at line 1
mysql>
mysql>
mysql> select job, count(*)  from emp group by job having count(*) > 5 ;
+----------+----------+
| job      | count(*) |
+----------+----------+
| CLERK    |        7 |
| SALESMAN |        6 |
+----------+----------+
2 rows in set (0.00 sec)

mysql> select job, count(*)  from emp group by job having job='manager';
+---------+----------+
| job     | count(*) |
+---------+----------+
| MANAGER |        5 |
+---------+----------+
1 row in set (0.00 sec)

mysql> select job, count(*)  from emp  having job='manager';
Empty set (0.00 sec)

mysql> select job from emp  having job='manager';
+---------+
| job     |
+---------+
| MANAGER |
| MANAGER |
| MANAGER |
| MANAGER |
| MANAGER |
+---------+
5 rows in set (0.00 sec)

mysql> select ename, job from emp  having job='manager';
+---------+---------+
| ename   | job     |
+---------+---------+
| JONES   | MANAGER |
| BLAKE   | MANAGER |
| CLARK   | MANAGER |
| HOFFMAN | MANAGER |
| ALEX    | MANAGER |
+---------+---------+
5 rows in set (0.00 sec)

mysql> select ename, job from emp  where  job='manager';
+---------+---------+
| ename   | job     |
+---------+---------+
| JONES   | MANAGER |
| BLAKE   | MANAGER |
| CLARK   | MANAGER |
| HOFFMAN | MANAGER |
| ALEX    | MANAGER |
+---------+---------+
5 rows in set (0.00 sec)

mysql> select job, count(*)  from emp group by job having count(*) > 5 ;
+----------+----------+
| job      | count(*) |
+----------+----------+
| CLERK    |        7 |
| SALESMAN |        6 |
+----------+----------+
2 rows in set (0.00 sec)

mysql> select ename from emp;
+----------+
| ename    |
+----------+
| GITA     |
| VRUSHALI |
| SHARMIN  |
| BANDISH  |
| SMITH    |
| AARAV    |
| THOMAS   |
| ALLEN    |
| WARD     |
| JONES    |
| MARTIN   |
| BLAKE    |
| CLARK    |
| SCOTT    |
| KING     |
| FRED     |
| TURNER   |
| ADAMS    |
| JAMES    |
| FORD     |
| HOFFMAN  |
| GRASS    |
| MILLER   |
| AARUSH   |
| ALEX     |
| NATASHA  |
| SANGITA  |
| SUPRIYA  |
+----------+
28 rows in set (0.00 sec)

mysql> set @x := 1000;
Query OK, 0 rows affected (0.00 sec)

mysql> select @x;
+------+
| @x   |
+------+
| 1000 |
+------+
1 row in set (0.00 sec)

mysql> select ename into @y from emp ;
ERROR 1172 (42000): Result consisted of more than one row
mysql> select ename into @y from emp limit 1;
Query OK, 1 row affected (0.00 sec)

mysql> select @y;
+------+
| @y   |
+------+
| GITA |
+------+
1 row in set (0.00 sec)

mysql> select ename, job into @x, @y from emp limit 1;
Query OK, 1 row affected (0.02 sec)

mysql> select @x, @y;
+------+---------------------+
| @x   | @y                  |
+------+---------------------+
| GITA | Compliance officers |
+------+---------------------+
1 row in set (0.00 sec)

mysql>
mysql> select max(sal) into @x from emp;
Query OK, 1 row affected (0.00 sec)

mysql> select @x;
+------+
| @x   |
+------+
| 5000 |
+------+
1 row in set (0.00 sec)

mysql> select ename, job, sal from emp where sal = @x;
+-------+----------------+------+
| ename | job            | sal  |
+-------+----------------+------+
| KING  | PRESIDENT      | 5000 |
| FRED  | vice PRESIDENT | 5000 |
+-------+----------------+------+
2 rows in set (0.00 sec)

mysql> select * from emp;
+-------+----------+--------+---------------------+------+------------+------+------+--------+---------+--------------+------------+------------+----------+
| EMPNO | ENAME    | GENDER | JOB                 | MGR  | HIREDATE   | SAL  | COMM | DEPTNO | BONUSID | USER NAME    | PWD        | PHONE      | isActive |
+-------+----------+--------+---------------------+------+------------+------+------+--------+---------+--------------+------------+------------+----------+
|  6001 | GITA     | F      | Compliance officers | 7920 | 1981-07-19 | 1750 | NULL |     30 |       1 | GITA         | sales@2017 | NULL       |        1 |
|  6129 | VRUSHALI | F      | Compliance officers | 7920 | 1981-07-19 | 1750 | NULL |     50 |       1 | VRUSHALI     | PUN@8877   | NULL       |        1 |
|  6473 | SHARMIN  | F      | Public Relation     | 7920 | 1981-07-19 | 1750 | NULL |     20 |       1 | SHARMIN      | a12recmpm  | NULL       |        1 |
|  6781 | BANDISH  | F      | Public Relation     | 7920 | 1981-07-19 | 1750 | NULL |     20 |       1 | BANDISH      | a12recmpm  | NULL       |        1 |
|  7369 | SMITH    | M      | CLERK               | 7902 | 1980-12-17 |  800 | NULL |     20 |       2 | TRITONE      | a12recmpm  | 7032300023 |        0 |
|  7415 | AARAV    | M      | CLERK               | 7902 | 1981-12-31 | 3350 | NULL |     10 |    NULL | AARAV        | NULL       | 7032300084 |        0 |
|  7421 | THOMAS   | M      | CLERK               | 7920 | 1981-07-19 | 1750 | NULL |     10 |       1 | THOMAS       | r50mpm     | 7032300011 |        0 |
|  7499 | ALLEN    | M      | SALESMAN            | 7698 | 1981-02-20 | 1600 |  300 |     30 |       4 | ALWAYS TESTE | sales@2017 | 7032300096 |        1 |
|  7521 | WARD     | M      | SALESMAN            | 7698 | 1981-02-22 | 1250 |  500 |     30 |       1 | WARD         | sales@2017 | 7132300034 |        1 |
|  7566 | JONES    | M      | MANAGER             | 7839 | 1981-04-02 | 2975 | NULL |     20 |       4 | HONEYCOMB    | a12recmpm  | 7132300039 |        1 |
|  7654 | MARTIN   | M      | SALESMAN            | 7698 | 1981-09-28 | 1250 | 1400 |     30 |       6 | LIFE RACER   | sales@2017 | 7132300050 |        1 |
|  7698 | BLAKE    | M      | MANAGER             | 7839 | 1981-05-01 | 2850 | NULL |     30 |       1 | BIG BEN      | sales@2017 | 7132300027 |        1 |
|  7782 | CLARK    | M      | MANAGER             | 7839 | 1981-06-09 | 2450 | NULL |     10 |       3 | CLARK        | r50mpm     | 7032300001 |        1 |
|  7788 | SCOTT    | M      | ANALYST             | 7566 | 1982-12-09 | 3000 | NULL |     20 |       3 | WHITE SAND   | a12recmpm  | NULL       |        1 |
|  7839 | KING     | M      | PRESIDENT           | NULL | 1981-11-17 | 5000 | NULL |     10 |       1 | KING         | r50mpm     | 7132300081 |        1 |
|  7840 | FRED     | M      | vice PRESIDENT      | 7839 | 1983-08-09 | 5000 | NULL |     20 |       1 | SAND STONE   | a12recmpm  | NULL       |        1 |
|  7844 | TURNER   | M      | SALESMAN            | 7698 | 1981-09-08 | 1500 |    0 |     30 |       5 | SAND DUST    | sales@2017 | NULL       |        1 |
|  7876 | ADAMS    | M      | CLERK               | 7788 | 1983-01-12 | 1100 | NULL |     20 |       1 | CRAZY ANYONE | a12recmpm  | 7132300086 |        1 |
|  7900 | JAMES    | M      | CLERK               | 7698 | 1981-12-03 |  950 | NULL |     30 |       2 | CRAZY LEADER | sales@2017 | 7132300042 |        1 |
|  7902 | FORD     | M      | ANALYST             | 7566 | 1981-12-03 | 3000 | NULL |     20 |       4 | CONBRIO      | a12recmpm  | NULL       |        0 |
|  7919 | HOFFMAN  | M      | MANAGER             | 7566 | 1982-03-24 | 4150 | NULL |     30 |       3 | INTERVAL     | sales@2017 | NULL       |        1 |
|  7920 | GRASS    | M      | SALESMAN            | 7919 | 1980-02-14 | 2575 | 2700 |     30 |       5 | GRASS        | sales@2017 | NULL       |        1 |
|  7934 | MILLER   | M      | CLERK               | 7782 | 1982-01-23 | 1300 | NULL |     10 |       2 | QUARTERNOTE  | r50mpm     | 7132300055 |        0 |
|  7945 | AARUSH   | M      | SALESMAN            | 7902 | 1980-02-14 | 1350 | 2700 |     30 |    NULL | AARUSH       | ABCDEF     | NULL       |        0 |
|  7949 | ALEX     | M      | MANAGER             | 7698 | 1982-01-24 | 1250 |  500 |     30 |       5 | QUARTERREST  | sales@2017 | 7156567183 |        1 |
|  8433 | NATASHA  | F      | CLERK               | 7920 | 1981-07-19 | 1750 | NULL |     30 |       1 | NATASHA      | sales@2017 | NULL       |        1 |
|  9400 | SANGITA  | F      | Compliance officers | 7920 | 1981-07-19 | 1750 | NULL |     50 |       1 | SANGITA      | NULL       | NULL       |        1 |
|  9473 | SUPRIYA  | F      | ANALYST             | 7920 | 1981-07-19 | 1750 | NULL |     50 |       1 | SUPRIYA      | XYZ@1234   | NULL       |        1 |
+-------+----------+--------+---------------------+------+------------+------+------+--------+---------+--------------+------------+------------+----------+
28 rows in set (0.00 sec)

mysql> select * from emp into outfile "c:\abc.txt";
ERROR 1290 (HY000): The MySQL server is running with the --secure-file-priv option so it cannot execute this statement
mysql>
mysql>
mysql> create database a;
Query OK, 1 row affected (0.04 sec)

mysql> use a;
Database changed
mysql> create table abc(c1 int);
Query OK, 0 rows affected (0.08 sec)

mysql> show variables like 'auto%';
+--------------------------+-------+
| Variable_name            | Value |
+--------------------------+-------+
| auto_generate_certs      | ON    |
| auto_increment_increment | 1     |
| auto_increment_offset    | 1     |
| autocommit               | ON    |
| automatic_sp_privileges  | ON    |
+--------------------------+-------+
5 rows in set (0.00 sec)

mysql> \r
Connection id:    8
Current database: a

mysql> show variables like 'auto%';
+--------------------------+-------+
| Variable_name            | Value |
+--------------------------+-------+
| auto_generate_certs      | ON    |
| auto_increment_increment | 1     |
| auto_increment_offset    | 1     |
| autocommit               | OFF   |
| automatic_sp_privileges  | ON    |
+--------------------------+-------+
5 rows in set (0.02 sec)

mysql> \r
Connection id:    8
Current database: a

mysql> use db1
Database changed

mysql>

----------------------------------------------------------


mysql>
mysql>
mysql>
mysql>
mysql> select * from emp into outfile "c:\abc.txt";
ERROR 1086 (HY000): File 'c:abc.txt' already exists
mysql> select * from emp into outfile "c:\abc1.txt";
Query OK, 28 rows affected (0.00 sec)

mysql>
mysql> select * from emp into outfile "c:\abc2.csv" fields terminated by ",";
Query OK, 28 rows affected (0.00 sec)

mysql> select * from emp where job='manager'  into outfile "c:\abc3.csv" fields terminated by ",";
Query OK, 5 rows affected (0.00 sec)

mysql> select * from emp where job='manager'  into dumpfile "c:\abc4.csv" fields terminated by ",";
ERROR 1064 (42000): You have an error in your SQL syntax; check the manual that corresponds to your MySQL server version for the right syntax to use near 'fields terminated by ","' at line 1
mysql>
mysql> select * from emp where job='manager'  into dumpfile "c:\abc4.csv";
ERROR 1172 (42000): Result consisted of more than one row
mysql> select * from emp limit 1  into dumpfile "c:\abc4.csv";
ERROR 1086 (HY000): File 'c:abc4.csv' already exists
mysql> select * from emp limit 1  into dumpfile "c:\abc5.csv";
Query OK, 1 row affected (0.00 sec)

mysql> select * from emp where job='manager'  into outfile "c:\abc3.tsv" fields terminated by "\t";
Query OK, 5 rows affected (0.00 sec)

mysql> select * from emp where job='manager'  into dumpfile "c:\abc6.tsv" fields terminated by "\t";
ERROR 1064 (42000): You have an error in your SQL syntax; check the manual that corresponds to your MySQL server version for the right syntax to use near 'fields terminated by "\t"' at line 1
mysql>
mysql>
mysql>
mysql> select * from emp where job='manager'  into outfile "c:\abc7.tsv" fields terminated by "\t";
Query OK, 5 rows affected (0.00 sec)

mysql>

----------------------------------------------------

mysql>
mysql>
mysql>
mysql>
mysql> select * from emp into outfile "c:\abc.txt";
ERROR 1086 (HY000): File 'c:abc.txt' already exists
mysql> select * from emp into outfile "c:\abc1.txt";
Query OK, 28 rows affected (0.00 sec)

mysql>
mysql> select * from emp into outfile "c:\abc2.csv" fields terminated by ",";
Query OK, 28 rows affected (0.00 sec)

mysql> select * from emp where job='manager'  into outfile "c:\abc3.csv" fields terminated by ",";
Query OK, 5 rows affected (0.00 sec)

mysql> select * from emp where job='manager'  into dumpfile "c:\abc4.csv" fields terminated by ",";
ERROR 1064 (42000): You have an error in your SQL syntax; check the manual that corresponds to your MySQL server version for the right syntax to use near 'fields terminated by ","' at line 1
mysql>
mysql> select * from emp where job='manager'  into dumpfile "c:\abc4.csv";
ERROR 1172 (42000): Result consisted of more than one row
mysql> select * from emp limit 1  into dumpfile "c:\abc4.csv";
ERROR 1086 (HY000): File 'c:abc4.csv' already exists
mysql> select * from emp limit 1  into dumpfile "c:\abc5.csv";
Query OK, 1 row affected (0.00 sec)

mysql> select * from emp where job='manager'  into outfile "c:\abc3.tsv" fields terminated by "\t";
Query OK, 5 rows affected (0.00 sec)

mysql> select * from emp where job='manager'  into dumpfile "c:\abc6.tsv" fields terminated by "\t";
ERROR 1064 (42000): You have an error in your SQL syntax; check the manual that corresponds to your MySQL server version for the right syntax to use near 'fields terminated by "\t"' at line 1
mysql>
mysql>
mysql>
mysql> select * from emp where job='manager'  into outfile "c:\abc7.tsv" fields terminated by "\t";
Query OK, 5 rows affected (0.00 sec)

mysql> select * from dept;
+--------+------------+----------+------------+------------+
| DEPTNO | DNAME      | LOC      | PWD        | STARTEDON  |
+--------+------------+----------+------------+------------+
|     10 | ACCOUNTING | NEW YORK | r50mpm     | 24/03/1989 |
|     20 | RESEARCH   | DALLAS   | a12recmpm  | 12/04/1989 |
|     30 | SALES      | CHICAGO  | sales@2017 | 13/04/1989 |
|     40 | OPERATIONS | BOSTON   | opr@123    | 12/07/1989 |
|     50 | HR         | PUNE     | PUN@8877   | 22/12/1989 |
+--------+------------+----------+------------+------------+
5 rows in set (0.01 sec)

mysql> select ename, job, sal, deptno from emp;
+----------+---------------------+------+--------+
| ename    | job                 | sal  | deptno |
+----------+---------------------+------+--------+
| GITA     | Compliance officers | 1750 |     30 |
| VRUSHALI | Compliance officers | 1750 |     50 |
| SHARMIN  | Public Relation     | 1750 |     20 |
| BANDISH  | Public Relation     | 1750 |     20 |
| SMITH    | CLERK               |  800 |     20 |
| AARAV    | CLERK               | 3350 |     10 |
| THOMAS   | CLERK               | 1750 |     10 |
| ALLEN    | SALESMAN            | 1600 |     30 |
| WARD     | SALESMAN            | 1250 |     30 |
| JONES    | MANAGER             | 2975 |     20 |
| MARTIN   | SALESMAN            | 1250 |     30 |
| BLAKE    | MANAGER             | 2850 |     30 |
| CLARK    | MANAGER             | 2450 |     10 |
| SCOTT    | ANALYST             | 3000 |     20 |
| KING     | PRESIDENT           | 5000 |     10 |
| FRED     | vice PRESIDENT      | 5000 |     20 |
| TURNER   | SALESMAN            | 1500 |     30 |
| ADAMS    | CLERK               | 1100 |     20 |
| JAMES    | CLERK               |  950 |     30 |
| FORD     | ANALYST             | 3000 |     20 |
| HOFFMAN  | MANAGER             | 4150 |     30 |
| GRASS    | SALESMAN            | 2575 |     30 |
| MILLER   | CLERK               | 1300 |     10 |
| AARUSH   | SALESMAN            | 1350 |     30 |
| ALEX     | MANAGER             | 1250 |     30 |
| NATASHA  | CLERK               | 1750 |     30 |
| SANGITA  | Compliance officers | 1750 |     50 |
| SUPRIYA  | ANALYST             | 1750 |     50 |
+----------+---------------------+------+--------+
28 rows in set (0.00 sec)

mysql> select ename, job, sal, deptno from emp, dept;
ERROR 1052 (23000): Column 'deptno' in field list is ambiguous
mysql>
mysql> select ename, job, sal, emp.deptno, dname, loc from emp, dept;
+----------+---------------------+------+--------+------------+----------+
| ename    | job                 | sal  | deptno | dname      | loc      |
+----------+---------------------+------+--------+------------+----------+
| GITA     | Compliance officers | 1750 |     30 | HR         | PUNE     |
| GITA     | Compliance officers | 1750 |     30 | OPERATIONS | BOSTON   |
| GITA     | Compliance officers | 1750 |     30 | SALES      | CHICAGO  |
| GITA     | Compliance officers | 1750 |     30 | RESEARCH   | DALLAS   |
| GITA     | Compliance officers | 1750 |     30 | ACCOUNTING | NEW YORK |
| VRUSHALI | Compliance officers | 1750 |     50 | HR         | PUNE     |
| VRUSHALI | Compliance officers | 1750 |     50 | OPERATIONS | BOSTON   |
| VRUSHALI | Compliance officers | 1750 |     50 | SALES      | CHICAGO  |
| VRUSHALI | Compliance officers | 1750 |     50 | RESEARCH   | DALLAS   |
| VRUSHALI | Compliance officers | 1750 |     50 | ACCOUNTING | NEW YORK |
| SHARMIN  | Public Relation     | 1750 |     20 | HR         | PUNE     |
| SHARMIN  | Public Relation     | 1750 |     20 | OPERATIONS | BOSTON   |
| SHARMIN  | Public Relation     | 1750 |     20 | SALES      | CHICAGO  |
| SHARMIN  | Public Relation     | 1750 |     20 | RESEARCH   | DALLAS   |
| SHARMIN  | Public Relation     | 1750 |     20 | ACCOUNTING | NEW YORK |
| BANDISH  | Public Relation     | 1750 |     20 | HR         | PUNE     |
| BANDISH  | Public Relation     | 1750 |     20 | OPERATIONS | BOSTON   |
| BANDISH  | Public Relation     | 1750 |     20 | SALES      | CHICAGO  |
| BANDISH  | Public Relation     | 1750 |     20 | RESEARCH   | DALLAS   |
| BANDISH  | Public Relation     | 1750 |     20 | ACCOUNTING | NEW YORK |
| SMITH    | CLERK               |  800 |     20 | HR         | PUNE     |
| SMITH    | CLERK               |  800 |     20 | OPERATIONS | BOSTON   |
| SMITH    | CLERK               |  800 |     20 | SALES      | CHICAGO  |
| SMITH    | CLERK               |  800 |     20 | RESEARCH   | DALLAS   |
| SMITH    | CLERK               |  800 |     20 | ACCOUNTING | NEW YORK |
| AARAV    | CLERK               | 3350 |     10 | HR         | PUNE     |
| AARAV    | CLERK               | 3350 |     10 | OPERATIONS | BOSTON   |
| AARAV    | CLERK               | 3350 |     10 | SALES      | CHICAGO  |
| AARAV    | CLERK               | 3350 |     10 | RESEARCH   | DALLAS   |
| AARAV    | CLERK               | 3350 |     10 | ACCOUNTING | NEW YORK |
| THOMAS   | CLERK               | 1750 |     10 | HR         | PUNE     |
| THOMAS   | CLERK               | 1750 |     10 | OPERATIONS | BOSTON   |
| THOMAS   | CLERK               | 1750 |     10 | SALES      | CHICAGO  |
| THOMAS   | CLERK               | 1750 |     10 | RESEARCH   | DALLAS   |
| THOMAS   | CLERK               | 1750 |     10 | ACCOUNTING | NEW YORK |
| ALLEN    | SALESMAN            | 1600 |     30 | HR         | PUNE     |
| ALLEN    | SALESMAN            | 1600 |     30 | OPERATIONS | BOSTON   |
| ALLEN    | SALESMAN            | 1600 |     30 | SALES      | CHICAGO  |
| ALLEN    | SALESMAN            | 1600 |     30 | RESEARCH   | DALLAS   |
| ALLEN    | SALESMAN            | 1600 |     30 | ACCOUNTING | NEW YORK |
| WARD     | SALESMAN            | 1250 |     30 | HR         | PUNE     |
| WARD     | SALESMAN            | 1250 |     30 | OPERATIONS | BOSTON   |
| WARD     | SALESMAN            | 1250 |     30 | SALES      | CHICAGO  |
| WARD     | SALESMAN            | 1250 |     30 | RESEARCH   | DALLAS   |
| WARD     | SALESMAN            | 1250 |     30 | ACCOUNTING | NEW YORK |
| JONES    | MANAGER             | 2975 |     20 | HR         | PUNE     |
| JONES    | MANAGER             | 2975 |     20 | OPERATIONS | BOSTON   |
| JONES    | MANAGER             | 2975 |     20 | SALES      | CHICAGO  |
| JONES    | MANAGER             | 2975 |     20 | RESEARCH   | DALLAS   |
| JONES    | MANAGER             | 2975 |     20 | ACCOUNTING | NEW YORK |
| MARTIN   | SALESMAN            | 1250 |     30 | HR         | PUNE     |
| MARTIN   | SALESMAN            | 1250 |     30 | OPERATIONS | BOSTON   |
| MARTIN   | SALESMAN            | 1250 |     30 | SALES      | CHICAGO  |
| MARTIN   | SALESMAN            | 1250 |     30 | RESEARCH   | DALLAS   |
| MARTIN   | SALESMAN            | 1250 |     30 | ACCOUNTING | NEW YORK |
| BLAKE    | MANAGER             | 2850 |     30 | HR         | PUNE     |
| BLAKE    | MANAGER             | 2850 |     30 | OPERATIONS | BOSTON   |
| BLAKE    | MANAGER             | 2850 |     30 | SALES      | CHICAGO  |
| BLAKE    | MANAGER             | 2850 |     30 | RESEARCH   | DALLAS   |
| BLAKE    | MANAGER             | 2850 |     30 | ACCOUNTING | NEW YORK |
| CLARK    | MANAGER             | 2450 |     10 | HR         | PUNE     |
| CLARK    | MANAGER             | 2450 |     10 | OPERATIONS | BOSTON   |
| CLARK    | MANAGER             | 2450 |     10 | SALES      | CHICAGO  |
| CLARK    | MANAGER             | 2450 |     10 | RESEARCH   | DALLAS   |
| CLARK    | MANAGER             | 2450 |     10 | ACCOUNTING | NEW YORK |
| SCOTT    | ANALYST             | 3000 |     20 | HR         | PUNE     |
| SCOTT    | ANALYST             | 3000 |     20 | OPERATIONS | BOSTON   |
| SCOTT    | ANALYST             | 3000 |     20 | SALES      | CHICAGO  |
| SCOTT    | ANALYST             | 3000 |     20 | RESEARCH   | DALLAS   |
| SCOTT    | ANALYST             | 3000 |     20 | ACCOUNTING | NEW YORK |
| KING     | PRESIDENT           | 5000 |     10 | HR         | PUNE     |
| KING     | PRESIDENT           | 5000 |     10 | OPERATIONS | BOSTON   |
| KING     | PRESIDENT           | 5000 |     10 | SALES      | CHICAGO  |
| KING     | PRESIDENT           | 5000 |     10 | RESEARCH   | DALLAS   |
| KING     | PRESIDENT           | 5000 |     10 | ACCOUNTING | NEW YORK |
| FRED     | vice PRESIDENT      | 5000 |     20 | HR         | PUNE     |
| FRED     | vice PRESIDENT      | 5000 |     20 | OPERATIONS | BOSTON   |
| FRED     | vice PRESIDENT      | 5000 |     20 | SALES      | CHICAGO  |
| FRED     | vice PRESIDENT      | 5000 |     20 | RESEARCH   | DALLAS   |
| FRED     | vice PRESIDENT      | 5000 |     20 | ACCOUNTING | NEW YORK |
| TURNER   | SALESMAN            | 1500 |     30 | HR         | PUNE     |
| TURNER   | SALESMAN            | 1500 |     30 | OPERATIONS | BOSTON   |
| TURNER   | SALESMAN            | 1500 |     30 | SALES      | CHICAGO  |
| TURNER   | SALESMAN            | 1500 |     30 | RESEARCH   | DALLAS   |
| TURNER   | SALESMAN            | 1500 |     30 | ACCOUNTING | NEW YORK |
| ADAMS    | CLERK               | 1100 |     20 | HR         | PUNE     |
| ADAMS    | CLERK               | 1100 |     20 | OPERATIONS | BOSTON   |
| ADAMS    | CLERK               | 1100 |     20 | SALES      | CHICAGO  |
| ADAMS    | CLERK               | 1100 |     20 | RESEARCH   | DALLAS   |
| ADAMS    | CLERK               | 1100 |     20 | ACCOUNTING | NEW YORK |
| JAMES    | CLERK               |  950 |     30 | HR         | PUNE     |
| JAMES    | CLERK               |  950 |     30 | OPERATIONS | BOSTON   |
| JAMES    | CLERK               |  950 |     30 | SALES      | CHICAGO  |
| JAMES    | CLERK               |  950 |     30 | RESEARCH   | DALLAS   |
| JAMES    | CLERK               |  950 |     30 | ACCOUNTING | NEW YORK |
| FORD     | ANALYST             | 3000 |     20 | HR         | PUNE     |
| FORD     | ANALYST             | 3000 |     20 | OPERATIONS | BOSTON   |
| FORD     | ANALYST             | 3000 |     20 | SALES      | CHICAGO  |
| FORD     | ANALYST             | 3000 |     20 | RESEARCH   | DALLAS   |
| FORD     | ANALYST             | 3000 |     20 | ACCOUNTING | NEW YORK |
| HOFFMAN  | MANAGER             | 4150 |     30 | HR         | PUNE     |
| HOFFMAN  | MANAGER             | 4150 |     30 | OPERATIONS | BOSTON   |
| HOFFMAN  | MANAGER             | 4150 |     30 | SALES      | CHICAGO  |
| HOFFMAN  | MANAGER             | 4150 |     30 | RESEARCH   | DALLAS   |
| HOFFMAN  | MANAGER             | 4150 |     30 | ACCOUNTING | NEW YORK |
| GRASS    | SALESMAN            | 2575 |     30 | HR         | PUNE     |
| GRASS    | SALESMAN            | 2575 |     30 | OPERATIONS | BOSTON   |
| GRASS    | SALESMAN            | 2575 |     30 | SALES      | CHICAGO  |
| GRASS    | SALESMAN            | 2575 |     30 | RESEARCH   | DALLAS   |
| GRASS    | SALESMAN            | 2575 |     30 | ACCOUNTING | NEW YORK |
| MILLER   | CLERK               | 1300 |     10 | HR         | PUNE     |
| MILLER   | CLERK               | 1300 |     10 | OPERATIONS | BOSTON   |
| MILLER   | CLERK               | 1300 |     10 | SALES      | CHICAGO  |
| MILLER   | CLERK               | 1300 |     10 | RESEARCH   | DALLAS   |
| MILLER   | CLERK               | 1300 |     10 | ACCOUNTING | NEW YORK |
| AARUSH   | SALESMAN            | 1350 |     30 | HR         | PUNE     |
| AARUSH   | SALESMAN            | 1350 |     30 | OPERATIONS | BOSTON   |
| AARUSH   | SALESMAN            | 1350 |     30 | SALES      | CHICAGO  |
| AARUSH   | SALESMAN            | 1350 |     30 | RESEARCH   | DALLAS   |
| AARUSH   | SALESMAN            | 1350 |     30 | ACCOUNTING | NEW YORK |
| ALEX     | MANAGER             | 1250 |     30 | HR         | PUNE     |
| ALEX     | MANAGER             | 1250 |     30 | OPERATIONS | BOSTON   |
| ALEX     | MANAGER             | 1250 |     30 | SALES      | CHICAGO  |
| ALEX     | MANAGER             | 1250 |     30 | RESEARCH   | DALLAS   |
| ALEX     | MANAGER             | 1250 |     30 | ACCOUNTING | NEW YORK |
| NATASHA  | CLERK               | 1750 |     30 | HR         | PUNE     |
| NATASHA  | CLERK               | 1750 |     30 | OPERATIONS | BOSTON   |
| NATASHA  | CLERK               | 1750 |     30 | SALES      | CHICAGO  |
| NATASHA  | CLERK               | 1750 |     30 | RESEARCH   | DALLAS   |
| NATASHA  | CLERK               | 1750 |     30 | ACCOUNTING | NEW YORK |
| SANGITA  | Compliance officers | 1750 |     50 | HR         | PUNE     |
| SANGITA  | Compliance officers | 1750 |     50 | OPERATIONS | BOSTON   |
| SANGITA  | Compliance officers | 1750 |     50 | SALES      | CHICAGO  |
| SANGITA  | Compliance officers | 1750 |     50 | RESEARCH   | DALLAS   |
| SANGITA  | Compliance officers | 1750 |     50 | ACCOUNTING | NEW YORK |
| SUPRIYA  | ANALYST             | 1750 |     50 | HR         | PUNE     |
| SUPRIYA  | ANALYST             | 1750 |     50 | OPERATIONS | BOSTON   |
| SUPRIYA  | ANALYST             | 1750 |     50 | SALES      | CHICAGO  |
| SUPRIYA  | ANALYST             | 1750 |     50 | RESEARCH   | DALLAS   |
| SUPRIYA  | ANALYST             | 1750 |     50 | ACCOUNTING | NEW YORK |
+----------+---------------------+------+--------+------------+----------+
140 rows in set (0.00 sec)

mysql> select ename, job, sal, emp.deptno, dept.deptno, dname, loc from emp, dept;
+----------+---------------------+------+--------+--------+------------+----------+
| ename    | job                 | sal  | deptno | deptno | dname      | loc      |
+----------+---------------------+------+--------+--------+------------+----------+
| GITA     | Compliance officers | 1750 |     30 |     50 | HR         | PUNE     |
| GITA     | Compliance officers | 1750 |     30 |     40 | OPERATIONS | BOSTON   |
| GITA     | Compliance officers | 1750 |     30 |     30 | SALES      | CHICAGO  |
| GITA     | Compliance officers | 1750 |     30 |     20 | RESEARCH   | DALLAS   |
| GITA     | Compliance officers | 1750 |     30 |     10 | ACCOUNTING | NEW YORK |
| VRUSHALI | Compliance officers | 1750 |     50 |     50 | HR         | PUNE     |
| VRUSHALI | Compliance officers | 1750 |     50 |     40 | OPERATIONS | BOSTON   |
| VRUSHALI | Compliance officers | 1750 |     50 |     30 | SALES      | CHICAGO  |
| VRUSHALI | Compliance officers | 1750 |     50 |     20 | RESEARCH   | DALLAS   |
| VRUSHALI | Compliance officers | 1750 |     50 |     10 | ACCOUNTING | NEW YORK |
| SHARMIN  | Public Relation     | 1750 |     20 |     50 | HR         | PUNE     |
| SHARMIN  | Public Relation     | 1750 |     20 |     40 | OPERATIONS | BOSTON   |
| SHARMIN  | Public Relation     | 1750 |     20 |     30 | SALES      | CHICAGO  |
| SHARMIN  | Public Relation     | 1750 |     20 |     20 | RESEARCH   | DALLAS   |
| SHARMIN  | Public Relation     | 1750 |     20 |     10 | ACCOUNTING | NEW YORK |
| BANDISH  | Public Relation     | 1750 |     20 |     50 | HR         | PUNE     |
| BANDISH  | Public Relation     | 1750 |     20 |     40 | OPERATIONS | BOSTON   |
| BANDISH  | Public Relation     | 1750 |     20 |     30 | SALES      | CHICAGO  |
| BANDISH  | Public Relation     | 1750 |     20 |     20 | RESEARCH   | DALLAS   |
| BANDISH  | Public Relation     | 1750 |     20 |     10 | ACCOUNTING | NEW YORK |
| SMITH    | CLERK               |  800 |     20 |     50 | HR         | PUNE     |
| SMITH    | CLERK               |  800 |     20 |     40 | OPERATIONS | BOSTON   |
| SMITH    | CLERK               |  800 |     20 |     30 | SALES      | CHICAGO  |
| SMITH    | CLERK               |  800 |     20 |     20 | RESEARCH   | DALLAS   |
| SMITH    | CLERK               |  800 |     20 |     10 | ACCOUNTING | NEW YORK |
| AARAV    | CLERK               | 3350 |     10 |     50 | HR         | PUNE     |
| AARAV    | CLERK               | 3350 |     10 |     40 | OPERATIONS | BOSTON   |
| AARAV    | CLERK               | 3350 |     10 |     30 | SALES      | CHICAGO  |
| AARAV    | CLERK               | 3350 |     10 |     20 | RESEARCH   | DALLAS   |
| AARAV    | CLERK               | 3350 |     10 |     10 | ACCOUNTING | NEW YORK |
| THOMAS   | CLERK               | 1750 |     10 |     50 | HR         | PUNE     |
| THOMAS   | CLERK               | 1750 |     10 |     40 | OPERATIONS | BOSTON   |
| THOMAS   | CLERK               | 1750 |     10 |     30 | SALES      | CHICAGO  |
| THOMAS   | CLERK               | 1750 |     10 |     20 | RESEARCH   | DALLAS   |
| THOMAS   | CLERK               | 1750 |     10 |     10 | ACCOUNTING | NEW YORK |
| ALLEN    | SALESMAN            | 1600 |     30 |     50 | HR         | PUNE     |
| ALLEN    | SALESMAN            | 1600 |     30 |     40 | OPERATIONS | BOSTON   |
| ALLEN    | SALESMAN            | 1600 |     30 |     30 | SALES      | CHICAGO  |
| ALLEN    | SALESMAN            | 1600 |     30 |     20 | RESEARCH   | DALLAS   |
| ALLEN    | SALESMAN            | 1600 |     30 |     10 | ACCOUNTING | NEW YORK |
| WARD     | SALESMAN            | 1250 |     30 |     50 | HR         | PUNE     |
| WARD     | SALESMAN            | 1250 |     30 |     40 | OPERATIONS | BOSTON   |
| WARD     | SALESMAN            | 1250 |     30 |     30 | SALES      | CHICAGO  |
| WARD     | SALESMAN            | 1250 |     30 |     20 | RESEARCH   | DALLAS   |
| WARD     | SALESMAN            | 1250 |     30 |     10 | ACCOUNTING | NEW YORK |
| JONES    | MANAGER             | 2975 |     20 |     50 | HR         | PUNE     |
| JONES    | MANAGER             | 2975 |     20 |     40 | OPERATIONS | BOSTON   |
| JONES    | MANAGER             | 2975 |     20 |     30 | SALES      | CHICAGO  |
| JONES    | MANAGER             | 2975 |     20 |     20 | RESEARCH   | DALLAS   |
| JONES    | MANAGER             | 2975 |     20 |     10 | ACCOUNTING | NEW YORK |
| MARTIN   | SALESMAN            | 1250 |     30 |     50 | HR         | PUNE     |
| MARTIN   | SALESMAN            | 1250 |     30 |     40 | OPERATIONS | BOSTON   |
| MARTIN   | SALESMAN            | 1250 |     30 |     30 | SALES      | CHICAGO  |
| MARTIN   | SALESMAN            | 1250 |     30 |     20 | RESEARCH   | DALLAS   |
| MARTIN   | SALESMAN            | 1250 |     30 |     10 | ACCOUNTING | NEW YORK |
| BLAKE    | MANAGER             | 2850 |     30 |     50 | HR         | PUNE     |
| BLAKE    | MANAGER             | 2850 |     30 |     40 | OPERATIONS | BOSTON   |
| BLAKE    | MANAGER             | 2850 |     30 |     30 | SALES      | CHICAGO  |
| BLAKE    | MANAGER             | 2850 |     30 |     20 | RESEARCH   | DALLAS   |
| BLAKE    | MANAGER             | 2850 |     30 |     10 | ACCOUNTING | NEW YORK |
| CLARK    | MANAGER             | 2450 |     10 |     50 | HR         | PUNE     |
| CLARK    | MANAGER             | 2450 |     10 |     40 | OPERATIONS | BOSTON   |
| CLARK    | MANAGER             | 2450 |     10 |     30 | SALES      | CHICAGO  |
| CLARK    | MANAGER             | 2450 |     10 |     20 | RESEARCH   | DALLAS   |
| CLARK    | MANAGER             | 2450 |     10 |     10 | ACCOUNTING | NEW YORK |
| SCOTT    | ANALYST             | 3000 |     20 |     50 | HR         | PUNE     |
| SCOTT    | ANALYST             | 3000 |     20 |     40 | OPERATIONS | BOSTON   |
| SCOTT    | ANALYST             | 3000 |     20 |     30 | SALES      | CHICAGO  |
| SCOTT    | ANALYST             | 3000 |     20 |     20 | RESEARCH   | DALLAS   |
| SCOTT    | ANALYST             | 3000 |     20 |     10 | ACCOUNTING | NEW YORK |
| KING     | PRESIDENT           | 5000 |     10 |     50 | HR         | PUNE     |
| KING     | PRESIDENT           | 5000 |     10 |     40 | OPERATIONS | BOSTON   |
| KING     | PRESIDENT           | 5000 |     10 |     30 | SALES      | CHICAGO  |
| KING     | PRESIDENT           | 5000 |     10 |     20 | RESEARCH   | DALLAS   |
| KING     | PRESIDENT           | 5000 |     10 |     10 | ACCOUNTING | NEW YORK |
| FRED     | vice PRESIDENT      | 5000 |     20 |     50 | HR         | PUNE     |
| FRED     | vice PRESIDENT      | 5000 |     20 |     40 | OPERATIONS | BOSTON   |
| FRED     | vice PRESIDENT      | 5000 |     20 |     30 | SALES      | CHICAGO  |
| FRED     | vice PRESIDENT      | 5000 |     20 |     20 | RESEARCH   | DALLAS   |
| FRED     | vice PRESIDENT      | 5000 |     20 |     10 | ACCOUNTING | NEW YORK |
| TURNER   | SALESMAN            | 1500 |     30 |     50 | HR         | PUNE     |
| TURNER   | SALESMAN            | 1500 |     30 |     40 | OPERATIONS | BOSTON   |
| TURNER   | SALESMAN            | 1500 |     30 |     30 | SALES      | CHICAGO  |
| TURNER   | SALESMAN            | 1500 |     30 |     20 | RESEARCH   | DALLAS   |
| TURNER   | SALESMAN            | 1500 |     30 |     10 | ACCOUNTING | NEW YORK |
| ADAMS    | CLERK               | 1100 |     20 |     50 | HR         | PUNE     |
| ADAMS    | CLERK               | 1100 |     20 |     40 | OPERATIONS | BOSTON   |
| ADAMS    | CLERK               | 1100 |     20 |     30 | SALES      | CHICAGO  |
| ADAMS    | CLERK               | 1100 |     20 |     20 | RESEARCH   | DALLAS   |
| ADAMS    | CLERK               | 1100 |     20 |     10 | ACCOUNTING | NEW YORK |
| JAMES    | CLERK               |  950 |     30 |     50 | HR         | PUNE     |
| JAMES    | CLERK               |  950 |     30 |     40 | OPERATIONS | BOSTON   |
| JAMES    | CLERK               |  950 |     30 |     30 | SALES      | CHICAGO  |
| JAMES    | CLERK               |  950 |     30 |     20 | RESEARCH   | DALLAS   |
| JAMES    | CLERK               |  950 |     30 |     10 | ACCOUNTING | NEW YORK |
| FORD     | ANALYST             | 3000 |     20 |     50 | HR         | PUNE     |
| FORD     | ANALYST             | 3000 |     20 |     40 | OPERATIONS | BOSTON   |
| FORD     | ANALYST             | 3000 |     20 |     30 | SALES      | CHICAGO  |
| FORD     | ANALYST             | 3000 |     20 |     20 | RESEARCH   | DALLAS   |
| FORD     | ANALYST             | 3000 |     20 |     10 | ACCOUNTING | NEW YORK |
| HOFFMAN  | MANAGER             | 4150 |     30 |     50 | HR         | PUNE     |
| HOFFMAN  | MANAGER             | 4150 |     30 |     40 | OPERATIONS | BOSTON   |
| HOFFMAN  | MANAGER             | 4150 |     30 |     30 | SALES      | CHICAGO  |
| HOFFMAN  | MANAGER             | 4150 |     30 |     20 | RESEARCH   | DALLAS   |
| HOFFMAN  | MANAGER             | 4150 |     30 |     10 | ACCOUNTING | NEW YORK |
| GRASS    | SALESMAN            | 2575 |     30 |     50 | HR         | PUNE     |
| GRASS    | SALESMAN            | 2575 |     30 |     40 | OPERATIONS | BOSTON   |
| GRASS    | SALESMAN            | 2575 |     30 |     30 | SALES      | CHICAGO  |
| GRASS    | SALESMAN            | 2575 |     30 |     20 | RESEARCH   | DALLAS   |
| GRASS    | SALESMAN            | 2575 |     30 |     10 | ACCOUNTING | NEW YORK |
| MILLER   | CLERK               | 1300 |     10 |     50 | HR         | PUNE     |
| MILLER   | CLERK               | 1300 |     10 |     40 | OPERATIONS | BOSTON   |
| MILLER   | CLERK               | 1300 |     10 |     30 | SALES      | CHICAGO  |
| MILLER   | CLERK               | 1300 |     10 |     20 | RESEARCH   | DALLAS   |
| MILLER   | CLERK               | 1300 |     10 |     10 | ACCOUNTING | NEW YORK |
| AARUSH   | SALESMAN            | 1350 |     30 |     50 | HR         | PUNE     |
| AARUSH   | SALESMAN            | 1350 |     30 |     40 | OPERATIONS | BOSTON   |
| AARUSH   | SALESMAN            | 1350 |     30 |     30 | SALES      | CHICAGO  |
| AARUSH   | SALESMAN            | 1350 |     30 |     20 | RESEARCH   | DALLAS   |
| AARUSH   | SALESMAN            | 1350 |     30 |     10 | ACCOUNTING | NEW YORK |
| ALEX     | MANAGER             | 1250 |     30 |     50 | HR         | PUNE     |
| ALEX     | MANAGER             | 1250 |     30 |     40 | OPERATIONS | BOSTON   |
| ALEX     | MANAGER             | 1250 |     30 |     30 | SALES      | CHICAGO  |
| ALEX     | MANAGER             | 1250 |     30 |     20 | RESEARCH   | DALLAS   |
| ALEX     | MANAGER             | 1250 |     30 |     10 | ACCOUNTING | NEW YORK |
| NATASHA  | CLERK               | 1750 |     30 |     50 | HR         | PUNE     |
| NATASHA  | CLERK               | 1750 |     30 |     40 | OPERATIONS | BOSTON   |
| NATASHA  | CLERK               | 1750 |     30 |     30 | SALES      | CHICAGO  |
| NATASHA  | CLERK               | 1750 |     30 |     20 | RESEARCH   | DALLAS   |
| NATASHA  | CLERK               | 1750 |     30 |     10 | ACCOUNTING | NEW YORK |
| SANGITA  | Compliance officers | 1750 |     50 |     50 | HR         | PUNE     |
| SANGITA  | Compliance officers | 1750 |     50 |     40 | OPERATIONS | BOSTON   |
| SANGITA  | Compliance officers | 1750 |     50 |     30 | SALES      | CHICAGO  |
| SANGITA  | Compliance officers | 1750 |     50 |     20 | RESEARCH   | DALLAS   |
| SANGITA  | Compliance officers | 1750 |     50 |     10 | ACCOUNTING | NEW YORK |
| SUPRIYA  | ANALYST             | 1750 |     50 |     50 | HR         | PUNE     |
| SUPRIYA  | ANALYST             | 1750 |     50 |     40 | OPERATIONS | BOSTON   |
| SUPRIYA  | ANALYST             | 1750 |     50 |     30 | SALES      | CHICAGO  |
| SUPRIYA  | ANALYST             | 1750 |     50 |     20 | RESEARCH   | DALLAS   |
| SUPRIYA  | ANALYST             | 1750 |     50 |     10 | ACCOUNTING | NEW YORK |
+----------+---------------------+------+--------+--------+------------+----------+
140 rows in set (0.00 sec)

mysql> select * from softdrink;
+------+----------------------+------+
| ID   | NAME                 | RATE |
+------+----------------------+------+
|    1 | Coca-Cola            |   45 |
|    2 | Mello Yello          |   75 |
|    3 | Diet Coke            |   60 |
|    4 | Frozen Fanta Cherry  |   65 |
|    5 | Iced Tea             |   35 |
+------+----------------------+------+
5 rows in set (0.04 sec)

mysql> select * from menucard;
+------+------------------------------+------+
| ID   | NAME                         | RATE |
+------+------------------------------+------+
|   14 | Onion Hamburger              |  115 |
|    6 | Extra Long Cheeseburger      |  100 |
|    2 | Double Stacker               |  125 |
|    8 | Double Cheeseburger          |  100 |
|   13 | Cheese Hamburger             |  125 |
|    4 | Hamburger                    |   85 |
|   11 | Classic Grilled Dog          |   95 |
|    1 | Chili Cheese Grilled Dog     |  115 |
|    7 | Flame Grilled Chicken Burger |  135 |
|    3 | Original Chicken Sandwich    |   55 |
|    9 | McALLO TIKKI                 |   45 |
|   12 | Veg Maharaja Mac             |   75 |
|    5 | Big Spicy Chicken Wrap       |  100 |
|   15 | Cheese Onion Hamburger       |  145 |
|   10 | McVeggie Schezwan            |   85 |
+------+------------------------------+------+
15 rows in set (0.04 sec)

mysql> select * from menucard, softdrink;
+------+------------------------------+------+------+----------------------+------+
| ID   | NAME                         | RATE | ID   | NAME                 | RATE |
+------+------------------------------+------+------+----------------------+------+
|   14 | Onion Hamburger              |  115 |    5 | Iced Tea             |   35 |
|   14 | Onion Hamburger              |  115 |    4 | Frozen Fanta Cherry  |   65 |
|   14 | Onion Hamburger              |  115 |    3 | Diet Coke            |   60 |
|   14 | Onion Hamburger              |  115 |    2 | Mello Yello          |   75 |
|   14 | Onion Hamburger              |  115 |    1 | Coca-Cola            |   45 |
|    6 | Extra Long Cheeseburger      |  100 |    5 | Iced Tea             |   35 |
|    6 | Extra Long Cheeseburger      |  100 |    4 | Frozen Fanta Cherry  |   65 |
|    6 | Extra Long Cheeseburger      |  100 |    3 | Diet Coke            |   60 |
|    6 | Extra Long Cheeseburger      |  100 |    2 | Mello Yello          |   75 |
|    6 | Extra Long Cheeseburger      |  100 |    1 | Coca-Cola            |   45 |
|    2 | Double Stacker               |  125 |    5 | Iced Tea             |   35 |
|    2 | Double Stacker               |  125 |    4 | Frozen Fanta Cherry  |   65 |
|    2 | Double Stacker               |  125 |    3 | Diet Coke            |   60 |
|    2 | Double Stacker               |  125 |    2 | Mello Yello          |   75 |
|    2 | Double Stacker               |  125 |    1 | Coca-Cola            |   45 |
|    8 | Double Cheeseburger          |  100 |    5 | Iced Tea             |   35 |
|    8 | Double Cheeseburger          |  100 |    4 | Frozen Fanta Cherry  |   65 |
|    8 | Double Cheeseburger          |  100 |    3 | Diet Coke            |   60 |
|    8 | Double Cheeseburger          |  100 |    2 | Mello Yello          |   75 |
|    8 | Double Cheeseburger          |  100 |    1 | Coca-Cola            |   45 |
|   13 | Cheese Hamburger             |  125 |    5 | Iced Tea             |   35 |
|   13 | Cheese Hamburger             |  125 |    4 | Frozen Fanta Cherry  |   65 |
|   13 | Cheese Hamburger             |  125 |    3 | Diet Coke            |   60 |
|   13 | Cheese Hamburger             |  125 |    2 | Mello Yello          |   75 |
|   13 | Cheese Hamburger             |  125 |    1 | Coca-Cola            |   45 |
|    4 | Hamburger                    |   85 |    5 | Iced Tea             |   35 |
|    4 | Hamburger                    |   85 |    4 | Frozen Fanta Cherry  |   65 |
|    4 | Hamburger                    |   85 |    3 | Diet Coke            |   60 |
|    4 | Hamburger                    |   85 |    2 | Mello Yello          |   75 |
|    4 | Hamburger                    |   85 |    1 | Coca-Cola            |   45 |
|   11 | Classic Grilled Dog          |   95 |    5 | Iced Tea             |   35 |
|   11 | Classic Grilled Dog          |   95 |    4 | Frozen Fanta Cherry  |   65 |
|   11 | Classic Grilled Dog          |   95 |    3 | Diet Coke            |   60 |
|   11 | Classic Grilled Dog          |   95 |    2 | Mello Yello          |   75 |
|   11 | Classic Grilled Dog          |   95 |    1 | Coca-Cola            |   45 |
|    1 | Chili Cheese Grilled Dog     |  115 |    5 | Iced Tea             |   35 |
|    1 | Chili Cheese Grilled Dog     |  115 |    4 | Frozen Fanta Cherry  |   65 |
|    1 | Chili Cheese Grilled Dog     |  115 |    3 | Diet Coke            |   60 |
|    1 | Chili Cheese Grilled Dog     |  115 |    2 | Mello Yello          |   75 |
|    1 | Chili Cheese Grilled Dog     |  115 |    1 | Coca-Cola            |   45 |
|    7 | Flame Grilled Chicken Burger |  135 |    5 | Iced Tea             |   35 |
|    7 | Flame Grilled Chicken Burger |  135 |    4 | Frozen Fanta Cherry  |   65 |
|    7 | Flame Grilled Chicken Burger |  135 |    3 | Diet Coke            |   60 |
|    7 | Flame Grilled Chicken Burger |  135 |    2 | Mello Yello          |   75 |
|    7 | Flame Grilled Chicken Burger |  135 |    1 | Coca-Cola            |   45 |
|    3 | Original Chicken Sandwich    |   55 |    5 | Iced Tea             |   35 |
|    3 | Original Chicken Sandwich    |   55 |    4 | Frozen Fanta Cherry  |   65 |
|    3 | Original Chicken Sandwich    |   55 |    3 | Diet Coke            |   60 |
|    3 | Original Chicken Sandwich    |   55 |    2 | Mello Yello          |   75 |
|    3 | Original Chicken Sandwich    |   55 |    1 | Coca-Cola            |   45 |
|    9 | McALLO TIKKI                 |   45 |    5 | Iced Tea             |   35 |
|    9 | McALLO TIKKI                 |   45 |    4 | Frozen Fanta Cherry  |   65 |
|    9 | McALLO TIKKI                 |   45 |    3 | Diet Coke            |   60 |
|    9 | McALLO TIKKI                 |   45 |    2 | Mello Yello          |   75 |
|    9 | McALLO TIKKI                 |   45 |    1 | Coca-Cola            |   45 |
|   12 | Veg Maharaja Mac             |   75 |    5 | Iced Tea             |   35 |
|   12 | Veg Maharaja Mac             |   75 |    4 | Frozen Fanta Cherry  |   65 |
|   12 | Veg Maharaja Mac             |   75 |    3 | Diet Coke            |   60 |
|   12 | Veg Maharaja Mac             |   75 |    2 | Mello Yello          |   75 |
|   12 | Veg Maharaja Mac             |   75 |    1 | Coca-Cola            |   45 |
|    5 | Big Spicy Chicken Wrap       |  100 |    5 | Iced Tea             |   35 |
|    5 | Big Spicy Chicken Wrap       |  100 |    4 | Frozen Fanta Cherry  |   65 |
|    5 | Big Spicy Chicken Wrap       |  100 |    3 | Diet Coke            |   60 |
|    5 | Big Spicy Chicken Wrap       |  100 |    2 | Mello Yello          |   75 |
|    5 | Big Spicy Chicken Wrap       |  100 |    1 | Coca-Cola            |   45 |
|   15 | Cheese Onion Hamburger       |  145 |    5 | Iced Tea             |   35 |
|   15 | Cheese Onion Hamburger       |  145 |    4 | Frozen Fanta Cherry  |   65 |
|   15 | Cheese Onion Hamburger       |  145 |    3 | Diet Coke            |   60 |
|   15 | Cheese Onion Hamburger       |  145 |    2 | Mello Yello          |   75 |
|   15 | Cheese Onion Hamburger       |  145 |    1 | Coca-Cola            |   45 |
|   10 | McVeggie Schezwan            |   85 |    5 | Iced Tea             |   35 |
|   10 | McVeggie Schezwan            |   85 |    4 | Frozen Fanta Cherry  |   65 |
|   10 | McVeggie Schezwan            |   85 |    3 | Diet Coke            |   60 |
|   10 | McVeggie Schezwan            |   85 |    2 | Mello Yello          |   75 |
|   10 | McVeggie Schezwan            |   85 |    1 | Coca-Cola            |   45 |
+------+------------------------------+------+------+----------------------+------+
75 rows in set (0.00 sec)

mysql> select *, m.rate + s.rate totalCost from menucard m, softdrink s;
+------+------------------------------+------+------+----------------------+------+-----------+
| ID   | NAME                         | RATE | ID   | NAME                 | RATE | totalCost |
+------+------------------------------+------+------+----------------------+------+-----------+
|   14 | Onion Hamburger              |  115 |    5 | Iced Tea             |   35 |       150 |
|   14 | Onion Hamburger              |  115 |    4 | Frozen Fanta Cherry  |   65 |       180 |
|   14 | Onion Hamburger              |  115 |    3 | Diet Coke            |   60 |       175 |
|   14 | Onion Hamburger              |  115 |    2 | Mello Yello          |   75 |       190 |
|   14 | Onion Hamburger              |  115 |    1 | Coca-Cola            |   45 |       160 |
|    6 | Extra Long Cheeseburger      |  100 |    5 | Iced Tea             |   35 |       135 |
|    6 | Extra Long Cheeseburger      |  100 |    4 | Frozen Fanta Cherry  |   65 |       165 |
|    6 | Extra Long Cheeseburger      |  100 |    3 | Diet Coke            |   60 |       160 |
|    6 | Extra Long Cheeseburger      |  100 |    2 | Mello Yello          |   75 |       175 |
|    6 | Extra Long Cheeseburger      |  100 |    1 | Coca-Cola            |   45 |       145 |
|    2 | Double Stacker               |  125 |    5 | Iced Tea             |   35 |       160 |
|    2 | Double Stacker               |  125 |    4 | Frozen Fanta Cherry  |   65 |       190 |
|    2 | Double Stacker               |  125 |    3 | Diet Coke            |   60 |       185 |
|    2 | Double Stacker               |  125 |    2 | Mello Yello          |   75 |       200 |
|    2 | Double Stacker               |  125 |    1 | Coca-Cola            |   45 |       170 |
|    8 | Double Cheeseburger          |  100 |    5 | Iced Tea             |   35 |       135 |
|    8 | Double Cheeseburger          |  100 |    4 | Frozen Fanta Cherry  |   65 |       165 |
|    8 | Double Cheeseburger          |  100 |    3 | Diet Coke            |   60 |       160 |
|    8 | Double Cheeseburger          |  100 |    2 | Mello Yello          |   75 |       175 |
|    8 | Double Cheeseburger          |  100 |    1 | Coca-Cola            |   45 |       145 |
|   13 | Cheese Hamburger             |  125 |    5 | Iced Tea             |   35 |       160 |
|   13 | Cheese Hamburger             |  125 |    4 | Frozen Fanta Cherry  |   65 |       190 |
|   13 | Cheese Hamburger             |  125 |    3 | Diet Coke            |   60 |       185 |
|   13 | Cheese Hamburger             |  125 |    2 | Mello Yello          |   75 |       200 |
|   13 | Cheese Hamburger             |  125 |    1 | Coca-Cola            |   45 |       170 |
|    4 | Hamburger                    |   85 |    5 | Iced Tea             |   35 |       120 |
|    4 | Hamburger                    |   85 |    4 | Frozen Fanta Cherry  |   65 |       150 |
|    4 | Hamburger                    |   85 |    3 | Diet Coke            |   60 |       145 |
|    4 | Hamburger                    |   85 |    2 | Mello Yello          |   75 |       160 |
|    4 | Hamburger                    |   85 |    1 | Coca-Cola            |   45 |       130 |
|   11 | Classic Grilled Dog          |   95 |    5 | Iced Tea             |   35 |       130 |
|   11 | Classic Grilled Dog          |   95 |    4 | Frozen Fanta Cherry  |   65 |       160 |
|   11 | Classic Grilled Dog          |   95 |    3 | Diet Coke            |   60 |       155 |
|   11 | Classic Grilled Dog          |   95 |    2 | Mello Yello          |   75 |       170 |
|   11 | Classic Grilled Dog          |   95 |    1 | Coca-Cola            |   45 |       140 |
|    1 | Chili Cheese Grilled Dog     |  115 |    5 | Iced Tea             |   35 |       150 |
|    1 | Chili Cheese Grilled Dog     |  115 |    4 | Frozen Fanta Cherry  |   65 |       180 |
|    1 | Chili Cheese Grilled Dog     |  115 |    3 | Diet Coke            |   60 |       175 |
|    1 | Chili Cheese Grilled Dog     |  115 |    2 | Mello Yello          |   75 |       190 |
|    1 | Chili Cheese Grilled Dog     |  115 |    1 | Coca-Cola            |   45 |       160 |
|    7 | Flame Grilled Chicken Burger |  135 |    5 | Iced Tea             |   35 |       170 |
|    7 | Flame Grilled Chicken Burger |  135 |    4 | Frozen Fanta Cherry  |   65 |       200 |
|    7 | Flame Grilled Chicken Burger |  135 |    3 | Diet Coke            |   60 |       195 |
|    7 | Flame Grilled Chicken Burger |  135 |    2 | Mello Yello          |   75 |       210 |
|    7 | Flame Grilled Chicken Burger |  135 |    1 | Coca-Cola            |   45 |       180 |
|    3 | Original Chicken Sandwich    |   55 |    5 | Iced Tea             |   35 |        90 |
|    3 | Original Chicken Sandwich    |   55 |    4 | Frozen Fanta Cherry  |   65 |       120 |
|    3 | Original Chicken Sandwich    |   55 |    3 | Diet Coke            |   60 |       115 |
|    3 | Original Chicken Sandwich    |   55 |    2 | Mello Yello          |   75 |       130 |
|    3 | Original Chicken Sandwich    |   55 |    1 | Coca-Cola            |   45 |       100 |
|    9 | McALLO TIKKI                 |   45 |    5 | Iced Tea             |   35 |        80 |
|    9 | McALLO TIKKI                 |   45 |    4 | Frozen Fanta Cherry  |   65 |       110 |
|    9 | McALLO TIKKI                 |   45 |    3 | Diet Coke            |   60 |       105 |
|    9 | McALLO TIKKI                 |   45 |    2 | Mello Yello          |   75 |       120 |
|    9 | McALLO TIKKI                 |   45 |    1 | Coca-Cola            |   45 |        90 |
|   12 | Veg Maharaja Mac             |   75 |    5 | Iced Tea             |   35 |       110 |
|   12 | Veg Maharaja Mac             |   75 |    4 | Frozen Fanta Cherry  |   65 |       140 |
|   12 | Veg Maharaja Mac             |   75 |    3 | Diet Coke            |   60 |       135 |
|   12 | Veg Maharaja Mac             |   75 |    2 | Mello Yello          |   75 |       150 |
|   12 | Veg Maharaja Mac             |   75 |    1 | Coca-Cola            |   45 |       120 |
|    5 | Big Spicy Chicken Wrap       |  100 |    5 | Iced Tea             |   35 |       135 |
|    5 | Big Spicy Chicken Wrap       |  100 |    4 | Frozen Fanta Cherry  |   65 |       165 |
|    5 | Big Spicy Chicken Wrap       |  100 |    3 | Diet Coke            |   60 |       160 |
|    5 | Big Spicy Chicken Wrap       |  100 |    2 | Mello Yello          |   75 |       175 |
|    5 | Big Spicy Chicken Wrap       |  100 |    1 | Coca-Cola            |   45 |       145 |
|   15 | Cheese Onion Hamburger       |  145 |    5 | Iced Tea             |   35 |       180 |
|   15 | Cheese Onion Hamburger       |  145 |    4 | Frozen Fanta Cherry  |   65 |       210 |
|   15 | Cheese Onion Hamburger       |  145 |    3 | Diet Coke            |   60 |       205 |
|   15 | Cheese Onion Hamburger       |  145 |    2 | Mello Yello          |   75 |       220 |
|   15 | Cheese Onion Hamburger       |  145 |    1 | Coca-Cola            |   45 |       190 |
|   10 | McVeggie Schezwan            |   85 |    5 | Iced Tea             |   35 |       120 |
|   10 | McVeggie Schezwan            |   85 |    4 | Frozen Fanta Cherry  |   65 |       150 |
|   10 | McVeggie Schezwan            |   85 |    3 | Diet Coke            |   60 |       145 |
|   10 | McVeggie Schezwan            |   85 |    2 | Mello Yello          |   75 |       160 |
|   10 | McVeggie Schezwan            |   85 |    1 | Coca-Cola            |   45 |       130 |
+------+------------------------------+------+------+----------------------+------+-----------+
75 rows in set (0.00 sec)

mysql> select m.name,m.rate, s.name,s.rate,  m.rate + s.rate totalCost from menucard m, softdrink s;
+------------------------------+------+----------------------+------+-----------+
| name                         | rate | name                 | rate | totalCost |
+------------------------------+------+----------------------+------+-----------+
| Onion Hamburger              |  115 | Iced Tea             |   35 |       150 |
| Onion Hamburger              |  115 | Frozen Fanta Cherry  |   65 |       180 |
| Onion Hamburger              |  115 | Diet Coke            |   60 |       175 |
| Onion Hamburger              |  115 | Mello Yello          |   75 |       190 |
| Onion Hamburger              |  115 | Coca-Cola            |   45 |       160 |
| Extra Long Cheeseburger      |  100 | Iced Tea             |   35 |       135 |
| Extra Long Cheeseburger      |  100 | Frozen Fanta Cherry  |   65 |       165 |
| Extra Long Cheeseburger      |  100 | Diet Coke            |   60 |       160 |
| Extra Long Cheeseburger      |  100 | Mello Yello          |   75 |       175 |
| Extra Long Cheeseburger      |  100 | Coca-Cola            |   45 |       145 |
| Double Stacker               |  125 | Iced Tea             |   35 |       160 |
| Double Stacker               |  125 | Frozen Fanta Cherry  |   65 |       190 |
| Double Stacker               |  125 | Diet Coke            |   60 |       185 |
| Double Stacker               |  125 | Mello Yello          |   75 |       200 |
| Double Stacker               |  125 | Coca-Cola            |   45 |       170 |
| Double Cheeseburger          |  100 | Iced Tea             |   35 |       135 |
| Double Cheeseburger          |  100 | Frozen Fanta Cherry  |   65 |       165 |
| Double Cheeseburger          |  100 | Diet Coke            |   60 |       160 |
| Double Cheeseburger          |  100 | Mello Yello          |   75 |       175 |
| Double Cheeseburger          |  100 | Coca-Cola            |   45 |       145 |
| Cheese Hamburger             |  125 | Iced Tea             |   35 |       160 |
| Cheese Hamburger             |  125 | Frozen Fanta Cherry  |   65 |       190 |
| Cheese Hamburger             |  125 | Diet Coke            |   60 |       185 |
| Cheese Hamburger             |  125 | Mello Yello          |   75 |       200 |
| Cheese Hamburger             |  125 | Coca-Cola            |   45 |       170 |
| Hamburger                    |   85 | Iced Tea             |   35 |       120 |
| Hamburger                    |   85 | Frozen Fanta Cherry  |   65 |       150 |
| Hamburger                    |   85 | Diet Coke            |   60 |       145 |
| Hamburger                    |   85 | Mello Yello          |   75 |       160 |
| Hamburger                    |   85 | Coca-Cola            |   45 |       130 |
| Classic Grilled Dog          |   95 | Iced Tea             |   35 |       130 |
| Classic Grilled Dog          |   95 | Frozen Fanta Cherry  |   65 |       160 |
| Classic Grilled Dog          |   95 | Diet Coke            |   60 |       155 |
| Classic Grilled Dog          |   95 | Mello Yello          |   75 |       170 |
| Classic Grilled Dog          |   95 | Coca-Cola            |   45 |       140 |
| Chili Cheese Grilled Dog     |  115 | Iced Tea             |   35 |       150 |
| Chili Cheese Grilled Dog     |  115 | Frozen Fanta Cherry  |   65 |       180 |
| Chili Cheese Grilled Dog     |  115 | Diet Coke            |   60 |       175 |
| Chili Cheese Grilled Dog     |  115 | Mello Yello          |   75 |       190 |
| Chili Cheese Grilled Dog     |  115 | Coca-Cola            |   45 |       160 |
| Flame Grilled Chicken Burger |  135 | Iced Tea             |   35 |       170 |
| Flame Grilled Chicken Burger |  135 | Frozen Fanta Cherry  |   65 |       200 |
| Flame Grilled Chicken Burger |  135 | Diet Coke            |   60 |       195 |
| Flame Grilled Chicken Burger |  135 | Mello Yello          |   75 |       210 |
| Flame Grilled Chicken Burger |  135 | Coca-Cola            |   45 |       180 |
| Original Chicken Sandwich    |   55 | Iced Tea             |   35 |        90 |
| Original Chicken Sandwich    |   55 | Frozen Fanta Cherry  |   65 |       120 |
| Original Chicken Sandwich    |   55 | Diet Coke            |   60 |       115 |
| Original Chicken Sandwich    |   55 | Mello Yello          |   75 |       130 |
| Original Chicken Sandwich    |   55 | Coca-Cola            |   45 |       100 |
| McALLO TIKKI                 |   45 | Iced Tea             |   35 |        80 |
| McALLO TIKKI                 |   45 | Frozen Fanta Cherry  |   65 |       110 |
| McALLO TIKKI                 |   45 | Diet Coke            |   60 |       105 |
| McALLO TIKKI                 |   45 | Mello Yello          |   75 |       120 |
| McALLO TIKKI                 |   45 | Coca-Cola            |   45 |        90 |
| Veg Maharaja Mac             |   75 | Iced Tea             |   35 |       110 |
| Veg Maharaja Mac             |   75 | Frozen Fanta Cherry  |   65 |       140 |
| Veg Maharaja Mac             |   75 | Diet Coke            |   60 |       135 |
| Veg Maharaja Mac             |   75 | Mello Yello          |   75 |       150 |
| Veg Maharaja Mac             |   75 | Coca-Cola            |   45 |       120 |
| Big Spicy Chicken Wrap       |  100 | Iced Tea             |   35 |       135 |
| Big Spicy Chicken Wrap       |  100 | Frozen Fanta Cherry  |   65 |       165 |
| Big Spicy Chicken Wrap       |  100 | Diet Coke            |   60 |       160 |
| Big Spicy Chicken Wrap       |  100 | Mello Yello          |   75 |       175 |
| Big Spicy Chicken Wrap       |  100 | Coca-Cola            |   45 |       145 |
| Cheese Onion Hamburger       |  145 | Iced Tea             |   35 |       180 |
| Cheese Onion Hamburger       |  145 | Frozen Fanta Cherry  |   65 |       210 |
| Cheese Onion Hamburger       |  145 | Diet Coke            |   60 |       205 |
| Cheese Onion Hamburger       |  145 | Mello Yello          |   75 |       220 |
| Cheese Onion Hamburger       |  145 | Coca-Cola            |   45 |       190 |
| McVeggie Schezwan            |   85 | Iced Tea             |   35 |       120 |
| McVeggie Schezwan            |   85 | Frozen Fanta Cherry  |   65 |       150 |
| McVeggie Schezwan            |   85 | Diet Coke            |   60 |       145 |
| McVeggie Schezwan            |   85 | Mello Yello          |   75 |       160 |
| McVeggie Schezwan            |   85 | Coca-Cola            |   45 |       130 |
+------------------------------+------+----------------------+------+-----------+
75 rows in set (0.00 sec)

mysql> select row_number() over() R1, m.name,m.rate, s.name,s.rate,  m.rate + s.rate totalCost from menucard m, softdrink s;
+----+------------------------------+------+----------------------+------+-----------+
| R1 | name                         | rate | name                 | rate | totalCost |
+----+------------------------------+------+----------------------+------+-----------+
|  1 | Onion Hamburger              |  115 | Iced Tea             |   35 |       150 |
|  2 | Onion Hamburger              |  115 | Frozen Fanta Cherry  |   65 |       180 |
|  3 | Onion Hamburger              |  115 | Diet Coke            |   60 |       175 |
|  4 | Onion Hamburger              |  115 | Mello Yello          |   75 |       190 |
|  5 | Onion Hamburger              |  115 | Coca-Cola            |   45 |       160 |
|  6 | Extra Long Cheeseburger      |  100 | Iced Tea             |   35 |       135 |
|  7 | Extra Long Cheeseburger      |  100 | Frozen Fanta Cherry  |   65 |       165 |
|  8 | Extra Long Cheeseburger      |  100 | Diet Coke            |   60 |       160 |
|  9 | Extra Long Cheeseburger      |  100 | Mello Yello          |   75 |       175 |
| 10 | Extra Long Cheeseburger      |  100 | Coca-Cola            |   45 |       145 |
| 11 | Double Stacker               |  125 | Iced Tea             |   35 |       160 |
| 12 | Double Stacker               |  125 | Frozen Fanta Cherry  |   65 |       190 |
| 13 | Double Stacker               |  125 | Diet Coke            |   60 |       185 |
| 14 | Double Stacker               |  125 | Mello Yello          |   75 |       200 |
| 15 | Double Stacker               |  125 | Coca-Cola            |   45 |       170 |
| 16 | Double Cheeseburger          |  100 | Iced Tea             |   35 |       135 |
| 17 | Double Cheeseburger          |  100 | Frozen Fanta Cherry  |   65 |       165 |
| 18 | Double Cheeseburger          |  100 | Diet Coke            |   60 |       160 |
| 19 | Double Cheeseburger          |  100 | Mello Yello          |   75 |       175 |
| 20 | Double Cheeseburger          |  100 | Coca-Cola            |   45 |       145 |
| 21 | Cheese Hamburger             |  125 | Iced Tea             |   35 |       160 |
| 22 | Cheese Hamburger             |  125 | Frozen Fanta Cherry  |   65 |       190 |
| 23 | Cheese Hamburger             |  125 | Diet Coke            |   60 |       185 |
| 24 | Cheese Hamburger             |  125 | Mello Yello          |   75 |       200 |
| 25 | Cheese Hamburger             |  125 | Coca-Cola            |   45 |       170 |
| 26 | Hamburger                    |   85 | Iced Tea             |   35 |       120 |
| 27 | Hamburger                    |   85 | Frozen Fanta Cherry  |   65 |       150 |
| 28 | Hamburger                    |   85 | Diet Coke            |   60 |       145 |
| 29 | Hamburger                    |   85 | Mello Yello          |   75 |       160 |
| 30 | Hamburger                    |   85 | Coca-Cola            |   45 |       130 |
| 31 | Classic Grilled Dog          |   95 | Iced Tea             |   35 |       130 |
| 32 | Classic Grilled Dog          |   95 | Frozen Fanta Cherry  |   65 |       160 |
| 33 | Classic Grilled Dog          |   95 | Diet Coke            |   60 |       155 |
| 34 | Classic Grilled Dog          |   95 | Mello Yello          |   75 |       170 |
| 35 | Classic Grilled Dog          |   95 | Coca-Cola            |   45 |       140 |
| 36 | Chili Cheese Grilled Dog     |  115 | Iced Tea             |   35 |       150 |
| 37 | Chili Cheese Grilled Dog     |  115 | Frozen Fanta Cherry  |   65 |       180 |
| 38 | Chili Cheese Grilled Dog     |  115 | Diet Coke            |   60 |       175 |
| 39 | Chili Cheese Grilled Dog     |  115 | Mello Yello          |   75 |       190 |
| 40 | Chili Cheese Grilled Dog     |  115 | Coca-Cola            |   45 |       160 |
| 41 | Flame Grilled Chicken Burger |  135 | Iced Tea             |   35 |       170 |
| 42 | Flame Grilled Chicken Burger |  135 | Frozen Fanta Cherry  |   65 |       200 |
| 43 | Flame Grilled Chicken Burger |  135 | Diet Coke            |   60 |       195 |
| 44 | Flame Grilled Chicken Burger |  135 | Mello Yello          |   75 |       210 |
| 45 | Flame Grilled Chicken Burger |  135 | Coca-Cola            |   45 |       180 |
| 46 | Original Chicken Sandwich    |   55 | Iced Tea             |   35 |        90 |
| 47 | Original Chicken Sandwich    |   55 | Frozen Fanta Cherry  |   65 |       120 |
| 48 | Original Chicken Sandwich    |   55 | Diet Coke            |   60 |       115 |
| 49 | Original Chicken Sandwich    |   55 | Mello Yello          |   75 |       130 |
| 50 | Original Chicken Sandwich    |   55 | Coca-Cola            |   45 |       100 |
| 51 | McALLO TIKKI                 |   45 | Iced Tea             |   35 |        80 |
| 52 | McALLO TIKKI                 |   45 | Frozen Fanta Cherry  |   65 |       110 |
| 53 | McALLO TIKKI                 |   45 | Diet Coke            |   60 |       105 |
| 54 | McALLO TIKKI                 |   45 | Mello Yello          |   75 |       120 |
| 55 | McALLO TIKKI                 |   45 | Coca-Cola            |   45 |        90 |
| 56 | Veg Maharaja Mac             |   75 | Iced Tea             |   35 |       110 |
| 57 | Veg Maharaja Mac             |   75 | Frozen Fanta Cherry  |   65 |       140 |
| 58 | Veg Maharaja Mac             |   75 | Diet Coke            |   60 |       135 |
| 59 | Veg Maharaja Mac             |   75 | Mello Yello          |   75 |       150 |
| 60 | Veg Maharaja Mac             |   75 | Coca-Cola            |   45 |       120 |
| 61 | Big Spicy Chicken Wrap       |  100 | Iced Tea             |   35 |       135 |
| 62 | Big Spicy Chicken Wrap       |  100 | Frozen Fanta Cherry  |   65 |       165 |
| 63 | Big Spicy Chicken Wrap       |  100 | Diet Coke            |   60 |       160 |
| 64 | Big Spicy Chicken Wrap       |  100 | Mello Yello          |   75 |       175 |
| 65 | Big Spicy Chicken Wrap       |  100 | Coca-Cola            |   45 |       145 |
| 66 | Cheese Onion Hamburger       |  145 | Iced Tea             |   35 |       180 |
| 67 | Cheese Onion Hamburger       |  145 | Frozen Fanta Cherry  |   65 |       210 |
| 68 | Cheese Onion Hamburger       |  145 | Diet Coke            |   60 |       205 |
| 69 | Cheese Onion Hamburger       |  145 | Mello Yello          |   75 |       220 |
| 70 | Cheese Onion Hamburger       |  145 | Coca-Cola            |   45 |       190 |
| 71 | McVeggie Schezwan            |   85 | Iced Tea             |   35 |       120 |
| 72 | McVeggie Schezwan            |   85 | Frozen Fanta Cherry  |   65 |       150 |
| 73 | McVeggie Schezwan            |   85 | Diet Coke            |   60 |       145 |
| 74 | McVeggie Schezwan            |   85 | Mello Yello          |   75 |       160 |
| 75 | McVeggie Schezwan            |   85 | Coca-Cola            |   45 |       130 |
+----+------------------------------+------+----------------------+------+-----------+
75 rows in set (0.00 sec)

mysql> select s.name,s.rate from softdrink s;
+----------------------+------+
| name                 | rate |
+----------------------+------+
| Coca-Cola            |   45 |
| Mello Yello          |   75 |
| Diet Coke            |   60 |
| Frozen Fanta Cherry  |   65 |
| Iced Tea             |   35 |
+----------------------+------+
5 rows in set (0.00 sec)

mysql> select count(*) from emp;
+----------+
| count(*) |
+----------+
|       28 |
+----------+
1 row in set (0.00 sec)

mysql> select count(*) R1,  s.name,s.rate from softdrink s, emp e;
+-----+----------+------+
| R1  | name     | rate |
+-----+----------+------+
| 140 | Iced Tea |   35 |
+-----+----------+------+
1 row in set (0.01 sec)

mysql> select count(*) R1,  s.name,s.rate from softdrink s, emp e group by s.name,s.rate;
+----+----------------------+------+
| R1 | name                 | rate |
+----+----------------------+------+
| 28 | Iced Tea             |   35 |
| 28 | Frozen Fanta Cherry  |   65 |
| 28 | Diet Coke            |   60 |
| 28 | Mello Yello          |   75 |
| 28 | Coca-Cola            |   45 |
+----+----------------------+------+
5 rows in set (0.00 sec)

mysql> select count(*) R1,  s.name,s.rate from softdrink s, emp e group by s.name,s.rate;
+----+----------------------+------+
| R1 | name                 | rate |
+----+----------------------+------+
| 28 | Iced Tea             |   35 |
| 28 | Frozen Fanta Cherry  |   65 |
| 28 | Diet Coke            |   60 |
| 28 | Mello Yello          |   75 |
| 28 | Coca-Cola            |   45 |
+----+----------------------+------+
5 rows in set (0.00 sec)

mysql> select count(*) R1,  s.name,s.rate, R1 * s.rate  totalCost from softdrink s, emp e group by s.name,s.rate;
ERROR 1054 (42S22): Unknown column 'R1' in 'field list'
mysql>
mysql> select count(*) R1,  s.name,s.rate, count(*) * s.rate  totalCost from softdrink s, emp e group by s.name,s.rate;
+----+----------------------+------+-----------+
| R1 | name                 | rate | totalCost |
+----+----------------------+------+-----------+
| 28 | Iced Tea             |   35 |       980 |
| 28 | Frozen Fanta Cherry  |   65 |      1820 |
| 28 | Diet Coke            |   60 |      1680 |
| 28 | Mello Yello          |   75 |      2100 |
| 28 | Coca-Cola            |   45 |      1260 |
+----+----------------------+------+-----------+
5 rows in set (0.00 sec)

mysql> select ename, job, sal, emp.deptno, dept.deptno, dname, loc from emp, dept;
+----------+---------------------+------+--------+--------+------------+----------+
| ename    | job                 | sal  | deptno | deptno | dname      | loc      |
+----------+---------------------+------+--------+--------+------------+----------+
| GITA     | Compliance officers | 1750 |     30 |     50 | HR         | PUNE     |
| GITA     | Compliance officers | 1750 |     30 |     40 | OPERATIONS | BOSTON   |
| GITA     | Compliance officers | 1750 |     30 |     30 | SALES      | CHICAGO  |
| GITA     | Compliance officers | 1750 |     30 |     20 | RESEARCH   | DALLAS   |
| GITA     | Compliance officers | 1750 |     30 |     10 | ACCOUNTING | NEW YORK |
| VRUSHALI | Compliance officers | 1750 |     50 |     50 | HR         | PUNE     |
| VRUSHALI | Compliance officers | 1750 |     50 |     40 | OPERATIONS | BOSTON   |
| VRUSHALI | Compliance officers | 1750 |     50 |     30 | SALES      | CHICAGO  |
| VRUSHALI | Compliance officers | 1750 |     50 |     20 | RESEARCH   | DALLAS   |
| VRUSHALI | Compliance officers | 1750 |     50 |     10 | ACCOUNTING | NEW YORK |
| SHARMIN  | Public Relation     | 1750 |     20 |     50 | HR         | PUNE     |
| SHARMIN  | Public Relation     | 1750 |     20 |     40 | OPERATIONS | BOSTON   |
| SHARMIN  | Public Relation     | 1750 |     20 |     30 | SALES      | CHICAGO  |
| SHARMIN  | Public Relation     | 1750 |     20 |     20 | RESEARCH   | DALLAS   |
| SHARMIN  | Public Relation     | 1750 |     20 |     10 | ACCOUNTING | NEW YORK |
| BANDISH  | Public Relation     | 1750 |     20 |     50 | HR         | PUNE     |
| BANDISH  | Public Relation     | 1750 |     20 |     40 | OPERATIONS | BOSTON   |
| BANDISH  | Public Relation     | 1750 |     20 |     30 | SALES      | CHICAGO  |
| BANDISH  | Public Relation     | 1750 |     20 |     20 | RESEARCH   | DALLAS   |
| BANDISH  | Public Relation     | 1750 |     20 |     10 | ACCOUNTING | NEW YORK |
| SMITH    | CLERK               |  800 |     20 |     50 | HR         | PUNE     |
| SMITH    | CLERK               |  800 |     20 |     40 | OPERATIONS | BOSTON   |
| SMITH    | CLERK               |  800 |     20 |     30 | SALES      | CHICAGO  |
| SMITH    | CLERK               |  800 |     20 |     20 | RESEARCH   | DALLAS   |
| SMITH    | CLERK               |  800 |     20 |     10 | ACCOUNTING | NEW YORK |
| AARAV    | CLERK               | 3350 |     10 |     50 | HR         | PUNE     |
| AARAV    | CLERK               | 3350 |     10 |     40 | OPERATIONS | BOSTON   |
| AARAV    | CLERK               | 3350 |     10 |     30 | SALES      | CHICAGO  |
| AARAV    | CLERK               | 3350 |     10 |     20 | RESEARCH   | DALLAS   |
| AARAV    | CLERK               | 3350 |     10 |     10 | ACCOUNTING | NEW YORK |
| THOMAS   | CLERK               | 1750 |     10 |     50 | HR         | PUNE     |
| THOMAS   | CLERK               | 1750 |     10 |     40 | OPERATIONS | BOSTON   |
| THOMAS   | CLERK               | 1750 |     10 |     30 | SALES      | CHICAGO  |
| THOMAS   | CLERK               | 1750 |     10 |     20 | RESEARCH   | DALLAS   |
| THOMAS   | CLERK               | 1750 |     10 |     10 | ACCOUNTING | NEW YORK |
| ALLEN    | SALESMAN            | 1600 |     30 |     50 | HR         | PUNE     |
| ALLEN    | SALESMAN            | 1600 |     30 |     40 | OPERATIONS | BOSTON   |
| ALLEN    | SALESMAN            | 1600 |     30 |     30 | SALES      | CHICAGO  |
| ALLEN    | SALESMAN            | 1600 |     30 |     20 | RESEARCH   | DALLAS   |
| ALLEN    | SALESMAN            | 1600 |     30 |     10 | ACCOUNTING | NEW YORK |
| WARD     | SALESMAN            | 1250 |     30 |     50 | HR         | PUNE     |
| WARD     | SALESMAN            | 1250 |     30 |     40 | OPERATIONS | BOSTON   |
| WARD     | SALESMAN            | 1250 |     30 |     30 | SALES      | CHICAGO  |
| WARD     | SALESMAN            | 1250 |     30 |     20 | RESEARCH   | DALLAS   |
| WARD     | SALESMAN            | 1250 |     30 |     10 | ACCOUNTING | NEW YORK |
| JONES    | MANAGER             | 2975 |     20 |     50 | HR         | PUNE     |
| JONES    | MANAGER             | 2975 |     20 |     40 | OPERATIONS | BOSTON   |
| JONES    | MANAGER             | 2975 |     20 |     30 | SALES      | CHICAGO  |
| JONES    | MANAGER             | 2975 |     20 |     20 | RESEARCH   | DALLAS   |
| JONES    | MANAGER             | 2975 |     20 |     10 | ACCOUNTING | NEW YORK |
| MARTIN   | SALESMAN            | 1250 |     30 |     50 | HR         | PUNE     |
| MARTIN   | SALESMAN            | 1250 |     30 |     40 | OPERATIONS | BOSTON   |
| MARTIN   | SALESMAN            | 1250 |     30 |     30 | SALES      | CHICAGO  |
| MARTIN   | SALESMAN            | 1250 |     30 |     20 | RESEARCH   | DALLAS   |
| MARTIN   | SALESMAN            | 1250 |     30 |     10 | ACCOUNTING | NEW YORK |
| BLAKE    | MANAGER             | 2850 |     30 |     50 | HR         | PUNE     |
| BLAKE    | MANAGER             | 2850 |     30 |     40 | OPERATIONS | BOSTON   |
| BLAKE    | MANAGER             | 2850 |     30 |     30 | SALES      | CHICAGO  |
| BLAKE    | MANAGER             | 2850 |     30 |     20 | RESEARCH   | DALLAS   |
| BLAKE    | MANAGER             | 2850 |     30 |     10 | ACCOUNTING | NEW YORK |
| CLARK    | MANAGER             | 2450 |     10 |     50 | HR         | PUNE     |
| CLARK    | MANAGER             | 2450 |     10 |     40 | OPERATIONS | BOSTON   |
| CLARK    | MANAGER             | 2450 |     10 |     30 | SALES      | CHICAGO  |
| CLARK    | MANAGER             | 2450 |     10 |     20 | RESEARCH   | DALLAS   |
| CLARK    | MANAGER             | 2450 |     10 |     10 | ACCOUNTING | NEW YORK |
| SCOTT    | ANALYST             | 3000 |     20 |     50 | HR         | PUNE     |
| SCOTT    | ANALYST             | 3000 |     20 |     40 | OPERATIONS | BOSTON   |
| SCOTT    | ANALYST             | 3000 |     20 |     30 | SALES      | CHICAGO  |
| SCOTT    | ANALYST             | 3000 |     20 |     20 | RESEARCH   | DALLAS   |
| SCOTT    | ANALYST             | 3000 |     20 |     10 | ACCOUNTING | NEW YORK |
| KING     | PRESIDENT           | 5000 |     10 |     50 | HR         | PUNE     |
| KING     | PRESIDENT           | 5000 |     10 |     40 | OPERATIONS | BOSTON   |
| KING     | PRESIDENT           | 5000 |     10 |     30 | SALES      | CHICAGO  |
| KING     | PRESIDENT           | 5000 |     10 |     20 | RESEARCH   | DALLAS   |
| KING     | PRESIDENT           | 5000 |     10 |     10 | ACCOUNTING | NEW YORK |
| FRED     | vice PRESIDENT      | 5000 |     20 |     50 | HR         | PUNE     |
| FRED     | vice PRESIDENT      | 5000 |     20 |     40 | OPERATIONS | BOSTON   |
| FRED     | vice PRESIDENT      | 5000 |     20 |     30 | SALES      | CHICAGO  |
| FRED     | vice PRESIDENT      | 5000 |     20 |     20 | RESEARCH   | DALLAS   |
| FRED     | vice PRESIDENT      | 5000 |     20 |     10 | ACCOUNTING | NEW YORK |
| TURNER   | SALESMAN            | 1500 |     30 |     50 | HR         | PUNE     |
| TURNER   | SALESMAN            | 1500 |     30 |     40 | OPERATIONS | BOSTON   |
| TURNER   | SALESMAN            | 1500 |     30 |     30 | SALES      | CHICAGO  |
| TURNER   | SALESMAN            | 1500 |     30 |     20 | RESEARCH   | DALLAS   |
| TURNER   | SALESMAN            | 1500 |     30 |     10 | ACCOUNTING | NEW YORK |
| ADAMS    | CLERK               | 1100 |     20 |     50 | HR         | PUNE     |
| ADAMS    | CLERK               | 1100 |     20 |     40 | OPERATIONS | BOSTON   |
| ADAMS    | CLERK               | 1100 |     20 |     30 | SALES      | CHICAGO  |
| ADAMS    | CLERK               | 1100 |     20 |     20 | RESEARCH   | DALLAS   |
| ADAMS    | CLERK               | 1100 |     20 |     10 | ACCOUNTING | NEW YORK |
| JAMES    | CLERK               |  950 |     30 |     50 | HR         | PUNE     |
| JAMES    | CLERK               |  950 |     30 |     40 | OPERATIONS | BOSTON   |
| JAMES    | CLERK               |  950 |     30 |     30 | SALES      | CHICAGO  |
| JAMES    | CLERK               |  950 |     30 |     20 | RESEARCH   | DALLAS   |
| JAMES    | CLERK               |  950 |     30 |     10 | ACCOUNTING | NEW YORK |
| FORD     | ANALYST             | 3000 |     20 |     50 | HR         | PUNE     |
| FORD     | ANALYST             | 3000 |     20 |     40 | OPERATIONS | BOSTON   |
| FORD     | ANALYST             | 3000 |     20 |     30 | SALES      | CHICAGO  |
| FORD     | ANALYST             | 3000 |     20 |     20 | RESEARCH   | DALLAS   |
| FORD     | ANALYST             | 3000 |     20 |     10 | ACCOUNTING | NEW YORK |
| HOFFMAN  | MANAGER             | 4150 |     30 |     50 | HR         | PUNE     |
| HOFFMAN  | MANAGER             | 4150 |     30 |     40 | OPERATIONS | BOSTON   |
| HOFFMAN  | MANAGER             | 4150 |     30 |     30 | SALES      | CHICAGO  |
| HOFFMAN  | MANAGER             | 4150 |     30 |     20 | RESEARCH   | DALLAS   |
| HOFFMAN  | MANAGER             | 4150 |     30 |     10 | ACCOUNTING | NEW YORK |
| GRASS    | SALESMAN            | 2575 |     30 |     50 | HR         | PUNE     |
| GRASS    | SALESMAN            | 2575 |     30 |     40 | OPERATIONS | BOSTON   |
| GRASS    | SALESMAN            | 2575 |     30 |     30 | SALES      | CHICAGO  |
| GRASS    | SALESMAN            | 2575 |     30 |     20 | RESEARCH   | DALLAS   |
| GRASS    | SALESMAN            | 2575 |     30 |     10 | ACCOUNTING | NEW YORK |
| MILLER   | CLERK               | 1300 |     10 |     50 | HR         | PUNE     |
| MILLER   | CLERK               | 1300 |     10 |     40 | OPERATIONS | BOSTON   |
| MILLER   | CLERK               | 1300 |     10 |     30 | SALES      | CHICAGO  |
| MILLER   | CLERK               | 1300 |     10 |     20 | RESEARCH   | DALLAS   |
| MILLER   | CLERK               | 1300 |     10 |     10 | ACCOUNTING | NEW YORK |
| AARUSH   | SALESMAN            | 1350 |     30 |     50 | HR         | PUNE     |
| AARUSH   | SALESMAN            | 1350 |     30 |     40 | OPERATIONS | BOSTON   |
| AARUSH   | SALESMAN            | 1350 |     30 |     30 | SALES      | CHICAGO  |
| AARUSH   | SALESMAN            | 1350 |     30 |     20 | RESEARCH   | DALLAS   |
| AARUSH   | SALESMAN            | 1350 |     30 |     10 | ACCOUNTING | NEW YORK |
| ALEX     | MANAGER             | 1250 |     30 |     50 | HR         | PUNE     |
| ALEX     | MANAGER             | 1250 |     30 |     40 | OPERATIONS | BOSTON   |
| ALEX     | MANAGER             | 1250 |     30 |     30 | SALES      | CHICAGO  |
| ALEX     | MANAGER             | 1250 |     30 |     20 | RESEARCH   | DALLAS   |
| ALEX     | MANAGER             | 1250 |     30 |     10 | ACCOUNTING | NEW YORK |
| NATASHA  | CLERK               | 1750 |     30 |     50 | HR         | PUNE     |
| NATASHA  | CLERK               | 1750 |     30 |     40 | OPERATIONS | BOSTON   |
| NATASHA  | CLERK               | 1750 |     30 |     30 | SALES      | CHICAGO  |
| NATASHA  | CLERK               | 1750 |     30 |     20 | RESEARCH   | DALLAS   |
| NATASHA  | CLERK               | 1750 |     30 |     10 | ACCOUNTING | NEW YORK |
| SANGITA  | Compliance officers | 1750 |     50 |     50 | HR         | PUNE     |
| SANGITA  | Compliance officers | 1750 |     50 |     40 | OPERATIONS | BOSTON   |
| SANGITA  | Compliance officers | 1750 |     50 |     30 | SALES      | CHICAGO  |
| SANGITA  | Compliance officers | 1750 |     50 |     20 | RESEARCH   | DALLAS   |
| SANGITA  | Compliance officers | 1750 |     50 |     10 | ACCOUNTING | NEW YORK |
| SUPRIYA  | ANALYST             | 1750 |     50 |     50 | HR         | PUNE     |
| SUPRIYA  | ANALYST             | 1750 |     50 |     40 | OPERATIONS | BOSTON   |
| SUPRIYA  | ANALYST             | 1750 |     50 |     30 | SALES      | CHICAGO  |
| SUPRIYA  | ANALYST             | 1750 |     50 |     20 | RESEARCH   | DALLAS   |
| SUPRIYA  | ANALYST             | 1750 |     50 |     10 | ACCOUNTING | NEW YORK |
+----------+---------------------+------+--------+--------+------------+----------+
140 rows in set (0.00 sec)

mysql> select ename from emp;
+----------+
| ename    |
+----------+
| GITA     |
| VRUSHALI |
| SHARMIN  |
| BANDISH  |
| SMITH    |
| AARAV    |
| THOMAS   |
| ALLEN    |
| WARD     |
| JONES    |
| MARTIN   |
| BLAKE    |
| CLARK    |
| SCOTT    |
| KING     |
| FRED     |
| TURNER   |
| ADAMS    |
| JAMES    |
| FORD     |
| HOFFMAN  |
| GRASS    |
| MILLER   |
| AARUSH   |
| ALEX     |
| NATASHA  |
| SANGITA  |
| SUPRIYA  |
+----------+
28 rows in set (0.00 sec)

mysql> select emp.ename from emp;
+----------+
| ename    |
+----------+
| GITA     |
| VRUSHALI |
| SHARMIN  |
| BANDISH  |
| SMITH    |
| AARAV    |
| THOMAS   |
| ALLEN    |
| WARD     |
| JONES    |
| MARTIN   |
| BLAKE    |
| CLARK    |
| SCOTT    |
| KING     |
| FRED     |
| TURNER   |
| ADAMS    |
| JAMES    |
| FORD     |
| HOFFMAN  |
| GRASS    |
| MILLER   |
| AARUSH   |
| ALEX     |
| NATASHA  |
| SANGITA  |
| SUPRIYA  |
+----------+
28 rows in set (0.00 sec)

mysql> select emp.ename from emp e;
ERROR 1054 (42S22): Unknown column 'emp.ename' in 'field list'
mysql> select e.ename from emp e;
+----------+
| ename    |
+----------+
| GITA     |
| VRUSHALI |
| SHARMIN  |
| BANDISH  |
| SMITH    |
| AARAV    |
| THOMAS   |
| ALLEN    |
| WARD     |
| JONES    |
| MARTIN   |
| BLAKE    |
| CLARK    |
| SCOTT    |
| KING     |
| FRED     |
| TURNER   |
| ADAMS    |
| JAMES    |
| FORD     |
| HOFFMAN  |
| GRASS    |
| MILLER   |
| AARUSH   |
| ALEX     |
| NATASHA  |
| SANGITA  |
| SUPRIYA  |
+----------+
28 rows in set (0.00 sec)

mysql> select ename, job, sal, e.deptno, d.deptno, dname, loc from emp e, dept d where e.deptno = d.deptno;
+----------+---------------------+------+--------+--------+------------+----------+
| ename    | job                 | sal  | deptno | deptno | dname      | loc      |
+----------+---------------------+------+--------+--------+------------+----------+
| AARAV    | CLERK               | 3350 |     10 |     10 | ACCOUNTING | NEW YORK |
| THOMAS   | CLERK               | 1750 |     10 |     10 | ACCOUNTING | NEW YORK |
| CLARK    | MANAGER             | 2450 |     10 |     10 | ACCOUNTING | NEW YORK |
| KING     | PRESIDENT           | 5000 |     10 |     10 | ACCOUNTING | NEW YORK |
| MILLER   | CLERK               | 1300 |     10 |     10 | ACCOUNTING | NEW YORK |
| SHARMIN  | Public Relation     | 1750 |     20 |     20 | RESEARCH   | DALLAS   |
| BANDISH  | Public Relation     | 1750 |     20 |     20 | RESEARCH   | DALLAS   |
| SMITH    | CLERK               |  800 |     20 |     20 | RESEARCH   | DALLAS   |
| JONES    | MANAGER             | 2975 |     20 |     20 | RESEARCH   | DALLAS   |
| SCOTT    | ANALYST             | 3000 |     20 |     20 | RESEARCH   | DALLAS   |
| FRED     | vice PRESIDENT      | 5000 |     20 |     20 | RESEARCH   | DALLAS   |
| ADAMS    | CLERK               | 1100 |     20 |     20 | RESEARCH   | DALLAS   |
| FORD     | ANALYST             | 3000 |     20 |     20 | RESEARCH   | DALLAS   |
| GITA     | Compliance officers | 1750 |     30 |     30 | SALES      | CHICAGO  |
| ALLEN    | SALESMAN            | 1600 |     30 |     30 | SALES      | CHICAGO  |
| WARD     | SALESMAN            | 1250 |     30 |     30 | SALES      | CHICAGO  |
| MARTIN   | SALESMAN            | 1250 |     30 |     30 | SALES      | CHICAGO  |
| BLAKE    | MANAGER             | 2850 |     30 |     30 | SALES      | CHICAGO  |
| TURNER   | SALESMAN            | 1500 |     30 |     30 | SALES      | CHICAGO  |
| JAMES    | CLERK               |  950 |     30 |     30 | SALES      | CHICAGO  |
| HOFFMAN  | MANAGER             | 4150 |     30 |     30 | SALES      | CHICAGO  |
| GRASS    | SALESMAN            | 2575 |     30 |     30 | SALES      | CHICAGO  |
| AARUSH   | SALESMAN            | 1350 |     30 |     30 | SALES      | CHICAGO  |
| ALEX     | MANAGER             | 1250 |     30 |     30 | SALES      | CHICAGO  |
| NATASHA  | CLERK               | 1750 |     30 |     30 | SALES      | CHICAGO  |
| VRUSHALI | Compliance officers | 1750 |     50 |     50 | HR         | PUNE     |
| SANGITA  | Compliance officers | 1750 |     50 |     50 | HR         | PUNE     |
| SUPRIYA  | ANALYST             | 1750 |     50 |     50 | HR         | PUNE     |
+----------+---------------------+------+--------+--------+------------+----------+
28 rows in set (0.00 sec)

mysql> select ename, job, sal,  dname, loc from emp e, dept d where e.deptno = d.deptno;
+----------+---------------------+------+------------+----------+
| ename    | job                 | sal  | dname      | loc      |
+----------+---------------------+------+------------+----------+
| AARAV    | CLERK               | 3350 | ACCOUNTING | NEW YORK |
| THOMAS   | CLERK               | 1750 | ACCOUNTING | NEW YORK |
| CLARK    | MANAGER             | 2450 | ACCOUNTING | NEW YORK |
| KING     | PRESIDENT           | 5000 | ACCOUNTING | NEW YORK |
| MILLER   | CLERK               | 1300 | ACCOUNTING | NEW YORK |
| SHARMIN  | Public Relation     | 1750 | RESEARCH   | DALLAS   |
| BANDISH  | Public Relation     | 1750 | RESEARCH   | DALLAS   |
| SMITH    | CLERK               |  800 | RESEARCH   | DALLAS   |
| JONES    | MANAGER             | 2975 | RESEARCH   | DALLAS   |
| SCOTT    | ANALYST             | 3000 | RESEARCH   | DALLAS   |
| FRED     | vice PRESIDENT      | 5000 | RESEARCH   | DALLAS   |
| ADAMS    | CLERK               | 1100 | RESEARCH   | DALLAS   |
| FORD     | ANALYST             | 3000 | RESEARCH   | DALLAS   |
| GITA     | Compliance officers | 1750 | SALES      | CHICAGO  |
| ALLEN    | SALESMAN            | 1600 | SALES      | CHICAGO  |
| WARD     | SALESMAN            | 1250 | SALES      | CHICAGO  |
| MARTIN   | SALESMAN            | 1250 | SALES      | CHICAGO  |
| BLAKE    | MANAGER             | 2850 | SALES      | CHICAGO  |
| TURNER   | SALESMAN            | 1500 | SALES      | CHICAGO  |
| JAMES    | CLERK               |  950 | SALES      | CHICAGO  |
| HOFFMAN  | MANAGER             | 4150 | SALES      | CHICAGO  |
| GRASS    | SALESMAN            | 2575 | SALES      | CHICAGO  |
| AARUSH   | SALESMAN            | 1350 | SALES      | CHICAGO  |
| ALEX     | MANAGER             | 1250 | SALES      | CHICAGO  |
| NATASHA  | CLERK               | 1750 | SALES      | CHICAGO  |
| VRUSHALI | Compliance officers | 1750 | HR         | PUNE     |
| SANGITA  | Compliance officers | 1750 | HR         | PUNE     |
| SUPRIYA  | ANALYST             | 1750 | HR         | PUNE     |
+----------+---------------------+------+------------+----------+
28 rows in set (0.00 sec)

mysql> select ename, job, sal, dname, loc from emp, dept where dname='sales'
    -> ;
+----------+---------------------+------+-------+---------+
| ename    | job                 | sal  | dname | loc     |
+----------+---------------------+------+-------+---------+
| GITA     | Compliance officers | 1750 | SALES | CHICAGO |
| VRUSHALI | Compliance officers | 1750 | SALES | CHICAGO |
| SHARMIN  | Public Relation     | 1750 | SALES | CHICAGO |
| BANDISH  | Public Relation     | 1750 | SALES | CHICAGO |
| SMITH    | CLERK               |  800 | SALES | CHICAGO |
| AARAV    | CLERK               | 3350 | SALES | CHICAGO |
| THOMAS   | CLERK               | 1750 | SALES | CHICAGO |
| ALLEN    | SALESMAN            | 1600 | SALES | CHICAGO |
| WARD     | SALESMAN            | 1250 | SALES | CHICAGO |
| JONES    | MANAGER             | 2975 | SALES | CHICAGO |
| MARTIN   | SALESMAN            | 1250 | SALES | CHICAGO |
| BLAKE    | MANAGER             | 2850 | SALES | CHICAGO |
| CLARK    | MANAGER             | 2450 | SALES | CHICAGO |
| SCOTT    | ANALYST             | 3000 | SALES | CHICAGO |
| KING     | PRESIDENT           | 5000 | SALES | CHICAGO |
| FRED     | vice PRESIDENT      | 5000 | SALES | CHICAGO |
| TURNER   | SALESMAN            | 1500 | SALES | CHICAGO |
| ADAMS    | CLERK               | 1100 | SALES | CHICAGO |
| JAMES    | CLERK               |  950 | SALES | CHICAGO |
| FORD     | ANALYST             | 3000 | SALES | CHICAGO |
| HOFFMAN  | MANAGER             | 4150 | SALES | CHICAGO |
| GRASS    | SALESMAN            | 2575 | SALES | CHICAGO |
| MILLER   | CLERK               | 1300 | SALES | CHICAGO |
| AARUSH   | SALESMAN            | 1350 | SALES | CHICAGO |
| ALEX     | MANAGER             | 1250 | SALES | CHICAGO |
| NATASHA  | CLERK               | 1750 | SALES | CHICAGO |
| SANGITA  | Compliance officers | 1750 | SALES | CHICAGO |
| SUPRIYA  | ANALYST             | 1750 | SALES | CHICAGO |
+----------+---------------------+------+-------+---------+
28 rows in set (0.00 sec)

mysql> select ename, job, sal, dname, loc from emp, dept where emp.deptno = dept.deptno and dname='sales';
+---------+---------------------+------+-------+---------+
| ename   | job                 | sal  | dname | loc     |
+---------+---------------------+------+-------+---------+
| GITA    | Compliance officers | 1750 | SALES | CHICAGO |
| ALLEN   | SALESMAN            | 1600 | SALES | CHICAGO |
| WARD    | SALESMAN            | 1250 | SALES | CHICAGO |
| MARTIN  | SALESMAN            | 1250 | SALES | CHICAGO |
| BLAKE   | MANAGER             | 2850 | SALES | CHICAGO |
| TURNER  | SALESMAN            | 1500 | SALES | CHICAGO |
| JAMES   | CLERK               |  950 | SALES | CHICAGO |
| HOFFMAN | MANAGER             | 4150 | SALES | CHICAGO |
| GRASS   | SALESMAN            | 2575 | SALES | CHICAGO |
| AARUSH  | SALESMAN            | 1350 | SALES | CHICAGO |
| ALEX    | MANAGER             | 1250 | SALES | CHICAGO |
| NATASHA | CLERK               | 1750 | SALES | CHICAGO |
+---------+---------------------+------+-------+---------+
12 rows in set (0.00 sec)

mysql> select ename, job, sal,emp.deptno, dept.deptno, dname, loc from emp, dept where emp.deptno = dept.deptno and dname='sales';
+---------+---------------------+------+--------+--------+-------+---------+
| ename   | job                 | sal  | deptno | deptno | dname | loc     |
+---------+---------------------+------+--------+--------+-------+---------+
| GITA    | Compliance officers | 1750 |     30 |     30 | SALES | CHICAGO |
| ALLEN   | SALESMAN            | 1600 |     30 |     30 | SALES | CHICAGO |
| WARD    | SALESMAN            | 1250 |     30 |     30 | SALES | CHICAGO |
| MARTIN  | SALESMAN            | 1250 |     30 |     30 | SALES | CHICAGO |
| BLAKE   | MANAGER             | 2850 |     30 |     30 | SALES | CHICAGO |
| TURNER  | SALESMAN            | 1500 |     30 |     30 | SALES | CHICAGO |
| JAMES   | CLERK               |  950 |     30 |     30 | SALES | CHICAGO |
| HOFFMAN | MANAGER             | 4150 |     30 |     30 | SALES | CHICAGO |
| GRASS   | SALESMAN            | 2575 |     30 |     30 | SALES | CHICAGO |
| AARUSH  | SALESMAN            | 1350 |     30 |     30 | SALES | CHICAGO |
| ALEX    | MANAGER             | 1250 |     30 |     30 | SALES | CHICAGO |
| NATASHA | CLERK               | 1750 |     30 |     30 | SALES | CHICAGO |
+---------+---------------------+------+--------+--------+-------+---------+
12 rows in set (0.00 sec)

mysql> select * from salgrade;
+-------+-------+-------+
| GRADE | LOSAL | HISAL |
+-------+-------+-------+
|     1 |   700 |  1200 |
|     2 |  1201 |  1400 |
|     3 |  1401 |  2000 |
|     4 |  2001 |  3000 |
|     5 |  3001 |  4000 |
|     6 |  4001 |  5000 |
|     7 |  5001 |  6000 |
|     8 |  6001 |  7000 |
|     9 |  7001 |  8000 |
|    10 |  8001 |  9999 |
+-------+-------+-------+
10 rows in set (0.03 sec)

mysql> select ename, sal from emp;
+----------+------+
| ename    | sal  |
+----------+------+
| GITA     | 1750 |
| VRUSHALI | 1750 |
| SHARMIN  | 1750 |
| BANDISH  | 1750 |
| SMITH    |  800 |
| AARAV    | 3350 |
| THOMAS   | 1750 |
| ALLEN    | 1600 |
| WARD     | 1250 |
| JONES    | 2975 |
| MARTIN   | 1250 |
| BLAKE    | 2850 |
| CLARK    | 2450 |
| SCOTT    | 3000 |
| KING     | 5000 |
| FRED     | 5000 |
| TURNER   | 1500 |
| ADAMS    | 1100 |
| JAMES    |  950 |
| FORD     | 3000 |
| HOFFMAN  | 4150 |
| GRASS    | 2575 |
| MILLER   | 1300 |
| AARUSH   | 1350 |
| ALEX     | 1250 |
| NATASHA  | 1750 |
| SANGITA  | 1750 |
| SUPRIYA  | 1750 |
+----------+------+
28 rows in set (0.00 sec)

mysql> select ename, sal, grade, losal, hisal from emp e, salgrade s where sal between (losal  and hisal);
ERROR 1064 (42000): You have an error in your SQL syntax; check the manual that corresponds to your MySQL server version for the right syntax to use near '' at line 1
mysql>
mysql> select ename, sal, grade, losal, hisal from emp e, salgrade s where sal between losal  and hisal;
+----------+------+-------+-------+-------+
| ename    | sal  | grade | losal | hisal |
+----------+------+-------+-------+-------+
| GITA     | 1750 |     3 |  1401 |  2000 |
| VRUSHALI | 1750 |     3 |  1401 |  2000 |
| SHARMIN  | 1750 |     3 |  1401 |  2000 |
| BANDISH  | 1750 |     3 |  1401 |  2000 |
| SMITH    |  800 |     1 |   700 |  1200 |
| AARAV    | 3350 |     5 |  3001 |  4000 |
| THOMAS   | 1750 |     3 |  1401 |  2000 |
| ALLEN    | 1600 |     3 |  1401 |  2000 |
| WARD     | 1250 |     2 |  1201 |  1400 |
| JONES    | 2975 |     4 |  2001 |  3000 |
| MARTIN   | 1250 |     2 |  1201 |  1400 |
| BLAKE    | 2850 |     4 |  2001 |  3000 |
| CLARK    | 2450 |     4 |  2001 |  3000 |
| SCOTT    | 3000 |     4 |  2001 |  3000 |
| KING     | 5000 |     6 |  4001 |  5000 |
| FRED     | 5000 |     6 |  4001 |  5000 |
| TURNER   | 1500 |     3 |  1401 |  2000 |
| ADAMS    | 1100 |     1 |   700 |  1200 |
| JAMES    |  950 |     1 |   700 |  1200 |
| FORD     | 3000 |     4 |  2001 |  3000 |
| HOFFMAN  | 4150 |     6 |  4001 |  5000 |
| GRASS    | 2575 |     4 |  2001 |  3000 |
| MILLER   | 1300 |     2 |  1201 |  1400 |
| AARUSH   | 1350 |     2 |  1201 |  1400 |
| ALEX     | 1250 |     2 |  1201 |  1400 |
| NATASHA  | 1750 |     3 |  1401 |  2000 |
| SANGITA  | 1750 |     3 |  1401 |  2000 |
| SUPRIYA  | 1750 |     3 |  1401 |  2000 |
+----------+------+-------+-------+-------+
28 rows in set (0.00 sec)

mysql> desc customer;
+-------------+-------------+------+-----+---------+-------+
| Field       | Type        | Null | Key | Default | Extra |
+-------------+-------------+------+-----+---------+-------+
| CUSTID      | int         | NO   | PRI | NULL    |       |
| NAME        | varchar(45) | YES  |     | NULL    |       |
| ADDRESS     | varchar(40) | YES  |     | NULL    |       |
| CITY        | varchar(30) | YES  |     | NULL    |       |
| STATE       | varchar(2)  | YES  |     | NULL    |       |
| ZIP         | varchar(9)  | YES  |     | NULL    |       |
| AREA        | int         | YES  |     | NULL    |       |
| PHONE       | varchar(9)  | YES  |     | NULL    |       |
| REPID       | int         | NO   |     | NULL    |       |
| CREDITLIMIT | float(9,2)  | YES  |     | NULL    |       |
| COMMENTS    | text        | YES  |     | NULL    |       |
+-------------+-------------+------+-----+---------+-------+
11 rows in set (0.02 sec)

mysql> desc customers;
+--------+-------------+------+-----+---------+-------+
| Field  | Type        | Null | Key | Default | Extra |
+--------+-------------+------+-----+---------+-------+
| CNUM   | int         | NO   | PRI | NULL    |       |
| CNAME  | varchar(10) | YES  |     | NULL    |       |
| CITY   | varchar(10) | YES  |     | NULL    |       |
| RATING | float       | YES  |     | NULL    |       |
| SNUM   | int         | YES  | MUL | NULL    |       |
+--------+-------------+------+-----+---------+-------+
5 rows in set (0.03 sec)

mysql> desc salesman;
ERROR 1146 (42S02): Table 'db1.salesman' doesn't exist
mysql> desc sales;
+----------+--------------+------+-----+---------+-------+
| Field    | Type         | Null | Key | Default | Extra |
+----------+--------------+------+-----+---------+-------+
| REPID    | int          | NO   |     | NULL    |       |
| CUSTID   | int          | NO   |     | NULL    |       |
| CUSTNAME | varchar(45)  | YES  |     | NULL    |       |
| PRODID   | int          | NO   |     | NULL    |       |
| PRODNAME | varchar(30)  | YES  |     | NULL    |       |
| AMOUNT   | double(19,2) | YES  |     | NULL    |       |
+----------+--------------+------+-----+---------+-------+
6 rows in set (0.00 sec)

mysql> show tables;
+---------------------+
| Tables_in_db1       |
+---------------------+
| a                   |
| agent               |
| andor               |
| b                   |
| blanktablea         |
| blanktableb         |
| blog                |
| bonus               |
| books               |
| candidate           |
| client              |
| coalesce            |
| comments            |
| company             |
| customer            |
| customers           |
| demodept1           |
| demodept2           |
| dept                |
| dept1               |
| docs                |
| dummy               |
| duplicate           |
| emp                 |
| emp1                |
| emp2                |
| emp_attendance      |
| emp_cards           |
| emp_phone           |
| empj                |
| envelope            |
| food                |
| hobby               |
| item                |
| key_parts           |
| licence             |
| location            |
| mass_table          |
| menucard            |
| nearest             |
| new                 |
| newbooks            |
| nullif              |
| numberstring        |
| ord                 |
| orders              |
| plumber             |
| plumber_service_map |
| points              |
| price               |
| product             |
| products            |
| quarter_revenue     |
| r                   |
| r1                  |
| r2                  |
| races               |
| regexpr             |
| replacedept         |
| revenue             |
| runners             |
| sales               |
| sales_channel       |
| salespeople         |
| salesperson         |
| salgrade            |
| service             |
| seta                |
| setb                |
| softdrink           |
| sort                |
| stadium             |
| states              |
| station             |
| status              |
| stringnumber        |
| tablea              |
| tableaa             |
| tableb              |
| tablebb             |
| tasks               |
| temp1               |
| transactions        |
| vote_response       |
| votes               |
| warehouse           |
| z                   |
+---------------------+
87 rows in set (0.00 sec)

mysql> select * from salesperson;
+------+--------+
| SID  | SNAME  |
+------+--------+
| 1001 | ALAN   |
| 1002 | CALVIN |
| 1003 | CLIVE  |
| 1004 | DENNIS |
| 1005 | EVAN   |
| 1006 | FOX    |
| 1007 | PETER  |
+------+--------+
7 rows in set (0.03 sec)

mysql> select * from salespeople;
+------+---------+----------+------+
| SNUM | SNAME   | CITY     | COMM |
+------+---------+----------+------+
| 1001 | Rajan   | London   | 0.12 |
| 1002 | Natasha | San Jose | 0.13 |
| 1003 | Alax    | New York |  0.1 |
| 1004 | Monika  | London   | 0.11 |
| 1005 | Moor    | London   | 0.26 |
| 1006 | Jack    | Leeds    | 0.26 |
| 1007 | James   | Derby    | 0.15 |
| 1008 | Cooper  | Wells    | 0.19 |
| 1009 | Leo     | Wells    | 0.26 |
+------+---------+----------+------+
9 rows in set (0.02 sec)

mysql> select * from customers;
+------+---------+----------+--------+------+
| CNUM | CNAME   | CITY     | RATING | SNUM |
+------+---------+----------+--------+------+
| 2001 | Santosh | London   |    100 | 1001 |
| 2002 | Joe     | Rome     |    200 | 1003 |
| 2003 | Raj     | San Jose |    200 | 1002 |
| 2004 | Grass   | Berlin   |    300 | 1002 |
| 2006 | Raja    | London   |    100 | 1001 |
| 2007 | Jackson | Rome     |    100 | 1004 |
| 2008 | William | San Jose |    300 | 1007 |
| 2009 | Smith   | Berlin   |    300 | 1007 |
| 2010 | ADAMS   | Berlin   |    250 | 1007 |
+------+---------+----------+--------+------+
9 rows in set (0.00 sec)

mysql> select * from orders;
+------+---------+---------------------+------+------+--------+
| ONUM | AMT     | ODATE               | CNUM | SNUM | type   |
+------+---------+---------------------+------+------+--------+
| 3001 |   18.69 | 1996-10-03 12:30:00 | 2008 | 1007 | Online |
| 3002 |  1900.1 | 1996-10-03 12:05:00 | 2007 | 1004 | Online |
| 3003 |  767.19 | 1996-10-03 13:45:00 | 2001 | 1001 | Online |
| 3005 | 5160.45 | 1996-10-03 14:00:00 | 2003 | 1002 | Online |
| 3006 | 1098.16 | 1996-10-03 13:37:00 | 2008 | 1007 | Online |
| 3007 |   75.75 | 1996-10-04 16:02:00 | 2002 | 1003 | Online |
| 3008 |    4723 | 1996-10-05 12:07:00 | 2006 | 1001 | Online |
| 3009 | 1713.23 | 1996-10-04 15:21:00 | 2002 | 1003 | Online |
| 3010 | 1309.95 | 1996-10-06 13:12:00 | 2004 | 1002 | Online |
| 3011 | 9891.88 | 1996-10-06 13:09:00 | 2006 | 1001 | Online |
| 3012 | 3455.78 | 1996-10-04 15:21:00 | 2002 | 1003 | Online |
| 3013 | 1245.98 | 1996-10-04 16:32:00 | 2002 | 1003 | Online |
| 3014 | 3721.53 | 1996-10-05 12:45:00 | 2006 | 1001 | Online |
| 3015 |   734.5 | 1996-10-06 13:16:00 | 2004 | 1002 | Online |
| 3016 | 1729.67 | 1996-10-06 13:07:00 | 2006 | 1001 | Online |
| 3017 |   18.69 | 1996-10-03 12:30:00 | 2001 | 1007 | Online |
| 3018 |  767.19 | 1996-10-03 13:45:00 | 2002 | 1001 | Online |
| 3019 |  1900.1 | 1996-10-03 12:05:00 | 2007 | 1004 | Online |
| 3020 | 5160.45 | 1996-10-03 14:00:00 | 2003 | 1007 | Online |
| 3021 | 1098.16 | 1996-10-03 13:37:00 | 2008 | 1007 | Online |
| 3022 | 1713.23 | 1996-10-04 15:21:00 | 2002 | 1003 | Online |
| 3023 |   75.75 | 1996-10-04 16:02:00 | 2002 | 1004 | Online |
| 3024 |    4723 | 1996-10-05 12:07:00 | 2006 | 1002 | Online |
| 3025 | 1309.95 | 1996-10-06 13:12:00 | 2002 | 1002 | Online |
| 3026 | 9891.88 | 1996-10-06 13:09:00 | 2006 | 1001 | Online |
| 3027 | 3455.78 | 1996-10-04 15:21:00 | 2002 | 1003 | Online |
| 3028 | 1245.98 | 1996-10-04 16:32:00 | 2002 | 1003 | Online |
| 3029 | 3721.53 | 1996-10-05 12:45:00 | 2006 | 1001 | Online |
| 3030 |   734.5 | 1996-10-06 13:16:00 | 2004 | 1002 | Online |
| 3031 | 1729.67 | 1996-10-06 13:07:00 | 2006 | 1007 | Online |
| 3032 |    3434 | 1996-01-26 17:09:12 | 2006 | 1007 | Online |
| 3033 |     522 | 1996-12-24 14:23:00 | 2002 | 1002 | Online |
| 3049 |     500 | 1996-03-14 07:45:19 | 2001 | 1003 | Online |
| 3074 |     457 | 1996-04-19 05:13:00 | 2008 | 1007 | Online |
| 3119 |     125 | 1996-07-26 18:37:00 | 2007 | 1001 | Online |
| 4001 |     145 | 1996-05-13 20:47:00 | 2008 | 1003 | Online |
| 4012 |     245 | 1996-03-06 13:07:00 | 2001 | 1002 | Online |
| 4021 |     600 | 1996-08-12 13:07:00 | 2001 | 1002 | Online |
| 4054 |    1200 | 1996-11-22 13:07:00 | 2004 | 1003 | Online |
| 5011 |     138 | 1996-09-14 13:07:00 | 2001 | 1007 | Online |
| 5014 |     980 | 1996-08-23 13:07:00 | 2002 | 1007 | Online |
| 5015 |    2133 | 1996-06-23 13:07:00 | 2004 | 1007 | Online |
| 5016 |    1000 | 1996-03-12 13:07:00 | 2002 | 1007 | Online |
| 5053 |    1500 | 1996-01-01 13:07:00 | 2006 | 1007 | Online |
| 5099 |     790 | 1996-04-24 13:07:00 | 2002 | 1007 | Online |
| 6501 |     125 | 1996-06-13 13:07:00 | 2001 | 1001 | Online |
| 6502 |     535 | 1996-08-24 13:07:00 | 2006 | 1004 | Online |
| 6503 |    1100 | 1996-07-26 13:07:00 | 2006 | 1007 | Online |
| 6504 |    1350 | 1996-07-21 13:07:00 | 2008 | 1007 | Online |
+------+---------+---------------------+------+------+--------+
49 rows in set (0.00 sec)

mysql> select cname,sname from customers c, salespeople s where c.snum = s.snum;
+---------+---------+
| cname   | sname   |
+---------+---------+
| Santosh | Rajan   |
| Joe     | Alax    |
| Raj     | Natasha |
| Grass   | Natasha |
| Raja    | Rajan   |
| Jackson | Monika  |
| William | James   |
| Smith   | James   |
| ADAMS   | James   |
+---------+---------+
9 rows in set (0.00 sec)

mysql> select * from customers c, salespeople s where c.snum = s.snum;
+------+---------+----------+--------+------+------+---------+----------+------+
| CNUM | CNAME   | CITY     | RATING | SNUM | SNUM | SNAME   | CITY     | COMM |
+------+---------+----------+--------+------+------+---------+----------+------+
| 2001 | Santosh | London   |    100 | 1001 | 1001 | Rajan   | London   | 0.12 |
| 2002 | Joe     | Rome     |    200 | 1003 | 1003 | Alax    | New York |  0.1 |
| 2003 | Raj     | San Jose |    200 | 1002 | 1002 | Natasha | San Jose | 0.13 |
| 2004 | Grass   | Berlin   |    300 | 1002 | 1002 | Natasha | San Jose | 0.13 |
| 2006 | Raja    | London   |    100 | 1001 | 1001 | Rajan   | London   | 0.12 |
| 2007 | Jackson | Rome     |    100 | 1004 | 1004 | Monika  | London   | 0.11 |
| 2008 | William | San Jose |    300 | 1007 | 1007 | James   | Derby    | 0.15 |
| 2009 | Smith   | Berlin   |    300 | 1007 | 1007 | James   | Derby    | 0.15 |
| 2010 | ADAMS   | Berlin   |    250 | 1007 | 1007 | James   | Derby    | 0.15 |
+------+---------+----------+--------+------+------+---------+----------+------+
9 rows in set (0.00 sec)

mysql> select c.*, sname, city from customers c, salespeople s where c.snum = s.snum;
ERROR 1052 (23000): Column 'city' in field list is ambiguous
mysql>
mysql>
mysql> select c.*, sname, s.city from customers c, salespeople s where c.snum = s.snum;
+------+---------+----------+--------+------+---------+----------+
| CNUM | CNAME   | CITY     | RATING | SNUM | sname   | city     |
+------+---------+----------+--------+------+---------+----------+
| 2001 | Santosh | London   |    100 | 1001 | Rajan   | London   |
| 2002 | Joe     | Rome     |    200 | 1003 | Alax    | New York |
| 2003 | Raj     | San Jose |    200 | 1002 | Natasha | San Jose |
| 2004 | Grass   | Berlin   |    300 | 1002 | Natasha | San Jose |
| 2006 | Raja    | London   |    100 | 1001 | Rajan   | London   |
| 2007 | Jackson | Rome     |    100 | 1004 | Monika  | London   |
| 2008 | William | San Jose |    300 | 1007 | James   | Derby    |
| 2009 | Smith   | Berlin   |    300 | 1007 | James   | Derby    |
| 2010 | ADAMS   | Berlin   |    250 | 1007 | James   | Derby    |
+------+---------+----------+--------+------+---------+----------+
9 rows in set (0.00 sec)

mysql>
mysql>
mysql>
mysql> select * from customers c, orders o where c.cnum = o.cnum;
+------+---------+----------+--------+------+------+---------+---------------------+------+------+--------+
| CNUM | CNAME   | CITY     | RATING | SNUM | ONUM | AMT     | ODATE               | CNUM | SNUM | type   |
+------+---------+----------+--------+------+------+---------+---------------------+------+------+--------+
| 2001 | Santosh | London   |    100 | 1001 | 3003 |  767.19 | 1996-10-03 13:45:00 | 2001 | 1001 | Online |
| 2001 | Santosh | London   |    100 | 1001 | 3017 |   18.69 | 1996-10-03 12:30:00 | 2001 | 1007 | Online |
| 2001 | Santosh | London   |    100 | 1001 | 3049 |     500 | 1996-03-14 07:45:19 | 2001 | 1003 | Online |
| 2001 | Santosh | London   |    100 | 1001 | 4012 |     245 | 1996-03-06 13:07:00 | 2001 | 1002 | Online |
| 2001 | Santosh | London   |    100 | 1001 | 4021 |     600 | 1996-08-12 13:07:00 | 2001 | 1002 | Online |
| 2001 | Santosh | London   |    100 | 1001 | 5011 |     138 | 1996-09-14 13:07:00 | 2001 | 1007 | Online |
| 2001 | Santosh | London   |    100 | 1001 | 6501 |     125 | 1996-06-13 13:07:00 | 2001 | 1001 | Online |
| 2002 | Joe     | Rome     |    200 | 1003 | 3007 |   75.75 | 1996-10-04 16:02:00 | 2002 | 1003 | Online |
| 2002 | Joe     | Rome     |    200 | 1003 | 3009 | 1713.23 | 1996-10-04 15:21:00 | 2002 | 1003 | Online |
| 2002 | Joe     | Rome     |    200 | 1003 | 3012 | 3455.78 | 1996-10-04 15:21:00 | 2002 | 1003 | Online |
| 2002 | Joe     | Rome     |    200 | 1003 | 3013 | 1245.98 | 1996-10-04 16:32:00 | 2002 | 1003 | Online |
| 2002 | Joe     | Rome     |    200 | 1003 | 3018 |  767.19 | 1996-10-03 13:45:00 | 2002 | 1001 | Online |
| 2002 | Joe     | Rome     |    200 | 1003 | 3022 | 1713.23 | 1996-10-04 15:21:00 | 2002 | 1003 | Online |
| 2002 | Joe     | Rome     |    200 | 1003 | 3023 |   75.75 | 1996-10-04 16:02:00 | 2002 | 1004 | Online |
| 2002 | Joe     | Rome     |    200 | 1003 | 3025 | 1309.95 | 1996-10-06 13:12:00 | 2002 | 1002 | Online |
| 2002 | Joe     | Rome     |    200 | 1003 | 3027 | 3455.78 | 1996-10-04 15:21:00 | 2002 | 1003 | Online |
| 2002 | Joe     | Rome     |    200 | 1003 | 3028 | 1245.98 | 1996-10-04 16:32:00 | 2002 | 1003 | Online |
| 2002 | Joe     | Rome     |    200 | 1003 | 3033 |     522 | 1996-12-24 14:23:00 | 2002 | 1002 | Online |
| 2002 | Joe     | Rome     |    200 | 1003 | 5014 |     980 | 1996-08-23 13:07:00 | 2002 | 1007 | Online |
| 2002 | Joe     | Rome     |    200 | 1003 | 5016 |    1000 | 1996-03-12 13:07:00 | 2002 | 1007 | Online |
| 2002 | Joe     | Rome     |    200 | 1003 | 5099 |     790 | 1996-04-24 13:07:00 | 2002 | 1007 | Online |
| 2003 | Raj     | San Jose |    200 | 1002 | 3005 | 5160.45 | 1996-10-03 14:00:00 | 2003 | 1002 | Online |
| 2003 | Raj     | San Jose |    200 | 1002 | 3020 | 5160.45 | 1996-10-03 14:00:00 | 2003 | 1007 | Online |
| 2004 | Grass   | Berlin   |    300 | 1002 | 3010 | 1309.95 | 1996-10-06 13:12:00 | 2004 | 1002 | Online |
| 2004 | Grass   | Berlin   |    300 | 1002 | 3015 |   734.5 | 1996-10-06 13:16:00 | 2004 | 1002 | Online |
| 2004 | Grass   | Berlin   |    300 | 1002 | 3030 |   734.5 | 1996-10-06 13:16:00 | 2004 | 1002 | Online |
| 2004 | Grass   | Berlin   |    300 | 1002 | 4054 |    1200 | 1996-11-22 13:07:00 | 2004 | 1003 | Online |
| 2004 | Grass   | Berlin   |    300 | 1002 | 5015 |    2133 | 1996-06-23 13:07:00 | 2004 | 1007 | Online |
| 2006 | Raja    | London   |    100 | 1001 | 3008 |    4723 | 1996-10-05 12:07:00 | 2006 | 1001 | Online |
| 2006 | Raja    | London   |    100 | 1001 | 3011 | 9891.88 | 1996-10-06 13:09:00 | 2006 | 1001 | Online |
| 2006 | Raja    | London   |    100 | 1001 | 3014 | 3721.53 | 1996-10-05 12:45:00 | 2006 | 1001 | Online |
| 2006 | Raja    | London   |    100 | 1001 | 3016 | 1729.67 | 1996-10-06 13:07:00 | 2006 | 1001 | Online |
| 2006 | Raja    | London   |    100 | 1001 | 3024 |    4723 | 1996-10-05 12:07:00 | 2006 | 1002 | Online |
| 2006 | Raja    | London   |    100 | 1001 | 3026 | 9891.88 | 1996-10-06 13:09:00 | 2006 | 1001 | Online |
| 2006 | Raja    | London   |    100 | 1001 | 3029 | 3721.53 | 1996-10-05 12:45:00 | 2006 | 1001 | Online |
| 2006 | Raja    | London   |    100 | 1001 | 3031 | 1729.67 | 1996-10-06 13:07:00 | 2006 | 1007 | Online |
| 2006 | Raja    | London   |    100 | 1001 | 3032 |    3434 | 1996-01-26 17:09:12 | 2006 | 1007 | Online |
| 2006 | Raja    | London   |    100 | 1001 | 5053 |    1500 | 1996-01-01 13:07:00 | 2006 | 1007 | Online |
| 2006 | Raja    | London   |    100 | 1001 | 6502 |     535 | 1996-08-24 13:07:00 | 2006 | 1004 | Online |
| 2006 | Raja    | London   |    100 | 1001 | 6503 |    1100 | 1996-07-26 13:07:00 | 2006 | 1007 | Online |
| 2007 | Jackson | Rome     |    100 | 1004 | 3002 |  1900.1 | 1996-10-03 12:05:00 | 2007 | 1004 | Online |
| 2007 | Jackson | Rome     |    100 | 1004 | 3019 |  1900.1 | 1996-10-03 12:05:00 | 2007 | 1004 | Online |
| 2007 | Jackson | Rome     |    100 | 1004 | 3119 |     125 | 1996-07-26 18:37:00 | 2007 | 1001 | Online |
| 2008 | William | San Jose |    300 | 1007 | 3001 |   18.69 | 1996-10-03 12:30:00 | 2008 | 1007 | Online |
| 2008 | William | San Jose |    300 | 1007 | 3006 | 1098.16 | 1996-10-03 13:37:00 | 2008 | 1007 | Online |
| 2008 | William | San Jose |    300 | 1007 | 3021 | 1098.16 | 1996-10-03 13:37:00 | 2008 | 1007 | Online |
| 2008 | William | San Jose |    300 | 1007 | 3074 |     457 | 1996-04-19 05:13:00 | 2008 | 1007 | Online |
| 2008 | William | San Jose |    300 | 1007 | 4001 |     145 | 1996-05-13 20:47:00 | 2008 | 1003 | Online |
| 2008 | William | San Jose |    300 | 1007 | 6504 |    1350 | 1996-07-21 13:07:00 | 2008 | 1007 | Online |
+------+---------+----------+--------+------+------+---------+---------------------+------+------+--------+
49 rows in set (0.02 sec)

mysql> select c.*,  ONUM, AMT, type  from customers c, orders o where c.cnum = o.cnum;
+------+---------+----------+--------+------+------+---------+--------+
| CNUM | CNAME   | CITY     | RATING | SNUM | ONUM | AMT     | type   |
+------+---------+----------+--------+------+------+---------+--------+
| 2001 | Santosh | London   |    100 | 1001 | 3003 |  767.19 | Online |
| 2001 | Santosh | London   |    100 | 1001 | 3017 |   18.69 | Online |
| 2001 | Santosh | London   |    100 | 1001 | 3049 |     500 | Online |
| 2001 | Santosh | London   |    100 | 1001 | 4012 |     245 | Online |
| 2001 | Santosh | London   |    100 | 1001 | 4021 |     600 | Online |
| 2001 | Santosh | London   |    100 | 1001 | 5011 |     138 | Online |
| 2001 | Santosh | London   |    100 | 1001 | 6501 |     125 | Online |
| 2002 | Joe     | Rome     |    200 | 1003 | 3007 |   75.75 | Online |
| 2002 | Joe     | Rome     |    200 | 1003 | 3009 | 1713.23 | Online |
| 2002 | Joe     | Rome     |    200 | 1003 | 3012 | 3455.78 | Online |
| 2002 | Joe     | Rome     |    200 | 1003 | 3013 | 1245.98 | Online |
| 2002 | Joe     | Rome     |    200 | 1003 | 3018 |  767.19 | Online |
| 2002 | Joe     | Rome     |    200 | 1003 | 3022 | 1713.23 | Online |
| 2002 | Joe     | Rome     |    200 | 1003 | 3023 |   75.75 | Online |
| 2002 | Joe     | Rome     |    200 | 1003 | 3025 | 1309.95 | Online |
| 2002 | Joe     | Rome     |    200 | 1003 | 3027 | 3455.78 | Online |
| 2002 | Joe     | Rome     |    200 | 1003 | 3028 | 1245.98 | Online |
| 2002 | Joe     | Rome     |    200 | 1003 | 3033 |     522 | Online |
| 2002 | Joe     | Rome     |    200 | 1003 | 5014 |     980 | Online |
| 2002 | Joe     | Rome     |    200 | 1003 | 5016 |    1000 | Online |
| 2002 | Joe     | Rome     |    200 | 1003 | 5099 |     790 | Online |
| 2003 | Raj     | San Jose |    200 | 1002 | 3005 | 5160.45 | Online |
| 2003 | Raj     | San Jose |    200 | 1002 | 3020 | 5160.45 | Online |
| 2004 | Grass   | Berlin   |    300 | 1002 | 3010 | 1309.95 | Online |
| 2004 | Grass   | Berlin   |    300 | 1002 | 3015 |   734.5 | Online |
| 2004 | Grass   | Berlin   |    300 | 1002 | 3030 |   734.5 | Online |
| 2004 | Grass   | Berlin   |    300 | 1002 | 4054 |    1200 | Online |
| 2004 | Grass   | Berlin   |    300 | 1002 | 5015 |    2133 | Online |
| 2006 | Raja    | London   |    100 | 1001 | 3008 |    4723 | Online |
| 2006 | Raja    | London   |    100 | 1001 | 3011 | 9891.88 | Online |
| 2006 | Raja    | London   |    100 | 1001 | 3014 | 3721.53 | Online |
| 2006 | Raja    | London   |    100 | 1001 | 3016 | 1729.67 | Online |
| 2006 | Raja    | London   |    100 | 1001 | 3024 |    4723 | Online |
| 2006 | Raja    | London   |    100 | 1001 | 3026 | 9891.88 | Online |
| 2006 | Raja    | London   |    100 | 1001 | 3029 | 3721.53 | Online |
| 2006 | Raja    | London   |    100 | 1001 | 3031 | 1729.67 | Online |
| 2006 | Raja    | London   |    100 | 1001 | 3032 |    3434 | Online |
| 2006 | Raja    | London   |    100 | 1001 | 5053 |    1500 | Online |
| 2006 | Raja    | London   |    100 | 1001 | 6502 |     535 | Online |
| 2006 | Raja    | London   |    100 | 1001 | 6503 |    1100 | Online |
| 2007 | Jackson | Rome     |    100 | 1004 | 3002 |  1900.1 | Online |
| 2007 | Jackson | Rome     |    100 | 1004 | 3019 |  1900.1 | Online |
| 2007 | Jackson | Rome     |    100 | 1004 | 3119 |     125 | Online |
| 2008 | William | San Jose |    300 | 1007 | 3001 |   18.69 | Online |
| 2008 | William | San Jose |    300 | 1007 | 3006 | 1098.16 | Online |
| 2008 | William | San Jose |    300 | 1007 | 3021 | 1098.16 | Online |
| 2008 | William | San Jose |    300 | 1007 | 3074 |     457 | Online |
| 2008 | William | San Jose |    300 | 1007 | 4001 |     145 | Online |
| 2008 | William | San Jose |    300 | 1007 | 6504 |    1350 | Online |
+------+---------+----------+--------+------+------+---------+--------+
49 rows in set (0.00 sec)

mysql> 2002 | Joe     | Rome     |    200 | 1003 | 3007 |   75.75 | Online |
    -> | 2002 | Joe     | Rome     |    200 | 1003 | 3009 | 1713.23 | Online |
    -> | 2002 | Joe     | Rome     |    200 | 1003 | 3012 | 3455.78 | Online |
    -> | 2002 | Joe     | Rome     |    200 | 1003 | 3013 | 1245.98 | Online |
    -> | 2002 | Joe     | Rome     |    200 | 1003 | 3018 |  767.19 | Online |
    -> | 2002 | Joe     | Rome     |    200 | 1003 | 3022 | 1713.23 | Online |
    -> | 2002 | Joe     | Rome     |    200 | 1003 | 3023 |   75.75 | Online |
    -> | 2002 | Joe     | Rome     |    200 | 1003 | 3025 | 1309.95 | Online |
    -> | 2002 | Joe     | Rome     |    200 | 1003 | 3027 | 3455.78 | Online |
    -> | 2002 | Joe     | Rome     |    200 | 1003 | 3028 | 1245.98 | Online |
    -> | 2002 | Joe     | Rome     |    200 | 1003 | 3033 |     522 | Online |
    -> | 2002 | Joe     | Rome     |    200 | 1003 | 5014 |     980 | Online |
    -> | 2002 | Joe     | Rome     |    200 | 1003 | 5016 |    1000 | Online |
    -> ^C
mysql>
mysql>
mysql> select cname, sum(amt) from customers c, orders o where c.cnum = o.cnum;
+---------+-------------------+
| cname   | sum(amt)          |
+---------+-------------------+
| Santosh | 91970.72021102905 |
+---------+-------------------+
1 row in set (0.00 sec)

mysql> select cname, sum(amt) from customers c, orders o where c.cnum = o.cnum group by cname;
+---------+--------------------+
| cname   | sum(amt)           |
+---------+--------------------+
| William |  4167.010068893433 |
| Jackson |  3925.199951171875 |
| Santosh |  2393.880002975464 |
| Raj     |    10320.900390625 |
| Joe     |  18350.61993408203 |
| Raja    | 46701.159912109375 |
| Grass   |  6111.949951171875 |
+---------+--------------------+
7 rows in set (0.00 sec)

mysql> select cname, round(sum(amt), 2)  from customers c, orders o where c.cnum = o.cnum group by cname;
+---------+--------------------+
| cname   | round(sum(amt), 2) |
+---------+--------------------+
| William |            4167.01 |
| Jackson |             3925.2 |
| Santosh |            2393.88 |
| Raj     |            10320.9 |
| Joe     |           18350.62 |
| Raja    |           46701.16 |
| Grass   |            6111.95 |
+---------+--------------------+
7 rows in set (0.00 sec)

mysql> select cname, round(sum(amt), 2) R1  from customers c, orders o where c.cnum = o.cnum group by cname;
+---------+----------+
| cname   | R1       |
+---------+----------+
| William |  4167.01 |
| Jackson |   3925.2 |
| Santosh |  2393.88 |
| Raj     |  10320.9 |
| Joe     | 18350.62 |
| Raja    | 46701.16 |
| Grass   |  6111.95 |
+---------+----------+
7 rows in set (0.00 sec)

mysql> select row_number() over() R1, cname, round(sum(amt), 2) R2  from customers c, orders o where c.cnum = o.cnum group by cname;
+----+---------+----------+
| R1 | cname   | R2       |
+----+---------+----------+
|  1 | William |  4167.01 |
|  2 | Jackson |   3925.2 |
|  3 | Santosh |  2393.88 |
|  4 | Raj     |  10320.9 |
|  5 | Joe     | 18350.62 |
|  6 | Raja    | 46701.16 |
|  7 | Grass   |  6111.95 |
+----+---------+----------+
7 rows in set (0.00 sec)

mysql> select row_number() over() R1, cname, round(sum(amt), 2) R2  from customers c, orders o where c.cnum = o.cnum group by cname order by r1 desc;
+----+---------+----------+
| R1 | cname   | R2       |
+----+---------+----------+
|  7 | William |  4167.01 |
|  6 | Jackson |   3925.2 |
|  5 | Raja    | 46701.16 |
|  4 | Grass   |  6111.95 |
|  3 | Raj     |  10320.9 |
|  2 | Joe     | 18350.62 |
|  1 | Santosh |  2393.88 |
+----+---------+----------+
7 rows in set (0.00 sec)

mysql> select row_number() over() R1, cname, round(sum(amt), 2) R2  from customers c, orders o where c.cnum = o.cnum group by cname order by r2 desc;
+----+---------+----------+
| R1 | cname   | R2       |
+----+---------+----------+
|  5 | Raja    | 46701.16 |
|  2 | Joe     | 18350.62 |
|  3 | Raj     |  10320.9 |
|  4 | Grass   |  6111.95 |
|  7 | William |  4167.01 |
|  6 | Jackson |   3925.2 |
|  1 | Santosh |  2393.88 |
+----+---------+----------+
7 rows in set (0.00 sec)

mysql> select row_number() over() R1, cname, round(sum(amt), 2) R2  from customers c, orders o where c.cnum = o.cnum group by cname order by r2 desc limit 1;
+----+-------+----------+
| R1 | cname | R2       |
+----+-------+----------+
|  5 | Raja  | 46701.16 |
+----+-------+----------+
1 row in set (0.00 sec)

mysql>


-------------------------------------------

mysql>
mysql>
mysql>
mysql>
mysql> select * from emp into outfile "c:\abc.txt";
ERROR 1086 (HY000): File 'c:abc.txt' already exists
mysql> select * from emp into outfile "c:\abc1.txt";
Query OK, 28 rows affected (0.00 sec)

mysql>
mysql> select * from emp into outfile "c:\abc2.csv" fields terminated by ",";
Query OK, 28 rows affected (0.00 sec)

mysql> select * from emp where job='manager'  into outfile "c:\abc3.csv" fields terminated by ",";
Query OK, 5 rows affected (0.00 sec)

mysql> select * from emp where job='manager'  into dumpfile "c:\abc4.csv" fields terminated by ",";
ERROR 1064 (42000): You have an error in your SQL syntax; check the manual that corresponds to your MySQL server version for the right syntax to use near 'fields terminated by ","' at line 1
mysql>
mysql> select * from emp where job='manager'  into dumpfile "c:\abc4.csv";
ERROR 1172 (42000): Result consisted of more than one row
mysql> select * from emp limit 1  into dumpfile "c:\abc4.csv";
ERROR 1086 (HY000): File 'c:abc4.csv' already exists
mysql> select * from emp limit 1  into dumpfile "c:\abc5.csv";
Query OK, 1 row affected (0.00 sec)

mysql> select * from emp where job='manager'  into outfile "c:\abc3.tsv" fields terminated by "\t";
Query OK, 5 rows affected (0.00 sec)

mysql> select * from emp where job='manager'  into dumpfile "c:\abc6.tsv" fields terminated by "\t";
ERROR 1064 (42000): You have an error in your SQL syntax; check the manual that corresponds to your MySQL server version for the right syntax to use near 'fields terminated by "\t"' at line 1
mysql>
mysql>
mysql>
mysql> select * from emp where job='manager'  into outfile "c:\abc7.tsv" fields terminated by "\t";
Query OK, 5 rows affected (0.00 sec)

mysql> select * from dept;
+--------+------------+----------+------------+------------+
| DEPTNO | DNAME      | LOC      | PWD        | STARTEDON  |
+--------+------------+----------+------------+------------+
|     10 | ACCOUNTING | NEW YORK | r50mpm     | 24/03/1989 |
|     20 | RESEARCH   | DALLAS   | a12recmpm  | 12/04/1989 |
|     30 | SALES      | CHICAGO  | sales@2017 | 13/04/1989 |
|     40 | OPERATIONS | BOSTON   | opr@123    | 12/07/1989 |
|     50 | HR         | PUNE     | PUN@8877   | 22/12/1989 |
+--------+------------+----------+------------+------------+
5 rows in set (0.01 sec)

mysql> select ename, job, sal, deptno from emp;
+----------+---------------------+------+--------+
| ename    | job                 | sal  | deptno |
+----------+---------------------+------+--------+
| GITA     | Compliance officers | 1750 |     30 |
| VRUSHALI | Compliance officers | 1750 |     50 |
| SHARMIN  | Public Relation     | 1750 |     20 |
| BANDISH  | Public Relation     | 1750 |     20 |
| SMITH    | CLERK               |  800 |     20 |
| AARAV    | CLERK               | 3350 |     10 |
| THOMAS   | CLERK               | 1750 |     10 |
| ALLEN    | SALESMAN            | 1600 |     30 |
| WARD     | SALESMAN            | 1250 |     30 |
| JONES    | MANAGER             | 2975 |     20 |
| MARTIN   | SALESMAN            | 1250 |     30 |
| BLAKE    | MANAGER             | 2850 |     30 |
| CLARK    | MANAGER             | 2450 |     10 |
| SCOTT    | ANALYST             | 3000 |     20 |
| KING     | PRESIDENT           | 5000 |     10 |
| FRED     | vice PRESIDENT      | 5000 |     20 |
| TURNER   | SALESMAN            | 1500 |     30 |
| ADAMS    | CLERK               | 1100 |     20 |
| JAMES    | CLERK               |  950 |     30 |
| FORD     | ANALYST             | 3000 |     20 |
| HOFFMAN  | MANAGER             | 4150 |     30 |
| GRASS    | SALESMAN            | 2575 |     30 |
| MILLER   | CLERK               | 1300 |     10 |
| AARUSH   | SALESMAN            | 1350 |     30 |
| ALEX     | MANAGER             | 1250 |     30 |
| NATASHA  | CLERK               | 1750 |     30 |
| SANGITA  | Compliance officers | 1750 |     50 |
| SUPRIYA  | ANALYST             | 1750 |     50 |
+----------+---------------------+------+--------+
28 rows in set (0.00 sec)

mysql> select ename, job, sal, deptno from emp, dept;
ERROR 1052 (23000): Column 'deptno' in field list is ambiguous
mysql>
mysql> select ename, job, sal, emp.deptno, dname, loc from emp, dept;
+----------+---------------------+------+--------+------------+----------+
| ename    | job                 | sal  | deptno | dname      | loc      |
+----------+---------------------+------+--------+------------+----------+
| GITA     | Compliance officers | 1750 |     30 | HR         | PUNE     |
| GITA     | Compliance officers | 1750 |     30 | OPERATIONS | BOSTON   |
| GITA     | Compliance officers | 1750 |     30 | SALES      | CHICAGO  |
| GITA     | Compliance officers | 1750 |     30 | RESEARCH   | DALLAS   |
| GITA     | Compliance officers | 1750 |     30 | ACCOUNTING | NEW YORK |
| VRUSHALI | Compliance officers | 1750 |     50 | HR         | PUNE     |
| VRUSHALI | Compliance officers | 1750 |     50 | OPERATIONS | BOSTON   |
| VRUSHALI | Compliance officers | 1750 |     50 | SALES      | CHICAGO  |
| VRUSHALI | Compliance officers | 1750 |     50 | RESEARCH   | DALLAS   |
| VRUSHALI | Compliance officers | 1750 |     50 | ACCOUNTING | NEW YORK |
| SHARMIN  | Public Relation     | 1750 |     20 | HR         | PUNE     |
| SHARMIN  | Public Relation     | 1750 |     20 | OPERATIONS | BOSTON   |
| SHARMIN  | Public Relation     | 1750 |     20 | SALES      | CHICAGO  |
| SHARMIN  | Public Relation     | 1750 |     20 | RESEARCH   | DALLAS   |
| SHARMIN  | Public Relation     | 1750 |     20 | ACCOUNTING | NEW YORK |
| BANDISH  | Public Relation     | 1750 |     20 | HR         | PUNE     |
| BANDISH  | Public Relation     | 1750 |     20 | OPERATIONS | BOSTON   |
| BANDISH  | Public Relation     | 1750 |     20 | SALES      | CHICAGO  |
| BANDISH  | Public Relation     | 1750 |     20 | RESEARCH   | DALLAS   |
| BANDISH  | Public Relation     | 1750 |     20 | ACCOUNTING | NEW YORK |
| SMITH    | CLERK               |  800 |     20 | HR         | PUNE     |
| SMITH    | CLERK               |  800 |     20 | OPERATIONS | BOSTON   |
| SMITH    | CLERK               |  800 |     20 | SALES      | CHICAGO  |
| SMITH    | CLERK               |  800 |     20 | RESEARCH   | DALLAS   |
| SMITH    | CLERK               |  800 |     20 | ACCOUNTING | NEW YORK |
| AARAV    | CLERK               | 3350 |     10 | HR         | PUNE     |
| AARAV    | CLERK               | 3350 |     10 | OPERATIONS | BOSTON   |
| AARAV    | CLERK               | 3350 |     10 | SALES      | CHICAGO  |
| AARAV    | CLERK               | 3350 |     10 | RESEARCH   | DALLAS   |
| AARAV    | CLERK               | 3350 |     10 | ACCOUNTING | NEW YORK |
| THOMAS   | CLERK               | 1750 |     10 | HR         | PUNE     |
| THOMAS   | CLERK               | 1750 |     10 | OPERATIONS | BOSTON   |
| THOMAS   | CLERK               | 1750 |     10 | SALES      | CHICAGO  |
| THOMAS   | CLERK               | 1750 |     10 | RESEARCH   | DALLAS   |
| THOMAS   | CLERK               | 1750 |     10 | ACCOUNTING | NEW YORK |
| ALLEN    | SALESMAN            | 1600 |     30 | HR         | PUNE     |
| ALLEN    | SALESMAN            | 1600 |     30 | OPERATIONS | BOSTON   |
| ALLEN    | SALESMAN            | 1600 |     30 | SALES      | CHICAGO  |
| ALLEN    | SALESMAN            | 1600 |     30 | RESEARCH   | DALLAS   |
| ALLEN    | SALESMAN            | 1600 |     30 | ACCOUNTING | NEW YORK |
| WARD     | SALESMAN            | 1250 |     30 | HR         | PUNE     |
| WARD     | SALESMAN            | 1250 |     30 | OPERATIONS | BOSTON   |
| WARD     | SALESMAN            | 1250 |     30 | SALES      | CHICAGO  |
| WARD     | SALESMAN            | 1250 |     30 | RESEARCH   | DALLAS   |
| WARD     | SALESMAN            | 1250 |     30 | ACCOUNTING | NEW YORK |
| JONES    | MANAGER             | 2975 |     20 | HR         | PUNE     |
| JONES    | MANAGER             | 2975 |     20 | OPERATIONS | BOSTON   |
| JONES    | MANAGER             | 2975 |     20 | SALES      | CHICAGO  |
| JONES    | MANAGER             | 2975 |     20 | RESEARCH   | DALLAS   |
| JONES    | MANAGER             | 2975 |     20 | ACCOUNTING | NEW YORK |
| MARTIN   | SALESMAN            | 1250 |     30 | HR         | PUNE     |
| MARTIN   | SALESMAN            | 1250 |     30 | OPERATIONS | BOSTON   |
| MARTIN   | SALESMAN            | 1250 |     30 | SALES      | CHICAGO  |
| MARTIN   | SALESMAN            | 1250 |     30 | RESEARCH   | DALLAS   |
| MARTIN   | SALESMAN            | 1250 |     30 | ACCOUNTING | NEW YORK |
| BLAKE    | MANAGER             | 2850 |     30 | HR         | PUNE     |
| BLAKE    | MANAGER             | 2850 |     30 | OPERATIONS | BOSTON   |
| BLAKE    | MANAGER             | 2850 |     30 | SALES      | CHICAGO  |
| BLAKE    | MANAGER             | 2850 |     30 | RESEARCH   | DALLAS   |
| BLAKE    | MANAGER             | 2850 |     30 | ACCOUNTING | NEW YORK |
| CLARK    | MANAGER             | 2450 |     10 | HR         | PUNE     |
| CLARK    | MANAGER             | 2450 |     10 | OPERATIONS | BOSTON   |
| CLARK    | MANAGER             | 2450 |     10 | SALES      | CHICAGO  |
| CLARK    | MANAGER             | 2450 |     10 | RESEARCH   | DALLAS   |
| CLARK    | MANAGER             | 2450 |     10 | ACCOUNTING | NEW YORK |
| SCOTT    | ANALYST             | 3000 |     20 | HR         | PUNE     |
| SCOTT    | ANALYST             | 3000 |     20 | OPERATIONS | BOSTON   |
| SCOTT    | ANALYST             | 3000 |     20 | SALES      | CHICAGO  |
| SCOTT    | ANALYST             | 3000 |     20 | RESEARCH   | DALLAS   |
| SCOTT    | ANALYST             | 3000 |     20 | ACCOUNTING | NEW YORK |
| KING     | PRESIDENT           | 5000 |     10 | HR         | PUNE     |
| KING     | PRESIDENT           | 5000 |     10 | OPERATIONS | BOSTON   |
| KING     | PRESIDENT           | 5000 |     10 | SALES      | CHICAGO  |
| KING     | PRESIDENT           | 5000 |     10 | RESEARCH   | DALLAS   |
| KING     | PRESIDENT           | 5000 |     10 | ACCOUNTING | NEW YORK |
| FRED     | vice PRESIDENT      | 5000 |     20 | HR         | PUNE     |
| FRED     | vice PRESIDENT      | 5000 |     20 | OPERATIONS | BOSTON   |
| FRED     | vice PRESIDENT      | 5000 |     20 | SALES      | CHICAGO  |
| FRED     | vice PRESIDENT      | 5000 |     20 | RESEARCH   | DALLAS   |
| FRED     | vice PRESIDENT      | 5000 |     20 | ACCOUNTING | NEW YORK |
| TURNER   | SALESMAN            | 1500 |     30 | HR         | PUNE     |
| TURNER   | SALESMAN            | 1500 |     30 | OPERATIONS | BOSTON   |
| TURNER   | SALESMAN            | 1500 |     30 | SALES      | CHICAGO  |
| TURNER   | SALESMAN            | 1500 |     30 | RESEARCH   | DALLAS   |
| TURNER   | SALESMAN            | 1500 |     30 | ACCOUNTING | NEW YORK |
| ADAMS    | CLERK               | 1100 |     20 | HR         | PUNE     |
| ADAMS    | CLERK               | 1100 |     20 | OPERATIONS | BOSTON   |
| ADAMS    | CLERK               | 1100 |     20 | SALES      | CHICAGO  |
| ADAMS    | CLERK               | 1100 |     20 | RESEARCH   | DALLAS   |
| ADAMS    | CLERK               | 1100 |     20 | ACCOUNTING | NEW YORK |
| JAMES    | CLERK               |  950 |     30 | HR         | PUNE     |
| JAMES    | CLERK               |  950 |     30 | OPERATIONS | BOSTON   |
| JAMES    | CLERK               |  950 |     30 | SALES      | CHICAGO  |
| JAMES    | CLERK               |  950 |     30 | RESEARCH   | DALLAS   |
| JAMES    | CLERK               |  950 |     30 | ACCOUNTING | NEW YORK |
| FORD     | ANALYST             | 3000 |     20 | HR         | PUNE     |
| FORD     | ANALYST             | 3000 |     20 | OPERATIONS | BOSTON   |
| FORD     | ANALYST             | 3000 |     20 | SALES      | CHICAGO  |
| FORD     | ANALYST             | 3000 |     20 | RESEARCH   | DALLAS   |
| FORD     | ANALYST             | 3000 |     20 | ACCOUNTING | NEW YORK |
| HOFFMAN  | MANAGER             | 4150 |     30 | HR         | PUNE     |
| HOFFMAN  | MANAGER             | 4150 |     30 | OPERATIONS | BOSTON   |
| HOFFMAN  | MANAGER             | 4150 |     30 | SALES      | CHICAGO  |
| HOFFMAN  | MANAGER             | 4150 |     30 | RESEARCH   | DALLAS   |
| HOFFMAN  | MANAGER             | 4150 |     30 | ACCOUNTING | NEW YORK |
| GRASS    | SALESMAN            | 2575 |     30 | HR         | PUNE     |
| GRASS    | SALESMAN            | 2575 |     30 | OPERATIONS | BOSTON   |
| GRASS    | SALESMAN            | 2575 |     30 | SALES      | CHICAGO  |
| GRASS    | SALESMAN            | 2575 |     30 | RESEARCH   | DALLAS   |
| GRASS    | SALESMAN            | 2575 |     30 | ACCOUNTING | NEW YORK |
| MILLER   | CLERK               | 1300 |     10 | HR         | PUNE     |
| MILLER   | CLERK               | 1300 |     10 | OPERATIONS | BOSTON   |
| MILLER   | CLERK               | 1300 |     10 | SALES      | CHICAGO  |
| MILLER   | CLERK               | 1300 |     10 | RESEARCH   | DALLAS   |
| MILLER   | CLERK               | 1300 |     10 | ACCOUNTING | NEW YORK |
| AARUSH   | SALESMAN            | 1350 |     30 | HR         | PUNE     |
| AARUSH   | SALESMAN            | 1350 |     30 | OPERATIONS | BOSTON   |
| AARUSH   | SALESMAN            | 1350 |     30 | SALES      | CHICAGO  |
| AARUSH   | SALESMAN            | 1350 |     30 | RESEARCH   | DALLAS   |
| AARUSH   | SALESMAN            | 1350 |     30 | ACCOUNTING | NEW YORK |
| ALEX     | MANAGER             | 1250 |     30 | HR         | PUNE     |
| ALEX     | MANAGER             | 1250 |     30 | OPERATIONS | BOSTON   |
| ALEX     | MANAGER             | 1250 |     30 | SALES      | CHICAGO  |
| ALEX     | MANAGER             | 1250 |     30 | RESEARCH   | DALLAS   |
| ALEX     | MANAGER             | 1250 |     30 | ACCOUNTING | NEW YORK |
| NATASHA  | CLERK               | 1750 |     30 | HR         | PUNE     |
| NATASHA  | CLERK               | 1750 |     30 | OPERATIONS | BOSTON   |
| NATASHA  | CLERK               | 1750 |     30 | SALES      | CHICAGO  |
| NATASHA  | CLERK               | 1750 |     30 | RESEARCH   | DALLAS   |
| NATASHA  | CLERK               | 1750 |     30 | ACCOUNTING | NEW YORK |
| SANGITA  | Compliance officers | 1750 |     50 | HR         | PUNE     |
| SANGITA  | Compliance officers | 1750 |     50 | OPERATIONS | BOSTON   |
| SANGITA  | Compliance officers | 1750 |     50 | SALES      | CHICAGO  |
| SANGITA  | Compliance officers | 1750 |     50 | RESEARCH   | DALLAS   |
| SANGITA  | Compliance officers | 1750 |     50 | ACCOUNTING | NEW YORK |
| SUPRIYA  | ANALYST             | 1750 |     50 | HR         | PUNE     |
| SUPRIYA  | ANALYST             | 1750 |     50 | OPERATIONS | BOSTON   |
| SUPRIYA  | ANALYST             | 1750 |     50 | SALES      | CHICAGO  |
| SUPRIYA  | ANALYST             | 1750 |     50 | RESEARCH   | DALLAS   |
| SUPRIYA  | ANALYST             | 1750 |     50 | ACCOUNTING | NEW YORK |
+----------+---------------------+------+--------+------------+----------+
140 rows in set (0.00 sec)

mysql> select ename, job, sal, emp.deptno, dept.deptno, dname, loc from emp, dept;
+----------+---------------------+------+--------+--------+------------+----------+
| ename    | job                 | sal  | deptno | deptno | dname      | loc      |
+----------+---------------------+------+--------+--------+------------+----------+
| GITA     | Compliance officers | 1750 |     30 |     50 | HR         | PUNE     |
| GITA     | Compliance officers | 1750 |     30 |     40 | OPERATIONS | BOSTON   |
| GITA     | Compliance officers | 1750 |     30 |     30 | SALES      | CHICAGO  |
| GITA     | Compliance officers | 1750 |     30 |     20 | RESEARCH   | DALLAS   |
| GITA     | Compliance officers | 1750 |     30 |     10 | ACCOUNTING | NEW YORK |
| VRUSHALI | Compliance officers | 1750 |     50 |     50 | HR         | PUNE     |
| VRUSHALI | Compliance officers | 1750 |     50 |     40 | OPERATIONS | BOSTON   |
| VRUSHALI | Compliance officers | 1750 |     50 |     30 | SALES      | CHICAGO  |
| VRUSHALI | Compliance officers | 1750 |     50 |     20 | RESEARCH   | DALLAS   |
| VRUSHALI | Compliance officers | 1750 |     50 |     10 | ACCOUNTING | NEW YORK |
| SHARMIN  | Public Relation     | 1750 |     20 |     50 | HR         | PUNE     |
| SHARMIN  | Public Relation     | 1750 |     20 |     40 | OPERATIONS | BOSTON   |
| SHARMIN  | Public Relation     | 1750 |     20 |     30 | SALES      | CHICAGO  |
| SHARMIN  | Public Relation     | 1750 |     20 |     20 | RESEARCH   | DALLAS   |
| SHARMIN  | Public Relation     | 1750 |     20 |     10 | ACCOUNTING | NEW YORK |
| BANDISH  | Public Relation     | 1750 |     20 |     50 | HR         | PUNE     |
| BANDISH  | Public Relation     | 1750 |     20 |     40 | OPERATIONS | BOSTON   |
| BANDISH  | Public Relation     | 1750 |     20 |     30 | SALES      | CHICAGO  |
| BANDISH  | Public Relation     | 1750 |     20 |     20 | RESEARCH   | DALLAS   |
| BANDISH  | Public Relation     | 1750 |     20 |     10 | ACCOUNTING | NEW YORK |
| SMITH    | CLERK               |  800 |     20 |     50 | HR         | PUNE     |
| SMITH    | CLERK               |  800 |     20 |     40 | OPERATIONS | BOSTON   |
| SMITH    | CLERK               |  800 |     20 |     30 | SALES      | CHICAGO  |
| SMITH    | CLERK               |  800 |     20 |     20 | RESEARCH   | DALLAS   |
| SMITH    | CLERK               |  800 |     20 |     10 | ACCOUNTING | NEW YORK |
| AARAV    | CLERK               | 3350 |     10 |     50 | HR         | PUNE     |
| AARAV    | CLERK               | 3350 |     10 |     40 | OPERATIONS | BOSTON   |
| AARAV    | CLERK               | 3350 |     10 |     30 | SALES      | CHICAGO  |
| AARAV    | CLERK               | 3350 |     10 |     20 | RESEARCH   | DALLAS   |
| AARAV    | CLERK               | 3350 |     10 |     10 | ACCOUNTING | NEW YORK |
| THOMAS   | CLERK               | 1750 |     10 |     50 | HR         | PUNE     |
| THOMAS   | CLERK               | 1750 |     10 |     40 | OPERATIONS | BOSTON   |
| THOMAS   | CLERK               | 1750 |     10 |     30 | SALES      | CHICAGO  |
| THOMAS   | CLERK               | 1750 |     10 |     20 | RESEARCH   | DALLAS   |
| THOMAS   | CLERK               | 1750 |     10 |     10 | ACCOUNTING | NEW YORK |
| ALLEN    | SALESMAN            | 1600 |     30 |     50 | HR         | PUNE     |
| ALLEN    | SALESMAN            | 1600 |     30 |     40 | OPERATIONS | BOSTON   |
| ALLEN    | SALESMAN            | 1600 |     30 |     30 | SALES      | CHICAGO  |
| ALLEN    | SALESMAN            | 1600 |     30 |     20 | RESEARCH   | DALLAS   |
| ALLEN    | SALESMAN            | 1600 |     30 |     10 | ACCOUNTING | NEW YORK |
| WARD     | SALESMAN            | 1250 |     30 |     50 | HR         | PUNE     |
| WARD     | SALESMAN            | 1250 |     30 |     40 | OPERATIONS | BOSTON   |
| WARD     | SALESMAN            | 1250 |     30 |     30 | SALES      | CHICAGO  |
| WARD     | SALESMAN            | 1250 |     30 |     20 | RESEARCH   | DALLAS   |
| WARD     | SALESMAN            | 1250 |     30 |     10 | ACCOUNTING | NEW YORK |
| JONES    | MANAGER             | 2975 |     20 |     50 | HR         | PUNE     |
| JONES    | MANAGER             | 2975 |     20 |     40 | OPERATIONS | BOSTON   |
| JONES    | MANAGER             | 2975 |     20 |     30 | SALES      | CHICAGO  |
| JONES    | MANAGER             | 2975 |     20 |     20 | RESEARCH   | DALLAS   |
| JONES    | MANAGER             | 2975 |     20 |     10 | ACCOUNTING | NEW YORK |
| MARTIN   | SALESMAN            | 1250 |     30 |     50 | HR         | PUNE     |
| MARTIN   | SALESMAN            | 1250 |     30 |     40 | OPERATIONS | BOSTON   |
| MARTIN   | SALESMAN            | 1250 |     30 |     30 | SALES      | CHICAGO  |
| MARTIN   | SALESMAN            | 1250 |     30 |     20 | RESEARCH   | DALLAS   |
| MARTIN   | SALESMAN            | 1250 |     30 |     10 | ACCOUNTING | NEW YORK |
| BLAKE    | MANAGER             | 2850 |     30 |     50 | HR         | PUNE     |
| BLAKE    | MANAGER             | 2850 |     30 |     40 | OPERATIONS | BOSTON   |
| BLAKE    | MANAGER             | 2850 |     30 |     30 | SALES      | CHICAGO  |
| BLAKE    | MANAGER             | 2850 |     30 |     20 | RESEARCH   | DALLAS   |
| BLAKE    | MANAGER             | 2850 |     30 |     10 | ACCOUNTING | NEW YORK |
| CLARK    | MANAGER             | 2450 |     10 |     50 | HR         | PUNE     |
| CLARK    | MANAGER             | 2450 |     10 |     40 | OPERATIONS | BOSTON   |
| CLARK    | MANAGER             | 2450 |     10 |     30 | SALES      | CHICAGO  |
| CLARK    | MANAGER             | 2450 |     10 |     20 | RESEARCH   | DALLAS   |
| CLARK    | MANAGER             | 2450 |     10 |     10 | ACCOUNTING | NEW YORK |
| SCOTT    | ANALYST             | 3000 |     20 |     50 | HR         | PUNE     |
| SCOTT    | ANALYST             | 3000 |     20 |     40 | OPERATIONS | BOSTON   |
| SCOTT    | ANALYST             | 3000 |     20 |     30 | SALES      | CHICAGO  |
| SCOTT    | ANALYST             | 3000 |     20 |     20 | RESEARCH   | DALLAS   |
| SCOTT    | ANALYST             | 3000 |     20 |     10 | ACCOUNTING | NEW YORK |
| KING     | PRESIDENT           | 5000 |     10 |     50 | HR         | PUNE     |
| KING     | PRESIDENT           | 5000 |     10 |     40 | OPERATIONS | BOSTON   |
| KING     | PRESIDENT           | 5000 |     10 |     30 | SALES      | CHICAGO  |
| KING     | PRESIDENT           | 5000 |     10 |     20 | RESEARCH   | DALLAS   |
| KING     | PRESIDENT           | 5000 |     10 |     10 | ACCOUNTING | NEW YORK |
| FRED     | vice PRESIDENT      | 5000 |     20 |     50 | HR         | PUNE     |
| FRED     | vice PRESIDENT      | 5000 |     20 |     40 | OPERATIONS | BOSTON   |
| FRED     | vice PRESIDENT      | 5000 |     20 |     30 | SALES      | CHICAGO  |
| FRED     | vice PRESIDENT      | 5000 |     20 |     20 | RESEARCH   | DALLAS   |
| FRED     | vice PRESIDENT      | 5000 |     20 |     10 | ACCOUNTING | NEW YORK |
| TURNER   | SALESMAN            | 1500 |     30 |     50 | HR         | PUNE     |
| TURNER   | SALESMAN            | 1500 |     30 |     40 | OPERATIONS | BOSTON   |
| TURNER   | SALESMAN            | 1500 |     30 |     30 | SALES      | CHICAGO  |
| TURNER   | SALESMAN            | 1500 |     30 |     20 | RESEARCH   | DALLAS   |
| TURNER   | SALESMAN            | 1500 |     30 |     10 | ACCOUNTING | NEW YORK |
| ADAMS    | CLERK               | 1100 |     20 |     50 | HR         | PUNE     |
| ADAMS    | CLERK               | 1100 |     20 |     40 | OPERATIONS | BOSTON   |
| ADAMS    | CLERK               | 1100 |     20 |     30 | SALES      | CHICAGO  |
| ADAMS    | CLERK               | 1100 |     20 |     20 | RESEARCH   | DALLAS   |
| ADAMS    | CLERK               | 1100 |     20 |     10 | ACCOUNTING | NEW YORK |
| JAMES    | CLERK               |  950 |     30 |     50 | HR         | PUNE     |
| JAMES    | CLERK               |  950 |     30 |     40 | OPERATIONS | BOSTON   |
| JAMES    | CLERK               |  950 |     30 |     30 | SALES      | CHICAGO  |
| JAMES    | CLERK               |  950 |     30 |     20 | RESEARCH   | DALLAS   |
| JAMES    | CLERK               |  950 |     30 |     10 | ACCOUNTING | NEW YORK |
| FORD     | ANALYST             | 3000 |     20 |     50 | HR         | PUNE     |
| FORD     | ANALYST             | 3000 |     20 |     40 | OPERATIONS | BOSTON   |
| FORD     | ANALYST             | 3000 |     20 |     30 | SALES      | CHICAGO  |
| FORD     | ANALYST             | 3000 |     20 |     20 | RESEARCH   | DALLAS   |
| FORD     | ANALYST             | 3000 |     20 |     10 | ACCOUNTING | NEW YORK |
| HOFFMAN  | MANAGER             | 4150 |     30 |     50 | HR         | PUNE     |
| HOFFMAN  | MANAGER             | 4150 |     30 |     40 | OPERATIONS | BOSTON   |
| HOFFMAN  | MANAGER             | 4150 |     30 |     30 | SALES      | CHICAGO  |
| HOFFMAN  | MANAGER             | 4150 |     30 |     20 | RESEARCH   | DALLAS   |
| HOFFMAN  | MANAGER             | 4150 |     30 |     10 | ACCOUNTING | NEW YORK |
| GRASS    | SALESMAN            | 2575 |     30 |     50 | HR         | PUNE     |
| GRASS    | SALESMAN            | 2575 |     30 |     40 | OPERATIONS | BOSTON   |
| GRASS    | SALESMAN            | 2575 |     30 |     30 | SALES      | CHICAGO  |
| GRASS    | SALESMAN            | 2575 |     30 |     20 | RESEARCH   | DALLAS   |
| GRASS    | SALESMAN            | 2575 |     30 |     10 | ACCOUNTING | NEW YORK |
| MILLER   | CLERK               | 1300 |     10 |     50 | HR         | PUNE     |
| MILLER   | CLERK               | 1300 |     10 |     40 | OPERATIONS | BOSTON   |
| MILLER   | CLERK               | 1300 |     10 |     30 | SALES      | CHICAGO  |
| MILLER   | CLERK               | 1300 |     10 |     20 | RESEARCH   | DALLAS   |
| MILLER   | CLERK               | 1300 |     10 |     10 | ACCOUNTING | NEW YORK |
| AARUSH   | SALESMAN            | 1350 |     30 |     50 | HR         | PUNE     |
| AARUSH   | SALESMAN            | 1350 |     30 |     40 | OPERATIONS | BOSTON   |
| AARUSH   | SALESMAN            | 1350 |     30 |     30 | SALES      | CHICAGO  |
| AARUSH   | SALESMAN            | 1350 |     30 |     20 | RESEARCH   | DALLAS   |
| AARUSH   | SALESMAN            | 1350 |     30 |     10 | ACCOUNTING | NEW YORK |
| ALEX     | MANAGER             | 1250 |     30 |     50 | HR         | PUNE     |
| ALEX     | MANAGER             | 1250 |     30 |     40 | OPERATIONS | BOSTON   |
| ALEX     | MANAGER             | 1250 |     30 |     30 | SALES      | CHICAGO  |
| ALEX     | MANAGER             | 1250 |     30 |     20 | RESEARCH   | DALLAS   |
| ALEX     | MANAGER             | 1250 |     30 |     10 | ACCOUNTING | NEW YORK |
| NATASHA  | CLERK               | 1750 |     30 |     50 | HR         | PUNE     |
| NATASHA  | CLERK               | 1750 |     30 |     40 | OPERATIONS | BOSTON   |
| NATASHA  | CLERK               | 1750 |     30 |     30 | SALES      | CHICAGO  |
| NATASHA  | CLERK               | 1750 |     30 |     20 | RESEARCH   | DALLAS   |
| NATASHA  | CLERK               | 1750 |     30 |     10 | ACCOUNTING | NEW YORK |
| SANGITA  | Compliance officers | 1750 |     50 |     50 | HR         | PUNE     |
| SANGITA  | Compliance officers | 1750 |     50 |     40 | OPERATIONS | BOSTON   |
| SANGITA  | Compliance officers | 1750 |     50 |     30 | SALES      | CHICAGO  |
| SANGITA  | Compliance officers | 1750 |     50 |     20 | RESEARCH   | DALLAS   |
| SANGITA  | Compliance officers | 1750 |     50 |     10 | ACCOUNTING | NEW YORK |
| SUPRIYA  | ANALYST             | 1750 |     50 |     50 | HR         | PUNE     |
| SUPRIYA  | ANALYST             | 1750 |     50 |     40 | OPERATIONS | BOSTON   |
| SUPRIYA  | ANALYST             | 1750 |     50 |     30 | SALES      | CHICAGO  |
| SUPRIYA  | ANALYST             | 1750 |     50 |     20 | RESEARCH   | DALLAS   |
| SUPRIYA  | ANALYST             | 1750 |     50 |     10 | ACCOUNTING | NEW YORK |
+----------+---------------------+------+--------+--------+------------+----------+
140 rows in set (0.00 sec)

mysql> select * from softdrink;
+------+----------------------+------+
| ID   | NAME                 | RATE |
+------+----------------------+------+
|    1 | Coca-Cola            |   45 |
|    2 | Mello Yello          |   75 |
|    3 | Diet Coke            |   60 |
|    4 | Frozen Fanta Cherry  |   65 |
|    5 | Iced Tea             |   35 |
+------+----------------------+------+
5 rows in set (0.04 sec)

mysql> select * from menucard;
+------+------------------------------+------+
| ID   | NAME                         | RATE |
+------+------------------------------+------+
|   14 | Onion Hamburger              |  115 |
|    6 | Extra Long Cheeseburger      |  100 |
|    2 | Double Stacker               |  125 |
|    8 | Double Cheeseburger          |  100 |
|   13 | Cheese Hamburger             |  125 |
|    4 | Hamburger                    |   85 |
|   11 | Classic Grilled Dog          |   95 |
|    1 | Chili Cheese Grilled Dog     |  115 |
|    7 | Flame Grilled Chicken Burger |  135 |
|    3 | Original Chicken Sandwich    |   55 |
|    9 | McALLO TIKKI                 |   45 |
|   12 | Veg Maharaja Mac             |   75 |
|    5 | Big Spicy Chicken Wrap       |  100 |
|   15 | Cheese Onion Hamburger       |  145 |
|   10 | McVeggie Schezwan            |   85 |
+------+------------------------------+------+
15 rows in set (0.04 sec)

mysql> select * from menucard, softdrink;
+------+------------------------------+------+------+----------------------+------+
| ID   | NAME                         | RATE | ID   | NAME                 | RATE |
+------+------------------------------+------+------+----------------------+------+
|   14 | Onion Hamburger              |  115 |    5 | Iced Tea             |   35 |
|   14 | Onion Hamburger              |  115 |    4 | Frozen Fanta Cherry  |   65 |
|   14 | Onion Hamburger              |  115 |    3 | Diet Coke            |   60 |
|   14 | Onion Hamburger              |  115 |    2 | Mello Yello          |   75 |
|   14 | Onion Hamburger              |  115 |    1 | Coca-Cola            |   45 |
|    6 | Extra Long Cheeseburger      |  100 |    5 | Iced Tea             |   35 |
|    6 | Extra Long Cheeseburger      |  100 |    4 | Frozen Fanta Cherry  |   65 |
|    6 | Extra Long Cheeseburger      |  100 |    3 | Diet Coke            |   60 |
|    6 | Extra Long Cheeseburger      |  100 |    2 | Mello Yello          |   75 |
|    6 | Extra Long Cheeseburger      |  100 |    1 | Coca-Cola            |   45 |
|    2 | Double Stacker               |  125 |    5 | Iced Tea             |   35 |
|    2 | Double Stacker               |  125 |    4 | Frozen Fanta Cherry  |   65 |
|    2 | Double Stacker               |  125 |    3 | Diet Coke            |   60 |
|    2 | Double Stacker               |  125 |    2 | Mello Yello          |   75 |
|    2 | Double Stacker               |  125 |    1 | Coca-Cola            |   45 |
|    8 | Double Cheeseburger          |  100 |    5 | Iced Tea             |   35 |
|    8 | Double Cheeseburger          |  100 |    4 | Frozen Fanta Cherry  |   65 |
|    8 | Double Cheeseburger          |  100 |    3 | Diet Coke            |   60 |
|    8 | Double Cheeseburger          |  100 |    2 | Mello Yello          |   75 |
|    8 | Double Cheeseburger          |  100 |    1 | Coca-Cola            |   45 |
|   13 | Cheese Hamburger             |  125 |    5 | Iced Tea             |   35 |
|   13 | Cheese Hamburger             |  125 |    4 | Frozen Fanta Cherry  |   65 |
|   13 | Cheese Hamburger             |  125 |    3 | Diet Coke            |   60 |
|   13 | Cheese Hamburger             |  125 |    2 | Mello Yello          |   75 |
|   13 | Cheese Hamburger             |  125 |    1 | Coca-Cola            |   45 |
|    4 | Hamburger                    |   85 |    5 | Iced Tea             |   35 |
|    4 | Hamburger                    |   85 |    4 | Frozen Fanta Cherry  |   65 |
|    4 | Hamburger                    |   85 |    3 | Diet Coke            |   60 |
|    4 | Hamburger                    |   85 |    2 | Mello Yello          |   75 |
|    4 | Hamburger                    |   85 |    1 | Coca-Cola            |   45 |
|   11 | Classic Grilled Dog          |   95 |    5 | Iced Tea             |   35 |
|   11 | Classic Grilled Dog          |   95 |    4 | Frozen Fanta Cherry  |   65 |
|   11 | Classic Grilled Dog          |   95 |    3 | Diet Coke            |   60 |
|   11 | Classic Grilled Dog          |   95 |    2 | Mello Yello          |   75 |
|   11 | Classic Grilled Dog          |   95 |    1 | Coca-Cola            |   45 |
|    1 | Chili Cheese Grilled Dog     |  115 |    5 | Iced Tea             |   35 |
|    1 | Chili Cheese Grilled Dog     |  115 |    4 | Frozen Fanta Cherry  |   65 |
|    1 | Chili Cheese Grilled Dog     |  115 |    3 | Diet Coke            |   60 |
|    1 | Chili Cheese Grilled Dog     |  115 |    2 | Mello Yello          |   75 |
|    1 | Chili Cheese Grilled Dog     |  115 |    1 | Coca-Cola            |   45 |
|    7 | Flame Grilled Chicken Burger |  135 |    5 | Iced Tea             |   35 |
|    7 | Flame Grilled Chicken Burger |  135 |    4 | Frozen Fanta Cherry  |   65 |
|    7 | Flame Grilled Chicken Burger |  135 |    3 | Diet Coke            |   60 |
|    7 | Flame Grilled Chicken Burger |  135 |    2 | Mello Yello          |   75 |
|    7 | Flame Grilled Chicken Burger |  135 |    1 | Coca-Cola            |   45 |
|    3 | Original Chicken Sandwich    |   55 |    5 | Iced Tea             |   35 |
|    3 | Original Chicken Sandwich    |   55 |    4 | Frozen Fanta Cherry  |   65 |
|    3 | Original Chicken Sandwich    |   55 |    3 | Diet Coke            |   60 |
|    3 | Original Chicken Sandwich    |   55 |    2 | Mello Yello          |   75 |
|    3 | Original Chicken Sandwich    |   55 |    1 | Coca-Cola            |   45 |
|    9 | McALLO TIKKI                 |   45 |    5 | Iced Tea             |   35 |
|    9 | McALLO TIKKI                 |   45 |    4 | Frozen Fanta Cherry  |   65 |
|    9 | McALLO TIKKI                 |   45 |    3 | Diet Coke            |   60 |
|    9 | McALLO TIKKI                 |   45 |    2 | Mello Yello          |   75 |
|    9 | McALLO TIKKI                 |   45 |    1 | Coca-Cola            |   45 |
|   12 | Veg Maharaja Mac             |   75 |    5 | Iced Tea             |   35 |
|   12 | Veg Maharaja Mac             |   75 |    4 | Frozen Fanta Cherry  |   65 |
|   12 | Veg Maharaja Mac             |   75 |    3 | Diet Coke            |   60 |
|   12 | Veg Maharaja Mac             |   75 |    2 | Mello Yello          |   75 |
|   12 | Veg Maharaja Mac             |   75 |    1 | Coca-Cola            |   45 |
|    5 | Big Spicy Chicken Wrap       |  100 |    5 | Iced Tea             |   35 |
|    5 | Big Spicy Chicken Wrap       |  100 |    4 | Frozen Fanta Cherry  |   65 |
|    5 | Big Spicy Chicken Wrap       |  100 |    3 | Diet Coke            |   60 |
|    5 | Big Spicy Chicken Wrap       |  100 |    2 | Mello Yello          |   75 |
|    5 | Big Spicy Chicken Wrap       |  100 |    1 | Coca-Cola            |   45 |
|   15 | Cheese Onion Hamburger       |  145 |    5 | Iced Tea             |   35 |
|   15 | Cheese Onion Hamburger       |  145 |    4 | Frozen Fanta Cherry  |   65 |
|   15 | Cheese Onion Hamburger       |  145 |    3 | Diet Coke            |   60 |
|   15 | Cheese Onion Hamburger       |  145 |    2 | Mello Yello          |   75 |
|   15 | Cheese Onion Hamburger       |  145 |    1 | Coca-Cola            |   45 |
|   10 | McVeggie Schezwan            |   85 |    5 | Iced Tea             |   35 |
|   10 | McVeggie Schezwan            |   85 |    4 | Frozen Fanta Cherry  |   65 |
|   10 | McVeggie Schezwan            |   85 |    3 | Diet Coke            |   60 |
|   10 | McVeggie Schezwan            |   85 |    2 | Mello Yello          |   75 |
|   10 | McVeggie Schezwan            |   85 |    1 | Coca-Cola            |   45 |
+------+------------------------------+------+------+----------------------+------+
75 rows in set (0.00 sec)

mysql> select *, m.rate + s.rate totalCost from menucard m, softdrink s;
+------+------------------------------+------+------+----------------------+------+-----------+
| ID   | NAME                         | RATE | ID   | NAME                 | RATE | totalCost |
+------+------------------------------+------+------+----------------------+------+-----------+
|   14 | Onion Hamburger              |  115 |    5 | Iced Tea             |   35 |       150 |
|   14 | Onion Hamburger              |  115 |    4 | Frozen Fanta Cherry  |   65 |       180 |
|   14 | Onion Hamburger              |  115 |    3 | Diet Coke            |   60 |       175 |
|   14 | Onion Hamburger              |  115 |    2 | Mello Yello          |   75 |       190 |
|   14 | Onion Hamburger              |  115 |    1 | Coca-Cola            |   45 |       160 |
|    6 | Extra Long Cheeseburger      |  100 |    5 | Iced Tea             |   35 |       135 |
|    6 | Extra Long Cheeseburger      |  100 |    4 | Frozen Fanta Cherry  |   65 |       165 |
|    6 | Extra Long Cheeseburger      |  100 |    3 | Diet Coke            |   60 |       160 |
|    6 | Extra Long Cheeseburger      |  100 |    2 | Mello Yello          |   75 |       175 |
|    6 | Extra Long Cheeseburger      |  100 |    1 | Coca-Cola            |   45 |       145 |
|    2 | Double Stacker               |  125 |    5 | Iced Tea             |   35 |       160 |
|    2 | Double Stacker               |  125 |    4 | Frozen Fanta Cherry  |   65 |       190 |
|    2 | Double Stacker               |  125 |    3 | Diet Coke            |   60 |       185 |
|    2 | Double Stacker               |  125 |    2 | Mello Yello          |   75 |       200 |
|    2 | Double Stacker               |  125 |    1 | Coca-Cola            |   45 |       170 |
|    8 | Double Cheeseburger          |  100 |    5 | Iced Tea             |   35 |       135 |
|    8 | Double Cheeseburger          |  100 |    4 | Frozen Fanta Cherry  |   65 |       165 |
|    8 | Double Cheeseburger          |  100 |    3 | Diet Coke            |   60 |       160 |
|    8 | Double Cheeseburger          |  100 |    2 | Mello Yello          |   75 |       175 |
|    8 | Double Cheeseburger          |  100 |    1 | Coca-Cola            |   45 |       145 |
|   13 | Cheese Hamburger             |  125 |    5 | Iced Tea             |   35 |       160 |
|   13 | Cheese Hamburger             |  125 |    4 | Frozen Fanta Cherry  |   65 |       190 |
|   13 | Cheese Hamburger             |  125 |    3 | Diet Coke            |   60 |       185 |
|   13 | Cheese Hamburger             |  125 |    2 | Mello Yello          |   75 |       200 |
|   13 | Cheese Hamburger             |  125 |    1 | Coca-Cola            |   45 |       170 |
|    4 | Hamburger                    |   85 |    5 | Iced Tea             |   35 |       120 |
|    4 | Hamburger                    |   85 |    4 | Frozen Fanta Cherry  |   65 |       150 |
|    4 | Hamburger                    |   85 |    3 | Diet Coke            |   60 |       145 |
|    4 | Hamburger                    |   85 |    2 | Mello Yello          |   75 |       160 |
|    4 | Hamburger                    |   85 |    1 | Coca-Cola            |   45 |       130 |
|   11 | Classic Grilled Dog          |   95 |    5 | Iced Tea             |   35 |       130 |
|   11 | Classic Grilled Dog          |   95 |    4 | Frozen Fanta Cherry  |   65 |       160 |
|   11 | Classic Grilled Dog          |   95 |    3 | Diet Coke            |   60 |       155 |
|   11 | Classic Grilled Dog          |   95 |    2 | Mello Yello          |   75 |       170 |
|   11 | Classic Grilled Dog          |   95 |    1 | Coca-Cola            |   45 |       140 |
|    1 | Chili Cheese Grilled Dog     |  115 |    5 | Iced Tea             |   35 |       150 |
|    1 | Chili Cheese Grilled Dog     |  115 |    4 | Frozen Fanta Cherry  |   65 |       180 |
|    1 | Chili Cheese Grilled Dog     |  115 |    3 | Diet Coke            |   60 |       175 |
|    1 | Chili Cheese Grilled Dog     |  115 |    2 | Mello Yello          |   75 |       190 |
|    1 | Chili Cheese Grilled Dog     |  115 |    1 | Coca-Cola            |   45 |       160 |
|    7 | Flame Grilled Chicken Burger |  135 |    5 | Iced Tea             |   35 |       170 |
|    7 | Flame Grilled Chicken Burger |  135 |    4 | Frozen Fanta Cherry  |   65 |       200 |
|    7 | Flame Grilled Chicken Burger |  135 |    3 | Diet Coke            |   60 |       195 |
|    7 | Flame Grilled Chicken Burger |  135 |    2 | Mello Yello          |   75 |       210 |
|    7 | Flame Grilled Chicken Burger |  135 |    1 | Coca-Cola            |   45 |       180 |
|    3 | Original Chicken Sandwich    |   55 |    5 | Iced Tea             |   35 |        90 |
|    3 | Original Chicken Sandwich    |   55 |    4 | Frozen Fanta Cherry  |   65 |       120 |
|    3 | Original Chicken Sandwich    |   55 |    3 | Diet Coke            |   60 |       115 |
|    3 | Original Chicken Sandwich    |   55 |    2 | Mello Yello          |   75 |       130 |
|    3 | Original Chicken Sandwich    |   55 |    1 | Coca-Cola            |   45 |       100 |
|    9 | McALLO TIKKI                 |   45 |    5 | Iced Tea             |   35 |        80 |
|    9 | McALLO TIKKI                 |   45 |    4 | Frozen Fanta Cherry  |   65 |       110 |
|    9 | McALLO TIKKI                 |   45 |    3 | Diet Coke            |   60 |       105 |
|    9 | McALLO TIKKI                 |   45 |    2 | Mello Yello          |   75 |       120 |
|    9 | McALLO TIKKI                 |   45 |    1 | Coca-Cola            |   45 |        90 |
|   12 | Veg Maharaja Mac             |   75 |    5 | Iced Tea             |   35 |       110 |
|   12 | Veg Maharaja Mac             |   75 |    4 | Frozen Fanta Cherry  |   65 |       140 |
|   12 | Veg Maharaja Mac             |   75 |    3 | Diet Coke            |   60 |       135 |
|   12 | Veg Maharaja Mac             |   75 |    2 | Mello Yello          |   75 |       150 |
|   12 | Veg Maharaja Mac             |   75 |    1 | Coca-Cola            |   45 |       120 |
|    5 | Big Spicy Chicken Wrap       |  100 |    5 | Iced Tea             |   35 |       135 |
|    5 | Big Spicy Chicken Wrap       |  100 |    4 | Frozen Fanta Cherry  |   65 |       165 |
|    5 | Big Spicy Chicken Wrap       |  100 |    3 | Diet Coke            |   60 |       160 |
|    5 | Big Spicy Chicken Wrap       |  100 |    2 | Mello Yello          |   75 |       175 |
|    5 | Big Spicy Chicken Wrap       |  100 |    1 | Coca-Cola            |   45 |       145 |
|   15 | Cheese Onion Hamburger       |  145 |    5 | Iced Tea             |   35 |       180 |
|   15 | Cheese Onion Hamburger       |  145 |    4 | Frozen Fanta Cherry  |   65 |       210 |
|   15 | Cheese Onion Hamburger       |  145 |    3 | Diet Coke            |   60 |       205 |
|   15 | Cheese Onion Hamburger       |  145 |    2 | Mello Yello          |   75 |       220 |
|   15 | Cheese Onion Hamburger       |  145 |    1 | Coca-Cola            |   45 |       190 |
|   10 | McVeggie Schezwan            |   85 |    5 | Iced Tea             |   35 |       120 |
|   10 | McVeggie Schezwan            |   85 |    4 | Frozen Fanta Cherry  |   65 |       150 |
|   10 | McVeggie Schezwan            |   85 |    3 | Diet Coke            |   60 |       145 |
|   10 | McVeggie Schezwan            |   85 |    2 | Mello Yello          |   75 |       160 |
|   10 | McVeggie Schezwan            |   85 |    1 | Coca-Cola            |   45 |       130 |
+------+------------------------------+------+------+----------------------+------+-----------+
75 rows in set (0.00 sec)

mysql> select m.name,m.rate, s.name,s.rate,  m.rate + s.rate totalCost from menucard m, softdrink s;
+------------------------------+------+----------------------+------+-----------+
| name                         | rate | name                 | rate | totalCost |
+------------------------------+------+----------------------+------+-----------+
| Onion Hamburger              |  115 | Iced Tea             |   35 |       150 |
| Onion Hamburger              |  115 | Frozen Fanta Cherry  |   65 |       180 |
| Onion Hamburger              |  115 | Diet Coke            |   60 |       175 |
| Onion Hamburger              |  115 | Mello Yello          |   75 |       190 |
| Onion Hamburger              |  115 | Coca-Cola            |   45 |       160 |
| Extra Long Cheeseburger      |  100 | Iced Tea             |   35 |       135 |
| Extra Long Cheeseburger      |  100 | Frozen Fanta Cherry  |   65 |       165 |
| Extra Long Cheeseburger      |  100 | Diet Coke            |   60 |       160 |
| Extra Long Cheeseburger      |  100 | Mello Yello          |   75 |       175 |
| Extra Long Cheeseburger      |  100 | Coca-Cola            |   45 |       145 |
| Double Stacker               |  125 | Iced Tea             |   35 |       160 |
| Double Stacker               |  125 | Frozen Fanta Cherry  |   65 |       190 |
| Double Stacker               |  125 | Diet Coke            |   60 |       185 |
| Double Stacker               |  125 | Mello Yello          |   75 |       200 |
| Double Stacker               |  125 | Coca-Cola            |   45 |       170 |
| Double Cheeseburger          |  100 | Iced Tea             |   35 |       135 |
| Double Cheeseburger          |  100 | Frozen Fanta Cherry  |   65 |       165 |
| Double Cheeseburger          |  100 | Diet Coke            |   60 |       160 |
| Double Cheeseburger          |  100 | Mello Yello          |   75 |       175 |
| Double Cheeseburger          |  100 | Coca-Cola            |   45 |       145 |
| Cheese Hamburger             |  125 | Iced Tea             |   35 |       160 |
| Cheese Hamburger             |  125 | Frozen Fanta Cherry  |   65 |       190 |
| Cheese Hamburger             |  125 | Diet Coke            |   60 |       185 |
| Cheese Hamburger             |  125 | Mello Yello          |   75 |       200 |
| Cheese Hamburger             |  125 | Coca-Cola            |   45 |       170 |
| Hamburger                    |   85 | Iced Tea             |   35 |       120 |
| Hamburger                    |   85 | Frozen Fanta Cherry  |   65 |       150 |
| Hamburger                    |   85 | Diet Coke            |   60 |       145 |
| Hamburger                    |   85 | Mello Yello          |   75 |       160 |
| Hamburger                    |   85 | Coca-Cola            |   45 |       130 |
| Classic Grilled Dog          |   95 | Iced Tea             |   35 |       130 |
| Classic Grilled Dog          |   95 | Frozen Fanta Cherry  |   65 |       160 |
| Classic Grilled Dog          |   95 | Diet Coke            |   60 |       155 |
| Classic Grilled Dog          |   95 | Mello Yello          |   75 |       170 |
| Classic Grilled Dog          |   95 | Coca-Cola            |   45 |       140 |
| Chili Cheese Grilled Dog     |  115 | Iced Tea             |   35 |       150 |
| Chili Cheese Grilled Dog     |  115 | Frozen Fanta Cherry  |   65 |       180 |
| Chili Cheese Grilled Dog     |  115 | Diet Coke            |   60 |       175 |
| Chili Cheese Grilled Dog     |  115 | Mello Yello          |   75 |       190 |
| Chili Cheese Grilled Dog     |  115 | Coca-Cola            |   45 |       160 |
| Flame Grilled Chicken Burger |  135 | Iced Tea             |   35 |       170 |
| Flame Grilled Chicken Burger |  135 | Frozen Fanta Cherry  |   65 |       200 |
| Flame Grilled Chicken Burger |  135 | Diet Coke            |   60 |       195 |
| Flame Grilled Chicken Burger |  135 | Mello Yello          |   75 |       210 |
| Flame Grilled Chicken Burger |  135 | Coca-Cola            |   45 |       180 |
| Original Chicken Sandwich    |   55 | Iced Tea             |   35 |        90 |
| Original Chicken Sandwich    |   55 | Frozen Fanta Cherry  |   65 |       120 |
| Original Chicken Sandwich    |   55 | Diet Coke            |   60 |       115 |
| Original Chicken Sandwich    |   55 | Mello Yello          |   75 |       130 |
| Original Chicken Sandwich    |   55 | Coca-Cola            |   45 |       100 |
| McALLO TIKKI                 |   45 | Iced Tea             |   35 |        80 |
| McALLO TIKKI                 |   45 | Frozen Fanta Cherry  |   65 |       110 |
| McALLO TIKKI                 |   45 | Diet Coke            |   60 |       105 |
| McALLO TIKKI                 |   45 | Mello Yello          |   75 |       120 |
| McALLO TIKKI                 |   45 | Coca-Cola            |   45 |        90 |
| Veg Maharaja Mac             |   75 | Iced Tea             |   35 |       110 |
| Veg Maharaja Mac             |   75 | Frozen Fanta Cherry  |   65 |       140 |
| Veg Maharaja Mac             |   75 | Diet Coke            |   60 |       135 |
| Veg Maharaja Mac             |   75 | Mello Yello          |   75 |       150 |
| Veg Maharaja Mac             |   75 | Coca-Cola            |   45 |       120 |
| Big Spicy Chicken Wrap       |  100 | Iced Tea             |   35 |       135 |
| Big Spicy Chicken Wrap       |  100 | Frozen Fanta Cherry  |   65 |       165 |
| Big Spicy Chicken Wrap       |  100 | Diet Coke            |   60 |       160 |
| Big Spicy Chicken Wrap       |  100 | Mello Yello          |   75 |       175 |
| Big Spicy Chicken Wrap       |  100 | Coca-Cola            |   45 |       145 |
| Cheese Onion Hamburger       |  145 | Iced Tea             |   35 |       180 |
| Cheese Onion Hamburger       |  145 | Frozen Fanta Cherry  |   65 |       210 |
| Cheese Onion Hamburger       |  145 | Diet Coke            |   60 |       205 |
| Cheese Onion Hamburger       |  145 | Mello Yello          |   75 |       220 |
| Cheese Onion Hamburger       |  145 | Coca-Cola            |   45 |       190 |
| McVeggie Schezwan            |   85 | Iced Tea             |   35 |       120 |
| McVeggie Schezwan            |   85 | Frozen Fanta Cherry  |   65 |       150 |
| McVeggie Schezwan            |   85 | Diet Coke            |   60 |       145 |
| McVeggie Schezwan            |   85 | Mello Yello          |   75 |       160 |
| McVeggie Schezwan            |   85 | Coca-Cola            |   45 |       130 |
+------------------------------+------+----------------------+------+-----------+
75 rows in set (0.00 sec)

mysql> select row_number() over() R1, m.name,m.rate, s.name,s.rate,  m.rate + s.rate totalCost from menucard m, softdrink s;
+----+------------------------------+------+----------------------+------+-----------+
| R1 | name                         | rate | name                 | rate | totalCost |
+----+------------------------------+------+----------------------+------+-----------+
|  1 | Onion Hamburger              |  115 | Iced Tea             |   35 |       150 |
|  2 | Onion Hamburger              |  115 | Frozen Fanta Cherry  |   65 |       180 |
|  3 | Onion Hamburger              |  115 | Diet Coke            |   60 |       175 |
|  4 | Onion Hamburger              |  115 | Mello Yello          |   75 |       190 |
|  5 | Onion Hamburger              |  115 | Coca-Cola            |   45 |       160 |
|  6 | Extra Long Cheeseburger      |  100 | Iced Tea             |   35 |       135 |
|  7 | Extra Long Cheeseburger      |  100 | Frozen Fanta Cherry  |   65 |       165 |
|  8 | Extra Long Cheeseburger      |  100 | Diet Coke            |   60 |       160 |
|  9 | Extra Long Cheeseburger      |  100 | Mello Yello          |   75 |       175 |
| 10 | Extra Long Cheeseburger      |  100 | Coca-Cola            |   45 |       145 |
| 11 | Double Stacker               |  125 | Iced Tea             |   35 |       160 |
| 12 | Double Stacker               |  125 | Frozen Fanta Cherry  |   65 |       190 |
| 13 | Double Stacker               |  125 | Diet Coke            |   60 |       185 |
| 14 | Double Stacker               |  125 | Mello Yello          |   75 |       200 |
| 15 | Double Stacker               |  125 | Coca-Cola            |   45 |       170 |
| 16 | Double Cheeseburger          |  100 | Iced Tea             |   35 |       135 |
| 17 | Double Cheeseburger          |  100 | Frozen Fanta Cherry  |   65 |       165 |
| 18 | Double Cheeseburger          |  100 | Diet Coke            |   60 |       160 |
| 19 | Double Cheeseburger          |  100 | Mello Yello          |   75 |       175 |
| 20 | Double Cheeseburger          |  100 | Coca-Cola            |   45 |       145 |
| 21 | Cheese Hamburger             |  125 | Iced Tea             |   35 |       160 |
| 22 | Cheese Hamburger             |  125 | Frozen Fanta Cherry  |   65 |       190 |
| 23 | Cheese Hamburger             |  125 | Diet Coke            |   60 |       185 |
| 24 | Cheese Hamburger             |  125 | Mello Yello          |   75 |       200 |
| 25 | Cheese Hamburger             |  125 | Coca-Cola            |   45 |       170 |
| 26 | Hamburger                    |   85 | Iced Tea             |   35 |       120 |
| 27 | Hamburger                    |   85 | Frozen Fanta Cherry  |   65 |       150 |
| 28 | Hamburger                    |   85 | Diet Coke            |   60 |       145 |
| 29 | Hamburger                    |   85 | Mello Yello          |   75 |       160 |
| 30 | Hamburger                    |   85 | Coca-Cola            |   45 |       130 |
| 31 | Classic Grilled Dog          |   95 | Iced Tea             |   35 |       130 |
| 32 | Classic Grilled Dog          |   95 | Frozen Fanta Cherry  |   65 |       160 |
| 33 | Classic Grilled Dog          |   95 | Diet Coke            |   60 |       155 |
| 34 | Classic Grilled Dog          |   95 | Mello Yello          |   75 |       170 |
| 35 | Classic Grilled Dog          |   95 | Coca-Cola            |   45 |       140 |
| 36 | Chili Cheese Grilled Dog     |  115 | Iced Tea             |   35 |       150 |
| 37 | Chili Cheese Grilled Dog     |  115 | Frozen Fanta Cherry  |   65 |       180 |
| 38 | Chili Cheese Grilled Dog     |  115 | Diet Coke            |   60 |       175 |
| 39 | Chili Cheese Grilled Dog     |  115 | Mello Yello          |   75 |       190 |
| 40 | Chili Cheese Grilled Dog     |  115 | Coca-Cola            |   45 |       160 |
| 41 | Flame Grilled Chicken Burger |  135 | Iced Tea             |   35 |       170 |
| 42 | Flame Grilled Chicken Burger |  135 | Frozen Fanta Cherry  |   65 |       200 |
| 43 | Flame Grilled Chicken Burger |  135 | Diet Coke            |   60 |       195 |
| 44 | Flame Grilled Chicken Burger |  135 | Mello Yello          |   75 |       210 |
| 45 | Flame Grilled Chicken Burger |  135 | Coca-Cola            |   45 |       180 |
| 46 | Original Chicken Sandwich    |   55 | Iced Tea             |   35 |        90 |
| 47 | Original Chicken Sandwich    |   55 | Frozen Fanta Cherry  |   65 |       120 |
| 48 | Original Chicken Sandwich    |   55 | Diet Coke            |   60 |       115 |
| 49 | Original Chicken Sandwich    |   55 | Mello Yello          |   75 |       130 |
| 50 | Original Chicken Sandwich    |   55 | Coca-Cola            |   45 |       100 |
| 51 | McALLO TIKKI                 |   45 | Iced Tea             |   35 |        80 |
| 52 | McALLO TIKKI                 |   45 | Frozen Fanta Cherry  |   65 |       110 |
| 53 | McALLO TIKKI                 |   45 | Diet Coke            |   60 |       105 |
| 54 | McALLO TIKKI                 |   45 | Mello Yello          |   75 |       120 |
| 55 | McALLO TIKKI                 |   45 | Coca-Cola            |   45 |        90 |
| 56 | Veg Maharaja Mac             |   75 | Iced Tea             |   35 |       110 |
| 57 | Veg Maharaja Mac             |   75 | Frozen Fanta Cherry  |   65 |       140 |
| 58 | Veg Maharaja Mac             |   75 | Diet Coke            |   60 |       135 |
| 59 | Veg Maharaja Mac             |   75 | Mello Yello          |   75 |       150 |
| 60 | Veg Maharaja Mac             |   75 | Coca-Cola            |   45 |       120 |
| 61 | Big Spicy Chicken Wrap       |  100 | Iced Tea             |   35 |       135 |
| 62 | Big Spicy Chicken Wrap       |  100 | Frozen Fanta Cherry  |   65 |       165 |
| 63 | Big Spicy Chicken Wrap       |  100 | Diet Coke            |   60 |       160 |
| 64 | Big Spicy Chicken Wrap       |  100 | Mello Yello          |   75 |       175 |
| 65 | Big Spicy Chicken Wrap       |  100 | Coca-Cola            |   45 |       145 |
| 66 | Cheese Onion Hamburger       |  145 | Iced Tea             |   35 |       180 |
| 67 | Cheese Onion Hamburger       |  145 | Frozen Fanta Cherry  |   65 |       210 |
| 68 | Cheese Onion Hamburger       |  145 | Diet Coke            |   60 |       205 |
| 69 | Cheese Onion Hamburger       |  145 | Mello Yello          |   75 |       220 |
| 70 | Cheese Onion Hamburger       |  145 | Coca-Cola            |   45 |       190 |
| 71 | McVeggie Schezwan            |   85 | Iced Tea             |   35 |       120 |
| 72 | McVeggie Schezwan            |   85 | Frozen Fanta Cherry  |   65 |       150 |
| 73 | McVeggie Schezwan            |   85 | Diet Coke            |   60 |       145 |
| 74 | McVeggie Schezwan            |   85 | Mello Yello          |   75 |       160 |
| 75 | McVeggie Schezwan            |   85 | Coca-Cola            |   45 |       130 |
+----+------------------------------+------+----------------------+------+-----------+
75 rows in set (0.00 sec)

mysql> select s.name,s.rate from softdrink s;
+----------------------+------+
| name                 | rate |
+----------------------+------+
| Coca-Cola            |   45 |
| Mello Yello          |   75 |
| Diet Coke            |   60 |
| Frozen Fanta Cherry  |   65 |
| Iced Tea             |   35 |
+----------------------+------+
5 rows in set (0.00 sec)

mysql> select count(*) from emp;
+----------+
| count(*) |
+----------+
|       28 |
+----------+
1 row in set (0.00 sec)

mysql> select count(*) R1,  s.name,s.rate from softdrink s, emp e;
+-----+----------+------+
| R1  | name     | rate |
+-----+----------+------+
| 140 | Iced Tea |   35 |
+-----+----------+------+
1 row in set (0.01 sec)

mysql> select count(*) R1,  s.name,s.rate from softdrink s, emp e group by s.name,s.rate;
+----+----------------------+------+
| R1 | name                 | rate |
+----+----------------------+------+
| 28 | Iced Tea             |   35 |
| 28 | Frozen Fanta Cherry  |   65 |
| 28 | Diet Coke            |   60 |
| 28 | Mello Yello          |   75 |
| 28 | Coca-Cola            |   45 |
+----+----------------------+------+
5 rows in set (0.00 sec)

mysql> select count(*) R1,  s.name,s.rate from softdrink s, emp e group by s.name,s.rate;
+----+----------------------+------+
| R1 | name                 | rate |
+----+----------------------+------+
| 28 | Iced Tea             |   35 |
| 28 | Frozen Fanta Cherry  |   65 |
| 28 | Diet Coke            |   60 |
| 28 | Mello Yello          |   75 |
| 28 | Coca-Cola            |   45 |
+----+----------------------+------+
5 rows in set (0.00 sec)

mysql> select count(*) R1,  s.name,s.rate, R1 * s.rate  totalCost from softdrink s, emp e group by s.name,s.rate;
ERROR 1054 (42S22): Unknown column 'R1' in 'field list'
mysql>
mysql> select count(*) R1,  s.name,s.rate, count(*) * s.rate  totalCost from softdrink s, emp e group by s.name,s.rate;
+----+----------------------+------+-----------+
| R1 | name                 | rate | totalCost |
+----+----------------------+------+-----------+
| 28 | Iced Tea             |   35 |       980 |
| 28 | Frozen Fanta Cherry  |   65 |      1820 |
| 28 | Diet Coke            |   60 |      1680 |
| 28 | Mello Yello          |   75 |      2100 |
| 28 | Coca-Cola            |   45 |      1260 |
+----+----------------------+------+-----------+
5 rows in set (0.00 sec)

mysql> select ename, job, sal, emp.deptno, dept.deptno, dname, loc from emp, dept;
+----------+---------------------+------+--------+--------+------------+----------+
| ename    | job                 | sal  | deptno | deptno | dname      | loc      |
+----------+---------------------+------+--------+--------+------------+----------+
| GITA     | Compliance officers | 1750 |     30 |     50 | HR         | PUNE     |
| GITA     | Compliance officers | 1750 |     30 |     40 | OPERATIONS | BOSTON   |
| GITA     | Compliance officers | 1750 |     30 |     30 | SALES      | CHICAGO  |
| GITA     | Compliance officers | 1750 |     30 |     20 | RESEARCH   | DALLAS   |
| GITA     | Compliance officers | 1750 |     30 |     10 | ACCOUNTING | NEW YORK |
| VRUSHALI | Compliance officers | 1750 |     50 |     50 | HR         | PUNE     |
| VRUSHALI | Compliance officers | 1750 |     50 |     40 | OPERATIONS | BOSTON   |
| VRUSHALI | Compliance officers | 1750 |     50 |     30 | SALES      | CHICAGO  |
| VRUSHALI | Compliance officers | 1750 |     50 |     20 | RESEARCH   | DALLAS   |
| VRUSHALI | Compliance officers | 1750 |     50 |     10 | ACCOUNTING | NEW YORK |
| SHARMIN  | Public Relation     | 1750 |     20 |     50 | HR         | PUNE     |
| SHARMIN  | Public Relation     | 1750 |     20 |     40 | OPERATIONS | BOSTON   |
| SHARMIN  | Public Relation     | 1750 |     20 |     30 | SALES      | CHICAGO  |
| SHARMIN  | Public Relation     | 1750 |     20 |     20 | RESEARCH   | DALLAS   |
| SHARMIN  | Public Relation     | 1750 |     20 |     10 | ACCOUNTING | NEW YORK |
| BANDISH  | Public Relation     | 1750 |     20 |     50 | HR         | PUNE     |
| BANDISH  | Public Relation     | 1750 |     20 |     40 | OPERATIONS | BOSTON   |
| BANDISH  | Public Relation     | 1750 |     20 |     30 | SALES      | CHICAGO  |
| BANDISH  | Public Relation     | 1750 |     20 |     20 | RESEARCH   | DALLAS   |
| BANDISH  | Public Relation     | 1750 |     20 |     10 | ACCOUNTING | NEW YORK |
| SMITH    | CLERK               |  800 |     20 |     50 | HR         | PUNE     |
| SMITH    | CLERK               |  800 |     20 |     40 | OPERATIONS | BOSTON   |
| SMITH    | CLERK               |  800 |     20 |     30 | SALES      | CHICAGO  |
| SMITH    | CLERK               |  800 |     20 |     20 | RESEARCH   | DALLAS   |
| SMITH    | CLERK               |  800 |     20 |     10 | ACCOUNTING | NEW YORK |
| AARAV    | CLERK               | 3350 |     10 |     50 | HR         | PUNE     |
| AARAV    | CLERK               | 3350 |     10 |     40 | OPERATIONS | BOSTON   |
| AARAV    | CLERK               | 3350 |     10 |     30 | SALES      | CHICAGO  |
| AARAV    | CLERK               | 3350 |     10 |     20 | RESEARCH   | DALLAS   |
| AARAV    | CLERK               | 3350 |     10 |     10 | ACCOUNTING | NEW YORK |
| THOMAS   | CLERK               | 1750 |     10 |     50 | HR         | PUNE     |
| THOMAS   | CLERK               | 1750 |     10 |     40 | OPERATIONS | BOSTON   |
| THOMAS   | CLERK               | 1750 |     10 |     30 | SALES      | CHICAGO  |
| THOMAS   | CLERK               | 1750 |     10 |     20 | RESEARCH   | DALLAS   |
| THOMAS   | CLERK               | 1750 |     10 |     10 | ACCOUNTING | NEW YORK |
| ALLEN    | SALESMAN            | 1600 |     30 |     50 | HR         | PUNE     |
| ALLEN    | SALESMAN            | 1600 |     30 |     40 | OPERATIONS | BOSTON   |
| ALLEN    | SALESMAN            | 1600 |     30 |     30 | SALES      | CHICAGO  |
| ALLEN    | SALESMAN            | 1600 |     30 |     20 | RESEARCH   | DALLAS   |
| ALLEN    | SALESMAN            | 1600 |     30 |     10 | ACCOUNTING | NEW YORK |
| WARD     | SALESMAN            | 1250 |     30 |     50 | HR         | PUNE     |
| WARD     | SALESMAN            | 1250 |     30 |     40 | OPERATIONS | BOSTON   |
| WARD     | SALESMAN            | 1250 |     30 |     30 | SALES      | CHICAGO  |
| WARD     | SALESMAN            | 1250 |     30 |     20 | RESEARCH   | DALLAS   |
| WARD     | SALESMAN            | 1250 |     30 |     10 | ACCOUNTING | NEW YORK |
| JONES    | MANAGER             | 2975 |     20 |     50 | HR         | PUNE     |
| JONES    | MANAGER             | 2975 |     20 |     40 | OPERATIONS | BOSTON   |
| JONES    | MANAGER             | 2975 |     20 |     30 | SALES      | CHICAGO  |
| JONES    | MANAGER             | 2975 |     20 |     20 | RESEARCH   | DALLAS   |
| JONES    | MANAGER             | 2975 |     20 |     10 | ACCOUNTING | NEW YORK |
| MARTIN   | SALESMAN            | 1250 |     30 |     50 | HR         | PUNE     |
| MARTIN   | SALESMAN            | 1250 |     30 |     40 | OPERATIONS | BOSTON   |
| MARTIN   | SALESMAN            | 1250 |     30 |     30 | SALES      | CHICAGO  |
| MARTIN   | SALESMAN            | 1250 |     30 |     20 | RESEARCH   | DALLAS   |
| MARTIN   | SALESMAN            | 1250 |     30 |     10 | ACCOUNTING | NEW YORK |
| BLAKE    | MANAGER             | 2850 |     30 |     50 | HR         | PUNE     |
| BLAKE    | MANAGER             | 2850 |     30 |     40 | OPERATIONS | BOSTON   |
| BLAKE    | MANAGER             | 2850 |     30 |     30 | SALES      | CHICAGO  |
| BLAKE    | MANAGER             | 2850 |     30 |     20 | RESEARCH   | DALLAS   |
| BLAKE    | MANAGER             | 2850 |     30 |     10 | ACCOUNTING | NEW YORK |
| CLARK    | MANAGER             | 2450 |     10 |     50 | HR         | PUNE     |
| CLARK    | MANAGER             | 2450 |     10 |     40 | OPERATIONS | BOSTON   |
| CLARK    | MANAGER             | 2450 |     10 |     30 | SALES      | CHICAGO  |
| CLARK    | MANAGER             | 2450 |     10 |     20 | RESEARCH   | DALLAS   |
| CLARK    | MANAGER             | 2450 |     10 |     10 | ACCOUNTING | NEW YORK |
| SCOTT    | ANALYST             | 3000 |     20 |     50 | HR         | PUNE     |
| SCOTT    | ANALYST             | 3000 |     20 |     40 | OPERATIONS | BOSTON   |
| SCOTT    | ANALYST             | 3000 |     20 |     30 | SALES      | CHICAGO  |
| SCOTT    | ANALYST             | 3000 |     20 |     20 | RESEARCH   | DALLAS   |
| SCOTT    | ANALYST             | 3000 |     20 |     10 | ACCOUNTING | NEW YORK |
| KING     | PRESIDENT           | 5000 |     10 |     50 | HR         | PUNE     |
| KING     | PRESIDENT           | 5000 |     10 |     40 | OPERATIONS | BOSTON   |
| KING     | PRESIDENT           | 5000 |     10 |     30 | SALES      | CHICAGO  |
| KING     | PRESIDENT           | 5000 |     10 |     20 | RESEARCH   | DALLAS   |
| KING     | PRESIDENT           | 5000 |     10 |     10 | ACCOUNTING | NEW YORK |
| FRED     | vice PRESIDENT      | 5000 |     20 |     50 | HR         | PUNE     |
| FRED     | vice PRESIDENT      | 5000 |     20 |     40 | OPERATIONS | BOSTON   |
| FRED     | vice PRESIDENT      | 5000 |     20 |     30 | SALES      | CHICAGO  |
| FRED     | vice PRESIDENT      | 5000 |     20 |     20 | RESEARCH   | DALLAS   |
| FRED     | vice PRESIDENT      | 5000 |     20 |     10 | ACCOUNTING | NEW YORK |
| TURNER   | SALESMAN            | 1500 |     30 |     50 | HR         | PUNE     |
| TURNER   | SALESMAN            | 1500 |     30 |     40 | OPERATIONS | BOSTON   |
| TURNER   | SALESMAN            | 1500 |     30 |     30 | SALES      | CHICAGO  |
| TURNER   | SALESMAN            | 1500 |     30 |     20 | RESEARCH   | DALLAS   |
| TURNER   | SALESMAN            | 1500 |     30 |     10 | ACCOUNTING | NEW YORK |
| ADAMS    | CLERK               | 1100 |     20 |     50 | HR         | PUNE     |
| ADAMS    | CLERK               | 1100 |     20 |     40 | OPERATIONS | BOSTON   |
| ADAMS    | CLERK               | 1100 |     20 |     30 | SALES      | CHICAGO  |
| ADAMS    | CLERK               | 1100 |     20 |     20 | RESEARCH   | DALLAS   |
| ADAMS    | CLERK               | 1100 |     20 |     10 | ACCOUNTING | NEW YORK |
| JAMES    | CLERK               |  950 |     30 |     50 | HR         | PUNE     |
| JAMES    | CLERK               |  950 |     30 |     40 | OPERATIONS | BOSTON   |
| JAMES    | CLERK               |  950 |     30 |     30 | SALES      | CHICAGO  |
| JAMES    | CLERK               |  950 |     30 |     20 | RESEARCH   | DALLAS   |
| JAMES    | CLERK               |  950 |     30 |     10 | ACCOUNTING | NEW YORK |
| FORD     | ANALYST             | 3000 |     20 |     50 | HR         | PUNE     |
| FORD     | ANALYST             | 3000 |     20 |     40 | OPERATIONS | BOSTON   |
| FORD     | ANALYST             | 3000 |     20 |     30 | SALES      | CHICAGO  |
| FORD     | ANALYST             | 3000 |     20 |     20 | RESEARCH   | DALLAS   |
| FORD     | ANALYST             | 3000 |     20 |     10 | ACCOUNTING | NEW YORK |
| HOFFMAN  | MANAGER             | 4150 |     30 |     50 | HR         | PUNE     |
| HOFFMAN  | MANAGER             | 4150 |     30 |     40 | OPERATIONS | BOSTON   |
| HOFFMAN  | MANAGER             | 4150 |     30 |     30 | SALES      | CHICAGO  |
| HOFFMAN  | MANAGER             | 4150 |     30 |     20 | RESEARCH   | DALLAS   |
| HOFFMAN  | MANAGER             | 4150 |     30 |     10 | ACCOUNTING | NEW YORK |
| GRASS    | SALESMAN            | 2575 |     30 |     50 | HR         | PUNE     |
| GRASS    | SALESMAN            | 2575 |     30 |     40 | OPERATIONS | BOSTON   |
| GRASS    | SALESMAN            | 2575 |     30 |     30 | SALES      | CHICAGO  |
| GRASS    | SALESMAN            | 2575 |     30 |     20 | RESEARCH   | DALLAS   |
| GRASS    | SALESMAN            | 2575 |     30 |     10 | ACCOUNTING | NEW YORK |
| MILLER   | CLERK               | 1300 |     10 |     50 | HR         | PUNE     |
| MILLER   | CLERK               | 1300 |     10 |     40 | OPERATIONS | BOSTON   |
| MILLER   | CLERK               | 1300 |     10 |     30 | SALES      | CHICAGO  |
| MILLER   | CLERK               | 1300 |     10 |     20 | RESEARCH   | DALLAS   |
| MILLER   | CLERK               | 1300 |     10 |     10 | ACCOUNTING | NEW YORK |
| AARUSH   | SALESMAN            | 1350 |     30 |     50 | HR         | PUNE     |
| AARUSH   | SALESMAN            | 1350 |     30 |     40 | OPERATIONS | BOSTON   |
| AARUSH   | SALESMAN            | 1350 |     30 |     30 | SALES      | CHICAGO  |
| AARUSH   | SALESMAN            | 1350 |     30 |     20 | RESEARCH   | DALLAS   |
| AARUSH   | SALESMAN            | 1350 |     30 |     10 | ACCOUNTING | NEW YORK |
| ALEX     | MANAGER             | 1250 |     30 |     50 | HR         | PUNE     |
| ALEX     | MANAGER             | 1250 |     30 |     40 | OPERATIONS | BOSTON   |
| ALEX     | MANAGER             | 1250 |     30 |     30 | SALES      | CHICAGO  |
| ALEX     | MANAGER             | 1250 |     30 |     20 | RESEARCH   | DALLAS   |
| ALEX     | MANAGER             | 1250 |     30 |     10 | ACCOUNTING | NEW YORK |
| NATASHA  | CLERK               | 1750 |     30 |     50 | HR         | PUNE     |
| NATASHA  | CLERK               | 1750 |     30 |     40 | OPERATIONS | BOSTON   |
| NATASHA  | CLERK               | 1750 |     30 |     30 | SALES      | CHICAGO  |
| NATASHA  | CLERK               | 1750 |     30 |     20 | RESEARCH   | DALLAS   |
| NATASHA  | CLERK               | 1750 |     30 |     10 | ACCOUNTING | NEW YORK |
| SANGITA  | Compliance officers | 1750 |     50 |     50 | HR         | PUNE     |
| SANGITA  | Compliance officers | 1750 |     50 |     40 | OPERATIONS | BOSTON   |
| SANGITA  | Compliance officers | 1750 |     50 |     30 | SALES      | CHICAGO  |
| SANGITA  | Compliance officers | 1750 |     50 |     20 | RESEARCH   | DALLAS   |
| SANGITA  | Compliance officers | 1750 |     50 |     10 | ACCOUNTING | NEW YORK |
| SUPRIYA  | ANALYST             | 1750 |     50 |     50 | HR         | PUNE     |
| SUPRIYA  | ANALYST             | 1750 |     50 |     40 | OPERATIONS | BOSTON   |
| SUPRIYA  | ANALYST             | 1750 |     50 |     30 | SALES      | CHICAGO  |
| SUPRIYA  | ANALYST             | 1750 |     50 |     20 | RESEARCH   | DALLAS   |
| SUPRIYA  | ANALYST             | 1750 |     50 |     10 | ACCOUNTING | NEW YORK |
+----------+---------------------+------+--------+--------+------------+----------+
140 rows in set (0.00 sec)

mysql> select ename from emp;
+----------+
| ename    |
+----------+
| GITA     |
| VRUSHALI |
| SHARMIN  |
| BANDISH  |
| SMITH    |
| AARAV    |
| THOMAS   |
| ALLEN    |
| WARD     |
| JONES    |
| MARTIN   |
| BLAKE    |
| CLARK    |
| SCOTT    |
| KING     |
| FRED     |
| TURNER   |
| ADAMS    |
| JAMES    |
| FORD     |
| HOFFMAN  |
| GRASS    |
| MILLER   |
| AARUSH   |
| ALEX     |
| NATASHA  |
| SANGITA  |
| SUPRIYA  |
+----------+
28 rows in set (0.00 sec)

mysql> select emp.ename from emp;
+----------+
| ename    |
+----------+
| GITA     |
| VRUSHALI |
| SHARMIN  |
| BANDISH  |
| SMITH    |
| AARAV    |
| THOMAS   |
| ALLEN    |
| WARD     |
| JONES    |
| MARTIN   |
| BLAKE    |
| CLARK    |
| SCOTT    |
| KING     |
| FRED     |
| TURNER   |
| ADAMS    |
| JAMES    |
| FORD     |
| HOFFMAN  |
| GRASS    |
| MILLER   |
| AARUSH   |
| ALEX     |
| NATASHA  |
| SANGITA  |
| SUPRIYA  |
+----------+
28 rows in set (0.00 sec)

mysql> select emp.ename from emp e;
ERROR 1054 (42S22): Unknown column 'emp.ename' in 'field list'
mysql> select e.ename from emp e;
+----------+
| ename    |
+----------+
| GITA     |
| VRUSHALI |
| SHARMIN  |
| BANDISH  |
| SMITH    |
| AARAV    |
| THOMAS   |
| ALLEN    |
| WARD     |
| JONES    |
| MARTIN   |
| BLAKE    |
| CLARK    |
| SCOTT    |
| KING     |
| FRED     |
| TURNER   |
| ADAMS    |
| JAMES    |
| FORD     |
| HOFFMAN  |
| GRASS    |
| MILLER   |
| AARUSH   |
| ALEX     |
| NATASHA  |
| SANGITA  |
| SUPRIYA  |
+----------+
28 rows in set (0.00 sec)

mysql> select ename, job, sal, e.deptno, d.deptno, dname, loc from emp e, dept d where e.deptno = d.deptno;
+----------+---------------------+------+--------+--------+------------+----------+
| ename    | job                 | sal  | deptno | deptno | dname      | loc      |
+----------+---------------------+------+--------+--------+------------+----------+
| AARAV    | CLERK               | 3350 |     10 |     10 | ACCOUNTING | NEW YORK |
| THOMAS   | CLERK               | 1750 |     10 |     10 | ACCOUNTING | NEW YORK |
| CLARK    | MANAGER             | 2450 |     10 |     10 | ACCOUNTING | NEW YORK |
| KING     | PRESIDENT           | 5000 |     10 |     10 | ACCOUNTING | NEW YORK |
| MILLER   | CLERK               | 1300 |     10 |     10 | ACCOUNTING | NEW YORK |
| SHARMIN  | Public Relation     | 1750 |     20 |     20 | RESEARCH   | DALLAS   |
| BANDISH  | Public Relation     | 1750 |     20 |     20 | RESEARCH   | DALLAS   |
| SMITH    | CLERK               |  800 |     20 |     20 | RESEARCH   | DALLAS   |
| JONES    | MANAGER             | 2975 |     20 |     20 | RESEARCH   | DALLAS   |
| SCOTT    | ANALYST             | 3000 |     20 |     20 | RESEARCH   | DALLAS   |
| FRED     | vice PRESIDENT      | 5000 |     20 |     20 | RESEARCH   | DALLAS   |
| ADAMS    | CLERK               | 1100 |     20 |     20 | RESEARCH   | DALLAS   |
| FORD     | ANALYST             | 3000 |     20 |     20 | RESEARCH   | DALLAS   |
| GITA     | Compliance officers | 1750 |     30 |     30 | SALES      | CHICAGO  |
| ALLEN    | SALESMAN            | 1600 |     30 |     30 | SALES      | CHICAGO  |
| WARD     | SALESMAN            | 1250 |     30 |     30 | SALES      | CHICAGO  |
| MARTIN   | SALESMAN            | 1250 |     30 |     30 | SALES      | CHICAGO  |
| BLAKE    | MANAGER             | 2850 |     30 |     30 | SALES      | CHICAGO  |
| TURNER   | SALESMAN            | 1500 |     30 |     30 | SALES      | CHICAGO  |
| JAMES    | CLERK               |  950 |     30 |     30 | SALES      | CHICAGO  |
| HOFFMAN  | MANAGER             | 4150 |     30 |     30 | SALES      | CHICAGO  |
| GRASS    | SALESMAN            | 2575 |     30 |     30 | SALES      | CHICAGO  |
| AARUSH   | SALESMAN            | 1350 |     30 |     30 | SALES      | CHICAGO  |
| ALEX     | MANAGER             | 1250 |     30 |     30 | SALES      | CHICAGO  |
| NATASHA  | CLERK               | 1750 |     30 |     30 | SALES      | CHICAGO  |
| VRUSHALI | Compliance officers | 1750 |     50 |     50 | HR         | PUNE     |
| SANGITA  | Compliance officers | 1750 |     50 |     50 | HR         | PUNE     |
| SUPRIYA  | ANALYST             | 1750 |     50 |     50 | HR         | PUNE     |
+----------+---------------------+------+--------+--------+------------+----------+
28 rows in set (0.00 sec)

mysql> select ename, job, sal,  dname, loc from emp e, dept d where e.deptno = d.deptno;
+----------+---------------------+------+------------+----------+
| ename    | job                 | sal  | dname      | loc      |
+----------+---------------------+------+------------+----------+
| AARAV    | CLERK               | 3350 | ACCOUNTING | NEW YORK |
| THOMAS   | CLERK               | 1750 | ACCOUNTING | NEW YORK |
| CLARK    | MANAGER             | 2450 | ACCOUNTING | NEW YORK |
| KING     | PRESIDENT           | 5000 | ACCOUNTING | NEW YORK |
| MILLER   | CLERK               | 1300 | ACCOUNTING | NEW YORK |
| SHARMIN  | Public Relation     | 1750 | RESEARCH   | DALLAS   |
| BANDISH  | Public Relation     | 1750 | RESEARCH   | DALLAS   |
| SMITH    | CLERK               |  800 | RESEARCH   | DALLAS   |
| JONES    | MANAGER             | 2975 | RESEARCH   | DALLAS   |
| SCOTT    | ANALYST             | 3000 | RESEARCH   | DALLAS   |
| FRED     | vice PRESIDENT      | 5000 | RESEARCH   | DALLAS   |
| ADAMS    | CLERK               | 1100 | RESEARCH   | DALLAS   |
| FORD     | ANALYST             | 3000 | RESEARCH   | DALLAS   |
| GITA     | Compliance officers | 1750 | SALES      | CHICAGO  |
| ALLEN    | SALESMAN            | 1600 | SALES      | CHICAGO  |
| WARD     | SALESMAN            | 1250 | SALES      | CHICAGO  |
| MARTIN   | SALESMAN            | 1250 | SALES      | CHICAGO  |
| BLAKE    | MANAGER             | 2850 | SALES      | CHICAGO  |
| TURNER   | SALESMAN            | 1500 | SALES      | CHICAGO  |
| JAMES    | CLERK               |  950 | SALES      | CHICAGO  |
| HOFFMAN  | MANAGER             | 4150 | SALES      | CHICAGO  |
| GRASS    | SALESMAN            | 2575 | SALES      | CHICAGO  |
| AARUSH   | SALESMAN            | 1350 | SALES      | CHICAGO  |
| ALEX     | MANAGER             | 1250 | SALES      | CHICAGO  |
| NATASHA  | CLERK               | 1750 | SALES      | CHICAGO  |
| VRUSHALI | Compliance officers | 1750 | HR         | PUNE     |
| SANGITA  | Compliance officers | 1750 | HR         | PUNE     |
| SUPRIYA  | ANALYST             | 1750 | HR         | PUNE     |
+----------+---------------------+------+------------+----------+
28 rows in set (0.00 sec)

mysql> select ename, job, sal, dname, loc from emp, dept where dname='sales'
    -> ;
+----------+---------------------+------+-------+---------+
| ename    | job                 | sal  | dname | loc     |
+----------+---------------------+------+-------+---------+
| GITA     | Compliance officers | 1750 | SALES | CHICAGO |
| VRUSHALI | Compliance officers | 1750 | SALES | CHICAGO |
| SHARMIN  | Public Relation     | 1750 | SALES | CHICAGO |
| BANDISH  | Public Relation     | 1750 | SALES | CHICAGO |
| SMITH    | CLERK               |  800 | SALES | CHICAGO |
| AARAV    | CLERK               | 3350 | SALES | CHICAGO |
| THOMAS   | CLERK               | 1750 | SALES | CHICAGO |
| ALLEN    | SALESMAN            | 1600 | SALES | CHICAGO |
| WARD     | SALESMAN            | 1250 | SALES | CHICAGO |
| JONES    | MANAGER             | 2975 | SALES | CHICAGO |
| MARTIN   | SALESMAN            | 1250 | SALES | CHICAGO |
| BLAKE    | MANAGER             | 2850 | SALES | CHICAGO |
| CLARK    | MANAGER             | 2450 | SALES | CHICAGO |
| SCOTT    | ANALYST             | 3000 | SALES | CHICAGO |
| KING     | PRESIDENT           | 5000 | SALES | CHICAGO |
| FRED     | vice PRESIDENT      | 5000 | SALES | CHICAGO |
| TURNER   | SALESMAN            | 1500 | SALES | CHICAGO |
| ADAMS    | CLERK               | 1100 | SALES | CHICAGO |
| JAMES    | CLERK               |  950 | SALES | CHICAGO |
| FORD     | ANALYST             | 3000 | SALES | CHICAGO |
| HOFFMAN  | MANAGER             | 4150 | SALES | CHICAGO |
| GRASS    | SALESMAN            | 2575 | SALES | CHICAGO |
| MILLER   | CLERK               | 1300 | SALES | CHICAGO |
| AARUSH   | SALESMAN            | 1350 | SALES | CHICAGO |
| ALEX     | MANAGER             | 1250 | SALES | CHICAGO |
| NATASHA  | CLERK               | 1750 | SALES | CHICAGO |
| SANGITA  | Compliance officers | 1750 | SALES | CHICAGO |
| SUPRIYA  | ANALYST             | 1750 | SALES | CHICAGO |
+----------+---------------------+------+-------+---------+
28 rows in set (0.00 sec)

mysql> select ename, job, sal, dname, loc from emp, dept where emp.deptno = dept.deptno and dname='sales';
+---------+---------------------+------+-------+---------+
| ename   | job                 | sal  | dname | loc     |
+---------+---------------------+------+-------+---------+
| GITA    | Compliance officers | 1750 | SALES | CHICAGO |
| ALLEN   | SALESMAN            | 1600 | SALES | CHICAGO |
| WARD    | SALESMAN            | 1250 | SALES | CHICAGO |
| MARTIN  | SALESMAN            | 1250 | SALES | CHICAGO |
| BLAKE   | MANAGER             | 2850 | SALES | CHICAGO |
| TURNER  | SALESMAN            | 1500 | SALES | CHICAGO |
| JAMES   | CLERK               |  950 | SALES | CHICAGO |
| HOFFMAN | MANAGER             | 4150 | SALES | CHICAGO |
| GRASS   | SALESMAN            | 2575 | SALES | CHICAGO |
| AARUSH  | SALESMAN            | 1350 | SALES | CHICAGO |
| ALEX    | MANAGER             | 1250 | SALES | CHICAGO |
| NATASHA | CLERK               | 1750 | SALES | CHICAGO |
+---------+---------------------+------+-------+---------+
12 rows in set (0.00 sec)

mysql> select ename, job, sal,emp.deptno, dept.deptno, dname, loc from emp, dept where emp.deptno = dept.deptno and dname='sales';
+---------+---------------------+------+--------+--------+-------+---------+
| ename   | job                 | sal  | deptno | deptno | dname | loc     |
+---------+---------------------+------+--------+--------+-------+---------+
| GITA    | Compliance officers | 1750 |     30 |     30 | SALES | CHICAGO |
| ALLEN   | SALESMAN            | 1600 |     30 |     30 | SALES | CHICAGO |
| WARD    | SALESMAN            | 1250 |     30 |     30 | SALES | CHICAGO |
| MARTIN  | SALESMAN            | 1250 |     30 |     30 | SALES | CHICAGO |
| BLAKE   | MANAGER             | 2850 |     30 |     30 | SALES | CHICAGO |
| TURNER  | SALESMAN            | 1500 |     30 |     30 | SALES | CHICAGO |
| JAMES   | CLERK               |  950 |     30 |     30 | SALES | CHICAGO |
| HOFFMAN | MANAGER             | 4150 |     30 |     30 | SALES | CHICAGO |
| GRASS   | SALESMAN            | 2575 |     30 |     30 | SALES | CHICAGO |
| AARUSH  | SALESMAN            | 1350 |     30 |     30 | SALES | CHICAGO |
| ALEX    | MANAGER             | 1250 |     30 |     30 | SALES | CHICAGO |
| NATASHA | CLERK               | 1750 |     30 |     30 | SALES | CHICAGO |
+---------+---------------------+------+--------+--------+-------+---------+
12 rows in set (0.00 sec)

mysql> select * from salgrade;
+-------+-------+-------+
| GRADE | LOSAL | HISAL |
+-------+-------+-------+
|     1 |   700 |  1200 |
|     2 |  1201 |  1400 |
|     3 |  1401 |  2000 |
|     4 |  2001 |  3000 |
|     5 |  3001 |  4000 |
|     6 |  4001 |  5000 |
|     7 |  5001 |  6000 |
|     8 |  6001 |  7000 |
|     9 |  7001 |  8000 |
|    10 |  8001 |  9999 |
+-------+-------+-------+
10 rows in set (0.03 sec)

mysql> select ename, sal from emp;
+----------+------+
| ename    | sal  |
+----------+------+
| GITA     | 1750 |
| VRUSHALI | 1750 |
| SHARMIN  | 1750 |
| BANDISH  | 1750 |
| SMITH    |  800 |
| AARAV    | 3350 |
| THOMAS   | 1750 |
| ALLEN    | 1600 |
| WARD     | 1250 |
| JONES    | 2975 |
| MARTIN   | 1250 |
| BLAKE    | 2850 |
| CLARK    | 2450 |
| SCOTT    | 3000 |
| KING     | 5000 |
| FRED     | 5000 |
| TURNER   | 1500 |
| ADAMS    | 1100 |
| JAMES    |  950 |
| FORD     | 3000 |
| HOFFMAN  | 4150 |
| GRASS    | 2575 |
| MILLER   | 1300 |
| AARUSH   | 1350 |
| ALEX     | 1250 |
| NATASHA  | 1750 |
| SANGITA  | 1750 |
| SUPRIYA  | 1750 |
+----------+------+
28 rows in set (0.00 sec)

mysql> select ename, sal, grade, losal, hisal from emp e, salgrade s where sal between (losal  and hisal);
ERROR 1064 (42000): You have an error in your SQL syntax; check the manual that corresponds to your MySQL server version for the right syntax to use near '' at line 1
mysql>
mysql> select ename, sal, grade, losal, hisal from emp e, salgrade s where sal between losal  and hisal;
+----------+------+-------+-------+-------+
| ename    | sal  | grade | losal | hisal |
+----------+------+-------+-------+-------+
| GITA     | 1750 |     3 |  1401 |  2000 |
| VRUSHALI | 1750 |     3 |  1401 |  2000 |
| SHARMIN  | 1750 |     3 |  1401 |  2000 |
| BANDISH  | 1750 |     3 |  1401 |  2000 |
| SMITH    |  800 |     1 |   700 |  1200 |
| AARAV    | 3350 |     5 |  3001 |  4000 |
| THOMAS   | 1750 |     3 |  1401 |  2000 |
| ALLEN    | 1600 |     3 |  1401 |  2000 |
| WARD     | 1250 |     2 |  1201 |  1400 |
| JONES    | 2975 |     4 |  2001 |  3000 |
| MARTIN   | 1250 |     2 |  1201 |  1400 |
| BLAKE    | 2850 |     4 |  2001 |  3000 |
| CLARK    | 2450 |     4 |  2001 |  3000 |
| SCOTT    | 3000 |     4 |  2001 |  3000 |
| KING     | 5000 |     6 |  4001 |  5000 |
| FRED     | 5000 |     6 |  4001 |  5000 |
| TURNER   | 1500 |     3 |  1401 |  2000 |
| ADAMS    | 1100 |     1 |   700 |  1200 |
| JAMES    |  950 |     1 |   700 |  1200 |
| FORD     | 3000 |     4 |  2001 |  3000 |
| HOFFMAN  | 4150 |     6 |  4001 |  5000 |
| GRASS    | 2575 |     4 |  2001 |  3000 |
| MILLER   | 1300 |     2 |  1201 |  1400 |
| AARUSH   | 1350 |     2 |  1201 |  1400 |
| ALEX     | 1250 |     2 |  1201 |  1400 |
| NATASHA  | 1750 |     3 |  1401 |  2000 |
| SANGITA  | 1750 |     3 |  1401 |  2000 |
| SUPRIYA  | 1750 |     3 |  1401 |  2000 |
+----------+------+-------+-------+-------+
28 rows in set (0.00 sec)

mysql> desc customer;
+-------------+-------------+------+-----+---------+-------+
| Field       | Type        | Null | Key | Default | Extra |
+-------------+-------------+------+-----+---------+-------+
| CUSTID      | int         | NO   | PRI | NULL    |       |
| NAME        | varchar(45) | YES  |     | NULL    |       |
| ADDRESS     | varchar(40) | YES  |     | NULL    |       |
| CITY        | varchar(30) | YES  |     | NULL    |       |
| STATE       | varchar(2)  | YES  |     | NULL    |       |
| ZIP         | varchar(9)  | YES  |     | NULL    |       |
| AREA        | int         | YES  |     | NULL    |       |
| PHONE       | varchar(9)  | YES  |     | NULL    |       |
| REPID       | int         | NO   |     | NULL    |       |
| CREDITLIMIT | float(9,2)  | YES  |     | NULL    |       |
| COMMENTS    | text        | YES  |     | NULL    |       |
+-------------+-------------+------+-----+---------+-------+
11 rows in set (0.02 sec)

mysql> desc customers;
+--------+-------------+------+-----+---------+-------+
| Field  | Type        | Null | Key | Default | Extra |
+--------+-------------+------+-----+---------+-------+
| CNUM   | int         | NO   | PRI | NULL    |       |
| CNAME  | varchar(10) | YES  |     | NULL    |       |
| CITY   | varchar(10) | YES  |     | NULL    |       |
| RATING | float       | YES  |     | NULL    |       |
| SNUM   | int         | YES  | MUL | NULL    |       |
+--------+-------------+------+-----+---------+-------+
5 rows in set (0.03 sec)

mysql> desc salesman;
ERROR 1146 (42S02): Table 'db1.salesman' doesn't exist
mysql> desc sales;
+----------+--------------+------+-----+---------+-------+
| Field    | Type         | Null | Key | Default | Extra |
+----------+--------------+------+-----+---------+-------+
| REPID    | int          | NO   |     | NULL    |       |
| CUSTID   | int          | NO   |     | NULL    |       |
| CUSTNAME | varchar(45)  | YES  |     | NULL    |       |
| PRODID   | int          | NO   |     | NULL    |       |
| PRODNAME | varchar(30)  | YES  |     | NULL    |       |
| AMOUNT   | double(19,2) | YES  |     | NULL    |       |
+----------+--------------+------+-----+---------+-------+
6 rows in set (0.00 sec)

mysql> show tables;
+---------------------+
| Tables_in_db1       |
+---------------------+
| a                   |
| agent               |
| andor               |
| b                   |
| blanktablea         |
| blanktableb         |
| blog                |
| bonus               |
| books               |
| candidate           |
| client              |
| coalesce            |
| comments            |
| company             |
| customer            |
| customers           |
| demodept1           |
| demodept2           |
| dept                |
| dept1               |
| docs                |
| dummy               |
| duplicate           |
| emp                 |
| emp1                |
| emp2                |
| emp_attendance      |
| emp_cards           |
| emp_phone           |
| empj                |
| envelope            |
| food                |
| hobby               |
| item                |
| key_parts           |
| licence             |
| location            |
| mass_table          |
| menucard            |
| nearest             |
| new                 |
| newbooks            |
| nullif              |
| numberstring        |
| ord                 |
| orders              |
| plumber             |
| plumber_service_map |
| points              |
| price               |
| product             |
| products            |
| quarter_revenue     |
| r                   |
| r1                  |
| r2                  |
| races               |
| regexpr             |
| replacedept         |
| revenue             |
| runners             |
| sales               |
| sales_channel       |
| salespeople         |
| salesperson         |
| salgrade            |
| service             |
| seta                |
| setb                |
| softdrink           |
| sort                |
| stadium             |
| states              |
| station             |
| status              |
| stringnumber        |
| tablea              |
| tableaa             |
| tableb              |
| tablebb             |
| tasks               |
| temp1               |
| transactions        |
| vote_response       |
| votes               |
| warehouse           |
| z                   |
+---------------------+
87 rows in set (0.00 sec)

mysql> select * from salesperson;
+------+--------+
| SID  | SNAME  |
+------+--------+
| 1001 | ALAN   |
| 1002 | CALVIN |
| 1003 | CLIVE  |
| 1004 | DENNIS |
| 1005 | EVAN   |
| 1006 | FOX    |
| 1007 | PETER  |
+------+--------+
7 rows in set (0.03 sec)

mysql> select * from salespeople;
+------+---------+----------+------+
| SNUM | SNAME   | CITY     | COMM |
+------+---------+----------+------+
| 1001 | Rajan   | London   | 0.12 |
| 1002 | Natasha | San Jose | 0.13 |
| 1003 | Alax    | New York |  0.1 |
| 1004 | Monika  | London   | 0.11 |
| 1005 | Moor    | London   | 0.26 |
| 1006 | Jack    | Leeds    | 0.26 |
| 1007 | James   | Derby    | 0.15 |
| 1008 | Cooper  | Wells    | 0.19 |
| 1009 | Leo     | Wells    | 0.26 |
+------+---------+----------+------+
9 rows in set (0.02 sec)

mysql> select * from customers;
+------+---------+----------+--------+------+
| CNUM | CNAME   | CITY     | RATING | SNUM |
+------+---------+----------+--------+------+
| 2001 | Santosh | London   |    100 | 1001 |
| 2002 | Joe     | Rome     |    200 | 1003 |
| 2003 | Raj     | San Jose |    200 | 1002 |
| 2004 | Grass   | Berlin   |    300 | 1002 |
| 2006 | Raja    | London   |    100 | 1001 |
| 2007 | Jackson | Rome     |    100 | 1004 |
| 2008 | William | San Jose |    300 | 1007 |
| 2009 | Smith   | Berlin   |    300 | 1007 |
| 2010 | ADAMS   | Berlin   |    250 | 1007 |
+------+---------+----------+--------+------+
9 rows in set (0.00 sec)

mysql> select * from orders;
+------+---------+---------------------+------+------+--------+
| ONUM | AMT     | ODATE               | CNUM | SNUM | type   |
+------+---------+---------------------+------+------+--------+
| 3001 |   18.69 | 1996-10-03 12:30:00 | 2008 | 1007 | Online |
| 3002 |  1900.1 | 1996-10-03 12:05:00 | 2007 | 1004 | Online |
| 3003 |  767.19 | 1996-10-03 13:45:00 | 2001 | 1001 | Online |
| 3005 | 5160.45 | 1996-10-03 14:00:00 | 2003 | 1002 | Online |
| 3006 | 1098.16 | 1996-10-03 13:37:00 | 2008 | 1007 | Online |
| 3007 |   75.75 | 1996-10-04 16:02:00 | 2002 | 1003 | Online |
| 3008 |    4723 | 1996-10-05 12:07:00 | 2006 | 1001 | Online |
| 3009 | 1713.23 | 1996-10-04 15:21:00 | 2002 | 1003 | Online |
| 3010 | 1309.95 | 1996-10-06 13:12:00 | 2004 | 1002 | Online |
| 3011 | 9891.88 | 1996-10-06 13:09:00 | 2006 | 1001 | Online |
| 3012 | 3455.78 | 1996-10-04 15:21:00 | 2002 | 1003 | Online |
| 3013 | 1245.98 | 1996-10-04 16:32:00 | 2002 | 1003 | Online |
| 3014 | 3721.53 | 1996-10-05 12:45:00 | 2006 | 1001 | Online |
| 3015 |   734.5 | 1996-10-06 13:16:00 | 2004 | 1002 | Online |
| 3016 | 1729.67 | 1996-10-06 13:07:00 | 2006 | 1001 | Online |
| 3017 |   18.69 | 1996-10-03 12:30:00 | 2001 | 1007 | Online |
| 3018 |  767.19 | 1996-10-03 13:45:00 | 2002 | 1001 | Online |
| 3019 |  1900.1 | 1996-10-03 12:05:00 | 2007 | 1004 | Online |
| 3020 | 5160.45 | 1996-10-03 14:00:00 | 2003 | 1007 | Online |
| 3021 | 1098.16 | 1996-10-03 13:37:00 | 2008 | 1007 | Online |
| 3022 | 1713.23 | 1996-10-04 15:21:00 | 2002 | 1003 | Online |
| 3023 |   75.75 | 1996-10-04 16:02:00 | 2002 | 1004 | Online |
| 3024 |    4723 | 1996-10-05 12:07:00 | 2006 | 1002 | Online |
| 3025 | 1309.95 | 1996-10-06 13:12:00 | 2002 | 1002 | Online |
| 3026 | 9891.88 | 1996-10-06 13:09:00 | 2006 | 1001 | Online |
| 3027 | 3455.78 | 1996-10-04 15:21:00 | 2002 | 1003 | Online |
| 3028 | 1245.98 | 1996-10-04 16:32:00 | 2002 | 1003 | Online |
| 3029 | 3721.53 | 1996-10-05 12:45:00 | 2006 | 1001 | Online |
| 3030 |   734.5 | 1996-10-06 13:16:00 | 2004 | 1002 | Online |
| 3031 | 1729.67 | 1996-10-06 13:07:00 | 2006 | 1007 | Online |
| 3032 |    3434 | 1996-01-26 17:09:12 | 2006 | 1007 | Online |
| 3033 |     522 | 1996-12-24 14:23:00 | 2002 | 1002 | Online |
| 3049 |     500 | 1996-03-14 07:45:19 | 2001 | 1003 | Online |
| 3074 |     457 | 1996-04-19 05:13:00 | 2008 | 1007 | Online |
| 3119 |     125 | 1996-07-26 18:37:00 | 2007 | 1001 | Online |
| 4001 |     145 | 1996-05-13 20:47:00 | 2008 | 1003 | Online |
| 4012 |     245 | 1996-03-06 13:07:00 | 2001 | 1002 | Online |
| 4021 |     600 | 1996-08-12 13:07:00 | 2001 | 1002 | Online |
| 4054 |    1200 | 1996-11-22 13:07:00 | 2004 | 1003 | Online |
| 5011 |     138 | 1996-09-14 13:07:00 | 2001 | 1007 | Online |
| 5014 |     980 | 1996-08-23 13:07:00 | 2002 | 1007 | Online |
| 5015 |    2133 | 1996-06-23 13:07:00 | 2004 | 1007 | Online |
| 5016 |    1000 | 1996-03-12 13:07:00 | 2002 | 1007 | Online |
| 5053 |    1500 | 1996-01-01 13:07:00 | 2006 | 1007 | Online |
| 5099 |     790 | 1996-04-24 13:07:00 | 2002 | 1007 | Online |
| 6501 |     125 | 1996-06-13 13:07:00 | 2001 | 1001 | Online |
| 6502 |     535 | 1996-08-24 13:07:00 | 2006 | 1004 | Online |
| 6503 |    1100 | 1996-07-26 13:07:00 | 2006 | 1007 | Online |
| 6504 |    1350 | 1996-07-21 13:07:00 | 2008 | 1007 | Online |
+------+---------+---------------------+------+------+--------+
49 rows in set (0.00 sec)

mysql> select cname,sname from customers c, salespeople s where c.snum = s.snum;
+---------+---------+
| cname   | sname   |
+---------+---------+
| Santosh | Rajan   |
| Joe     | Alax    |
| Raj     | Natasha |
| Grass   | Natasha |
| Raja    | Rajan   |
| Jackson | Monika  |
| William | James   |
| Smith   | James   |
| ADAMS   | James   |
+---------+---------+
9 rows in set (0.00 sec)

mysql> select * from customers c, salespeople s where c.snum = s.snum;
+------+---------+----------+--------+------+------+---------+----------+------+
| CNUM | CNAME   | CITY     | RATING | SNUM | SNUM | SNAME   | CITY     | COMM |
+------+---------+----------+--------+------+------+---------+----------+------+
| 2001 | Santosh | London   |    100 | 1001 | 1001 | Rajan   | London   | 0.12 |
| 2002 | Joe     | Rome     |    200 | 1003 | 1003 | Alax    | New York |  0.1 |
| 2003 | Raj     | San Jose |    200 | 1002 | 1002 | Natasha | San Jose | 0.13 |
| 2004 | Grass   | Berlin   |    300 | 1002 | 1002 | Natasha | San Jose | 0.13 |
| 2006 | Raja    | London   |    100 | 1001 | 1001 | Rajan   | London   | 0.12 |
| 2007 | Jackson | Rome     |    100 | 1004 | 1004 | Monika  | London   | 0.11 |
| 2008 | William | San Jose |    300 | 1007 | 1007 | James   | Derby    | 0.15 |
| 2009 | Smith   | Berlin   |    300 | 1007 | 1007 | James   | Derby    | 0.15 |
| 2010 | ADAMS   | Berlin   |    250 | 1007 | 1007 | James   | Derby    | 0.15 |
+------+---------+----------+--------+------+------+---------+----------+------+
9 rows in set (0.00 sec)

mysql> select c.*, sname, city from customers c, salespeople s where c.snum = s.snum;
ERROR 1052 (23000): Column 'city' in field list is ambiguous
mysql>
mysql>
mysql> select c.*, sname, s.city from customers c, salespeople s where c.snum = s.snum;
+------+---------+----------+--------+------+---------+----------+
| CNUM | CNAME   | CITY     | RATING | SNUM | sname   | city     |
+------+---------+----------+--------+------+---------+----------+
| 2001 | Santosh | London   |    100 | 1001 | Rajan   | London   |
| 2002 | Joe     | Rome     |    200 | 1003 | Alax    | New York |
| 2003 | Raj     | San Jose |    200 | 1002 | Natasha | San Jose |
| 2004 | Grass   | Berlin   |    300 | 1002 | Natasha | San Jose |
| 2006 | Raja    | London   |    100 | 1001 | Rajan   | London   |
| 2007 | Jackson | Rome     |    100 | 1004 | Monika  | London   |
| 2008 | William | San Jose |    300 | 1007 | James   | Derby    |
| 2009 | Smith   | Berlin   |    300 | 1007 | James   | Derby    |
| 2010 | ADAMS   | Berlin   |    250 | 1007 | James   | Derby    |
+------+---------+----------+--------+------+---------+----------+
9 rows in set (0.00 sec)

mysql>
mysql>
mysql>
mysql> select * from customers c, orders o where c.cnum = o.cnum;
+------+---------+----------+--------+------+------+---------+---------------------+------+------+--------+
| CNUM | CNAME   | CITY     | RATING | SNUM | ONUM | AMT     | ODATE               | CNUM | SNUM | type   |
+------+---------+----------+--------+------+------+---------+---------------------+------+------+--------+
| 2001 | Santosh | London   |    100 | 1001 | 3003 |  767.19 | 1996-10-03 13:45:00 | 2001 | 1001 | Online |
| 2001 | Santosh | London   |    100 | 1001 | 3017 |   18.69 | 1996-10-03 12:30:00 | 2001 | 1007 | Online |
| 2001 | Santosh | London   |    100 | 1001 | 3049 |     500 | 1996-03-14 07:45:19 | 2001 | 1003 | Online |
| 2001 | Santosh | London   |    100 | 1001 | 4012 |     245 | 1996-03-06 13:07:00 | 2001 | 1002 | Online |
| 2001 | Santosh | London   |    100 | 1001 | 4021 |     600 | 1996-08-12 13:07:00 | 2001 | 1002 | Online |
| 2001 | Santosh | London   |    100 | 1001 | 5011 |     138 | 1996-09-14 13:07:00 | 2001 | 1007 | Online |
| 2001 | Santosh | London   |    100 | 1001 | 6501 |     125 | 1996-06-13 13:07:00 | 2001 | 1001 | Online |
| 2002 | Joe     | Rome     |    200 | 1003 | 3007 |   75.75 | 1996-10-04 16:02:00 | 2002 | 1003 | Online |
| 2002 | Joe     | Rome     |    200 | 1003 | 3009 | 1713.23 | 1996-10-04 15:21:00 | 2002 | 1003 | Online |
| 2002 | Joe     | Rome     |    200 | 1003 | 3012 | 3455.78 | 1996-10-04 15:21:00 | 2002 | 1003 | Online |
| 2002 | Joe     | Rome     |    200 | 1003 | 3013 | 1245.98 | 1996-10-04 16:32:00 | 2002 | 1003 | Online |
| 2002 | Joe     | Rome     |    200 | 1003 | 3018 |  767.19 | 1996-10-03 13:45:00 | 2002 | 1001 | Online |
| 2002 | Joe     | Rome     |    200 | 1003 | 3022 | 1713.23 | 1996-10-04 15:21:00 | 2002 | 1003 | Online |
| 2002 | Joe     | Rome     |    200 | 1003 | 3023 |   75.75 | 1996-10-04 16:02:00 | 2002 | 1004 | Online |
| 2002 | Joe     | Rome     |    200 | 1003 | 3025 | 1309.95 | 1996-10-06 13:12:00 | 2002 | 1002 | Online |
| 2002 | Joe     | Rome     |    200 | 1003 | 3027 | 3455.78 | 1996-10-04 15:21:00 | 2002 | 1003 | Online |
| 2002 | Joe     | Rome     |    200 | 1003 | 3028 | 1245.98 | 1996-10-04 16:32:00 | 2002 | 1003 | Online |
| 2002 | Joe     | Rome     |    200 | 1003 | 3033 |     522 | 1996-12-24 14:23:00 | 2002 | 1002 | Online |
| 2002 | Joe     | Rome     |    200 | 1003 | 5014 |     980 | 1996-08-23 13:07:00 | 2002 | 1007 | Online |
| 2002 | Joe     | Rome     |    200 | 1003 | 5016 |    1000 | 1996-03-12 13:07:00 | 2002 | 1007 | Online |
| 2002 | Joe     | Rome     |    200 | 1003 | 5099 |     790 | 1996-04-24 13:07:00 | 2002 | 1007 | Online |
| 2003 | Raj     | San Jose |    200 | 1002 | 3005 | 5160.45 | 1996-10-03 14:00:00 | 2003 | 1002 | Online |
| 2003 | Raj     | San Jose |    200 | 1002 | 3020 | 5160.45 | 1996-10-03 14:00:00 | 2003 | 1007 | Online |
| 2004 | Grass   | Berlin   |    300 | 1002 | 3010 | 1309.95 | 1996-10-06 13:12:00 | 2004 | 1002 | Online |
| 2004 | Grass   | Berlin   |    300 | 1002 | 3015 |   734.5 | 1996-10-06 13:16:00 | 2004 | 1002 | Online |
| 2004 | Grass   | Berlin   |    300 | 1002 | 3030 |   734.5 | 1996-10-06 13:16:00 | 2004 | 1002 | Online |
| 2004 | Grass   | Berlin   |    300 | 1002 | 4054 |    1200 | 1996-11-22 13:07:00 | 2004 | 1003 | Online |
| 2004 | Grass   | Berlin   |    300 | 1002 | 5015 |    2133 | 1996-06-23 13:07:00 | 2004 | 1007 | Online |
| 2006 | Raja    | London   |    100 | 1001 | 3008 |    4723 | 1996-10-05 12:07:00 | 2006 | 1001 | Online |
| 2006 | Raja    | London   |    100 | 1001 | 3011 | 9891.88 | 1996-10-06 13:09:00 | 2006 | 1001 | Online |
| 2006 | Raja    | London   |    100 | 1001 | 3014 | 3721.53 | 1996-10-05 12:45:00 | 2006 | 1001 | Online |
| 2006 | Raja    | London   |    100 | 1001 | 3016 | 1729.67 | 1996-10-06 13:07:00 | 2006 | 1001 | Online |
| 2006 | Raja    | London   |    100 | 1001 | 3024 |    4723 | 1996-10-05 12:07:00 | 2006 | 1002 | Online |
| 2006 | Raja    | London   |    100 | 1001 | 3026 | 9891.88 | 1996-10-06 13:09:00 | 2006 | 1001 | Online |
| 2006 | Raja    | London   |    100 | 1001 | 3029 | 3721.53 | 1996-10-05 12:45:00 | 2006 | 1001 | Online |
| 2006 | Raja    | London   |    100 | 1001 | 3031 | 1729.67 | 1996-10-06 13:07:00 | 2006 | 1007 | Online |
| 2006 | Raja    | London   |    100 | 1001 | 3032 |    3434 | 1996-01-26 17:09:12 | 2006 | 1007 | Online |
| 2006 | Raja    | London   |    100 | 1001 | 5053 |    1500 | 1996-01-01 13:07:00 | 2006 | 1007 | Online |
| 2006 | Raja    | London   |    100 | 1001 | 6502 |     535 | 1996-08-24 13:07:00 | 2006 | 1004 | Online |
| 2006 | Raja    | London   |    100 | 1001 | 6503 |    1100 | 1996-07-26 13:07:00 | 2006 | 1007 | Online |
| 2007 | Jackson | Rome     |    100 | 1004 | 3002 |  1900.1 | 1996-10-03 12:05:00 | 2007 | 1004 | Online |
| 2007 | Jackson | Rome     |    100 | 1004 | 3019 |  1900.1 | 1996-10-03 12:05:00 | 2007 | 1004 | Online |
| 2007 | Jackson | Rome     |    100 | 1004 | 3119 |     125 | 1996-07-26 18:37:00 | 2007 | 1001 | Online |
| 2008 | William | San Jose |    300 | 1007 | 3001 |   18.69 | 1996-10-03 12:30:00 | 2008 | 1007 | Online |
| 2008 | William | San Jose |    300 | 1007 | 3006 | 1098.16 | 1996-10-03 13:37:00 | 2008 | 1007 | Online |
| 2008 | William | San Jose |    300 | 1007 | 3021 | 1098.16 | 1996-10-03 13:37:00 | 2008 | 1007 | Online |
| 2008 | William | San Jose |    300 | 1007 | 3074 |     457 | 1996-04-19 05:13:00 | 2008 | 1007 | Online |
| 2008 | William | San Jose |    300 | 1007 | 4001 |     145 | 1996-05-13 20:47:00 | 2008 | 1003 | Online |
| 2008 | William | San Jose |    300 | 1007 | 6504 |    1350 | 1996-07-21 13:07:00 | 2008 | 1007 | Online |
+------+---------+----------+--------+------+------+---------+---------------------+------+------+--------+
49 rows in set (0.02 sec)

mysql> select c.*,  ONUM, AMT, type  from customers c, orders o where c.cnum = o.cnum;
+------+---------+----------+--------+------+------+---------+--------+
| CNUM | CNAME   | CITY     | RATING | SNUM | ONUM | AMT     | type   |
+------+---------+----------+--------+------+------+---------+--------+
| 2001 | Santosh | London   |    100 | 1001 | 3003 |  767.19 | Online |
| 2001 | Santosh | London   |    100 | 1001 | 3017 |   18.69 | Online |
| 2001 | Santosh | London   |    100 | 1001 | 3049 |     500 | Online |
| 2001 | Santosh | London   |    100 | 1001 | 4012 |     245 | Online |
| 2001 | Santosh | London   |    100 | 1001 | 4021 |     600 | Online |
| 2001 | Santosh | London   |    100 | 1001 | 5011 |     138 | Online |
| 2001 | Santosh | London   |    100 | 1001 | 6501 |     125 | Online |
| 2002 | Joe     | Rome     |    200 | 1003 | 3007 |   75.75 | Online |
| 2002 | Joe     | Rome     |    200 | 1003 | 3009 | 1713.23 | Online |
| 2002 | Joe     | Rome     |    200 | 1003 | 3012 | 3455.78 | Online |
| 2002 | Joe     | Rome     |    200 | 1003 | 3013 | 1245.98 | Online |
| 2002 | Joe     | Rome     |    200 | 1003 | 3018 |  767.19 | Online |
| 2002 | Joe     | Rome     |    200 | 1003 | 3022 | 1713.23 | Online |
| 2002 | Joe     | Rome     |    200 | 1003 | 3023 |   75.75 | Online |
| 2002 | Joe     | Rome     |    200 | 1003 | 3025 | 1309.95 | Online |
| 2002 | Joe     | Rome     |    200 | 1003 | 3027 | 3455.78 | Online |
| 2002 | Joe     | Rome     |    200 | 1003 | 3028 | 1245.98 | Online |
| 2002 | Joe     | Rome     |    200 | 1003 | 3033 |     522 | Online |
| 2002 | Joe     | Rome     |    200 | 1003 | 5014 |     980 | Online |
| 2002 | Joe     | Rome     |    200 | 1003 | 5016 |    1000 | Online |
| 2002 | Joe     | Rome     |    200 | 1003 | 5099 |     790 | Online |
| 2003 | Raj     | San Jose |    200 | 1002 | 3005 | 5160.45 | Online |
| 2003 | Raj     | San Jose |    200 | 1002 | 3020 | 5160.45 | Online |
| 2004 | Grass   | Berlin   |    300 | 1002 | 3010 | 1309.95 | Online |
| 2004 | Grass   | Berlin   |    300 | 1002 | 3015 |   734.5 | Online |
| 2004 | Grass   | Berlin   |    300 | 1002 | 3030 |   734.5 | Online |
| 2004 | Grass   | Berlin   |    300 | 1002 | 4054 |    1200 | Online |
| 2004 | Grass   | Berlin   |    300 | 1002 | 5015 |    2133 | Online |
| 2006 | Raja    | London   |    100 | 1001 | 3008 |    4723 | Online |
| 2006 | Raja    | London   |    100 | 1001 | 3011 | 9891.88 | Online |
| 2006 | Raja    | London   |    100 | 1001 | 3014 | 3721.53 | Online |
| 2006 | Raja    | London   |    100 | 1001 | 3016 | 1729.67 | Online |
| 2006 | Raja    | London   |    100 | 1001 | 3024 |    4723 | Online |
| 2006 | Raja    | London   |    100 | 1001 | 3026 | 9891.88 | Online |
| 2006 | Raja    | London   |    100 | 1001 | 3029 | 3721.53 | Online |
| 2006 | Raja    | London   |    100 | 1001 | 3031 | 1729.67 | Online |
| 2006 | Raja    | London   |    100 | 1001 | 3032 |    3434 | Online |
| 2006 | Raja    | London   |    100 | 1001 | 5053 |    1500 | Online |
| 2006 | Raja    | London   |    100 | 1001 | 6502 |     535 | Online |
| 2006 | Raja    | London   |    100 | 1001 | 6503 |    1100 | Online |
| 2007 | Jackson | Rome     |    100 | 1004 | 3002 |  1900.1 | Online |
| 2007 | Jackson | Rome     |    100 | 1004 | 3019 |  1900.1 | Online |
| 2007 | Jackson | Rome     |    100 | 1004 | 3119 |     125 | Online |
| 2008 | William | San Jose |    300 | 1007 | 3001 |   18.69 | Online |
| 2008 | William | San Jose |    300 | 1007 | 3006 | 1098.16 | Online |
| 2008 | William | San Jose |    300 | 1007 | 3021 | 1098.16 | Online |
| 2008 | William | San Jose |    300 | 1007 | 3074 |     457 | Online |
| 2008 | William | San Jose |    300 | 1007 | 4001 |     145 | Online |
| 2008 | William | San Jose |    300 | 1007 | 6504 |    1350 | Online |
+------+---------+----------+--------+------+------+---------+--------+
49 rows in set (0.00 sec)

mysql> 2002 | Joe     | Rome     |    200 | 1003 | 3007 |   75.75 | Online |
    -> | 2002 | Joe     | Rome     |    200 | 1003 | 3009 | 1713.23 | Online |
    -> | 2002 | Joe     | Rome     |    200 | 1003 | 3012 | 3455.78 | Online |
    -> | 2002 | Joe     | Rome     |    200 | 1003 | 3013 | 1245.98 | Online |
    -> | 2002 | Joe     | Rome     |    200 | 1003 | 3018 |  767.19 | Online |
    -> | 2002 | Joe     | Rome     |    200 | 1003 | 3022 | 1713.23 | Online |
    -> | 2002 | Joe     | Rome     |    200 | 1003 | 3023 |   75.75 | Online |
    -> | 2002 | Joe     | Rome     |    200 | 1003 | 3025 | 1309.95 | Online |
    -> | 2002 | Joe     | Rome     |    200 | 1003 | 3027 | 3455.78 | Online |
    -> | 2002 | Joe     | Rome     |    200 | 1003 | 3028 | 1245.98 | Online |
    -> | 2002 | Joe     | Rome     |    200 | 1003 | 3033 |     522 | Online |
    -> | 2002 | Joe     | Rome     |    200 | 1003 | 5014 |     980 | Online |
    -> | 2002 | Joe     | Rome     |    200 | 1003 | 5016 |    1000 | Online |
    -> ^C
mysql>
mysql>
mysql> select cname, sum(amt) from customers c, orders o where c.cnum = o.cnum;
+---------+-------------------+
| cname   | sum(amt)          |
+---------+-------------------+
| Santosh | 91970.72021102905 |
+---------+-------------------+
1 row in set (0.00 sec)

mysql> select cname, sum(amt) from customers c, orders o where c.cnum = o.cnum group by cname;
+---------+--------------------+
| cname   | sum(amt)           |
+---------+--------------------+
| William |  4167.010068893433 |
| Jackson |  3925.199951171875 |
| Santosh |  2393.880002975464 |
| Raj     |    10320.900390625 |
| Joe     |  18350.61993408203 |
| Raja    | 46701.159912109375 |
| Grass   |  6111.949951171875 |
+---------+--------------------+
7 rows in set (0.00 sec)

mysql> select cname, round(sum(amt), 2)  from customers c, orders o where c.cnum = o.cnum group by cname;
+---------+--------------------+
| cname   | round(sum(amt), 2) |
+---------+--------------------+
| William |            4167.01 |
| Jackson |             3925.2 |
| Santosh |            2393.88 |
| Raj     |            10320.9 |
| Joe     |           18350.62 |
| Raja    |           46701.16 |
| Grass   |            6111.95 |
+---------+--------------------+
7 rows in set (0.00 sec)

mysql> select cname, round(sum(amt), 2) R1  from customers c, orders o where c.cnum = o.cnum group by cname;
+---------+----------+
| cname   | R1       |
+---------+----------+
| William |  4167.01 |
| Jackson |   3925.2 |
| Santosh |  2393.88 |
| Raj     |  10320.9 |
| Joe     | 18350.62 |
| Raja    | 46701.16 |
| Grass   |  6111.95 |
+---------+----------+
7 rows in set (0.00 sec)

mysql> select row_number() over() R1, cname, round(sum(amt), 2) R2  from customers c, orders o where c.cnum = o.cnum group by cname;
+----+---------+----------+
| R1 | cname   | R2       |
+----+---------+----------+
|  1 | William |  4167.01 |
|  2 | Jackson |   3925.2 |
|  3 | Santosh |  2393.88 |
|  4 | Raj     |  10320.9 |
|  5 | Joe     | 18350.62 |
|  6 | Raja    | 46701.16 |
|  7 | Grass   |  6111.95 |
+----+---------+----------+
7 rows in set (0.00 sec)

mysql> select row_number() over() R1, cname, round(sum(amt), 2) R2  from customers c, orders o where c.cnum = o.cnum group by cname order by r1 desc;
+----+---------+----------+
| R1 | cname   | R2       |
+----+---------+----------+
|  7 | William |  4167.01 |
|  6 | Jackson |   3925.2 |
|  5 | Raja    | 46701.16 |
|  4 | Grass   |  6111.95 |
|  3 | Raj     |  10320.9 |
|  2 | Joe     | 18350.62 |
|  1 | Santosh |  2393.88 |
+----+---------+----------+
7 rows in set (0.00 sec)

mysql> select row_number() over() R1, cname, round(sum(amt), 2) R2  from customers c, orders o where c.cnum = o.cnum group by cname order by r2 desc;
+----+---------+----------+
| R1 | cname   | R2       |
+----+---------+----------+
|  5 | Raja    | 46701.16 |
|  2 | Joe     | 18350.62 |
|  3 | Raj     |  10320.9 |
|  4 | Grass   |  6111.95 |
|  7 | William |  4167.01 |
|  6 | Jackson |   3925.2 |
|  1 | Santosh |  2393.88 |
+----+---------+----------+
7 rows in set (0.00 sec)

mysql> select row_number() over() R1, cname, round(sum(amt), 2) R2  from customers c, orders o where c.cnum = o.cnum group by cname order by r2 desc limit 1;
+----+-------+----------+
| R1 | cname | R2       |
+----+-------+----------+
|  5 | Raja  | 46701.16 |
+----+-------+----------+
1 row in set (0.00 sec)

mysql> desc emp1;
+----------+-------------+------+-----+---------+-------+
| Field    | Type        | Null | Key | Default | Extra |
+----------+-------------+------+-----+---------+-------+
| EMPNO    | int         | NO   | PRI | NULL    |       |
| ENAME    | varchar(12) | YES  |     | NULL    |       |
| JOB      | varchar(20) | YES  |     | NULL    |       |
| MGR      | int         | YES  | MUL | NULL    |       |
| HIREDATE | datetime    | YES  |     | NULL    |       |
| SAL      | float(7,2)  | YES  |     | NULL    |       |
| COMM     | float(7,2)  | YES  |     | NULL    |       |
| DEPTNO   | int         | NO   | MUL | NULL    |       |
| HOBBYID  | int         | YES  |     | NULL    |       |
| BONUSID  | int         | YES  |     | NULL    |       |
+----------+-------------+------+-----+---------+-------+
10 rows in set (0.00 sec)

mysql> desc dept1;
+------------+-------------+------+-----+---------+-------+
| Field      | Type        | Null | Key | Default | Extra |
+------------+-------------+------+-----+---------+-------+
| DEPTNO     | int         | NO   | PRI | NULL    |       |
| DNAME      | varchar(20) | YES  |     | NULL    |       |
| LOCATIONID | int         | YES  |     | NULL    |       |
+------------+-------------+------+-----+---------+-------+
3 rows in set (0.00 sec)

mysql> desc location;
+--------------+-------------+------+-----+---------+-------+
| Field        | Type        | Null | Key | Default | Extra |
+--------------+-------------+------+-----+---------+-------+
| LOCATIONID   | int         | NO   | PRI | NULL    |       |
| LOCATIONNAME | varchar(10) | YES  |     | NULL    |       |
+--------------+-------------+------+-----+---------+-------+
2 rows in set (0.00 sec)

mysql> desc hobby;
+----------+----------+------+-----+---------+-------+
| Field    | Type     | Null | Key | Default | Extra |
+----------+----------+------+-----+---------+-------+
| HOBBYID  | int      | YES  |     | NULL    |       |
| HOBBY    | char(16) | YES  |     | NULL    |       |
| WALLETID | int      | YES  |     | NULL    |       |
+----------+----------+------+-----+---------+-------+
3 rows in set (0.00 sec)

mysql> select ename, dname,LOCATIONNAME,HOBBY from emp1, dept1,location, hobby where emp1.deptno = dept1.deptno and dept1.locationid = location.locationid and emp1.HOBBYID = hobby.HOBBYID;
+-------------+---------------------+--------------+----------------+
| ename       | dname               | LOCATIONNAME | HOBBY          |
+-------------+---------------------+--------------+----------------+
| Alice       | IT NETWORK          | CHICAGO      | Hang Gliding   |
| Victor      | IT NETWORK          | CHICAGO      | Hang Gliding   |
| William     | IT NETWORK          | CHICAGO      | Hang Gliding   |
| Matthew     | PUBLIC RELATIONS    | BOSTON       | Hang Gliding   |
| MAI         | IT NETWORK          | CHICAGO      | Traveling      |
| ZARIA       | IT NETWORK          | CHICAGO      | Traveling      |
| MAYA        | IT NETWORK          | CHICAGO      | Traveling      |
| ROSE        | IT NETWORK          | CHICAGO      | Traveling      |
| KATE        | PUBLIC RELATIONS    | BOSTON       | Traveling      |
| TINA        | PUBLIC RELATIONS    | BOSTON       | Traveling      |
| MARY        | PUBLIC RELATIONS    | BOSTON       | Traveling      |
| TESSA       | PUBLIC RELATIONS    | BOSTON       | Traveling      |
| SHERLOCK    | OPERATIONS          | BOSTON       | Bowling        |
| STEPHEN     | OPERATIONS          | BOSTON       | Bowling        |
| Aaron       | PRODUCTION          | FLORIDA      | Bowling        |
| Alexander   | FINANCE             | NEW YORK     | Bungee Jumping |
| Brooke      | PURCHASE            | CALIFORNIA   | Reading        |
| Bruce       | SHIPPING            | BOSTON       | Fishing        |
| Eli         | SALES               | CHICAGO      | Fishing        |
| shelley     | MATERIALS SCIENCE   | NEW YORK     | Fishing        |
| Clive       | PURCHASE            | CALIFORNIA   | Bungee Jumping |
| Christopher | COMMERCIAL          | CALIFORNIA   | Reading        |
| ely         | IT NETWORK          | CHICAGO      | Astrology      |
| SHERLOCK    | OPERATIONS          | BOSTON       | Fishing        |
| AARON       | PRODUCTION          | FLORIDA      | Reading        |
| ALEXANDER   | CONTROLS            | INDIANA      | Dancing        |
| BROOKE      | IT                  | DALLAS       | Traveling      |
| BRUCE       | OPERATIONS RESEARCH | MARYLAND     | Bungee Jumping |
| CHRISTOPHER | CAREER SERVICES     | DALLAS       | Horse Riding   |
| CLIVE       | SHIPPING            | BOSTON       | Windsurfing    |
| joe         | COMMERCIAL          | CALIFORNIA   | Astrology      |
| DIRK        | PRODUCTION          | FLORIDA      | Horse Riding   |
| ELI         | CONTROLS            | INDIANA      | Fishing        |
| ELY         | RETAIL SALES        | DALLAS       | Fishing        |
| TROY        | PUBLIC RELATIONS    | BOSTON       | Bowling        |
| ALLEN       | SALES               | CHICAGO      | Bowling        |
| WARD        | SALES               | CHICAGO      | Windsurfing    |
| JONES       | RESEARCH            | DALLAS       | Shopping       |
| MARTIN      | SALES               | CHICAGO      | Fishing        |
| BLAKE       | SALES               | CHICAGO      | Fishing        |
| CLARK       | ACCOUNTING          | NEW YORK     | Swimming       |
| SCOTT       | RESEARCH            | DALLAS       | Fishing        |
| KING        | ACCOUNTING          | NEW YORK     | Windsurfing    |
| ADAMS       | RESEARCH            | DALLAS       | Swimming       |
| STEPHEN     | IT HELPDESK         | NEW YORK     | Bowling        |
| JAMES       | SALES               | CHICAGO      | Swimming       |
| MILLER      | ACCOUNTING          | NEW YORK     | Shopping       |
| troy        | OPERATIONS          | BOSTON       | Bungee Jumping |
+-------------+---------------------+--------------+----------------+
48 rows in set (0.08 sec)

mysql> select ename, deptno from enp1;
ERROR 1146 (42S02): Table 'db1.enp1' doesn't exist
mysql> select ename, deptno from emp1;
+-------------+--------+
| ename       | deptno |
+-------------+--------+
| Alice       |    150 |
| Victor      |    150 |
| Jack        |    150 |
| William     |    150 |
| Rose        |    150 |
| Kate        |    160 |
| William     |    160 |
| Matthew     |    160 |
| MAI         |    150 |
| ZARIA       |    150 |
| MAYA        |    150 |
| ROSE        |    150 |
| KATE        |    160 |
| TINA        |    160 |
| MARY        |    160 |
| TESSA       |    160 |
| STEVEN      |     40 |
| SHERLOCK    |     40 |
| STEPHEN     |     40 |
| Aaron       |     60 |
| Alexander   |     90 |
| Brooke      |     50 |
| Bruce       |    120 |
| Eli         |     30 |
| shelley     |    170 |
| Clive       |     50 |
| Christopher |    190 |
| Dirk        |     60 |
| ely         |    150 |
| SHERLOCK    |     40 |
| AARON       |     60 |
| ALEXANDER   |     70 |
| BROOKE      |    100 |
| BRUCE       |     80 |
| CHRISTOPHER |    180 |
| CLIVE       |    120 |
| joel        |     50 |
| jay         |     50 |
| joe         |    190 |
| matthew     |    100 |
| louis       |     30 |
| DIRK        |     60 |
| ELI         |     70 |
| ELY         |    140 |
| SMITH       |     20 |
| TROY        |    160 |
| ALLEN       |     30 |
| WARD        |     30 |
| JONES       |     20 |
| MARTIN      |     30 |
| BLAKE       |     30 |
| CLARK       |     10 |
| SCOTT       |     20 |
| KING        |     10 |
| TURNER      |     30 |
| ADAMS       |     20 |
| STEPHEN     |    130 |
| JAMES       |     30 |
| FORD        |     20 |
| MILLER      |     10 |
| THOMAS      |     50 |
| SHELLEY     |    180 |
| stephen     |    110 |
| thomas      |    200 |
| sherlock    |     40 |
| sherlock    |    130 |
| troy        |     40 |
| stephen     |    170 |
+-------------+--------+
68 rows in set (0.00 sec)

mysql> select dname, deptno from dept1;
+---------------------+--------+
| dname               | deptno |
+---------------------+--------+
| ACCOUNTING          |     10 |
| RESEARCH            |     20 |
| SALES               |     30 |
| OPERATIONS          |     40 |
| PURCHASE            |     50 |
| PRODUCTION          |     60 |
| CONTROLS            |     70 |
| OPERATIONS RESEARCH |     80 |
| FINANCE             |     90 |
| IT                  |    100 |
| IT SUPPORT          |    110 |
| SHIPPING            |    120 |
| IT HELPDESK         |    130 |
| RETAIL SALES        |    140 |
| IT NETWORK          |    150 |
| PUBLIC RELATIONS    |    160 |
| MATERIALS SCIENCE   |    170 |
| CAREER SERVICES     |    180 |
| COMMERCIAL          |    190 |
| ECONOMICS           |    200 |
| HRD                 |    201 |
+---------------------+--------+
21 rows in set (0.00 sec)

mysql> select dname, deptno,locationid from dept1;
+---------------------+--------+------------+
| dname               | deptno | locationid |
+---------------------+--------+------------+
| ACCOUNTING          |     10 |          1 |
| RESEARCH            |     20 |          2 |
| SALES               |     30 |          3 |
| OPERATIONS          |     40 |          4 |
| PURCHASE            |     50 |          5 |
| PRODUCTION          |     60 |          6 |
| CONTROLS            |     70 |          7 |
| OPERATIONS RESEARCH |     80 |          8 |
| FINANCE             |     90 |          1 |
| IT                  |    100 |          2 |
| IT SUPPORT          |    110 |          3 |
| SHIPPING            |    120 |          4 |
| IT HELPDESK         |    130 |          1 |
| RETAIL SALES        |    140 |          2 |
| IT NETWORK          |    150 |          3 |
| PUBLIC RELATIONS    |    160 |          4 |
| MATERIALS SCIENCE   |    170 |          1 |
| CAREER SERVICES     |    180 |          2 |
| COMMERCIAL          |    190 |          5 |
| ECONOMICS           |    200 |          6 |
| HRD                 |    201 |          5 |
+---------------------+--------+------------+
21 rows in set (0.00 sec)

mysql> select * from location;
+------------+--------------+
| LOCATIONID | LOCATIONNAME |
+------------+--------------+
|          1 | NEW YORK     |
|          2 | DALLAS       |
|          3 | CHICAGO      |
|          4 | BOSTON       |
|          5 | CALIFORNIA   |
|          6 | FLORIDA      |
|          7 | INDIANA      |
|          8 | MARYLAND     |
|          9 | NEVADA       |
|         10 | LONDON       |
|         11 | GENEVA       |
|         12 | ROMA         |
|         13 | SYDNEY       |
|         14 | TOKYO        |
|         15 | TORONTO      |
|         16 | VENICE       |
|         17 | SINGAPORE    |
|         18 | BEIJING      |
|         19 | NEW DELHI    |
|         20 | MUMBAI       |
+------------+--------------+
20 rows in set (0.00 sec)

mysql> select * from hobby;
+---------+----------------+----------+
| HOBBYID | HOBBY          | WALLETID |
+---------+----------------+----------+
|       1 | Windsurfing    |        1 |
|       2 | Fishing        |        2 |
|       3 | Swimming       |        3 |
|       4 | Shopping       |        4 |
|       5 | Bowling        |        5 |
|       6 | Reading        |        6 |
|       7 | Dancing        |        7 |
|       8 | Traveling      |        8 |
|       9 | Bungee Jumping |        9 |
|      10 | Horse Riding   |       10 |
|      11 | Running        |       11 |
|      12 | Astrology      |       12 |
|      13 | Hang Gliding   |       13 |
+---------+----------------+----------+
13 rows in set (0.00 sec)

mysql> select ename, deptno, hobbyid from emp1;
+-------------+--------+---------+
| ename       | deptno | hobbyid |
+-------------+--------+---------+
| Alice       |    150 |      13 |
| Victor      |    150 |      13 |
| Jack        |    150 |    NULL |
| William     |    150 |      13 |
| Rose        |    150 |    NULL |
| Kate        |    160 |    NULL |
| William     |    160 |    NULL |
| Matthew     |    160 |      13 |
| MAI         |    150 |       8 |
| ZARIA       |    150 |       8 |
| MAYA        |    150 |       8 |
| ROSE        |    150 |       8 |
| KATE        |    160 |       8 |
| TINA        |    160 |       8 |
| MARY        |    160 |       8 |
| TESSA       |    160 |       8 |
| STEVEN      |     40 |    NULL |
| SHERLOCK    |     40 |       5 |
| STEPHEN     |     40 |       5 |
| Aaron       |     60 |       5 |
| Alexander   |     90 |       9 |
| Brooke      |     50 |       6 |
| Bruce       |    120 |       2 |
| Eli         |     30 |       2 |
| shelley     |    170 |       2 |
| Clive       |     50 |       9 |
| Christopher |    190 |       6 |
| Dirk        |     60 |    NULL |
| ely         |    150 |      12 |
| SHERLOCK    |     40 |       2 |
| AARON       |     60 |       6 |
| ALEXANDER   |     70 |       7 |
| BROOKE      |    100 |       8 |
| BRUCE       |     80 |       9 |
| CHRISTOPHER |    180 |      10 |
| CLIVE       |    120 |       1 |
| joel        |     50 |    NULL |
| jay         |     50 |    NULL |
| joe         |    190 |      12 |
| matthew     |    100 |    NULL |
| louis       |     30 |    NULL |
| DIRK        |     60 |      10 |
| ELI         |     70 |       2 |
| ELY         |    140 |       2 |
| SMITH       |     20 |    NULL |
| TROY        |    160 |       5 |
| ALLEN       |     30 |       5 |
| WARD        |     30 |       1 |
| JONES       |     20 |       4 |
| MARTIN      |     30 |       2 |
| BLAKE       |     30 |       2 |
| CLARK       |     10 |       3 |
| SCOTT       |     20 |       2 |
| KING        |     10 |       1 |
| TURNER      |     30 |    NULL |
| ADAMS       |     20 |       3 |
| STEPHEN     |    130 |       5 |
| JAMES       |     30 |       3 |
| FORD        |     20 |    NULL |
| MILLER      |     10 |       4 |
| THOMAS      |     50 |    NULL |
| SHELLEY     |    180 |    NULL |
| stephen     |    110 |    NULL |
| thomas      |    200 |    NULL |
| sherlock    |     40 |    NULL |
| sherlock    |    130 |    NULL |
| troy        |     40 |       9 |
| stephen     |    170 |    NULL |
+-------------+--------+---------+
68 rows in set (0.00 sec)

mysql> select ename, dname,LOCATIONNAME,HOBBY from emp1, dept1,location, hobby where emp1.deptno = dept1.deptno and dept1.locationid = location.locationid and emp1.HOBBYID = hobby.HOBBYID into outfile "c:\abc.csv" fields terminated by ",";
Query OK, 48 rows affected (0.00 sec)

mysql> select * from dept1;
+--------+---------------------+------------+
| DEPTNO | DNAME               | LOCATIONID |
+--------+---------------------+------------+
|     10 | ACCOUNTING          |          1 |
|     20 | RESEARCH            |          2 |
|     30 | SALES               |          3 |
|     40 | OPERATIONS          |          4 |
|     50 | PURCHASE            |          5 |
|     60 | PRODUCTION          |          6 |
|     70 | CONTROLS            |          7 |
|     80 | OPERATIONS RESEARCH |          8 |
|     90 | FINANCE             |          1 |
|    100 | IT                  |          2 |
|    110 | IT SUPPORT          |          3 |
|    120 | SHIPPING            |          4 |
|    130 | IT HELPDESK         |          1 |
|    140 | RETAIL SALES        |          2 |
|    150 | IT NETWORK          |          3 |
|    160 | PUBLIC RELATIONS    |          4 |
|    170 | MATERIALS SCIENCE   |          1 |
|    180 | CAREER SERVICES     |          2 |
|    190 | COMMERCIAL          |          5 |
|    200 | ECONOMICS           |          6 |
|    201 | HRD                 |          5 |
+--------+---------------------+------------+
21 rows in set (0.00 sec)

mysql> update dept1 set deptno = -1 where deptno=150;
ERROR 1451 (23000): Cannot delete or update a parent row: a foreign key constraint fails (`db1`.`emp1`, CONSTRAINT `EMP1_FOREIGN_KEY1` FOREIGN KEY (`DEPTNO`) REFERENCES `dept1` (`DEPTNO`))
mysql>
mysql>
mysql>
mysql> use db2
Database changed
mysql> create table 1(c1 int);
ERROR 1064 (42000): You have an error in your SQL syntax; check the manual that corresponds to your MySQL server version for the right syntax to use near '1(c1 int)' at line 1
mysql> create table a1(c1 int);
Query OK, 0 rows affected (0.17 sec)

mysql> create table a2(c1 int);
Query OK, 0 rows affected (0.11 sec)

mysql> insert into a1 values(1),(2),(3);
Query OK, 3 rows affected (0.00 sec)
Records: 3  Duplicates: 0  Warnings: 0

mysql> select * from a1;
+------+
| c1   |
+------+
|    1 |
|    2 |
|    3 |
+------+
3 rows in set (0.00 sec)

mysql> insert into a2 values(2),(3),(4);
Query OK, 3 rows affected (0.00 sec)
Records: 3  Duplicates: 0  Warnings: 0

mysql> commit;
Query OK, 0 rows affected (0.04 sec)

mysql> select * from a1;
+------+
| c1   |
+------+
|    1 |
|    2 |
|    3 |
+------+
3 rows in set (0.00 sec)

mysql> select * from a2;
+------+
| c1   |
+------+
|    2 |
|    3 |
|    4 |
+------+
3 rows in set (0.00 sec)

mysql> select * from a1, a2 where a1.c1 = a2.c1;
+------+------+
| c1   | c1   |
+------+------+
|    2 |    2 |
|    3 |    3 |
+------+------+
2 rows in set (0.00 sec)

mysql> create table a3(c1 int);
Query OK, 0 rows affected (0.12 sec)

mysql> insert into a2 values(2);
Query OK, 1 row affected (0.00 sec)

mysql> rollback;
Query OK, 0 rows affected (0.02 sec)

mysql> insert into a3 values(2);
Query OK, 1 row affected (0.00 sec)

mysql> select * from a1;
+------+
| c1   |
+------+
|    1 |
|    2 |
|    3 |
+------+
3 rows in set (0.00 sec)

mysql> select * from a2;
+------+
| c1   |
+------+
|    2 |
|    3 |
|    4 |
+------+
3 rows in set (0.00 sec)

mysql> select * from a3;
+------+
| c1   |
+------+
|    2 |
+------+
1 row in set (0.00 sec)

mysql> select * from a1, a2, a3  where a1.c1 = a2.c1 and a2.c1 =a3.c1;
+------+------+------+
| c1   | c1   | c1   |
+------+------+------+
|    2 |    2 |    2 |
+------+------+------+
1 row in set (0.00 sec)

mysql> select * from softdrink, menucard;
ERROR 1146 (42S02): Table 'db2.softdrink' doesn't exist
mysql> select * from db1.softdrink, db1.menucard;
+------+----------------------+------+------+------------------------------+------+
| ID   | NAME                 | RATE | ID   | NAME                         | RATE |
+------+----------------------+------+------+------------------------------+------+
|    5 | Iced Tea             |   35 |   14 | Onion Hamburger              |  115 |
|    4 | Frozen Fanta Cherry  |   65 |   14 | Onion Hamburger              |  115 |
|    3 | Diet Coke            |   60 |   14 | Onion Hamburger              |  115 |
|    2 | Mello Yello          |   75 |   14 | Onion Hamburger              |  115 |
|    1 | Coca-Cola            |   45 |   14 | Onion Hamburger              |  115 |
|    5 | Iced Tea             |   35 |    6 | Extra Long Cheeseburger      |  100 |
|    4 | Frozen Fanta Cherry  |   65 |    6 | Extra Long Cheeseburger      |  100 |
|    3 | Diet Coke            |   60 |    6 | Extra Long Cheeseburger      |  100 |
|    2 | Mello Yello          |   75 |    6 | Extra Long Cheeseburger      |  100 |
|    1 | Coca-Cola            |   45 |    6 | Extra Long Cheeseburger      |  100 |
|    5 | Iced Tea             |   35 |    2 | Double Stacker               |  125 |
|    4 | Frozen Fanta Cherry  |   65 |    2 | Double Stacker               |  125 |
|    3 | Diet Coke            |   60 |    2 | Double Stacker               |  125 |
|    2 | Mello Yello          |   75 |    2 | Double Stacker               |  125 |
|    1 | Coca-Cola            |   45 |    2 | Double Stacker               |  125 |
|    5 | Iced Tea             |   35 |    8 | Double Cheeseburger          |  100 |
|    4 | Frozen Fanta Cherry  |   65 |    8 | Double Cheeseburger          |  100 |
|    3 | Diet Coke            |   60 |    8 | Double Cheeseburger          |  100 |
|    2 | Mello Yello          |   75 |    8 | Double Cheeseburger          |  100 |
|    1 | Coca-Cola            |   45 |    8 | Double Cheeseburger          |  100 |
|    5 | Iced Tea             |   35 |   13 | Cheese Hamburger             |  125 |
|    4 | Frozen Fanta Cherry  |   65 |   13 | Cheese Hamburger             |  125 |
|    3 | Diet Coke            |   60 |   13 | Cheese Hamburger             |  125 |
|    2 | Mello Yello          |   75 |   13 | Cheese Hamburger             |  125 |
|    1 | Coca-Cola            |   45 |   13 | Cheese Hamburger             |  125 |
|    5 | Iced Tea             |   35 |    4 | Hamburger                    |   85 |
|    4 | Frozen Fanta Cherry  |   65 |    4 | Hamburger                    |   85 |
|    3 | Diet Coke            |   60 |    4 | Hamburger                    |   85 |
|    2 | Mello Yello          |   75 |    4 | Hamburger                    |   85 |
|    1 | Coca-Cola            |   45 |    4 | Hamburger                    |   85 |
|    5 | Iced Tea             |   35 |   11 | Classic Grilled Dog          |   95 |
|    4 | Frozen Fanta Cherry  |   65 |   11 | Classic Grilled Dog          |   95 |
|    3 | Diet Coke            |   60 |   11 | Classic Grilled Dog          |   95 |
|    2 | Mello Yello          |   75 |   11 | Classic Grilled Dog          |   95 |
|    1 | Coca-Cola            |   45 |   11 | Classic Grilled Dog          |   95 |
|    5 | Iced Tea             |   35 |    1 | Chili Cheese Grilled Dog     |  115 |
|    4 | Frozen Fanta Cherry  |   65 |    1 | Chili Cheese Grilled Dog     |  115 |
|    3 | Diet Coke            |   60 |    1 | Chili Cheese Grilled Dog     |  115 |
|    2 | Mello Yello          |   75 |    1 | Chili Cheese Grilled Dog     |  115 |
|    1 | Coca-Cola            |   45 |    1 | Chili Cheese Grilled Dog     |  115 |
|    5 | Iced Tea             |   35 |    7 | Flame Grilled Chicken Burger |  135 |
|    4 | Frozen Fanta Cherry  |   65 |    7 | Flame Grilled Chicken Burger |  135 |
|    3 | Diet Coke            |   60 |    7 | Flame Grilled Chicken Burger |  135 |
|    2 | Mello Yello          |   75 |    7 | Flame Grilled Chicken Burger |  135 |
|    1 | Coca-Cola            |   45 |    7 | Flame Grilled Chicken Burger |  135 |
|    5 | Iced Tea             |   35 |    3 | Original Chicken Sandwich    |   55 |
|    4 | Frozen Fanta Cherry  |   65 |    3 | Original Chicken Sandwich    |   55 |
|    3 | Diet Coke            |   60 |    3 | Original Chicken Sandwich    |   55 |
|    2 | Mello Yello          |   75 |    3 | Original Chicken Sandwich    |   55 |
|    1 | Coca-Cola            |   45 |    3 | Original Chicken Sandwich    |   55 |
|    5 | Iced Tea             |   35 |    9 | McALLO TIKKI                 |   45 |
|    4 | Frozen Fanta Cherry  |   65 |    9 | McALLO TIKKI                 |   45 |
|    3 | Diet Coke            |   60 |    9 | McALLO TIKKI                 |   45 |
|    2 | Mello Yello          |   75 |    9 | McALLO TIKKI                 |   45 |
|    1 | Coca-Cola            |   45 |    9 | McALLO TIKKI                 |   45 |
|    5 | Iced Tea             |   35 |   12 | Veg Maharaja Mac             |   75 |
|    4 | Frozen Fanta Cherry  |   65 |   12 | Veg Maharaja Mac             |   75 |
|    3 | Diet Coke            |   60 |   12 | Veg Maharaja Mac             |   75 |
|    2 | Mello Yello          |   75 |   12 | Veg Maharaja Mac             |   75 |
|    1 | Coca-Cola            |   45 |   12 | Veg Maharaja Mac             |   75 |
|    5 | Iced Tea             |   35 |    5 | Big Spicy Chicken Wrap       |  100 |
|    4 | Frozen Fanta Cherry  |   65 |    5 | Big Spicy Chicken Wrap       |  100 |
|    3 | Diet Coke            |   60 |    5 | Big Spicy Chicken Wrap       |  100 |
|    2 | Mello Yello          |   75 |    5 | Big Spicy Chicken Wrap       |  100 |
|    1 | Coca-Cola            |   45 |    5 | Big Spicy Chicken Wrap       |  100 |
|    5 | Iced Tea             |   35 |   15 | Cheese Onion Hamburger       |  145 |
|    4 | Frozen Fanta Cherry  |   65 |   15 | Cheese Onion Hamburger       |  145 |
|    3 | Diet Coke            |   60 |   15 | Cheese Onion Hamburger       |  145 |
|    2 | Mello Yello          |   75 |   15 | Cheese Onion Hamburger       |  145 |
|    1 | Coca-Cola            |   45 |   15 | Cheese Onion Hamburger       |  145 |
|    5 | Iced Tea             |   35 |   10 | McVeggie Schezwan            |   85 |
|    4 | Frozen Fanta Cherry  |   65 |   10 | McVeggie Schezwan            |   85 |
|    3 | Diet Coke            |   60 |   10 | McVeggie Schezwan            |   85 |
|    2 | Mello Yello          |   75 |   10 | McVeggie Schezwan            |   85 |
|    1 | Coca-Cola            |   45 |   10 | McVeggie Schezwan            |   85 |
+------+----------------------+------+------+------------------------------+------+
75 rows in set (0.00 sec)

mysql> use db1;
Database changed
mysql>
mysql>
mysql> select * from softdrink, menucard;
+------+----------------------+------+------+------------------------------+------+
| ID   | NAME                 | RATE | ID   | NAME                         | RATE |
+------+----------------------+------+------+------------------------------+------+
|    5 | Iced Tea             |   35 |   14 | Onion Hamburger              |  115 |
|    4 | Frozen Fanta Cherry  |   65 |   14 | Onion Hamburger              |  115 |
|    3 | Diet Coke            |   60 |   14 | Onion Hamburger              |  115 |
|    2 | Mello Yello          |   75 |   14 | Onion Hamburger              |  115 |
|    1 | Coca-Cola            |   45 |   14 | Onion Hamburger              |  115 |
|    5 | Iced Tea             |   35 |    6 | Extra Long Cheeseburger      |  100 |
|    4 | Frozen Fanta Cherry  |   65 |    6 | Extra Long Cheeseburger      |  100 |
|    3 | Diet Coke            |   60 |    6 | Extra Long Cheeseburger      |  100 |
|    2 | Mello Yello          |   75 |    6 | Extra Long Cheeseburger      |  100 |
|    1 | Coca-Cola            |   45 |    6 | Extra Long Cheeseburger      |  100 |
|    5 | Iced Tea             |   35 |    2 | Double Stacker               |  125 |
|    4 | Frozen Fanta Cherry  |   65 |    2 | Double Stacker               |  125 |
|    3 | Diet Coke            |   60 |    2 | Double Stacker               |  125 |
|    2 | Mello Yello          |   75 |    2 | Double Stacker               |  125 |
|    1 | Coca-Cola            |   45 |    2 | Double Stacker               |  125 |
|    5 | Iced Tea             |   35 |    8 | Double Cheeseburger          |  100 |
|    4 | Frozen Fanta Cherry  |   65 |    8 | Double Cheeseburger          |  100 |
|    3 | Diet Coke            |   60 |    8 | Double Cheeseburger          |  100 |
|    2 | Mello Yello          |   75 |    8 | Double Cheeseburger          |  100 |
|    1 | Coca-Cola            |   45 |    8 | Double Cheeseburger          |  100 |
|    5 | Iced Tea             |   35 |   13 | Cheese Hamburger             |  125 |
|    4 | Frozen Fanta Cherry  |   65 |   13 | Cheese Hamburger             |  125 |
|    3 | Diet Coke            |   60 |   13 | Cheese Hamburger             |  125 |
|    2 | Mello Yello          |   75 |   13 | Cheese Hamburger             |  125 |
|    1 | Coca-Cola            |   45 |   13 | Cheese Hamburger             |  125 |
|    5 | Iced Tea             |   35 |    4 | Hamburger                    |   85 |
|    4 | Frozen Fanta Cherry  |   65 |    4 | Hamburger                    |   85 |
|    3 | Diet Coke            |   60 |    4 | Hamburger                    |   85 |
|    2 | Mello Yello          |   75 |    4 | Hamburger                    |   85 |
|    1 | Coca-Cola            |   45 |    4 | Hamburger                    |   85 |
|    5 | Iced Tea             |   35 |   11 | Classic Grilled Dog          |   95 |
|    4 | Frozen Fanta Cherry  |   65 |   11 | Classic Grilled Dog          |   95 |
|    3 | Diet Coke            |   60 |   11 | Classic Grilled Dog          |   95 |
|    2 | Mello Yello          |   75 |   11 | Classic Grilled Dog          |   95 |
|    1 | Coca-Cola            |   45 |   11 | Classic Grilled Dog          |   95 |
|    5 | Iced Tea             |   35 |    1 | Chili Cheese Grilled Dog     |  115 |
|    4 | Frozen Fanta Cherry  |   65 |    1 | Chili Cheese Grilled Dog     |  115 |
|    3 | Diet Coke            |   60 |    1 | Chili Cheese Grilled Dog     |  115 |
|    2 | Mello Yello          |   75 |    1 | Chili Cheese Grilled Dog     |  115 |
|    1 | Coca-Cola            |   45 |    1 | Chili Cheese Grilled Dog     |  115 |
|    5 | Iced Tea             |   35 |    7 | Flame Grilled Chicken Burger |  135 |
|    4 | Frozen Fanta Cherry  |   65 |    7 | Flame Grilled Chicken Burger |  135 |
|    3 | Diet Coke            |   60 |    7 | Flame Grilled Chicken Burger |  135 |
|    2 | Mello Yello          |   75 |    7 | Flame Grilled Chicken Burger |  135 |
|    1 | Coca-Cola            |   45 |    7 | Flame Grilled Chicken Burger |  135 |
|    5 | Iced Tea             |   35 |    3 | Original Chicken Sandwich    |   55 |
|    4 | Frozen Fanta Cherry  |   65 |    3 | Original Chicken Sandwich    |   55 |
|    3 | Diet Coke            |   60 |    3 | Original Chicken Sandwich    |   55 |
|    2 | Mello Yello          |   75 |    3 | Original Chicken Sandwich    |   55 |
|    1 | Coca-Cola            |   45 |    3 | Original Chicken Sandwich    |   55 |
|    5 | Iced Tea             |   35 |    9 | McALLO TIKKI                 |   45 |
|    4 | Frozen Fanta Cherry  |   65 |    9 | McALLO TIKKI                 |   45 |
|    3 | Diet Coke            |   60 |    9 | McALLO TIKKI                 |   45 |
|    2 | Mello Yello          |   75 |    9 | McALLO TIKKI                 |   45 |
|    1 | Coca-Cola            |   45 |    9 | McALLO TIKKI                 |   45 |
|    5 | Iced Tea             |   35 |   12 | Veg Maharaja Mac             |   75 |
|    4 | Frozen Fanta Cherry  |   65 |   12 | Veg Maharaja Mac             |   75 |
|    3 | Diet Coke            |   60 |   12 | Veg Maharaja Mac             |   75 |
|    2 | Mello Yello          |   75 |   12 | Veg Maharaja Mac             |   75 |
|    1 | Coca-Cola            |   45 |   12 | Veg Maharaja Mac             |   75 |
|    5 | Iced Tea             |   35 |    5 | Big Spicy Chicken Wrap       |  100 |
|    4 | Frozen Fanta Cherry  |   65 |    5 | Big Spicy Chicken Wrap       |  100 |
|    3 | Diet Coke            |   60 |    5 | Big Spicy Chicken Wrap       |  100 |
|    2 | Mello Yello          |   75 |    5 | Big Spicy Chicken Wrap       |  100 |
|    1 | Coca-Cola            |   45 |    5 | Big Spicy Chicken Wrap       |  100 |
|    5 | Iced Tea             |   35 |   15 | Cheese Onion Hamburger       |  145 |
|    4 | Frozen Fanta Cherry  |   65 |   15 | Cheese Onion Hamburger       |  145 |
|    3 | Diet Coke            |   60 |   15 | Cheese Onion Hamburger       |  145 |
|    2 | Mello Yello          |   75 |   15 | Cheese Onion Hamburger       |  145 |
|    1 | Coca-Cola            |   45 |   15 | Cheese Onion Hamburger       |  145 |
|    5 | Iced Tea             |   35 |   10 | McVeggie Schezwan            |   85 |
|    4 | Frozen Fanta Cherry  |   65 |   10 | McVeggie Schezwan            |   85 |
|    3 | Diet Coke            |   60 |   10 | McVeggie Schezwan            |   85 |
|    2 | Mello Yello          |   75 |   10 | McVeggie Schezwan            |   85 |
|    1 | Coca-Cola            |   45 |   10 | McVeggie Schezwan            |   85 |
+------+----------------------+------+------+------------------------------+------+
75 rows in set (0.00 sec)

mysql> select * from softdrink cross join menucard;
+------+----------------------+------+------+------------------------------+------+
| ID   | NAME                 | RATE | ID   | NAME                         | RATE |
+------+----------------------+------+------+------------------------------+------+
|    5 | Iced Tea             |   35 |   14 | Onion Hamburger              |  115 |
|    4 | Frozen Fanta Cherry  |   65 |   14 | Onion Hamburger              |  115 |
|    3 | Diet Coke            |   60 |   14 | Onion Hamburger              |  115 |
|    2 | Mello Yello          |   75 |   14 | Onion Hamburger              |  115 |
|    1 | Coca-Cola            |   45 |   14 | Onion Hamburger              |  115 |
|    5 | Iced Tea             |   35 |    6 | Extra Long Cheeseburger      |  100 |
|    4 | Frozen Fanta Cherry  |   65 |    6 | Extra Long Cheeseburger      |  100 |
|    3 | Diet Coke            |   60 |    6 | Extra Long Cheeseburger      |  100 |
|    2 | Mello Yello          |   75 |    6 | Extra Long Cheeseburger      |  100 |
|    1 | Coca-Cola            |   45 |    6 | Extra Long Cheeseburger      |  100 |
|    5 | Iced Tea             |   35 |    2 | Double Stacker               |  125 |
|    4 | Frozen Fanta Cherry  |   65 |    2 | Double Stacker               |  125 |
|    3 | Diet Coke            |   60 |    2 | Double Stacker               |  125 |
|    2 | Mello Yello          |   75 |    2 | Double Stacker               |  125 |
|    1 | Coca-Cola            |   45 |    2 | Double Stacker               |  125 |
|    5 | Iced Tea             |   35 |    8 | Double Cheeseburger          |  100 |
|    4 | Frozen Fanta Cherry  |   65 |    8 | Double Cheeseburger          |  100 |
|    3 | Diet Coke            |   60 |    8 | Double Cheeseburger          |  100 |
|    2 | Mello Yello          |   75 |    8 | Double Cheeseburger          |  100 |
|    1 | Coca-Cola            |   45 |    8 | Double Cheeseburger          |  100 |
|    5 | Iced Tea             |   35 |   13 | Cheese Hamburger             |  125 |
|    4 | Frozen Fanta Cherry  |   65 |   13 | Cheese Hamburger             |  125 |
|    3 | Diet Coke            |   60 |   13 | Cheese Hamburger             |  125 |
|    2 | Mello Yello          |   75 |   13 | Cheese Hamburger             |  125 |
|    1 | Coca-Cola            |   45 |   13 | Cheese Hamburger             |  125 |
|    5 | Iced Tea             |   35 |    4 | Hamburger                    |   85 |
|    4 | Frozen Fanta Cherry  |   65 |    4 | Hamburger                    |   85 |
|    3 | Diet Coke            |   60 |    4 | Hamburger                    |   85 |
|    2 | Mello Yello          |   75 |    4 | Hamburger                    |   85 |
|    1 | Coca-Cola            |   45 |    4 | Hamburger                    |   85 |
|    5 | Iced Tea             |   35 |   11 | Classic Grilled Dog          |   95 |
|    4 | Frozen Fanta Cherry  |   65 |   11 | Classic Grilled Dog          |   95 |
|    3 | Diet Coke            |   60 |   11 | Classic Grilled Dog          |   95 |
|    2 | Mello Yello          |   75 |   11 | Classic Grilled Dog          |   95 |
|    1 | Coca-Cola            |   45 |   11 | Classic Grilled Dog          |   95 |
|    5 | Iced Tea             |   35 |    1 | Chili Cheese Grilled Dog     |  115 |
|    4 | Frozen Fanta Cherry  |   65 |    1 | Chili Cheese Grilled Dog     |  115 |
|    3 | Diet Coke            |   60 |    1 | Chili Cheese Grilled Dog     |  115 |
|    2 | Mello Yello          |   75 |    1 | Chili Cheese Grilled Dog     |  115 |
|    1 | Coca-Cola            |   45 |    1 | Chili Cheese Grilled Dog     |  115 |
|    5 | Iced Tea             |   35 |    7 | Flame Grilled Chicken Burger |  135 |
|    4 | Frozen Fanta Cherry  |   65 |    7 | Flame Grilled Chicken Burger |  135 |
|    3 | Diet Coke            |   60 |    7 | Flame Grilled Chicken Burger |  135 |
|    2 | Mello Yello          |   75 |    7 | Flame Grilled Chicken Burger |  135 |
|    1 | Coca-Cola            |   45 |    7 | Flame Grilled Chicken Burger |  135 |
|    5 | Iced Tea             |   35 |    3 | Original Chicken Sandwich    |   55 |
|    4 | Frozen Fanta Cherry  |   65 |    3 | Original Chicken Sandwich    |   55 |
|    3 | Diet Coke            |   60 |    3 | Original Chicken Sandwich    |   55 |
|    2 | Mello Yello          |   75 |    3 | Original Chicken Sandwich    |   55 |
|    1 | Coca-Cola            |   45 |    3 | Original Chicken Sandwich    |   55 |
|    5 | Iced Tea             |   35 |    9 | McALLO TIKKI                 |   45 |
|    4 | Frozen Fanta Cherry  |   65 |    9 | McALLO TIKKI                 |   45 |
|    3 | Diet Coke            |   60 |    9 | McALLO TIKKI                 |   45 |
|    2 | Mello Yello          |   75 |    9 | McALLO TIKKI                 |   45 |
|    1 | Coca-Cola            |   45 |    9 | McALLO TIKKI                 |   45 |
|    5 | Iced Tea             |   35 |   12 | Veg Maharaja Mac             |   75 |
|    4 | Frozen Fanta Cherry  |   65 |   12 | Veg Maharaja Mac             |   75 |
|    3 | Diet Coke            |   60 |   12 | Veg Maharaja Mac             |   75 |
|    2 | Mello Yello          |   75 |   12 | Veg Maharaja Mac             |   75 |
|    1 | Coca-Cola            |   45 |   12 | Veg Maharaja Mac             |   75 |
|    5 | Iced Tea             |   35 |    5 | Big Spicy Chicken Wrap       |  100 |
|    4 | Frozen Fanta Cherry  |   65 |    5 | Big Spicy Chicken Wrap       |  100 |
|    3 | Diet Coke            |   60 |    5 | Big Spicy Chicken Wrap       |  100 |
|    2 | Mello Yello          |   75 |    5 | Big Spicy Chicken Wrap       |  100 |
|    1 | Coca-Cola            |   45 |    5 | Big Spicy Chicken Wrap       |  100 |
|    5 | Iced Tea             |   35 |   15 | Cheese Onion Hamburger       |  145 |
|    4 | Frozen Fanta Cherry  |   65 |   15 | Cheese Onion Hamburger       |  145 |
|    3 | Diet Coke            |   60 |   15 | Cheese Onion Hamburger       |  145 |
|    2 | Mello Yello          |   75 |   15 | Cheese Onion Hamburger       |  145 |
|    1 | Coca-Cola            |   45 |   15 | Cheese Onion Hamburger       |  145 |
|    5 | Iced Tea             |   35 |   10 | McVeggie Schezwan            |   85 |
|    4 | Frozen Fanta Cherry  |   65 |   10 | McVeggie Schezwan            |   85 |
|    3 | Diet Coke            |   60 |   10 | McVeggie Schezwan            |   85 |
|    2 | Mello Yello          |   75 |   10 | McVeggie Schezwan            |   85 |
|    1 | Coca-Cola            |   45 |   10 | McVeggie Schezwan            |   85 |
+------+----------------------+------+------+------------------------------+------+
75 rows in set (0.00 sec)

mysql> select ename, dname from emp, dept where emp.deptno = dept.deptno;
+----------+------------+
| ename    | dname      |
+----------+------------+
| AARAV    | ACCOUNTING |
| THOMAS   | ACCOUNTING |
| CLARK    | ACCOUNTING |
| KING     | ACCOUNTING |
| MILLER   | ACCOUNTING |
| SHARMIN  | RESEARCH   |
| BANDISH  | RESEARCH   |
| SMITH    | RESEARCH   |
| JONES    | RESEARCH   |
| SCOTT    | RESEARCH   |
| FRED     | RESEARCH   |
| ADAMS    | RESEARCH   |
| FORD     | RESEARCH   |
| GITA     | SALES      |
| ALLEN    | SALES      |
| WARD     | SALES      |
| MARTIN   | SALES      |
| BLAKE    | SALES      |
| TURNER   | SALES      |
| JAMES    | SALES      |
| HOFFMAN  | SALES      |
| GRASS    | SALES      |
| AARUSH   | SALES      |
| ALEX     | SALES      |
| NATASHA  | SALES      |
| VRUSHALI | HR         |
| SANGITA  | HR         |
| SUPRIYA  | HR         |
+----------+------------+
28 rows in set (0.00 sec)

mysql> select ename, dname from emp inner join dept on emp.deptno = dept.deptno;
+----------+------------+
| ename    | dname      |
+----------+------------+
| AARAV    | ACCOUNTING |
| THOMAS   | ACCOUNTING |
| CLARK    | ACCOUNTING |
| KING     | ACCOUNTING |
| MILLER   | ACCOUNTING |
| SHARMIN  | RESEARCH   |
| BANDISH  | RESEARCH   |
| SMITH    | RESEARCH   |
| JONES    | RESEARCH   |
| SCOTT    | RESEARCH   |
| FRED     | RESEARCH   |
| ADAMS    | RESEARCH   |
| FORD     | RESEARCH   |
| GITA     | SALES      |
| ALLEN    | SALES      |
| WARD     | SALES      |
| MARTIN   | SALES      |
| BLAKE    | SALES      |
| TURNER   | SALES      |
| JAMES    | SALES      |
| HOFFMAN  | SALES      |
| GRASS    | SALES      |
| AARUSH   | SALES      |
| ALEX     | SALES      |
| NATASHA  | SALES      |
| VRUSHALI | HR         |
| SANGITA  | HR         |
| SUPRIYA  | HR         |
+----------+------------+
28 rows in set (0.00 sec)

mysql> select ename, dname from emp join dept on emp.deptno = dept.deptno;
+----------+------------+
| ename    | dname      |
+----------+------------+
| AARAV    | ACCOUNTING |
| THOMAS   | ACCOUNTING |
| CLARK    | ACCOUNTING |
| KING     | ACCOUNTING |
| MILLER   | ACCOUNTING |
| SHARMIN  | RESEARCH   |
| BANDISH  | RESEARCH   |
| SMITH    | RESEARCH   |
| JONES    | RESEARCH   |
| SCOTT    | RESEARCH   |
| FRED     | RESEARCH   |
| ADAMS    | RESEARCH   |
| FORD     | RESEARCH   |
| GITA     | SALES      |
| ALLEN    | SALES      |
| WARD     | SALES      |
| MARTIN   | SALES      |
| BLAKE    | SALES      |
| TURNER   | SALES      |
| JAMES    | SALES      |
| HOFFMAN  | SALES      |
| GRASS    | SALES      |
| AARUSH   | SALES      |
| ALEX     | SALES      |
| NATASHA  | SALES      |
| VRUSHALI | HR         |
| SANGITA  | HR         |
| SUPRIYA  | HR         |
+----------+------------+
28 rows in set (0.00 sec)

mysql> use db2;
Database changed
mysql> select * from a1;
+------+
| c1   |
+------+
|    1 |
|    2 |
|    3 |
+------+
3 rows in set (0.00 sec)

mysql> select * from a2;
+------+
| c1   |
+------+
|    2 |
|    3 |
|    4 |
+------+
3 rows in set (0.00 sec)

mysql> select * from a1 left outer join a2 on a1.c1 = a2.c1;
+------+------+
| c1   | c1   |
+------+------+
|    1 | NULL |
|    2 |    2 |
|    3 |    3 |
+------+------+
3 rows in set (0.00 sec)

mysql> select * from a1 right outer join a2 on a1.c1 = a2.c1;
+------+------+
| c1   | c1   |
+------+------+
|    2 |    2 |
|    3 |    3 |
| NULL |    4 |
+------+------+
3 rows in set (0.00 sec)

mysql> select ename, deptno from emp;
ERROR 1146 (42S02): Table 'db2.emp' doesn't exist
mysql> use db1;
Database changed
mysql> select ename, deptno from emp;
+----------+--------+
| ename    | deptno |
+----------+--------+
| GITA     |     30 |
| VRUSHALI |     50 |
| SHARMIN  |     20 |
| BANDISH  |     20 |
| SMITH    |     20 |
| AARAV    |     10 |
| THOMAS   |     10 |
| ALLEN    |     30 |
| WARD     |     30 |
| JONES    |     20 |
| MARTIN   |     30 |
| BLAKE    |     30 |
| CLARK    |     10 |
| SCOTT    |     20 |
| KING     |     10 |
| FRED     |     20 |
| TURNER   |     30 |
| ADAMS    |     20 |
| JAMES    |     30 |
| FORD     |     20 |
| HOFFMAN  |     30 |
| GRASS    |     30 |
| MILLER   |     10 |
| AARUSH   |     30 |
| ALEX     |     30 |
| NATASHA  |     30 |
| SANGITA  |     50 |
| SUPRIYA  |     50 |
+----------+--------+
28 rows in set (0.00 sec)

mysql> select ename, deptno from emp order by 2;
+----------+--------+
| ename    | deptno |
+----------+--------+
| AARAV    |     10 |
| THOMAS   |     10 |
| CLARK    |     10 |
| KING     |     10 |
| MILLER   |     10 |
| SHARMIN  |     20 |
| BANDISH  |     20 |
| SMITH    |     20 |
| JONES    |     20 |
| SCOTT    |     20 |
| FRED     |     20 |
| ADAMS    |     20 |
| FORD     |     20 |
| GITA     |     30 |
| ALLEN    |     30 |
| WARD     |     30 |
| MARTIN   |     30 |
| BLAKE    |     30 |
| TURNER   |     30 |
| JAMES    |     30 |
| HOFFMAN  |     30 |
| GRASS    |     30 |
| AARUSH   |     30 |
| ALEX     |     30 |
| NATASHA  |     30 |
| VRUSHALI |     50 |
| SANGITA  |     50 |
| SUPRIYA  |     50 |
+----------+--------+
28 rows in set (0.00 sec)

mysql> select * from dept;
+--------+------------+----------+------------+------------+
| DEPTNO | DNAME      | LOC      | PWD        | STARTEDON  |
+--------+------------+----------+------------+------------+
|     10 | ACCOUNTING | NEW YORK | r50mpm     | 24/03/1989 |
|     20 | RESEARCH   | DALLAS   | a12recmpm  | 12/04/1989 |
|     30 | SALES      | CHICAGO  | sales@2017 | 13/04/1989 |
|     40 | OPERATIONS | BOSTON   | opr@123    | 12/07/1989 |
|     50 | HR         | PUNE     | PUN@8877   | 22/12/1989 |
+--------+------------+----------+------------+------------+
5 rows in set (0.00 sec)

mysql> select ename, emp.deptno, dept.deptno, dname, loc  from emp right outer  join dept on emp.deptno = dept.deptno;
+----------+--------+--------+------------+----------+
| ename    | deptno | deptno | dname      | loc      |
+----------+--------+--------+------------+----------+
| AARAV    |     10 |     10 | ACCOUNTING | NEW YORK |
| THOMAS   |     10 |     10 | ACCOUNTING | NEW YORK |
| CLARK    |     10 |     10 | ACCOUNTING | NEW YORK |
| KING     |     10 |     10 | ACCOUNTING | NEW YORK |
| MILLER   |     10 |     10 | ACCOUNTING | NEW YORK |
| SHARMIN  |     20 |     20 | RESEARCH   | DALLAS   |
| BANDISH  |     20 |     20 | RESEARCH   | DALLAS   |
| SMITH    |     20 |     20 | RESEARCH   | DALLAS   |
| JONES    |     20 |     20 | RESEARCH   | DALLAS   |
| SCOTT    |     20 |     20 | RESEARCH   | DALLAS   |
| FRED     |     20 |     20 | RESEARCH   | DALLAS   |
| ADAMS    |     20 |     20 | RESEARCH   | DALLAS   |
| FORD     |     20 |     20 | RESEARCH   | DALLAS   |
| GITA     |     30 |     30 | SALES      | CHICAGO  |
| ALLEN    |     30 |     30 | SALES      | CHICAGO  |
| WARD     |     30 |     30 | SALES      | CHICAGO  |
| MARTIN   |     30 |     30 | SALES      | CHICAGO  |
| BLAKE    |     30 |     30 | SALES      | CHICAGO  |
| TURNER   |     30 |     30 | SALES      | CHICAGO  |
| JAMES    |     30 |     30 | SALES      | CHICAGO  |
| HOFFMAN  |     30 |     30 | SALES      | CHICAGO  |
| GRASS    |     30 |     30 | SALES      | CHICAGO  |
| AARUSH   |     30 |     30 | SALES      | CHICAGO  |
| ALEX     |     30 |     30 | SALES      | CHICAGO  |
| NATASHA  |     30 |     30 | SALES      | CHICAGO  |
| NULL     |   NULL |     40 | OPERATIONS | BOSTON   |
| VRUSHALI |     50 |     50 | HR         | PUNE     |
| SANGITA  |     50 |     50 | HR         | PUNE     |
| SUPRIYA  |     50 |     50 | HR         | PUNE     |
+----------+--------+--------+------------+----------+
29 rows in set (0.00 sec)

mysql> select ename, emp.deptno, dept.deptno, dname, loc  from emp left outer join dept on emp.deptno = dept.deptno;
+----------+--------+--------+------------+----------+
| ename    | deptno | deptno | dname      | loc      |
+----------+--------+--------+------------+----------+
| GITA     |     30 |     30 | SALES      | CHICAGO  |
| VRUSHALI |     50 |     50 | HR         | PUNE     |
| SHARMIN  |     20 |     20 | RESEARCH   | DALLAS   |
| BANDISH  |     20 |     20 | RESEARCH   | DALLAS   |
| SMITH    |     20 |     20 | RESEARCH   | DALLAS   |
| AARAV    |     10 |     10 | ACCOUNTING | NEW YORK |
| THOMAS   |     10 |     10 | ACCOUNTING | NEW YORK |
| ALLEN    |     30 |     30 | SALES      | CHICAGO  |
| WARD     |     30 |     30 | SALES      | CHICAGO  |
| JONES    |     20 |     20 | RESEARCH   | DALLAS   |
| MARTIN   |     30 |     30 | SALES      | CHICAGO  |
| BLAKE    |     30 |     30 | SALES      | CHICAGO  |
| CLARK    |     10 |     10 | ACCOUNTING | NEW YORK |
| SCOTT    |     20 |     20 | RESEARCH   | DALLAS   |
| KING     |     10 |     10 | ACCOUNTING | NEW YORK |
| FRED     |     20 |     20 | RESEARCH   | DALLAS   |
| TURNER   |     30 |     30 | SALES      | CHICAGO  |
| ADAMS    |     20 |     20 | RESEARCH   | DALLAS   |
| JAMES    |     30 |     30 | SALES      | CHICAGO  |
| FORD     |     20 |     20 | RESEARCH   | DALLAS   |
| HOFFMAN  |     30 |     30 | SALES      | CHICAGO  |
| GRASS    |     30 |     30 | SALES      | CHICAGO  |
| MILLER   |     10 |     10 | ACCOUNTING | NEW YORK |
| AARUSH   |     30 |     30 | SALES      | CHICAGO  |
| ALEX     |     30 |     30 | SALES      | CHICAGO  |
| NATASHA  |     30 |     30 | SALES      | CHICAGO  |
| SANGITA  |     50 |     50 | HR         | PUNE     |
| SUPRIYA  |     50 |     50 | HR         | PUNE     |
+----------+--------+--------+------------+----------+
28 rows in set (0.00 sec)

mysql> select ename, emp.deptno, dept.deptno, dname, loc  from dept left outer join emp on emp.deptno = dept.deptno;
+----------+--------+--------+------------+----------+
| ename    | deptno | deptno | dname      | loc      |
+----------+--------+--------+------------+----------+
| AARAV    |     10 |     10 | ACCOUNTING | NEW YORK |
| THOMAS   |     10 |     10 | ACCOUNTING | NEW YORK |
| CLARK    |     10 |     10 | ACCOUNTING | NEW YORK |
| KING     |     10 |     10 | ACCOUNTING | NEW YORK |
| MILLER   |     10 |     10 | ACCOUNTING | NEW YORK |
| SHARMIN  |     20 |     20 | RESEARCH   | DALLAS   |
| BANDISH  |     20 |     20 | RESEARCH   | DALLAS   |
| SMITH    |     20 |     20 | RESEARCH   | DALLAS   |
| JONES    |     20 |     20 | RESEARCH   | DALLAS   |
| SCOTT    |     20 |     20 | RESEARCH   | DALLAS   |
| FRED     |     20 |     20 | RESEARCH   | DALLAS   |
| ADAMS    |     20 |     20 | RESEARCH   | DALLAS   |
| FORD     |     20 |     20 | RESEARCH   | DALLAS   |
| GITA     |     30 |     30 | SALES      | CHICAGO  |
| ALLEN    |     30 |     30 | SALES      | CHICAGO  |
| WARD     |     30 |     30 | SALES      | CHICAGO  |
| MARTIN   |     30 |     30 | SALES      | CHICAGO  |
| BLAKE    |     30 |     30 | SALES      | CHICAGO  |
| TURNER   |     30 |     30 | SALES      | CHICAGO  |
| JAMES    |     30 |     30 | SALES      | CHICAGO  |
| HOFFMAN  |     30 |     30 | SALES      | CHICAGO  |
| GRASS    |     30 |     30 | SALES      | CHICAGO  |
| AARUSH   |     30 |     30 | SALES      | CHICAGO  |
| ALEX     |     30 |     30 | SALES      | CHICAGO  |
| NATASHA  |     30 |     30 | SALES      | CHICAGO  |
| NULL     |   NULL |     40 | OPERATIONS | BOSTON   |
| VRUSHALI |     50 |     50 | HR         | PUNE     |
| SANGITA  |     50 |     50 | HR         | PUNE     |
| SUPRIYA  |     50 |     50 | HR         | PUNE     |
+----------+--------+--------+------------+----------+
29 rows in set (0.00 sec)

mysql> select empno, ename from emp;
+-------+----------+
| empno | ename    |
+-------+----------+
|  6001 | GITA     |
|  6129 | VRUSHALI |
|  6473 | SHARMIN  |
|  6781 | BANDISH  |
|  7369 | SMITH    |
|  7415 | AARAV    |
|  7421 | THOMAS   |
|  7499 | ALLEN    |
|  7521 | WARD     |
|  7566 | JONES    |
|  7654 | MARTIN   |
|  7698 | BLAKE    |
|  7782 | CLARK    |
|  7788 | SCOTT    |
|  7839 | KING     |
|  7840 | FRED     |
|  7844 | TURNER   |
|  7876 | ADAMS    |
|  7900 | JAMES    |
|  7902 | FORD     |
|  7919 | HOFFMAN  |
|  7920 | GRASS    |
|  7934 | MILLER   |
|  7945 | AARUSH   |
|  7949 | ALEX     |
|  8433 | NATASHA  |
|  9400 | SANGITA  |
|  9473 | SUPRIYA  |
+-------+----------+
28 rows in set (0.00 sec)

mysql> select * from emp_cards;
+----+-------+-----------------+----------+
| ID | empID | name            | isActive |
+----+-------+-----------------+----------+
|  1 |  7839 | Aadhaar         |        1 |
|  2 |  7839 | Driving Licence |        1 |
|  3 |  7839 | PAN             |        1 |
|  4 |  7839 | Voter ID        |        1 |
|  5 |  7839 | Passport        |        1 |
|  6 |  7839 | Debit           |        1 |
|  7 |  7839 | Credit          |        1 |
|  8 |  7698 | Aadhaar         |        1 |
|  9 |  7698 | Driving Licence |        0 |
| 10 |  7698 | PAN             |        1 |
| 11 |  7698 | Voter ID        |        1 |
| 12 |  7698 | Debit           |        1 |
| 13 |  7782 | Aadhaar         |        1 |
| 14 |  7782 | Driving Licence |        1 |
| 15 |  7782 | PAN             |        1 |
| 16 |  7782 | Passport        |        1 |
| 17 |  7782 | Debit           |        1 |
| 18 |  7566 | Aadhaar         |        1 |
| 19 |  7566 | Driving Licence |        1 |
| 20 |  7566 | PAN             |        1 |
| 21 |  7566 | Passport        |        1 |
| 22 |  7566 | Debit           |        1 |
| 23 |  7566 | Credit          |        1 |
| 24 |  7654 | Aadhaar         |        1 |
| 25 |  7654 | Driving Licence |        0 |
| 26 |  7654 | PAN             |        1 |
| 27 |  7654 | Voter ID        |        1 |
| 28 |  7654 | Passport        |        1 |
| 29 |  7654 | Debit           |        1 |
| 30 |  7654 | Credit          |        1 |
| 31 |  7499 | PAN             |        1 |
| 32 |  7499 | Driving Licence |        1 |
| 33 |  7844 | Aadhaar         |        1 |
| 34 |  7844 | Driving Licence |        1 |
| 35 |  7900 | Aadhaar         |        1 |
| 36 |  7900 | Driving Licence |        1 |
| 37 |  7900 | PAN             |        1 |
| 38 |  7900 | Voter ID        |        1 |
| 39 |  7521 | Driving Licence |        0 |
| 40 |  7521 | PAN             |        1 |
| 41 |  7521 | Debit           |        1 |
| 42 |  7521 | Credit          |        1 |
| 43 |  7902 | Aadhaar         |        1 |
| 44 |  7902 | PAN             |        1 |
| 45 |  7902 | Passport        |        1 |
| 46 |  7902 | Voter ID        |        1 |
| 47 |  7369 | Aadhaar         |        1 |
| 48 |  7788 | Aadhaar         |        1 |
| 49 |  7788 | Driving Licence |        1 |
| 50 |  7788 | PAN             |        1 |
| 51 |  7876 | Aadhaar         |        1 |
| 52 |  7876 | Driving Licence |        1 |
| 53 |  7876 | PAN             |        1 |
| 54 |  7876 | Voter ID        |        1 |
+----+-------+-----------------+----------+
54 rows in set (0.02 sec)

mysql> select empno, ename,empID, name, isActive from emp inner join emp_cards on empno=empid;
ERROR 1052 (23000): Column 'isActive' in field list is ambiguous
mysql> select empno, ename,empID, name from emp inner join emp_cards on empno=empid;
+-------+--------+-------+-----------------+
| empno | ename  | empID | name            |
+-------+--------+-------+-----------------+
|  7839 | KING   |  7839 | Aadhaar         |
|  7839 | KING   |  7839 | Driving Licence |
|  7839 | KING   |  7839 | PAN             |
|  7839 | KING   |  7839 | Voter ID        |
|  7839 | KING   |  7839 | Passport        |
|  7839 | KING   |  7839 | Debit           |
|  7839 | KING   |  7839 | Credit          |
|  7698 | BLAKE  |  7698 | Aadhaar         |
|  7698 | BLAKE  |  7698 | Driving Licence |
|  7698 | BLAKE  |  7698 | PAN             |
|  7698 | BLAKE  |  7698 | Voter ID        |
|  7698 | BLAKE  |  7698 | Debit           |
|  7782 | CLARK  |  7782 | Aadhaar         |
|  7782 | CLARK  |  7782 | Driving Licence |
|  7782 | CLARK  |  7782 | PAN             |
|  7782 | CLARK  |  7782 | Passport        |
|  7782 | CLARK  |  7782 | Debit           |
|  7566 | JONES  |  7566 | Aadhaar         |
|  7566 | JONES  |  7566 | Driving Licence |
|  7566 | JONES  |  7566 | PAN             |
|  7566 | JONES  |  7566 | Passport        |
|  7566 | JONES  |  7566 | Debit           |
|  7566 | JONES  |  7566 | Credit          |
|  7654 | MARTIN |  7654 | Aadhaar         |
|  7654 | MARTIN |  7654 | Driving Licence |
|  7654 | MARTIN |  7654 | PAN             |
|  7654 | MARTIN |  7654 | Voter ID        |
|  7654 | MARTIN |  7654 | Passport        |
|  7654 | MARTIN |  7654 | Debit           |
|  7654 | MARTIN |  7654 | Credit          |
|  7499 | ALLEN  |  7499 | PAN             |
|  7499 | ALLEN  |  7499 | Driving Licence |
|  7844 | TURNER |  7844 | Aadhaar         |
|  7844 | TURNER |  7844 | Driving Licence |
|  7900 | JAMES  |  7900 | Aadhaar         |
|  7900 | JAMES  |  7900 | Driving Licence |
|  7900 | JAMES  |  7900 | PAN             |
|  7900 | JAMES  |  7900 | Voter ID        |
|  7521 | WARD   |  7521 | Driving Licence |
|  7521 | WARD   |  7521 | PAN             |
|  7521 | WARD   |  7521 | Debit           |
|  7521 | WARD   |  7521 | Credit          |
|  7902 | FORD   |  7902 | Aadhaar         |
|  7902 | FORD   |  7902 | PAN             |
|  7902 | FORD   |  7902 | Passport        |
|  7902 | FORD   |  7902 | Voter ID        |
|  7369 | SMITH  |  7369 | Aadhaar         |
|  7788 | SCOTT  |  7788 | Aadhaar         |
|  7788 | SCOTT  |  7788 | Driving Licence |
|  7788 | SCOTT  |  7788 | PAN             |
|  7876 | ADAMS  |  7876 | Aadhaar         |
|  7876 | ADAMS  |  7876 | Driving Licence |
|  7876 | ADAMS  |  7876 | PAN             |
|  7876 | ADAMS  |  7876 | Voter ID        |
+-------+--------+-------+-----------------+
54 rows in set (0.00 sec)

mysql> select distinct  ename  from emp inner join emp_cards on empno=empid;
+--------+
| ename  |
+--------+
| SMITH  |
| ALLEN  |
| WARD   |
| JONES  |
| MARTIN |
| BLAKE  |
| CLARK  |
| SCOTT  |
| KING   |
| TURNER |
| ADAMS  |
| JAMES  |
| FORD   |
+--------+
13 rows in set (0.02 sec)

mysql> select empno, ename,empID, name from emp inner join emp_cards on empno=empid;
+-------+--------+-------+-----------------+
| empno | ename  | empID | name            |
+-------+--------+-------+-----------------+
|  7839 | KING   |  7839 | Aadhaar         |
|  7839 | KING   |  7839 | Driving Licence |
|  7839 | KING   |  7839 | PAN             |
|  7839 | KING   |  7839 | Voter ID        |
|  7839 | KING   |  7839 | Passport        |
|  7839 | KING   |  7839 | Debit           |
|  7839 | KING   |  7839 | Credit          |
|  7698 | BLAKE  |  7698 | Aadhaar         |
|  7698 | BLAKE  |  7698 | Driving Licence |
|  7698 | BLAKE  |  7698 | PAN             |
|  7698 | BLAKE  |  7698 | Voter ID        |
|  7698 | BLAKE  |  7698 | Debit           |
|  7782 | CLARK  |  7782 | Aadhaar         |
|  7782 | CLARK  |  7782 | Driving Licence |
|  7782 | CLARK  |  7782 | PAN             |
|  7782 | CLARK  |  7782 | Passport        |
|  7782 | CLARK  |  7782 | Debit           |
|  7566 | JONES  |  7566 | Aadhaar         |
|  7566 | JONES  |  7566 | Driving Licence |
|  7566 | JONES  |  7566 | PAN             |
|  7566 | JONES  |  7566 | Passport        |
|  7566 | JONES  |  7566 | Debit           |
|  7566 | JONES  |  7566 | Credit          |
|  7654 | MARTIN |  7654 | Aadhaar         |
|  7654 | MARTIN |  7654 | Driving Licence |
|  7654 | MARTIN |  7654 | PAN             |
|  7654 | MARTIN |  7654 | Voter ID        |
|  7654 | MARTIN |  7654 | Passport        |
|  7654 | MARTIN |  7654 | Debit           |
|  7654 | MARTIN |  7654 | Credit          |
|  7499 | ALLEN  |  7499 | PAN             |
|  7499 | ALLEN  |  7499 | Driving Licence |
|  7844 | TURNER |  7844 | Aadhaar         |
|  7844 | TURNER |  7844 | Driving Licence |
|  7900 | JAMES  |  7900 | Aadhaar         |
|  7900 | JAMES  |  7900 | Driving Licence |
|  7900 | JAMES  |  7900 | PAN             |
|  7900 | JAMES  |  7900 | Voter ID        |
|  7521 | WARD   |  7521 | Driving Licence |
|  7521 | WARD   |  7521 | PAN             |
|  7521 | WARD   |  7521 | Debit           |
|  7521 | WARD   |  7521 | Credit          |
|  7902 | FORD   |  7902 | Aadhaar         |
|  7902 | FORD   |  7902 | PAN             |
|  7902 | FORD   |  7902 | Passport        |
|  7902 | FORD   |  7902 | Voter ID        |
|  7369 | SMITH  |  7369 | Aadhaar         |
|  7788 | SCOTT  |  7788 | Aadhaar         |
|  7788 | SCOTT  |  7788 | Driving Licence |
|  7788 | SCOTT  |  7788 | PAN             |
|  7876 | ADAMS  |  7876 | Aadhaar         |
|  7876 | ADAMS  |  7876 | Driving Licence |
|  7876 | ADAMS  |  7876 | PAN             |
|  7876 | ADAMS  |  7876 | Voter ID        |
+-------+--------+-------+-----------------+
54 rows in set (0.00 sec)

mysql> select empno, ename,empID, name from emp left join emp_cards on empno=empid;
+-------+----------+-------+-----------------+
| empno | ename    | empID | name            |
+-------+----------+-------+-----------------+
|  6001 | GITA     |  NULL | NULL            |
|  6129 | VRUSHALI |  NULL | NULL            |
|  6473 | SHARMIN  |  NULL | NULL            |
|  6781 | BANDISH  |  NULL | NULL            |
|  7369 | SMITH    |  7369 | Aadhaar         |
|  7415 | AARAV    |  NULL | NULL            |
|  7421 | THOMAS   |  NULL | NULL            |
|  7499 | ALLEN    |  7499 | PAN             |
|  7499 | ALLEN    |  7499 | Driving Licence |
|  7521 | WARD     |  7521 | Driving Licence |
|  7521 | WARD     |  7521 | PAN             |
|  7521 | WARD     |  7521 | Debit           |
|  7521 | WARD     |  7521 | Credit          |
|  7566 | JONES    |  7566 | Aadhaar         |
|  7566 | JONES    |  7566 | Driving Licence |
|  7566 | JONES    |  7566 | PAN             |
|  7566 | JONES    |  7566 | Passport        |
|  7566 | JONES    |  7566 | Debit           |
|  7566 | JONES    |  7566 | Credit          |
|  7654 | MARTIN   |  7654 | Aadhaar         |
|  7654 | MARTIN   |  7654 | Driving Licence |
|  7654 | MARTIN   |  7654 | PAN             |
|  7654 | MARTIN   |  7654 | Voter ID        |
|  7654 | MARTIN   |  7654 | Passport        |
|  7654 | MARTIN   |  7654 | Debit           |
|  7654 | MARTIN   |  7654 | Credit          |
|  7698 | BLAKE    |  7698 | Aadhaar         |
|  7698 | BLAKE    |  7698 | Driving Licence |
|  7698 | BLAKE    |  7698 | PAN             |
|  7698 | BLAKE    |  7698 | Voter ID        |
|  7698 | BLAKE    |  7698 | Debit           |
|  7782 | CLARK    |  7782 | Aadhaar         |
|  7782 | CLARK    |  7782 | Driving Licence |
|  7782 | CLARK    |  7782 | PAN             |
|  7782 | CLARK    |  7782 | Passport        |
|  7782 | CLARK    |  7782 | Debit           |
|  7788 | SCOTT    |  7788 | Aadhaar         |
|  7788 | SCOTT    |  7788 | Driving Licence |
|  7788 | SCOTT    |  7788 | PAN             |
|  7839 | KING     |  7839 | Aadhaar         |
|  7839 | KING     |  7839 | Driving Licence |
|  7839 | KING     |  7839 | PAN             |
|  7839 | KING     |  7839 | Voter ID        |
|  7839 | KING     |  7839 | Passport        |
|  7839 | KING     |  7839 | Debit           |
|  7839 | KING     |  7839 | Credit          |
|  7840 | FRED     |  NULL | NULL            |
|  7844 | TURNER   |  7844 | Aadhaar         |
|  7844 | TURNER   |  7844 | Driving Licence |
|  7876 | ADAMS    |  7876 | Aadhaar         |
|  7876 | ADAMS    |  7876 | Driving Licence |
|  7876 | ADAMS    |  7876 | PAN             |
|  7876 | ADAMS    |  7876 | Voter ID        |
|  7900 | JAMES    |  7900 | Aadhaar         |
|  7900 | JAMES    |  7900 | Driving Licence |
|  7900 | JAMES    |  7900 | PAN             |
|  7900 | JAMES    |  7900 | Voter ID        |
|  7902 | FORD     |  7902 | Aadhaar         |
|  7902 | FORD     |  7902 | PAN             |
|  7902 | FORD     |  7902 | Passport        |
|  7902 | FORD     |  7902 | Voter ID        |
|  7919 | HOFFMAN  |  NULL | NULL            |
|  7920 | GRASS    |  NULL | NULL            |
|  7934 | MILLER   |  NULL | NULL            |
|  7945 | AARUSH   |  NULL | NULL            |
|  7949 | ALEX     |  NULL | NULL            |
|  8433 | NATASHA  |  NULL | NULL            |
|  9400 | SANGITA  |  NULL | NULL            |
|  9473 | SUPRIYA  |  NULL | NULL            |
+-------+----------+-------+-----------------+
69 rows in set (0.00 sec)

mysql> select empno, ename,empID, name from emp left join emp_cards on empno=empid order by 3;
+-------+----------+-------+-----------------+
| empno | ename    | empID | name            |
+-------+----------+-------+-----------------+
|  6001 | GITA     |  NULL | NULL            |
|  6129 | VRUSHALI |  NULL | NULL            |
|  6473 | SHARMIN  |  NULL | NULL            |
|  6781 | BANDISH  |  NULL | NULL            |
|  7920 | GRASS    |  NULL | NULL            |
|  7415 | AARAV    |  NULL | NULL            |
|  7421 | THOMAS   |  NULL | NULL            |
|  7934 | MILLER   |  NULL | NULL            |
|  7945 | AARUSH   |  NULL | NULL            |
|  7949 | ALEX     |  NULL | NULL            |
|  8433 | NATASHA  |  NULL | NULL            |
|  9400 | SANGITA  |  NULL | NULL            |
|  7840 | FRED     |  NULL | NULL            |
|  9473 | SUPRIYA  |  NULL | NULL            |
|  7919 | HOFFMAN  |  NULL | NULL            |
|  7369 | SMITH    |  7369 | Aadhaar         |
|  7499 | ALLEN    |  7499 | PAN             |
|  7499 | ALLEN    |  7499 | Driving Licence |
|  7521 | WARD     |  7521 | Driving Licence |
|  7521 | WARD     |  7521 | PAN             |
|  7521 | WARD     |  7521 | Debit           |
|  7521 | WARD     |  7521 | Credit          |
|  7566 | JONES    |  7566 | Aadhaar         |
|  7566 | JONES    |  7566 | Driving Licence |
|  7566 | JONES    |  7566 | PAN             |
|  7566 | JONES    |  7566 | Passport        |
|  7566 | JONES    |  7566 | Debit           |
|  7566 | JONES    |  7566 | Credit          |
|  7654 | MARTIN   |  7654 | Aadhaar         |
|  7654 | MARTIN   |  7654 | PAN             |
|  7654 | MARTIN   |  7654 | Voter ID        |
|  7654 | MARTIN   |  7654 | Passport        |
|  7654 | MARTIN   |  7654 | Debit           |
|  7654 | MARTIN   |  7654 | Credit          |
|  7654 | MARTIN   |  7654 | Driving Licence |
|  7698 | BLAKE    |  7698 | Voter ID        |
|  7698 | BLAKE    |  7698 | Debit           |
|  7698 | BLAKE    |  7698 | Aadhaar         |
|  7698 | BLAKE    |  7698 | Driving Licence |
|  7698 | BLAKE    |  7698 | PAN             |
|  7782 | CLARK    |  7782 | Debit           |
|  7782 | CLARK    |  7782 | Aadhaar         |
|  7782 | CLARK    |  7782 | Driving Licence |
|  7782 | CLARK    |  7782 | PAN             |
|  7782 | CLARK    |  7782 | Passport        |
|  7788 | SCOTT    |  7788 | Aadhaar         |
|  7788 | SCOTT    |  7788 | Driving Licence |
|  7788 | SCOTT    |  7788 | PAN             |
|  7839 | KING     |  7839 | Credit          |
|  7839 | KING     |  7839 | Aadhaar         |
|  7839 | KING     |  7839 | Driving Licence |
|  7839 | KING     |  7839 | PAN             |
|  7839 | KING     |  7839 | Voter ID        |
|  7839 | KING     |  7839 | Passport        |
|  7839 | KING     |  7839 | Debit           |
|  7844 | TURNER   |  7844 | Aadhaar         |
|  7844 | TURNER   |  7844 | Driving Licence |
|  7876 | ADAMS    |  7876 | Aadhaar         |
|  7876 | ADAMS    |  7876 | Driving Licence |
|  7876 | ADAMS    |  7876 | PAN             |
|  7876 | ADAMS    |  7876 | Voter ID        |
|  7900 | JAMES    |  7900 | Aadhaar         |
|  7900 | JAMES    |  7900 | Driving Licence |
|  7900 | JAMES    |  7900 | PAN             |
|  7900 | JAMES    |  7900 | Voter ID        |
|  7902 | FORD     |  7902 | Aadhaar         |
|  7902 | FORD     |  7902 | PAN             |
|  7902 | FORD     |  7902 | Passport        |
|  7902 | FORD     |  7902 | Voter ID        |
+-------+----------+-------+-----------------+
69 rows in set (0.00 sec)

mysql> select ename, count(*) from emp inner join emp_cards on empno=empid group by enme;
ERROR 1054 (42S22): Unknown column 'enme' in 'group statement'
mysql> select ename, count(*) from emp inner join emp_cards on empno=empid group by ename;
+--------+----------+
| ename  | count(*) |
+--------+----------+
| SMITH  |        1 |
| ALLEN  |        2 |
| WARD   |        4 |
| JONES  |        6 |
| MARTIN |        7 |
| BLAKE  |        5 |
| CLARK  |        5 |
| SCOTT  |        3 |
| KING   |        7 |
| TURNER |        2 |
| ADAMS  |        4 |
| JAMES  |        4 |
| FORD   |        4 |
+--------+----------+
13 rows in set (0.00 sec)

mysql> select ename, count(*) from emp left join emp_cards on empno=empid group by ename;
+----------+----------+
| ename    | count(*) |
+----------+----------+
| GITA     |        1 |
| VRUSHALI |        1 |
| SHARMIN  |        1 |
| BANDISH  |        1 |
| SMITH    |        1 |
| AARAV    |        1 |
| THOMAS   |        1 |
| ALLEN    |        2 |
| WARD     |        4 |
| JONES    |        6 |
| MARTIN   |        7 |
| BLAKE    |        5 |
| CLARK    |        5 |
| SCOTT    |        3 |
| KING     |        7 |
| FRED     |        1 |
| TURNER   |        2 |
| ADAMS    |        4 |
| JAMES    |        4 |
| FORD     |        4 |
| HOFFMAN  |        1 |
| GRASS    |        1 |
| MILLER   |        1 |
| AARUSH   |        1 |
| ALEX     |        1 |
| NATASHA  |        1 |
| SANGITA  |        1 |
| SUPRIYA  |        1 |
+----------+----------+
28 rows in set (0.00 sec)

mysql> select ename, count(ename) from emp left join emp_cards on empno=empid group by ename;
+----------+--------------+
| ename    | count(ename) |
+----------+--------------+
| GITA     |            1 |
| VRUSHALI |            1 |
| SHARMIN  |            1 |
| BANDISH  |            1 |
| SMITH    |            1 |
| AARAV    |            1 |
| THOMAS   |            1 |
| ALLEN    |            2 |
| WARD     |            4 |
| JONES    |            6 |
| MARTIN   |            7 |
| BLAKE    |            5 |
| CLARK    |            5 |
| SCOTT    |            3 |
| KING     |            7 |
| FRED     |            1 |
| TURNER   |            2 |
| ADAMS    |            4 |
| JAMES    |            4 |
| FORD     |            4 |
| HOFFMAN  |            1 |
| GRASS    |            1 |
| MILLER   |            1 |
| AARUSH   |            1 |
| ALEX     |            1 |
| NATASHA  |            1 |
| SANGITA  |            1 |
| SUPRIYA  |            1 |
+----------+--------------+
28 rows in set (0.00 sec)

mysql> select ename, count(name) from emp left join emp_cards on empno=empid group by ename;
+----------+-------------+
| ename    | count(name) |
+----------+-------------+
| GITA     |           0 |
| VRUSHALI |           0 |
| SHARMIN  |           0 |
| BANDISH  |           0 |
| SMITH    |           1 |
| AARAV    |           0 |
| THOMAS   |           0 |
| ALLEN    |           2 |
| WARD     |           4 |
| JONES    |           6 |
| MARTIN   |           7 |
| BLAKE    |           5 |
| CLARK    |           5 |
| SCOTT    |           3 |
| KING     |           7 |
| FRED     |           0 |
| TURNER   |           2 |
| ADAMS    |           4 |
| JAMES    |           4 |
| FORD     |           4 |
| HOFFMAN  |           0 |
| GRASS    |           0 |
| MILLER   |           0 |
| AARUSH   |           0 |
| ALEX     |           0 |
| NATASHA  |           0 |
| SANGITA  |           0 |
| SUPRIYA  |           0 |
+----------+-------------+
28 rows in set (0.00 sec)

mysql> select ename, count(name) from emp left join emp_cards on empno=empid group by ename order by 2;
+----------+-------------+
| ename    | count(name) |
+----------+-------------+
| GITA     |           0 |
| VRUSHALI |           0 |
| SHARMIN  |           0 |
| BANDISH  |           0 |
| AARAV    |           0 |
| THOMAS   |           0 |
| FRED     |           0 |
| HOFFMAN  |           0 |
| GRASS    |           0 |
| MILLER   |           0 |
| AARUSH   |           0 |
| ALEX     |           0 |
| NATASHA  |           0 |
| SANGITA  |           0 |
| SUPRIYA  |           0 |
| SMITH    |           1 |
| ALLEN    |           2 |
| TURNER   |           2 |
| SCOTT    |           3 |
| WARD     |           4 |
| ADAMS    |           4 |
| JAMES    |           4 |
| FORD     |           4 |
| BLAKE    |           5 |
| CLARK    |           5 |
| JONES    |           6 |
| MARTIN   |           7 |
| KING     |           7 |
+----------+-------------+
28 rows in set (0.00 sec)

mysql> select ename, count(name) from emp left join emp_cards on empno=empid group by ename having count(name) > 3;
+--------+-------------+
| ename  | count(name) |
+--------+-------------+
| WARD   |           4 |
| JONES  |           6 |
| MARTIN |           7 |
| BLAKE  |           5 |
| CLARK  |           5 |
| KING   |           7 |
| ADAMS  |           4 |
| JAMES  |           4 |
| FORD   |           4 |
+--------+-------------+
9 rows in set (0.00 sec)

mysql> select ename, count(name) from emp left join emp_cards on empno=empid group by ename having count(name) > 3 order by 2;
+--------+-------------+
| ename  | count(name) |
+--------+-------------+
| WARD   |           4 |
| ADAMS  |           4 |
| JAMES  |           4 |
| FORD   |           4 |
| BLAKE  |           5 |
| CLARK  |           5 |
| JONES  |           6 |
| MARTIN |           7 |
| KING   |           7 |
+--------+-------------+
9 rows in set (0.00 sec)

mysql> select ename, count(name) from emp left join emp_cards on empno=empid group by ename having count(name) > 3 order by 2 desc;
+--------+-------------+
| ename  | count(name) |
+--------+-------------+
| MARTIN |           7 |
| KING   |           7 |
| JONES  |           6 |
| BLAKE  |           5 |
| CLARK  |           5 |
| WARD   |           4 |
| ADAMS  |           4 |
| JAMES  |           4 |
| FORD   |           4 |
+--------+-------------+
9 rows in set (0.00 sec)

mysql> select row_number() over() R1, ename, count(name) from emp left join emp_cards on empno=empid group by ename having count(name) > 3 order by 2 desc;
+----+--------+-------------+
| R1 | ename  | count(name) |
+----+--------+-------------+
|  1 | WARD   |           4 |
|  3 | MARTIN |           7 |
|  6 | KING   |           7 |
|  2 | JONES  |           6 |
|  8 | JAMES  |           4 |
|  9 | FORD   |           4 |
|  5 | CLARK  |           5 |
|  4 | BLAKE  |           5 |
|  7 | ADAMS  |           4 |
+----+--------+-------------+
9 rows in set (0.00 sec)

mysql> select row_number() over(order by count(name)) R1, ename, count(name) from emp left join emp_cards on empno=empid group by ename having count(name) > 3;
+----+--------+-------------+
| R1 | ename  | count(name) |
+----+--------+-------------+
|  1 | WARD   |           4 |
|  2 | ADAMS  |           4 |
|  3 | JAMES  |           4 |
|  4 | FORD   |           4 |
|  5 | BLAKE  |           5 |
|  6 | CLARK  |           5 |
|  7 | JONES  |           6 |
|  8 | MARTIN |           7 |
|  9 | KING   |           7 |
+----+--------+-------------+
9 rows in set (0.00 sec)

mysql> select ename, count(name) from emp left join emp_cards on empno=empid group by ename having count(name) > 3;
+--------+-------------+
| ename  | count(name) |
+--------+-------------+
| WARD   |           4 |
| JONES  |           6 |
| MARTIN |           7 |
| BLAKE  |           5 |
| CLARK  |           5 |
| KING   |           7 |
| ADAMS  |           4 |
| JAMES  |           4 |
| FORD   |           4 |
+--------+-------------+
9 rows in set (0.00 sec)

mysql> use db2
Database changed
mysql> select * from a1;
+------+
| c1   |
+------+
|    1 |
|    2 |
|    3 |
+------+
3 rows in set (0.00 sec)

mysql> select * from a2;
+------+
| c1   |
+------+
|    2 |
|    3 |
|    4 |
+------+
3 rows in set (0.00 sec)

mysql> select * from a1 natural join a2;
+------+
| c1   |
+------+
|    2 |
|    3 |
+------+
2 rows in set (0.00 sec)

mysql> use db1
Database changed
mysql> select ename, deptno, pwd from emp;
+----------+--------+------------+
| ename    | deptno | pwd        |
+----------+--------+------------+
| GITA     |     30 | sales@2017 |
| VRUSHALI |     50 | PUN@8877   |
| SHARMIN  |     20 | a12recmpm  |
| BANDISH  |     20 | a12recmpm  |
| SMITH    |     20 | a12recmpm  |
| AARAV    |     10 | NULL       |
| THOMAS   |     10 | r50mpm     |
| ALLEN    |     30 | sales@2017 |
| WARD     |     30 | sales@2017 |
| JONES    |     20 | a12recmpm  |
| MARTIN   |     30 | sales@2017 |
| BLAKE    |     30 | sales@2017 |
| CLARK    |     10 | r50mpm     |
| SCOTT    |     20 | a12recmpm  |
| KING     |     10 | r50mpm     |
| FRED     |     20 | a12recmpm  |
| TURNER   |     30 | sales@2017 |
| ADAMS    |     20 | a12recmpm  |
| JAMES    |     30 | sales@2017 |
| FORD     |     20 | a12recmpm  |
| HOFFMAN  |     30 | sales@2017 |
| GRASS    |     30 | sales@2017 |
| MILLER   |     10 | r50mpm     |
| AARUSH   |     30 | ABCDEF     |
| ALEX     |     30 | sales@2017 |
| NATASHA  |     30 | sales@2017 |
| SANGITA  |     50 | NULL       |
| SUPRIYA  |     50 | XYZ@1234   |
+----------+--------+------------+
28 rows in set (0.00 sec)

mysql> select ename, deptno, pwd from emp order by 2;
+----------+--------+------------+
| ename    | deptno | pwd        |
+----------+--------+------------+
| AARAV    |     10 | NULL       |
| THOMAS   |     10 | r50mpm     |
| CLARK    |     10 | r50mpm     |
| KING     |     10 | r50mpm     |
| MILLER   |     10 | r50mpm     |
| SHARMIN  |     20 | a12recmpm  |
| BANDISH  |     20 | a12recmpm  |
| SMITH    |     20 | a12recmpm  |
| JONES    |     20 | a12recmpm  |
| SCOTT    |     20 | a12recmpm  |
| FRED     |     20 | a12recmpm  |
| ADAMS    |     20 | a12recmpm  |
| FORD     |     20 | a12recmpm  |
| GITA     |     30 | sales@2017 |
| ALLEN    |     30 | sales@2017 |
| WARD     |     30 | sales@2017 |
| MARTIN   |     30 | sales@2017 |
| BLAKE    |     30 | sales@2017 |
| TURNER   |     30 | sales@2017 |
| JAMES    |     30 | sales@2017 |
| HOFFMAN  |     30 | sales@2017 |
| GRASS    |     30 | sales@2017 |
| AARUSH   |     30 | ABCDEF     |
| ALEX     |     30 | sales@2017 |
| NATASHA  |     30 | sales@2017 |
| VRUSHALI |     50 | PUN@8877   |
| SANGITA  |     50 | NULL       |
| SUPRIYA  |     50 | XYZ@1234   |
+----------+--------+------------+
28 rows in set (0.00 sec)

mysql> select * from dept;
+--------+------------+----------+------------+------------+
| DEPTNO | DNAME      | LOC      | PWD        | STARTEDON  |
+--------+------------+----------+------------+------------+
|     10 | ACCOUNTING | NEW YORK | r50mpm     | 24/03/1989 |
|     20 | RESEARCH   | DALLAS   | a12recmpm  | 12/04/1989 |
|     30 | SALES      | CHICAGO  | sales@2017 | 13/04/1989 |
|     40 | OPERATIONS | BOSTON   | opr@123    | 12/07/1989 |
|     50 | HR         | PUNE     | PUN@8877   | 22/12/1989 |
+--------+------------+----------+------------+------------+
5 rows in set (0.00 sec)

mysql> select ename, emp.deptno, emp.pwd, dept.deptno, dept.pwd from emp inner join dept on emp.deptno = dept.deptno;
+----------+--------+------------+--------+------------+
| ename    | deptno | pwd        | deptno | pwd        |
+----------+--------+------------+--------+------------+
| AARAV    |     10 | NULL       |     10 | r50mpm     |
| THOMAS   |     10 | r50mpm     |     10 | r50mpm     |
| CLARK    |     10 | r50mpm     |     10 | r50mpm     |
| KING     |     10 | r50mpm     |     10 | r50mpm     |
| MILLER   |     10 | r50mpm     |     10 | r50mpm     |
| SHARMIN  |     20 | a12recmpm  |     20 | a12recmpm  |
| BANDISH  |     20 | a12recmpm  |     20 | a12recmpm  |
| SMITH    |     20 | a12recmpm  |     20 | a12recmpm  |
| JONES    |     20 | a12recmpm  |     20 | a12recmpm  |
| SCOTT    |     20 | a12recmpm  |     20 | a12recmpm  |
| FRED     |     20 | a12recmpm  |     20 | a12recmpm  |
| ADAMS    |     20 | a12recmpm  |     20 | a12recmpm  |
| FORD     |     20 | a12recmpm  |     20 | a12recmpm  |
| GITA     |     30 | sales@2017 |     30 | sales@2017 |
| ALLEN    |     30 | sales@2017 |     30 | sales@2017 |
| WARD     |     30 | sales@2017 |     30 | sales@2017 |
| MARTIN   |     30 | sales@2017 |     30 | sales@2017 |
| BLAKE    |     30 | sales@2017 |     30 | sales@2017 |
| TURNER   |     30 | sales@2017 |     30 | sales@2017 |
| JAMES    |     30 | sales@2017 |     30 | sales@2017 |
| HOFFMAN  |     30 | sales@2017 |     30 | sales@2017 |
| GRASS    |     30 | sales@2017 |     30 | sales@2017 |
| AARUSH   |     30 | ABCDEF     |     30 | sales@2017 |
| ALEX     |     30 | sales@2017 |     30 | sales@2017 |
| NATASHA  |     30 | sales@2017 |     30 | sales@2017 |
| VRUSHALI |     50 | PUN@8877   |     50 | PUN@8877   |
| SANGITA  |     50 | NULL       |     50 | PUN@8877   |
| SUPRIYA  |     50 | XYZ@1234   |     50 | PUN@8877   |
+----------+--------+------------+--------+------------+
28 rows in set (0.00 sec)

mysql> select ename, emp.deptno, emp.pwd, dept.deptno, dept.pwd from emp inner join dept on emp.deptno = dept.deptno and emp.pwd = dept.pwd;
+----------+--------+------------+--------+------------+
| ename    | deptno | pwd        | deptno | pwd        |
+----------+--------+------------+--------+------------+
| THOMAS   |     10 | r50mpm     |     10 | r50mpm     |
| CLARK    |     10 | r50mpm     |     10 | r50mpm     |
| KING     |     10 | r50mpm     |     10 | r50mpm     |
| MILLER   |     10 | r50mpm     |     10 | r50mpm     |
| SHARMIN  |     20 | a12recmpm  |     20 | a12recmpm  |
| BANDISH  |     20 | a12recmpm  |     20 | a12recmpm  |
| SMITH    |     20 | a12recmpm  |     20 | a12recmpm  |
| JONES    |     20 | a12recmpm  |     20 | a12recmpm  |
| SCOTT    |     20 | a12recmpm  |     20 | a12recmpm  |
| FRED     |     20 | a12recmpm  |     20 | a12recmpm  |
| ADAMS    |     20 | a12recmpm  |     20 | a12recmpm  |
| FORD     |     20 | a12recmpm  |     20 | a12recmpm  |
| GITA     |     30 | sales@2017 |     30 | sales@2017 |
| ALLEN    |     30 | sales@2017 |     30 | sales@2017 |
| WARD     |     30 | sales@2017 |     30 | sales@2017 |
| MARTIN   |     30 | sales@2017 |     30 | sales@2017 |
| BLAKE    |     30 | sales@2017 |     30 | sales@2017 |
| TURNER   |     30 | sales@2017 |     30 | sales@2017 |
| JAMES    |     30 | sales@2017 |     30 | sales@2017 |
| HOFFMAN  |     30 | sales@2017 |     30 | sales@2017 |
| GRASS    |     30 | sales@2017 |     30 | sales@2017 |
| ALEX     |     30 | sales@2017 |     30 | sales@2017 |
| NATASHA  |     30 | sales@2017 |     30 | sales@2017 |
| VRUSHALI |     50 | PUN@8877   |     50 | PUN@8877   |
+----------+--------+------------+--------+------------+
24 rows in set (0.00 sec)

mysql> select ename, emp.deptno, emp.pwd, dept.deptno, dept.pwd from emp natural join dept;
+----------+--------+------------+--------+------------+
| ename    | deptno | pwd        | deptno | pwd        |
+----------+--------+------------+--------+------------+
| THOMAS   |     10 | r50mpm     |     10 | r50mpm     |
| CLARK    |     10 | r50mpm     |     10 | r50mpm     |
| KING     |     10 | r50mpm     |     10 | r50mpm     |
| MILLER   |     10 | r50mpm     |     10 | r50mpm     |
| SHARMIN  |     20 | a12recmpm  |     20 | a12recmpm  |
| BANDISH  |     20 | a12recmpm  |     20 | a12recmpm  |
| SMITH    |     20 | a12recmpm  |     20 | a12recmpm  |
| JONES    |     20 | a12recmpm  |     20 | a12recmpm  |
| SCOTT    |     20 | a12recmpm  |     20 | a12recmpm  |
| FRED     |     20 | a12recmpm  |     20 | a12recmpm  |
| ADAMS    |     20 | a12recmpm  |     20 | a12recmpm  |
| FORD     |     20 | a12recmpm  |     20 | a12recmpm  |
| GITA     |     30 | sales@2017 |     30 | sales@2017 |
| ALLEN    |     30 | sales@2017 |     30 | sales@2017 |
| WARD     |     30 | sales@2017 |     30 | sales@2017 |
| MARTIN   |     30 | sales@2017 |     30 | sales@2017 |
| BLAKE    |     30 | sales@2017 |     30 | sales@2017 |
| TURNER   |     30 | sales@2017 |     30 | sales@2017 |
| JAMES    |     30 | sales@2017 |     30 | sales@2017 |
| HOFFMAN  |     30 | sales@2017 |     30 | sales@2017 |
| GRASS    |     30 | sales@2017 |     30 | sales@2017 |
| ALEX     |     30 | sales@2017 |     30 | sales@2017 |
| NATASHA  |     30 | sales@2017 |     30 | sales@2017 |
| VRUSHALI |     50 | PUN@8877   |     50 | PUN@8877   |
+----------+--------+------------+--------+------------+
24 rows in set (0.00 sec)

mysql> select ename, emp.deptno, emp.pwd, dept.deptno, dept.pwd from emp simple join dept using(deptno);
ERROR 1054 (42S22): Unknown column 'emp.deptno' in 'field list'
mysql>
mysql>
mysql> select ename, deptno, pwd, deptno, pwd from emp simple join dept using(deptno);
ERROR 1052 (23000): Column 'pwd' in field list is ambiguous
mysql> select ename, deptno, emp.pwd, deptno, dept.pwd from emp simple join dept using(deptno);
ERROR 1054 (42S22): Unknown column 'emp.pwd' in 'field list'
mysql>
mysql>
mysql> select ename, deptno, pwd from emp simple join dept using(deptno, pwd);
+----------+--------+------------+
| ename    | deptno | pwd        |
+----------+--------+------------+
| THOMAS   |     10 | r50mpm     |
| CLARK    |     10 | r50mpm     |
| KING     |     10 | r50mpm     |
| MILLER   |     10 | r50mpm     |
| SHARMIN  |     20 | a12recmpm  |
| BANDISH  |     20 | a12recmpm  |
| SMITH    |     20 | a12recmpm  |
| JONES    |     20 | a12recmpm  |
| SCOTT    |     20 | a12recmpm  |
| FRED     |     20 | a12recmpm  |
| ADAMS    |     20 | a12recmpm  |
| FORD     |     20 | a12recmpm  |
| GITA     |     30 | sales@2017 |
| ALLEN    |     30 | sales@2017 |
| WARD     |     30 | sales@2017 |
| MARTIN   |     30 | sales@2017 |
| BLAKE    |     30 | sales@2017 |
| TURNER   |     30 | sales@2017 |
| JAMES    |     30 | sales@2017 |
| HOFFMAN  |     30 | sales@2017 |
| GRASS    |     30 | sales@2017 |
| ALEX     |     30 | sales@2017 |
| NATASHA  |     30 | sales@2017 |
| VRUSHALI |     50 | PUN@8877   |
+----------+--------+------------+
24 rows in set (0.00 sec)

mysql> select * from emp simple join dept using(deptno);
+--------+-------+----------+--------+---------------------+------+------------+------+------+---------+--------------+------------+------------+----------+------------+----------+------------+------------+
| DEPTNO | EMPNO | ENAME    | GENDER | JOB                 | MGR  | HIREDATE   | SAL  | COMM | BONUSID | USER NAME    | PWD        | PHONE      | isActive | DNAME      | LOC      | PWD        | STARTEDON  |
+--------+-------+----------+--------+---------------------+------+------------+------+------+---------+--------------+------------+------------+----------+------------+----------+------------+------------+
|     10 |  7415 | AARAV    | M      | CLERK               | 7902 | 1981-12-31 | 3350 | NULL |    NULL | AARAV        | NULL       | 7032300084 |        0 | ACCOUNTING | NEW YORK | r50mpm     | 24/03/1989 |
|     10 |  7421 | THOMAS   | M      | CLERK               | 7920 | 1981-07-19 | 1750 | NULL |       1 | THOMAS       | r50mpm     | 7032300011 |        0 | ACCOUNTING | NEW YORK | r50mpm     | 24/03/1989 |
|     10 |  7782 | CLARK    | M      | MANAGER             | 7839 | 1981-06-09 | 2450 | NULL |       3 | CLARK        | r50mpm     | 7032300001 |        1 | ACCOUNTING | NEW YORK | r50mpm     | 24/03/1989 |
|     10 |  7839 | KING     | M      | PRESIDENT           | NULL | 1981-11-17 | 5000 | NULL |       1 | KING         | r50mpm     | 7132300081 |        1 | ACCOUNTING | NEW YORK | r50mpm     | 24/03/1989 |
|     10 |  7934 | MILLER   | M      | CLERK               | 7782 | 1982-01-23 | 1300 | NULL |       2 | QUARTERNOTE  | r50mpm     | 7132300055 |        0 | ACCOUNTING | NEW YORK | r50mpm     | 24/03/1989 |
|     20 |  6473 | SHARMIN  | F      | Public Relation     | 7920 | 1981-07-19 | 1750 | NULL |       1 | SHARMIN      | a12recmpm  | NULL       |        1 | RESEARCH   | DALLAS   | a12recmpm  | 12/04/1989 |
|     20 |  6781 | BANDISH  | F      | Public Relation     | 7920 | 1981-07-19 | 1750 | NULL |       1 | BANDISH      | a12recmpm  | NULL       |        1 | RESEARCH   | DALLAS   | a12recmpm  | 12/04/1989 |
|     20 |  7369 | SMITH    | M      | CLERK               | 7902 | 1980-12-17 |  800 | NULL |       2 | TRITONE      | a12recmpm  | 7032300023 |        0 | RESEARCH   | DALLAS   | a12recmpm  | 12/04/1989 |
|     20 |  7566 | JONES    | M      | MANAGER             | 7839 | 1981-04-02 | 2975 | NULL |       4 | HONEYCOMB    | a12recmpm  | 7132300039 |        1 | RESEARCH   | DALLAS   | a12recmpm  | 12/04/1989 |
|     20 |  7788 | SCOTT    | M      | ANALYST             | 7566 | 1982-12-09 | 3000 | NULL |       3 | WHITE SAND   | a12recmpm  | NULL       |        1 | RESEARCH   | DALLAS   | a12recmpm  | 12/04/1989 |
|     20 |  7840 | FRED     | M      | vice PRESIDENT      | 7839 | 1983-08-09 | 5000 | NULL |       1 | SAND STONE   | a12recmpm  | NULL       |        1 | RESEARCH   | DALLAS   | a12recmpm  | 12/04/1989 |
|     20 |  7876 | ADAMS    | M      | CLERK               | 7788 | 1983-01-12 | 1100 | NULL |       1 | CRAZY ANYONE | a12recmpm  | 7132300086 |        1 | RESEARCH   | DALLAS   | a12recmpm  | 12/04/1989 |
|     20 |  7902 | FORD     | M      | ANALYST             | 7566 | 1981-12-03 | 3000 | NULL |       4 | CONBRIO      | a12recmpm  | NULL       |        0 | RESEARCH   | DALLAS   | a12recmpm  | 12/04/1989 |
|     30 |  6001 | GITA     | F      | Compliance officers | 7920 | 1981-07-19 | 1750 | NULL |       1 | GITA         | sales@2017 | NULL       |        1 | SALES      | CHICAGO  | sales@2017 | 13/04/1989 |
|     30 |  7499 | ALLEN    | M      | SALESMAN            | 7698 | 1981-02-20 | 1600 |  300 |       4 | ALWAYS TESTE | sales@2017 | 7032300096 |        1 | SALES      | CHICAGO  | sales@2017 | 13/04/1989 |
|     30 |  7521 | WARD     | M      | SALESMAN            | 7698 | 1981-02-22 | 1250 |  500 |       1 | WARD         | sales@2017 | 7132300034 |        1 | SALES      | CHICAGO  | sales@2017 | 13/04/1989 |
|     30 |  7654 | MARTIN   | M      | SALESMAN            | 7698 | 1981-09-28 | 1250 | 1400 |       6 | LIFE RACER   | sales@2017 | 7132300050 |        1 | SALES      | CHICAGO  | sales@2017 | 13/04/1989 |
|     30 |  7698 | BLAKE    | M      | MANAGER             | 7839 | 1981-05-01 | 2850 | NULL |       1 | BIG BEN      | sales@2017 | 7132300027 |        1 | SALES      | CHICAGO  | sales@2017 | 13/04/1989 |
|     30 |  7844 | TURNER   | M      | SALESMAN            | 7698 | 1981-09-08 | 1500 |    0 |       5 | SAND DUST    | sales@2017 | NULL       |        1 | SALES      | CHICAGO  | sales@2017 | 13/04/1989 |
|     30 |  7900 | JAMES    | M      | CLERK               | 7698 | 1981-12-03 |  950 | NULL |       2 | CRAZY LEADER | sales@2017 | 7132300042 |        1 | SALES      | CHICAGO  | sales@2017 | 13/04/1989 |
|     30 |  7919 | HOFFMAN  | M      | MANAGER             | 7566 | 1982-03-24 | 4150 | NULL |       3 | INTERVAL     | sales@2017 | NULL       |        1 | SALES      | CHICAGO  | sales@2017 | 13/04/1989 |
|     30 |  7920 | GRASS    | M      | SALESMAN            | 7919 | 1980-02-14 | 2575 | 2700 |       5 | GRASS        | sales@2017 | NULL       |        1 | SALES      | CHICAGO  | sales@2017 | 13/04/1989 |
|     30 |  7945 | AARUSH   | M      | SALESMAN            | 7902 | 1980-02-14 | 1350 | 2700 |    NULL | AARUSH       | ABCDEF     | NULL       |        0 | SALES      | CHICAGO  | sales@2017 | 13/04/1989 |
|     30 |  7949 | ALEX     | M      | MANAGER             | 7698 | 1982-01-24 | 1250 |  500 |       5 | QUARTERREST  | sales@2017 | 7156567183 |        1 | SALES      | CHICAGO  | sales@2017 | 13/04/1989 |
|     30 |  8433 | NATASHA  | F      | CLERK               | 7920 | 1981-07-19 | 1750 | NULL |       1 | NATASHA      | sales@2017 | NULL       |        1 | SALES      | CHICAGO  | sales@2017 | 13/04/1989 |
|     50 |  6129 | VRUSHALI | F      | Compliance officers | 7920 | 1981-07-19 | 1750 | NULL |       1 | VRUSHALI     | PUN@8877   | NULL       |        1 | HR         | PUNE     | PUN@8877   | 22/12/1989 |
|     50 |  9400 | SANGITA  | F      | Compliance officers | 7920 | 1981-07-19 | 1750 | NULL |       1 | SANGITA      | NULL       | NULL       |        1 | HR         | PUNE     | PUN@8877   | 22/12/1989 |
|     50 |  9473 | SUPRIYA  | F      | ANALYST             | 7920 | 1981-07-19 | 1750 | NULL |       1 | SUPRIYA      | XYZ@1234   | NULL       |        1 | HR         | PUNE     | PUN@8877   | 22/12/1989 |
+--------+-------+----------+--------+---------------------+------+------------+------+------+---------+--------------+------------+------------+----------+------------+----------+------------+------------+
28 rows in set (0.00 sec)

mysql> select * from emp simple join dept using(deptno,pwd);
+--------+------------+-------+----------+--------+---------------------+------+------------+------+------+---------+--------------+------------+----------+------------+----------+------------+
| DEPTNO | PWD        | EMPNO | ENAME    | GENDER | JOB                 | MGR  | HIREDATE   | SAL  | COMM | BONUSID | USER NAME    | PHONE      | isActive | DNAME      | LOC      | STARTEDON  |
+--------+------------+-------+----------+--------+---------------------+------+------------+------+------+---------+--------------+------------+----------+------------+----------+------------+
|     10 | r50mpm     |  7421 | THOMAS   | M      | CLERK               | 7920 | 1981-07-19 | 1750 | NULL |       1 | THOMAS       | 7032300011 |        0 | ACCOUNTING | NEW YORK | 24/03/1989 |
|     10 | r50mpm     |  7782 | CLARK    | M      | MANAGER             | 7839 | 1981-06-09 | 2450 | NULL |       3 | CLARK        | 7032300001 |        1 | ACCOUNTING | NEW YORK | 24/03/1989 |
|     10 | r50mpm     |  7839 | KING     | M      | PRESIDENT           | NULL | 1981-11-17 | 5000 | NULL |       1 | KING         | 7132300081 |        1 | ACCOUNTING | NEW YORK | 24/03/1989 |
|     10 | r50mpm     |  7934 | MILLER   | M      | CLERK               | 7782 | 1982-01-23 | 1300 | NULL |       2 | QUARTERNOTE  | 7132300055 |        0 | ACCOUNTING | NEW YORK | 24/03/1989 |
|     20 | a12recmpm  |  6473 | SHARMIN  | F      | Public Relation     | 7920 | 1981-07-19 | 1750 | NULL |       1 | SHARMIN      | NULL       |        1 | RESEARCH   | DALLAS   | 12/04/1989 |
|     20 | a12recmpm  |  6781 | BANDISH  | F      | Public Relation     | 7920 | 1981-07-19 | 1750 | NULL |       1 | BANDISH      | NULL       |        1 | RESEARCH   | DALLAS   | 12/04/1989 |
|     20 | a12recmpm  |  7369 | SMITH    | M      | CLERK               | 7902 | 1980-12-17 |  800 | NULL |       2 | TRITONE      | 7032300023 |        0 | RESEARCH   | DALLAS   | 12/04/1989 |
|     20 | a12recmpm  |  7566 | JONES    | M      | MANAGER             | 7839 | 1981-04-02 | 2975 | NULL |       4 | HONEYCOMB    | 7132300039 |        1 | RESEARCH   | DALLAS   | 12/04/1989 |
|     20 | a12recmpm  |  7788 | SCOTT    | M      | ANALYST             | 7566 | 1982-12-09 | 3000 | NULL |       3 | WHITE SAND   | NULL       |        1 | RESEARCH   | DALLAS   | 12/04/1989 |
|     20 | a12recmpm  |  7840 | FRED     | M      | vice PRESIDENT      | 7839 | 1983-08-09 | 5000 | NULL |       1 | SAND STONE   | NULL       |        1 | RESEARCH   | DALLAS   | 12/04/1989 |
|     20 | a12recmpm  |  7876 | ADAMS    | M      | CLERK               | 7788 | 1983-01-12 | 1100 | NULL |       1 | CRAZY ANYONE | 7132300086 |        1 | RESEARCH   | DALLAS   | 12/04/1989 |
|     20 | a12recmpm  |  7902 | FORD     | M      | ANALYST             | 7566 | 1981-12-03 | 3000 | NULL |       4 | CONBRIO      | NULL       |        0 | RESEARCH   | DALLAS   | 12/04/1989 |
|     30 | sales@2017 |  6001 | GITA     | F      | Compliance officers | 7920 | 1981-07-19 | 1750 | NULL |       1 | GITA         | NULL       |        1 | SALES      | CHICAGO  | 13/04/1989 |
|     30 | sales@2017 |  7499 | ALLEN    | M      | SALESMAN            | 7698 | 1981-02-20 | 1600 |  300 |       4 | ALWAYS TESTE | 7032300096 |        1 | SALES      | CHICAGO  | 13/04/1989 |
|     30 | sales@2017 |  7521 | WARD     | M      | SALESMAN            | 7698 | 1981-02-22 | 1250 |  500 |       1 | WARD         | 7132300034 |        1 | SALES      | CHICAGO  | 13/04/1989 |
|     30 | sales@2017 |  7654 | MARTIN   | M      | SALESMAN            | 7698 | 1981-09-28 | 1250 | 1400 |       6 | LIFE RACER   | 7132300050 |        1 | SALES      | CHICAGO  | 13/04/1989 |
|     30 | sales@2017 |  7698 | BLAKE    | M      | MANAGER             | 7839 | 1981-05-01 | 2850 | NULL |       1 | BIG BEN      | 7132300027 |        1 | SALES      | CHICAGO  | 13/04/1989 |
|     30 | sales@2017 |  7844 | TURNER   | M      | SALESMAN            | 7698 | 1981-09-08 | 1500 |    0 |       5 | SAND DUST    | NULL       |        1 | SALES      | CHICAGO  | 13/04/1989 |
|     30 | sales@2017 |  7900 | JAMES    | M      | CLERK               | 7698 | 1981-12-03 |  950 | NULL |       2 | CRAZY LEADER | 7132300042 |        1 | SALES      | CHICAGO  | 13/04/1989 |
|     30 | sales@2017 |  7919 | HOFFMAN  | M      | MANAGER             | 7566 | 1982-03-24 | 4150 | NULL |       3 | INTERVAL     | NULL       |        1 | SALES      | CHICAGO  | 13/04/1989 |
|     30 | sales@2017 |  7920 | GRASS    | M      | SALESMAN            | 7919 | 1980-02-14 | 2575 | 2700 |       5 | GRASS        | NULL       |        1 | SALES      | CHICAGO  | 13/04/1989 |
|     30 | sales@2017 |  7949 | ALEX     | M      | MANAGER             | 7698 | 1982-01-24 | 1250 |  500 |       5 | QUARTERREST  | 7156567183 |        1 | SALES      | CHICAGO  | 13/04/1989 |
|     30 | sales@2017 |  8433 | NATASHA  | F      | CLERK               | 7920 | 1981-07-19 | 1750 | NULL |       1 | NATASHA      | NULL       |        1 | SALES      | CHICAGO  | 13/04/1989 |
|     50 | PUN@8877   |  6129 | VRUSHALI | F      | Compliance officers | 7920 | 1981-07-19 | 1750 | NULL |       1 | VRUSHALI     | NULL       |        1 | HR         | PUNE     | 22/12/1989 |
+--------+------------+-------+----------+--------+---------------------+------+------------+------+------+---------+--------------+------------+----------+------------+----------+------------+
24 rows in set (0.00 sec)

mysql> use db2
Database changed
mysql> desc a1;
+-------+------+------+-----+---------+-------+
| Field | Type | Null | Key | Default | Extra |
+-------+------+------+-----+---------+-------+
| c1    | int  | YES  |     | NULL    |       |
+-------+------+------+-----+---------+-------+
1 row in set (0.00 sec)

mysql> desc a2;
+-------+------+------+-----+---------+-------+
| Field | Type | Null | Key | Default | Extra |
+-------+------+------+-----+---------+-------+
| c1    | int  | YES  |     | NULL    |       |
+-------+------+------+-----+---------+-------+
1 row in set (0.00 sec)

mysql> alter table a2 modify c1 varchar(10);
Query OK, 3 rows affected (0.15 sec)
Records: 3  Duplicates: 0  Warnings: 0

mysql> desc a1;
+-------+------+------+-----+---------+-------+
| Field | Type | Null | Key | Default | Extra |
+-------+------+------+-----+---------+-------+
| c1    | int  | YES  |     | NULL    |       |
+-------+------+------+-----+---------+-------+
1 row in set (0.00 sec)

mysql> desc a2;
+-------+-------------+------+-----+---------+-------+
| Field | Type        | Null | Key | Default | Extra |
+-------+-------------+------+-----+---------+-------+
| c1    | varchar(10) | YES  |     | NULL    |       |
+-------+-------------+------+-----+---------+-------+
1 row in set (0.00 sec)

mysql> select * from a1;
+------+
| c1   |
+------+
|    1 |
|    2 |
|    3 |
+------+
3 rows in set (0.00 sec)

mysql> select * from a2;
+------+
| c1   |
+------+
| 2    |
| 3    |
| 4    |
+------+
3 rows in set (0.00 sec)

mysql> select * from a1 natural join a2;
+------+
| c1   |
+------+
|    2 |
|    3 |
+------+
2 rows in set (0.01 sec)

mysql>